Check Backend & AI Engine	Set up job	﻿2026-07-27T13:27:35.3415324Z Current runner version: '2.336.0'
Check Backend & AI Engine	Set up job	2026-07-27T13:27:35.3437277Z ##[group]Runner Image Provisioner
Check Backend & AI Engine	Set up job	2026-07-27T13:27:35.3438138Z Hosted Compute Agent
Check Backend & AI Engine	Set up job	2026-07-27T13:27:35.3438671Z Version: 20260707.563
Check Backend & AI Engine	Set up job	2026-07-27T13:27:35.3439298Z Commit: 02667638d2b423fbc733a8e32a88b44996a3ba6e
Check Backend & AI Engine	Set up job	2026-07-27T13:27:35.3440157Z Build Date: 2026-07-07T19:33:50Z
Check Backend & AI Engine	Set up job	2026-07-27T13:27:35.3440829Z Worker ID: {a958ea1d-4360-46c2-94d9-84102370d292}
Check Backend & AI Engine	Set up job	2026-07-27T13:27:35.3441543Z Azure Region: northcentralus
Check Backend & AI Engine	Set up job	2026-07-27T13:27:35.3442113Z ##[endgroup]
Check Backend & AI Engine	Set up job	2026-07-27T13:27:35.3443647Z ##[group]Operating System
Check Backend & AI Engine	Set up job	2026-07-27T13:27:35.3444250Z Ubuntu
Check Backend & AI Engine	Set up job	2026-07-27T13:27:35.3444736Z 24.04.4
Check Backend & AI Engine	Set up job	2026-07-27T13:27:35.3445319Z LTS
Check Backend & AI Engine	Set up job	2026-07-27T13:27:35.3445856Z ##[endgroup]
Check Backend & AI Engine	Set up job	2026-07-27T13:27:35.3446377Z ##[group]Runner Image
Check Backend & AI Engine	Set up job	2026-07-27T13:27:35.3446946Z Image: ubuntu-24.04
Check Backend & AI Engine	Set up job	2026-07-27T13:27:35.3447475Z Version: 20260720.247.2
Check Backend & AI Engine	Set up job	2026-07-27T13:27:35.3448492Z Included Software: https://github.com/actions/runner-images/blob/ubuntu24/20260720.247/images/ubuntu/Ubuntu2404-Readme.md
Check Backend & AI Engine	Set up job	2026-07-27T13:27:35.3450248Z Image Release: https://github.com/actions/runner-images/releases/tag/ubuntu24%2F20260720.247
Check Backend & AI Engine	Set up job	2026-07-27T13:27:35.3451156Z ##[endgroup]
Check Backend & AI Engine	Set up job	2026-07-27T13:27:35.3452228Z ##[group]GITHUB_TOKEN Permissions
Check Backend & AI Engine	Set up job	2026-07-27T13:27:35.3454378Z Contents: read
Check Backend & AI Engine	Set up job	2026-07-27T13:27:35.3454953Z Metadata: read
Check Backend & AI Engine	Set up job	2026-07-27T13:27:35.3455493Z Packages: read
Check Backend & AI Engine	Set up job	2026-07-27T13:27:35.3456148Z ##[endgroup]
Check Backend & AI Engine	Set up job	2026-07-27T13:27:35.3458839Z Secret source: None
Check Backend & AI Engine	Set up job	2026-07-27T13:27:35.3460714Z Prepare workflow directory
Check Backend & AI Engine	Set up job	2026-07-27T13:27:35.3848064Z Prepare all required actions
Check Backend & AI Engine	Set up job	2026-07-27T13:27:35.3889353Z Getting action download info
Check Backend & AI Engine	Set up job	2026-07-27T13:27:35.7150425Z Download action repository 'actions/checkout@v4' (SHA:11d5960a326750d5838078e36cf38b85af677262)
Check Backend & AI Engine	Set up job	2026-07-27T13:27:36.0696938Z Download action repository 'actions/setup-node@v4' (SHA:49933ea5288caeca8642d1e84afbd3f7d6820020)
Check Backend & AI Engine	Set up job	2026-07-27T13:27:36.2320171Z Download action repository 'actions/setup-python@v5' (SHA:a26af69be951a213d495a4c3e4e4022e16d87065)
Check Backend & AI Engine	Set up job	2026-07-27T13:27:36.4003822Z Download action repository 'actions/upload-artifact@v4' (SHA:ea165f8d65b6e75b540449e92b4886f43607fa02)
Check Backend & AI Engine	Set up job	2026-07-27T13:27:36.6325142Z Download action repository 'codecov/codecov-action@v5' (SHA:0fb7174895f61a3b6b78fc075e0cd60383518dac)
Check Backend & AI Engine	Set up job	2026-07-27T13:27:36.9337666Z Getting action download info
Check Backend & AI Engine	Set up job	2026-07-27T13:27:37.0289031Z Download action repository 'actions/github-script@60a0d83039c74a4aee543508d2ffcb1c3799cdea' (SHA:60a0d83039c74a4aee543508d2ffcb1c3799cdea)
Check Backend & AI Engine	Set up job	2026-07-27T13:27:37.3033625Z Complete job name: Check Backend & AI Engine
Check Backend & AI Engine	Initialize containers	﻿2026-07-27T13:27:37.3539715Z ##[group]Checking docker version
Check Backend & AI Engine	Initialize containers	2026-07-27T13:27:37.3552378Z ##[command]/usr/bin/docker version --format '{{.Server.APIVersion}}'
Check Backend & AI Engine	Initialize containers	2026-07-27T13:27:38.5708205Z '1.48'
Check Backend & AI Engine	Initialize containers	2026-07-27T13:27:38.5715713Z Docker daemon API version: '1.48'
Check Backend & AI Engine	Initialize containers	2026-07-27T13:27:38.5716365Z ##[command]/usr/bin/docker version --format '{{.Client.APIVersion}}'
Check Backend & AI Engine	Initialize containers	2026-07-27T13:27:38.5914414Z '1.48'
Check Backend & AI Engine	Initialize containers	2026-07-27T13:27:38.5923004Z Docker client API version: '1.48'
Check Backend & AI Engine	Initialize containers	2026-07-27T13:27:38.5927604Z ##[endgroup]
Check Backend & AI Engine	Initialize containers	2026-07-27T13:27:38.5929620Z ##[group]Clean up resources from previous jobs
Check Backend & AI Engine	Initialize containers	2026-07-27T13:27:38.5933984Z ##[command]/usr/bin/docker ps --all --quiet --no-trunc --filter "label=e68fd8"
Check Backend & AI Engine	Initialize containers	2026-07-27T13:27:38.6267436Z ##[command]/usr/bin/docker network prune --force --filter "label=e68fd8"
Check Backend & AI Engine	Initialize containers	2026-07-27T13:27:38.6389268Z ##[endgroup]
Check Backend & AI Engine	Initialize containers	2026-07-27T13:27:38.6390000Z ##[group]Create local container network
Check Backend & AI Engine	Initialize containers	2026-07-27T13:27:38.6398065Z ##[command]/usr/bin/docker network create --label e68fd8 github_network_eae95e63e60b489fa6ff815b0f3ed4bc
Check Backend & AI Engine	Initialize containers	2026-07-27T13:27:38.7039272Z 92fcc95e65e3b6c7067b2679e923839fcbb4d6378af7398d81bc978e194a5c80
Check Backend & AI Engine	Initialize containers	2026-07-27T13:27:38.7054670Z ##[endgroup]
Check Backend & AI Engine	Initialize containers	2026-07-27T13:27:38.7080522Z ##[group]Starting mongodb service container
Check Backend & AI Engine	Initialize containers	2026-07-27T13:27:38.7100461Z ##[command]/usr/bin/docker pull mongo:7
Check Backend & AI Engine	Initialize containers	2026-07-27T13:27:39.5283906Z 7: Pulling from library/mongo
Check Backend & AI Engine	Initialize containers	2026-07-27T13:27:40.1916360Z d6834b4a794c: Already exists
Check Backend & AI Engine	Initialize containers	2026-07-27T13:27:40.5773004Z 906a31ae187c: Pulling fs layer
Check Backend & AI Engine	Initialize containers	2026-07-27T13:27:40.5775341Z ed44cde2167b: Pulling fs layer
Check Backend & AI Engine	Initialize containers	2026-07-27T13:27:40.5776487Z e208bdca56e1: Pulling fs layer
Check Backend & AI Engine	Initialize containers	2026-07-27T13:27:40.5777536Z bd2fcc94b9a5: Pulling fs layer
Check Backend & AI Engine	Initialize containers	2026-07-27T13:27:40.5778388Z b018bf118dcf: Pulling fs layer
Check Backend & AI Engine	Initialize containers	2026-07-27T13:27:40.5778876Z a4ab1d4d252a: Pulling fs layer
Check Backend & AI Engine	Initialize containers	2026-07-27T13:27:40.5779486Z 6a382e0eb5fb: Pulling fs layer
Check Backend & AI Engine	Initialize containers	2026-07-27T13:27:40.5780146Z 6a382e0eb5fb: Waiting
Check Backend & AI Engine	Initialize containers	2026-07-27T13:27:40.5780565Z a4ab1d4d252a: Waiting
Check Backend & AI Engine	Initialize containers	2026-07-27T13:27:40.5780958Z b018bf118dcf: Waiting
Check Backend & AI Engine	Initialize containers	2026-07-27T13:27:40.5781436Z bd2fcc94b9a5: Waiting
Check Backend & AI Engine	Initialize containers	2026-07-27T13:27:40.6553073Z 906a31ae187c: Verifying Checksum
Check Backend & AI Engine	Initialize containers	2026-07-27T13:27:40.6554818Z 906a31ae187c: Download complete
Check Backend & AI Engine	Initialize containers	2026-07-27T13:27:40.6669631Z e208bdca56e1: Verifying Checksum
Check Backend & AI Engine	Initialize containers	2026-07-27T13:27:40.6670729Z e208bdca56e1: Download complete
Check Backend & AI Engine	Initialize containers	2026-07-27T13:27:40.6707110Z ed44cde2167b: Verifying Checksum
Check Backend & AI Engine	Initialize containers	2026-07-27T13:27:40.6707849Z ed44cde2167b: Download complete
Check Backend & AI Engine	Initialize containers	2026-07-27T13:27:40.7547253Z bd2fcc94b9a5: Verifying Checksum
Check Backend & AI Engine	Initialize containers	2026-07-27T13:27:40.7547962Z bd2fcc94b9a5: Download complete
Check Backend & AI Engine	Initialize containers	2026-07-27T13:27:40.7548539Z b018bf118dcf: Verifying Checksum
Check Backend & AI Engine	Initialize containers	2026-07-27T13:27:40.7549160Z b018bf118dcf: Download complete
Check Backend & AI Engine	Initialize containers	2026-07-27T13:27:40.8488873Z 6a382e0eb5fb: Verifying Checksum
Check Backend & AI Engine	Initialize containers	2026-07-27T13:27:40.8489400Z 6a382e0eb5fb: Download complete
Check Backend & AI Engine	Initialize containers	2026-07-27T13:27:41.9310809Z a4ab1d4d252a: Verifying Checksum
Check Backend & AI Engine	Initialize containers	2026-07-27T13:27:41.9311655Z a4ab1d4d252a: Download complete
Check Backend & AI Engine	Initialize containers	2026-07-27T13:27:49.2043637Z 906a31ae187c: Pull complete
Check Backend & AI Engine	Initialize containers	2026-07-27T13:27:49.4777734Z ed44cde2167b: Pull complete
Check Backend & AI Engine	Initialize containers	2026-07-27T13:27:49.5614011Z e208bdca56e1: Pull complete
Check Backend & AI Engine	Initialize containers	2026-07-27T13:27:49.5712013Z bd2fcc94b9a5: Pull complete
Check Backend & AI Engine	Initialize containers	2026-07-27T13:27:49.5878947Z b018bf118dcf: Pull complete
Check Backend & AI Engine	Initialize containers	2026-07-27T13:27:57.9893919Z a4ab1d4d252a: Pull complete
Check Backend & AI Engine	Initialize containers	2026-07-27T13:27:58.0012978Z 6a382e0eb5fb: Pull complete
Check Backend & AI Engine	Initialize containers	2026-07-27T13:27:58.0062261Z Digest: sha256:9bdaeb6dac6e7e762e84e2f84103d1f9bb078fa1ba6bde8bb9d2274f655ad173
Check Backend & AI Engine	Initialize containers	2026-07-27T13:27:58.0077610Z Status: Downloaded newer image for mongo:7
Check Backend & AI Engine	Initialize containers	2026-07-27T13:27:58.0088038Z docker.io/library/mongo:7
Check Backend & AI Engine	Initialize containers	2026-07-27T13:27:58.0116877Z ##[command]/usr/bin/docker create --name e8ec3e0b886e4694af9b1e5d5ff6e46d_mongo7_898f32 --label e68fd8 --network github_network_eae95e63e60b489fa6ff815b0f3ed4bc --network-alias mongodb -p 27017:27017  -e GITHUB_ACTIONS=true -e CI=true mongo:7
Check Backend & AI Engine	Initialize containers	2026-07-27T13:27:58.0583747Z 1f1d4ad97b8a994956b671820799f71b7ef3c4e3ae09c4cbb2548cd79f04c2e6
Check Backend & AI Engine	Initialize containers	2026-07-27T13:27:58.0599644Z ##[command]/usr/bin/docker start 1f1d4ad97b8a994956b671820799f71b7ef3c4e3ae09c4cbb2548cd79f04c2e6
Check Backend & AI Engine	Initialize containers	2026-07-27T13:27:58.8737107Z 1f1d4ad97b8a994956b671820799f71b7ef3c4e3ae09c4cbb2548cd79f04c2e6
Check Backend & AI Engine	Initialize containers	2026-07-27T13:27:58.8750740Z ##[command]/usr/bin/docker ps --all --filter id=1f1d4ad97b8a994956b671820799f71b7ef3c4e3ae09c4cbb2548cd79f04c2e6 --filter status=running --no-trunc --format "{{.ID}} {{.Status}}"
Check Backend & AI Engine	Initialize containers	2026-07-27T13:27:58.8868469Z 1f1d4ad97b8a994956b671820799f71b7ef3c4e3ae09c4cbb2548cd79f04c2e6 Up Less than a second
Check Backend & AI Engine	Initialize containers	2026-07-27T13:27:58.8882711Z ##[command]/usr/bin/docker port 1f1d4ad97b8a994956b671820799f71b7ef3c4e3ae09c4cbb2548cd79f04c2e6
Check Backend & AI Engine	Initialize containers	2026-07-27T13:27:58.9038877Z 27017/tcp -> 0.0.0.0:27017
Check Backend & AI Engine	Initialize containers	2026-07-27T13:27:58.9040246Z 27017/tcp -> [::]:27017
Check Backend & AI Engine	Initialize containers	2026-07-27T13:27:58.9077059Z ##[endgroup]
Check Backend & AI Engine	Initialize containers	2026-07-27T13:27:58.9085250Z ##[group]Waiting for all services to be ready
Check Backend & AI Engine	Initialize containers	2026-07-27T13:27:58.9098262Z ##[command]/usr/bin/docker inspect --format="{{if .Config.Healthcheck}}{{print .State.Health.Status}}{{end}}" 1f1d4ad97b8a994956b671820799f71b7ef3c4e3ae09c4cbb2548cd79f04c2e6
Check Backend & AI Engine	Initialize containers	2026-07-27T13:27:58.9232325Z mongodb service is healthy.
Check Backend & AI Engine	Initialize containers	2026-07-27T13:27:58.9233104Z ##[endgroup]
Check Backend & AI Engine	Checkout Repository	﻿2026-07-27T13:27:58.9513568Z Node 20 is being deprecated. This workflow is running with Node 24 by default. If you need to temporarily use Node 20, you can set the ACTIONS_ALLOW_USE_UNSECURE_NODE_VERSION=true environment variable. For more information see: https://github.blog/changelog/2025-09-19-deprecation-of-node-20-on-github-actions-runners/
Check Backend & AI Engine	Checkout Repository	2026-07-27T13:27:58.9520726Z ##[group]Run actions/checkout@v4
Check Backend & AI Engine	Checkout Repository	2026-07-27T13:27:58.9521248Z with:
Check Backend & AI Engine	Checkout Repository	2026-07-27T13:27:58.9521565Z   repository: kalyan-1845/ai-code-reviewer
Check Backend & AI Engine	Checkout Repository	2026-07-27T13:27:58.9524564Z   token: ***
Check Backend & AI Engine	Checkout Repository	2026-07-27T13:27:58.9524859Z   ssh-strict: true
Check Backend & AI Engine	Checkout Repository	2026-07-27T13:27:58.9525160Z   ssh-user: git
Check Backend & AI Engine	Checkout Repository	2026-07-27T13:27:58.9525469Z   persist-credentials: true
Check Backend & AI Engine	Checkout Repository	2026-07-27T13:27:58.9525817Z   clean: true
Check Backend & AI Engine	Checkout Repository	2026-07-27T13:27:58.9526124Z   sparse-checkout-cone-mode: true
Check Backend & AI Engine	Checkout Repository	2026-07-27T13:27:58.9526456Z   fetch-depth: 1
Check Backend & AI Engine	Checkout Repository	2026-07-27T13:27:58.9526725Z   fetch-tags: false
Check Backend & AI Engine	Checkout Repository	2026-07-27T13:27:58.9527044Z   show-progress: true
Check Backend & AI Engine	Checkout Repository	2026-07-27T13:27:58.9527330Z   lfs: false
Check Backend & AI Engine	Checkout Repository	2026-07-27T13:27:58.9527627Z   submodules: false
Check Backend & AI Engine	Checkout Repository	2026-07-27T13:27:58.9528027Z   set-safe-directory: true
Check Backend & AI Engine	Checkout Repository	2026-07-27T13:27:58.9528352Z   allow-unsafe-pr-checkout: false
Check Backend & AI Engine	Checkout Repository	2026-07-27T13:27:58.9528796Z ##[endgroup]
Check Backend & AI Engine	Checkout Repository	2026-07-27T13:27:59.0545952Z Syncing repository: kalyan-1845/ai-code-reviewer
Check Backend & AI Engine	Checkout Repository	2026-07-27T13:27:59.0548145Z ##[group]Getting Git version info
Check Backend & AI Engine	Checkout Repository	2026-07-27T13:27:59.0548955Z Working directory is '/home/runner/work/ai-code-reviewer/ai-code-reviewer'
Check Backend & AI Engine	Checkout Repository	2026-07-27T13:27:59.0550401Z [command]/usr/bin/git version
Check Backend & AI Engine	Checkout Repository	2026-07-27T13:27:59.0587681Z git version 2.54.0
Check Backend & AI Engine	Checkout Repository	2026-07-27T13:27:59.0607292Z ##[endgroup]
Check Backend & AI Engine	Checkout Repository	2026-07-27T13:27:59.0621172Z Temporarily overriding HOME='/home/runner/work/_temp/7b21b891-512d-4717-8cac-313f302b543e' before making global git config changes
Check Backend & AI Engine	Checkout Repository	2026-07-27T13:27:59.0622558Z Adding repository directory to the temporary git global config as a safe directory
Check Backend & AI Engine	Checkout Repository	2026-07-27T13:27:59.0626693Z [command]/usr/bin/git config --global --add safe.directory /home/runner/work/ai-code-reviewer/ai-code-reviewer
Check Backend & AI Engine	Checkout Repository	2026-07-27T13:27:59.0673956Z Deleting the contents of '/home/runner/work/ai-code-reviewer/ai-code-reviewer'
Check Backend & AI Engine	Checkout Repository	2026-07-27T13:27:59.0678491Z ##[group]Initializing the repository
Check Backend & AI Engine	Checkout Repository	2026-07-27T13:27:59.0684142Z [command]/usr/bin/git init /home/runner/work/ai-code-reviewer/ai-code-reviewer
Check Backend & AI Engine	Checkout Repository	2026-07-27T13:27:59.0875702Z hint: Using 'master' as the name for the initial branch. This default branch name
Check Backend & AI Engine	Checkout Repository	2026-07-27T13:27:59.0877817Z hint: will change to "main" in Git 3.0. To configure the initial branch name
Check Backend & AI Engine	Checkout Repository	2026-07-27T13:27:59.0881326Z hint: to use in all of your new repositories, which will suppress this warning,
Check Backend & AI Engine	Checkout Repository	2026-07-27T13:27:59.0882015Z hint: call:
Check Backend & AI Engine	Checkout Repository	2026-07-27T13:27:59.0882535Z hint:
Check Backend & AI Engine	Checkout Repository	2026-07-27T13:27:59.0883122Z hint: 	git config --global init.defaultBranch <name>
Check Backend & AI Engine	Checkout Repository	2026-07-27T13:27:59.0883812Z hint:
Check Backend & AI Engine	Checkout Repository	2026-07-27T13:27:59.0884394Z hint: Names commonly chosen instead of 'master' are 'main', 'trunk' and
Check Backend & AI Engine	Checkout Repository	2026-07-27T13:27:59.0885311Z hint: 'development'. The just-created branch can be renamed via this command:
Check Backend & AI Engine	Checkout Repository	2026-07-27T13:27:59.0886044Z hint:
Check Backend & AI Engine	Checkout Repository	2026-07-27T13:27:59.0886502Z hint: 	git branch -m <name>
Check Backend & AI Engine	Checkout Repository	2026-07-27T13:27:59.0886919Z hint:
Check Backend & AI Engine	Checkout Repository	2026-07-27T13:27:59.0887539Z hint: Disable this message with "git config set advice.defaultBranchName false"
Check Backend & AI Engine	Checkout Repository	2026-07-27T13:27:59.0888456Z Initialized empty Git repository in /home/runner/work/ai-code-reviewer/ai-code-reviewer/.git/
Check Backend & AI Engine	Checkout Repository	2026-07-27T13:27:59.0896352Z [command]/usr/bin/git remote add origin https://github.com/kalyan-1845/ai-code-reviewer
Check Backend & AI Engine	Checkout Repository	2026-07-27T13:27:59.0940092Z ##[endgroup]
Check Backend & AI Engine	Checkout Repository	2026-07-27T13:27:59.0941011Z ##[group]Disabling automatic garbage collection
Check Backend & AI Engine	Checkout Repository	2026-07-27T13:27:59.0943715Z [command]/usr/bin/git config --local gc.auto 0
Check Backend & AI Engine	Checkout Repository	2026-07-27T13:27:59.0968769Z ##[endgroup]
Check Backend & AI Engine	Checkout Repository	2026-07-27T13:27:59.0969641Z ##[group]Setting up auth
Check Backend & AI Engine	Checkout Repository	2026-07-27T13:27:59.0974925Z [command]/usr/bin/git config --local --name-only --get-regexp core\.sshCommand
Check Backend & AI Engine	Checkout Repository	2026-07-27T13:27:59.1010831Z [command]/usr/bin/git submodule foreach --recursive sh -c "git config --local --name-only --get-regexp 'core\.sshCommand' && git config --local --unset-all 'core.sshCommand' || :"
Check Backend & AI Engine	Checkout Repository	2026-07-27T13:27:59.2128807Z [command]/usr/bin/git config --local --name-only --get-regexp http\.https\:\/\/github\.com\/\.extraheader
Check Backend & AI Engine	Checkout Repository	2026-07-27T13:27:59.2156342Z [command]/usr/bin/git submodule foreach --recursive sh -c "git config --local --name-only --get-regexp 'http\.https\:\/\/github\.com\/\.extraheader' && git config --local --unset-all 'http.https://github.com/.extraheader' || :"
Check Backend & AI Engine	Checkout Repository	2026-07-27T13:27:59.2335621Z [command]/usr/bin/git config --local --name-only --get-regexp ^includeIf\.gitdir:
Check Backend & AI Engine	Checkout Repository	2026-07-27T13:27:59.2371134Z [command]/usr/bin/git submodule foreach --recursive git config --local --show-origin --name-only --get-regexp remote.origin.url
Check Backend & AI Engine	Checkout Repository	2026-07-27T13:27:59.2554551Z [command]/usr/bin/git config --local http.https://github.com/.extraheader AUTHORIZATION: basic ***
Check Backend & AI Engine	Checkout Repository	2026-07-27T13:27:59.2586266Z ##[endgroup]
Check Backend & AI Engine	Checkout Repository	2026-07-27T13:27:59.2586938Z ##[group]Fetching the repository
Check Backend & AI Engine	Checkout Repository	2026-07-27T13:27:59.2595144Z [command]/usr/bin/git -c protocol.version=2 fetch --no-tags --prune --no-recurse-submodules --depth=1 origin +d7de682f83f372aa8085b517c2035a6191cb2a19:refs/remotes/pull/3148/merge
Check Backend & AI Engine	Checkout Repository	2026-07-27T13:27:59.8363756Z From https://github.com/kalyan-1845/ai-code-reviewer
Check Backend & AI Engine	Checkout Repository	2026-07-27T13:27:59.8364576Z  * [new ref]         d7de682f83f372aa8085b517c2035a6191cb2a19 -> pull/3148/merge
Check Backend & AI Engine	Checkout Repository	2026-07-27T13:27:59.8973158Z ##[endgroup]
Check Backend & AI Engine	Checkout Repository	2026-07-27T13:27:59.8973834Z ##[group]Determining the checkout info
Check Backend & AI Engine	Checkout Repository	2026-07-27T13:27:59.8975524Z ##[endgroup]
Check Backend & AI Engine	Checkout Repository	2026-07-27T13:27:59.8981402Z [command]/usr/bin/git sparse-checkout disable
Check Backend & AI Engine	Checkout Repository	2026-07-27T13:27:59.9061750Z [command]/usr/bin/git config --local --unset-all extensions.worktreeConfig
Check Backend & AI Engine	Checkout Repository	2026-07-27T13:27:59.9086632Z ##[group]Checking out the ref
Check Backend & AI Engine	Checkout Repository	2026-07-27T13:27:59.9091222Z [command]/usr/bin/git checkout --progress --force refs/remotes/pull/3148/merge
Check Backend & AI Engine	Checkout Repository	2026-07-27T13:27:59.9454843Z Note: switching to 'refs/remotes/pull/3148/merge'.
Check Backend & AI Engine	Checkout Repository	2026-07-27T13:27:59.9455304Z 
Check Backend & AI Engine	Checkout Repository	2026-07-27T13:27:59.9455936Z You are in 'detached HEAD' state. You can look around, make experimental
Check Backend & AI Engine	Checkout Repository	2026-07-27T13:27:59.9456450Z changes and commit them, and you can discard any commits you make in this
Check Backend & AI Engine	Checkout Repository	2026-07-27T13:27:59.9457190Z state without impacting any branches by switching back to a branch.
Check Backend & AI Engine	Checkout Repository	2026-07-27T13:27:59.9457667Z 
Check Backend & AI Engine	Checkout Repository	2026-07-27T13:27:59.9458028Z If you want to create a new branch to retain commits you create, you may
Check Backend & AI Engine	Checkout Repository	2026-07-27T13:27:59.9458804Z do so (now or later) by using -c with the switch command. Example:
Check Backend & AI Engine	Checkout Repository	2026-07-27T13:27:59.9459209Z 
Check Backend & AI Engine	Checkout Repository	2026-07-27T13:27:59.9459454Z   git switch -c <new-branch-name>
Check Backend & AI Engine	Checkout Repository	2026-07-27T13:27:59.9459731Z 
Check Backend & AI Engine	Checkout Repository	2026-07-27T13:27:59.9460089Z Or undo this operation with:
Check Backend & AI Engine	Checkout Repository	2026-07-27T13:27:59.9460346Z 
Check Backend & AI Engine	Checkout Repository	2026-07-27T13:27:59.9460600Z   git switch -
Check Backend & AI Engine	Checkout Repository	2026-07-27T13:27:59.9460811Z 
Check Backend & AI Engine	Checkout Repository	2026-07-27T13:27:59.9461177Z Turn off this advice by setting config variable advice.detachedHead to false
Check Backend & AI Engine	Checkout Repository	2026-07-27T13:27:59.9461634Z 
Check Backend & AI Engine	Checkout Repository	2026-07-27T13:27:59.9462172Z HEAD is now at d7de682 Merge c3e6bffd8ea975027b3eb4f9b12e1f3ccf4ee505 into c9769c87fffd16232521e5317605e876d5cd029e
Check Backend & AI Engine	Checkout Repository	2026-07-27T13:27:59.9463970Z ##[endgroup]
Check Backend & AI Engine	Checkout Repository	2026-07-27T13:27:59.9645779Z [command]/usr/bin/git log -1 --format=%H
Check Backend & AI Engine	Checkout Repository	2026-07-27T13:27:59.9667830Z d7de682f83f372aa8085b517c2035a6191cb2a19
Check Backend & AI Engine	Set up Node.js	﻿2026-07-27T13:27:59.9867716Z Node 20 is being deprecated. This workflow is running with Node 24 by default. If you need to temporarily use Node 20, you can set the ACTIONS_ALLOW_USE_UNSECURE_NODE_VERSION=true environment variable. For more information see: https://github.blog/changelog/2025-09-19-deprecation-of-node-20-on-github-actions-runners/
Check Backend & AI Engine	Set up Node.js	2026-07-27T13:27:59.9869201Z ##[group]Run actions/setup-node@v4
Check Backend & AI Engine	Set up Node.js	2026-07-27T13:27:59.9869553Z with:
Check Backend & AI Engine	Set up Node.js	2026-07-27T13:27:59.9869950Z   node-version: 20
Check Backend & AI Engine	Set up Node.js	2026-07-27T13:27:59.9870265Z   cache: npm
Check Backend & AI Engine	Set up Node.js	2026-07-27T13:27:59.9870586Z   cache-dependency-path: backend/package-lock.json
Check Backend & AI Engine	Set up Node.js	2026-07-27T13:27:59.9870981Z   always-auth: false
Check Backend & AI Engine	Set up Node.js	2026-07-27T13:27:59.9871275Z   check-latest: false
Check Backend & AI Engine	Set up Node.js	2026-07-27T13:27:59.9873868Z   token: ***
Check Backend & AI Engine	Set up Node.js	2026-07-27T13:27:59.9874154Z ##[endgroup]
Check Backend & AI Engine	Set up Node.js	2026-07-27T13:28:00.1399308Z Attempting to download 20...
Check Backend & AI Engine	Set up Node.js	2026-07-27T13:28:00.1501487Z (node:2554) [DEP0040] DeprecationWarning: The `punycode` module is deprecated. Please use a userland alternative instead.
Check Backend & AI Engine	Set up Node.js	2026-07-27T13:28:00.1502617Z (Use `node --trace-deprecation ...` to show where the warning was created)
Check Backend & AI Engine	Set up Node.js	2026-07-27T13:28:00.7430618Z Acquiring 20.20.2 - x64 from https://github.com/actions/node-versions/releases/download/20.20.2-23521894959/node-20.20.2-linux-x64.tar.gz
Check Backend & AI Engine	Set up Node.js	2026-07-27T13:28:01.4363505Z Extracting ...
Check Backend & AI Engine	Set up Node.js	2026-07-27T13:28:01.4501016Z [command]/usr/bin/tar xz --strip 1 --warning=no-unknown-keyword --overwrite -C /home/runner/work/_temp/04fc6f13-760a-4a86-943d-e1c09e22b8b1 -f /home/runner/work/_temp/ef97f255-62e7-46f5-91b5-a87d7857e965
Check Backend & AI Engine	Set up Node.js	2026-07-27T13:28:02.4996664Z Adding to the cache ...
Check Backend & AI Engine	Set up Node.js	2026-07-27T13:28:04.4680778Z ##[group]Environment details
Check Backend & AI Engine	Set up Node.js	2026-07-27T13:28:04.9256244Z node: v20.20.2
Check Backend & AI Engine	Set up Node.js	2026-07-27T13:28:04.9256700Z npm: 10.8.2
Check Backend & AI Engine	Set up Node.js	2026-07-27T13:28:04.9257016Z yarn: 1.22.22
Check Backend & AI Engine	Set up Node.js	2026-07-27T13:28:04.9257747Z ##[endgroup]
Check Backend & AI Engine	Set up Node.js	2026-07-27T13:28:04.9274095Z [command]/opt/hostedtoolcache/node/20.20.2/x64/bin/npm config get cache
Check Backend & AI Engine	Set up Node.js	2026-07-27T13:28:05.0200106Z /home/runner/.npm
Check Backend & AI Engine	Set up Node.js	2026-07-27T13:28:05.2244441Z Cache hit for: node-cache-Linux-x64-npm-5087f9d31da71964843cc4fb166ecbff934cdb06eef5d39d0246cd8820565d3e
Check Backend & AI Engine	Set up Node.js	2026-07-27T13:28:05.2330446Z (node:2554) [DEP0169] DeprecationWarning: `url.parse()` behavior is not standardized and prone to errors that have security implications. Use the WHATWG URL API instead. CVEs are not issued for `url.parse()` vulnerabilities.
Check Backend & AI Engine	Set up Node.js	2026-07-27T13:28:05.7004253Z Received 12868823 of 12868823 (100.0%), 33.1 MBs/sec
Check Backend & AI Engine	Set up Node.js	2026-07-27T13:28:05.7004877Z Cache Size: ~12 MB (12868823 B)
Check Backend & AI Engine	Set up Node.js	2026-07-27T13:28:05.7026960Z [command]/usr/bin/tar -xf /home/runner/work/_temp/72eda9ad-0902-4934-a6d7-9f69375b997d/cache.tzst -P -C /home/runner/work/ai-code-reviewer/ai-code-reviewer --use-compress-program unzstd
Check Backend & AI Engine	Set up Node.js	2026-07-27T13:28:05.7630323Z Cache restored successfully
Check Backend & AI Engine	Set up Node.js	2026-07-27T13:28:05.7637507Z Cache restored from key: node-cache-Linux-x64-npm-5087f9d31da71964843cc4fb166ecbff934cdb06eef5d39d0246cd8820565d3e
Check Backend & AI Engine	Install Backend Dependencies	﻿2026-07-27T13:28:05.7785277Z ##[group]Run cd backend
Check Backend & AI Engine	Install Backend Dependencies	2026-07-27T13:28:05.7785593Z ^[[36;1mcd backend^[[0m
Check Backend & AI Engine	Install Backend Dependencies	2026-07-27T13:28:05.7785808Z ^[[36;1mnpm install^[[0m
Check Backend & AI Engine	Install Backend Dependencies	2026-07-27T13:28:05.7820338Z shell: /usr/bin/bash -e {0}
Check Backend & AI Engine	Install Backend Dependencies	2026-07-27T13:28:05.7820631Z ##[endgroup]
Check Backend & AI Engine	Install Backend Dependencies	2026-07-27T13:28:07.2155900Z 
Check Backend & AI Engine	Install Backend Dependencies	2026-07-27T13:28:07.2162560Z added 256 packages, and audited 257 packages in 1s
Check Backend & AI Engine	Install Backend Dependencies	2026-07-27T13:28:07.2163346Z 
Check Backend & AI Engine	Install Backend Dependencies	2026-07-27T13:28:07.2163739Z 47 packages are looking for funding
Check Backend & AI Engine	Install Backend Dependencies	2026-07-27T13:28:07.2164370Z   run `npm fund` for details
Check Backend & AI Engine	Install Backend Dependencies	2026-07-27T13:28:07.2235848Z 
Check Backend & AI Engine	Install Backend Dependencies	2026-07-27T13:28:07.2236867Z 4 vulnerabilities (1 low, 1 moderate, 2 high)
Check Backend & AI Engine	Install Backend Dependencies	2026-07-27T13:28:07.2237186Z 
Check Backend & AI Engine	Install Backend Dependencies	2026-07-27T13:28:07.2237361Z To address all issues, run:
Check Backend & AI Engine	Install Backend Dependencies	2026-07-27T13:28:07.2237681Z   npm audit fix
Check Backend & AI Engine	Install Backend Dependencies	2026-07-27T13:28:07.2237837Z 
Check Backend & AI Engine	Install Backend Dependencies	2026-07-27T13:28:07.2237978Z Run `npm audit` for details.
Check Backend & AI Engine	Run Backend Tests	﻿2026-07-27T13:28:07.2350681Z ##[group]Run cd backend
Check Backend & AI Engine	Run Backend Tests	2026-07-27T13:28:07.2351039Z ^[[36;1mcd backend^[[0m
Check Backend & AI Engine	Run Backend Tests	2026-07-27T13:28:07.2351310Z ^[[36;1mnpm test^[[0m
Check Backend & AI Engine	Run Backend Tests	2026-07-27T13:28:07.2378666Z shell: /usr/bin/bash -e {0}
Check Backend & AI Engine	Run Backend Tests	2026-07-27T13:28:07.2378941Z ##[endgroup]
Check Backend & AI Engine	Run Backend Tests	2026-07-27T13:28:07.3372037Z 
Check Backend & AI Engine	Run Backend Tests	2026-07-27T13:28:07.3372570Z > reposage-backend@1.0.0 test
Check Backend & AI Engine	Run Backend Tests	2026-07-27T13:28:07.3373518Z > c8 --reporter=lcov --reporter=text node tests/run-tests.js
Check Backend & AI Engine	Run Backend Tests	2026-07-27T13:28:07.3374024Z 
Check Backend & AI Engine	Run Backend Tests	2026-07-27T13:28:07.4677838Z 🚀 Starting Secrets Scanner Tests (In-Memory)...
Check Backend & AI Engine	Run Backend Tests	2026-07-27T13:28:07.4678223Z 
Check Backend & AI Engine	Run Backend Tests	2026-07-27T13:28:07.4718287Z Testing In-Memory Mock Secrets
Check Backend & AI Engine	Run Backend Tests	2026-07-27T13:28:07.4719427Z Found 19 potential security issues.
Check Backend & AI Engine	Run Backend Tests	2026-07-27T13:28:07.4720975Z   ✅ Passed: Detected "AWS Access Key Check"
Check Backend & AI Engine	Run Backend Tests	2026-07-27T13:28:07.4722043Z   ✅ Passed: Detected "GitHub Personal Access Token"
Check Backend & AI Engine	Run Backend Tests	2026-07-27T13:28:07.4723024Z   ✅ Passed: Detected "Stripe Secret API Key"
Check Backend & AI Engine	Run Backend Tests	2026-07-27T13:28:07.4724009Z   ✅ Passed: Detected "Google Cloud API Key"
Check Backend & AI Engine	Run Backend Tests	2026-07-27T13:28:07.4725500Z   ✅ Passed: Detected "Database Connection Credentials"
Check Backend & AI Engine	Run Backend Tests	2026-07-27T13:28:07.4726719Z   ✅ Passed: Detected "Slack Incoming Webhook"
Check Backend & AI Engine	Run Backend Tests	2026-07-27T13:28:07.4727615Z   ✅ Passed: Detected "Generic Private Key"
Check Backend & AI Engine	Run Backend Tests	2026-07-27T13:28:07.4728494Z   ✅ Passed: Detected "Common Environment Credential"
Check Backend & AI Engine	Run Backend Tests	2026-07-27T13:28:07.4729372Z   ✅ Passed: Detected "Twilio Account SID"
Check Backend & AI Engine	Run Backend Tests	2026-07-27T13:28:07.4730373Z   ✅ Passed: Detected "Twilio Auth Token"
Check Backend & AI Engine	Run Backend Tests	2026-07-27T13:28:07.4731395Z   ✅ Passed: Detected "Slack Token Check"
Check Backend & AI Engine	Run Backend Tests	2026-07-27T13:28:07.4732160Z   ✅ Passed: Detected "Discord Bot Token"
Check Backend & AI Engine	Run Backend Tests	2026-07-27T13:28:07.4732634Z 
Check Backend & AI Engine	Run Backend Tests	2026-07-27T13:28:07.4733107Z Testing Fixture: clean.txt
Check Backend & AI Engine	Run Backend Tests	2026-07-27T13:28:07.4733915Z   ✅ Passed: Clean file did not trigger any false positives.
Check Backend & AI Engine	Run Backend Tests	2026-07-27T13:28:07.4734717Z 
Check Backend & AI Engine	Run Backend Tests	2026-07-27T13:28:07.4735042Z ====================================
Check Backend & AI Engine	Run Backend Tests	2026-07-27T13:28:07.4735541Z 
Check Backend & AI Engine	Run Backend Tests	2026-07-27T13:28:07.4736100Z 🧪 Running node:test suites (82 files)
Check Backend & AI Engine	Run Backend Tests	2026-07-27T13:28:07.5154194Z TAP version 13
Check Backend & AI Engine	Run Backend Tests	2026-07-27T13:28:07.5590778Z # 💾 Cached analysis result for key test-key... (1/1000 entries, 0 evictions, ttl=3600000ms)
Check Backend & AI Engine	Run Backend Tests	2026-07-27T13:28:07.5592843Z # ✅ Analysis cache hit for key test-key... (1 entries, 1 hits, 0 misses)
Check Backend & AI Engine	Run Backend Tests	2026-07-27T13:28:07.5596440Z # 💾 Cached analysis result for key test-key... (1/1000 entries, 0 evictions, ttl=3600000ms)
Check Backend & AI Engine	Run Backend Tests	2026-07-27T13:28:07.5597928Z # ✅ Analysis cache hit for key test-key... (1 entries, 1 hits, 1 misses)
Check Backend & AI Engine	Run Backend Tests	2026-07-27T13:28:07.5599446Z # 💾 Cached analysis result for key test-key... (1/1000 entries, 0 evictions, ttl=100ms)
Check Backend & AI Engine	Run Backend Tests	2026-07-27T13:28:07.5601041Z # ✅ Analysis cache hit for key test-key... (1 entries, 1 hits, 0 misses)
Check Backend & AI Engine	Run Backend Tests	2026-07-27T13:28:07.5640182Z # Subtest: AnalysisCache: initializes with default TTL of 1 hour
Check Backend & AI Engine	Run Backend Tests	2026-07-27T13:28:07.5650830Z ok 1 - AnalysisCache: initializes with default TTL of 1 hour
Check Backend & AI Engine	Run Backend Tests	2026-07-27T13:28:07.5651875Z   ---
Check Backend & AI Engine	Run Backend Tests	2026-07-27T13:28:07.5656460Z   duration_ms: 1.866438
Check Backend & AI Engine	Run Backend Tests	2026-07-27T13:28:07.5680756Z   ...
Check Backend & AI Engine	Run Backend Tests	2026-07-27T13:28:07.5689346Z # Subtest: AnalysisCache: initializes with custom TTL
Check Backend & AI Engine	Run Backend Tests	2026-07-27T13:28:07.5690767Z ok 2 - AnalysisCache: initializes with custom TTL
Check Backend & AI Engine	Run Backend Tests	2026-07-27T13:28:07.5691834Z   ---
Check Backend & AI Engine	Run Backend Tests	2026-07-27T13:28:07.5692525Z   duration_ms: 0.229102
Check Backend & AI Engine	Run Backend Tests	2026-07-27T13:28:07.5693116Z   ...
Check Backend & AI Engine	Run Backend Tests	2026-07-27T13:28:07.5694025Z # Subtest: AnalysisCache: generates consistent cache keys for identical inputs
Check Backend & AI Engine	Run Backend Tests	2026-07-27T13:28:07.5695198Z ok 3 - AnalysisCache: generates consistent cache keys for identical inputs
Check Backend & AI Engine	Run Backend Tests	2026-07-27T13:28:07.5695994Z   ---
Check Backend & AI Engine	Run Backend Tests	2026-07-27T13:28:07.5696583Z   duration_ms: 0.786685
Check Backend & AI Engine	Run Backend Tests	2026-07-27T13:28:07.5697163Z   ...
Check Backend & AI Engine	Run Backend Tests	2026-07-27T13:28:07.5698041Z # Subtest: AnalysisCache: generates different cache keys for different file contents
Check Backend & AI Engine	Run Backend Tests	2026-07-27T13:28:07.5699215Z ok 4 - AnalysisCache: generates different cache keys for different file contents
Check Backend & AI Engine	Run Backend Tests	2026-07-27T13:28:07.5700230Z   ---
Check Backend & AI Engine	Run Backend Tests	2026-07-27T13:28:07.5700815Z   duration_ms: 0.199677
Check Backend & AI Engine	Run Backend Tests	2026-07-27T13:28:07.5701354Z   ...
Check Backend & AI Engine	Run Backend Tests	2026-07-27T13:28:07.5702183Z # Subtest: AnalysisCache: generates different cache keys for different models
Check Backend & AI Engine	Run Backend Tests	2026-07-27T13:28:07.5703242Z ok 5 - AnalysisCache: generates different cache keys for different models
Check Backend & AI Engine	Run Backend Tests	2026-07-27T13:28:07.5704329Z   ---
Check Backend & AI Engine	Run Backend Tests	2026-07-27T13:28:07.5704763Z   duration_ms: 0.15397
Check Backend & AI Engine	Run Backend Tests	2026-07-27T13:28:07.5705184Z   ...
Check Backend & AI Engine	Run Backend Tests	2026-07-27T13:28:07.5705789Z # Subtest: AnalysisCache: stores and retrieves cached results
Check Backend & AI Engine	Run Backend Tests	2026-07-27T13:28:07.5706579Z ok 6 - AnalysisCache: stores and retrieves cached results
Check Backend & AI Engine	Run Backend Tests	2026-07-27T13:28:07.5707160Z   ---
Check Backend & AI Engine	Run Backend Tests	2026-07-27T13:28:07.5707581Z   duration_ms: 2.070212
Check Backend & AI Engine	Run Backend Tests	2026-07-27T13:28:07.5708015Z   ...
Check Backend & AI Engine	Run Backend Tests	2026-07-27T13:28:07.5708578Z # Subtest: AnalysisCache: returns null for missing entries
Check Backend & AI Engine	Run Backend Tests	2026-07-27T13:28:07.5709323Z ok 7 - AnalysisCache: returns null for missing entries
Check Backend & AI Engine	Run Backend Tests	2026-07-27T13:28:07.5710231Z   ---
Check Backend & AI Engine	Run Backend Tests	2026-07-27T13:28:07.5710693Z   duration_ms: 0.191033
Check Backend & AI Engine	Run Backend Tests	2026-07-27T13:28:07.5711092Z   ...
Check Backend & AI Engine	Run Backend Tests	2026-07-27T13:28:07.5711624Z # Subtest: AnalysisCache: tracks cache hits and misses
Check Backend & AI Engine	Run Backend Tests	2026-07-27T13:28:07.5712355Z ok 8 - AnalysisCache: tracks cache hits and misses
Check Backend & AI Engine	Run Backend Tests	2026-07-27T13:28:07.5712891Z   ---
Check Backend & AI Engine	Run Backend Tests	2026-07-27T13:28:07.5713285Z   duration_ms: 0.327604
Check Backend & AI Engine	Run Backend Tests	2026-07-27T13:28:07.5713842Z   ...
Check Backend & AI Engine	Run Backend Tests	2026-07-27T13:28:07.7110987Z # ⏰ Analysis cache sliding TTL expired for key test-key...
Check Backend & AI Engine	Run Backend Tests	2026-07-27T13:28:07.7112216Z # 💾 Cached analysis result for key key1... (1/1000 entries, 0 evictions, ttl=3600000ms)
Check Backend & AI Engine	Run Backend Tests	2026-07-27T13:28:07.7113425Z # 💾 Cached analysis result for key key2... (2/1000 entries, 0 evictions, ttl=3600000ms)
Check Backend & AI Engine	Run Backend Tests	2026-07-27T13:28:07.7114325Z # 💾 Cached analysis result for key key3... (3/1000 entries, 0 evictions, ttl=3600000ms)
Check Backend & AI Engine	Run Backend Tests	2026-07-27T13:28:07.7115184Z # 🗑️  Cleared analysis cache (3 entries removed)
Check Backend & AI Engine	Run Backend Tests	2026-07-27T13:28:07.7116160Z # 💾 Cached analysis result for key test-key... (1/1000 entries, 0 evictions, ttl=1800000ms)
Check Backend & AI Engine	Run Backend Tests	2026-07-27T13:28:07.7117782Z # ✅ Analysis cache hit for key test-key... (1 entries, 1 hits, 0 misses)
Check Backend & AI Engine	Run Backend Tests	2026-07-27T13:28:07.7118925Z # ✅ Analysis cache hit for key test-key... (1 entries, 2 hits, 0 misses)
Check Backend & AI Engine	Run Backend Tests	2026-07-27T13:28:07.7121026Z # 💾 Cached analysis result for key key1... (1/1000 entries, 0 evictions, ttl=3600000ms)
Check Backend & AI Engine	Run Backend Tests	2026-07-27T13:28:07.7122761Z # 💾 Cached analysis result for key key2... (2/1000 entries, 0 evictions, ttl=3600000ms)
Check Backend & AI Engine	Run Backend Tests	2026-07-27T13:28:07.7124217Z # ❌ Invalidated cache entry for key key1...
Check Backend & AI Engine	Run Backend Tests	2026-07-27T13:28:07.7125412Z # ✅ Analysis cache hit for key key2... (1 entries, 1 hits, 0 misses)
Check Backend & AI Engine	Run Backend Tests	2026-07-27T13:28:07.7130306Z # 💾 Cached analysis result for key ca7f8021... (1/1000 entries, 0 evictions, ttl=3600000ms)
Check Backend & AI Engine	Run Backend Tests	2026-07-27T13:28:07.7131322Z # ✅ Analysis cache hit for key ca7f8021... (1 entries, 1 hits, 1 misses)
Check Backend & AI Engine	Run Backend Tests	2026-07-27T13:28:07.7135440Z # 💾 Cached analysis result for key 29b0581d... (1/1000 entries, 0 evictions, ttl=3600000ms)
Check Backend & AI Engine	Run Backend Tests	2026-07-27T13:28:07.7136714Z # 💾 Cached analysis result for key 3b5da39b... (2/1000 entries, 0 evictions, ttl=3600000ms)
Check Backend & AI Engine	Run Backend Tests	2026-07-27T13:28:07.7137684Z # 🗑️  Invalidated 2 cache entries for repo https://github.com/owner/repo
Check Backend & AI Engine	Run Backend Tests	2026-07-27T13:28:07.7140516Z # 💾 Cached analysis result for key 9e14c44e... (1/1000 entries, 0 evictions, ttl=3600000ms)
Check Backend & AI Engine	Run Backend Tests	2026-07-27T13:28:07.7143305Z # 💾 Cached analysis result for key e54ba6e6... (1/1000 entries, 0 evictions, ttl=3600000ms)
Check Backend & AI Engine	Run Backend Tests	2026-07-27T13:28:07.7144290Z # 🗑️  Invalidated 1 cache entries for repo https://github.com/owner/repo///
Check Backend & AI Engine	Run Backend Tests	2026-07-27T13:28:07.7150158Z # 💾 Cached analysis result for key 6b5a2109... (1/1000 entries, 0 evictions, ttl=3600000ms)
Check Backend & AI Engine	Run Backend Tests	2026-07-27T13:28:07.7151661Z # 💾 Cached analysis result for key c494e8ca... (2/1000 entries, 0 evictions, ttl=3600000ms)
Check Backend & AI Engine	Run Backend Tests	2026-07-27T13:28:07.7152903Z # 💾 Cached analysis result for key 985ae634... (3/1000 entries, 0 evictions, ttl=3600000ms)
Check Backend & AI Engine	Run Backend Tests	2026-07-27T13:28:07.7181370Z # 💾 Cached analysis result for key 4935072b... (4/1000 entries, 0 evictions, ttl=3600000ms)
Check Backend & AI Engine	Run Backend Tests	2026-07-27T13:28:07.7211157Z # 💾 Cached analysis result for key ce94e691... (5/1000 entries, 0 evictions, ttl=3600000ms)
Check Backend & AI Engine	Run Backend Tests	2026-07-27T13:28:07.7242246Z # 💾 Cached analysis result for key e54ba6e6... (1/1000 entries, 0 evictions, ttl=3600000ms)
Check Backend & AI Engine	Run Backend Tests	2026-07-27T13:28:07.7243164Z # ⚠️ MOCK Cached analysis result for key mock-key... (1/1000 entries, 0 evictions, ttl=5000ms)
Check Backend & AI Engine	Run Backend Tests	2026-07-27T13:28:07.7243952Z # ⚠️ MOCK Analysis cache hit for key mock-key... (1 entries, 1 hits, 0 misses)
Check Backend & AI Engine	Run Backend Tests	2026-07-27T13:28:07.7244914Z # 💾 Cached analysis result for key 4385a647... (1/1000 entries, 0 evictions, ttl=20ms)
Check Backend & AI Engine	Run Backend Tests	2026-07-27T13:28:07.7245675Z # Subtest: AnalysisCache: expires entries after TTL
Check Backend & AI Engine	Run Backend Tests	2026-07-27T13:28:07.7246322Z ok 9 - AnalysisCache: expires entries after TTL
Check Backend & AI Engine	Run Backend Tests	2026-07-27T13:28:07.7246811Z   ---
Check Backend & AI Engine	Run Backend Tests	2026-07-27T13:28:07.7247145Z   duration_ms: 151.109191
Check Backend & AI Engine	Run Backend Tests	2026-07-27T13:28:07.7247508Z   ...
Check Backend & AI Engine	Run Backend Tests	2026-07-27T13:28:07.7247999Z # Subtest: AnalysisCache: clear() removes all entries
Check Backend & AI Engine	Run Backend Tests	2026-07-27T13:28:07.7248644Z ok 10 - AnalysisCache: clear() removes all entries
Check Backend & AI Engine	Run Backend Tests	2026-07-27T13:28:07.7249124Z   ---
Check Backend & AI Engine	Run Backend Tests	2026-07-27T13:28:07.7249446Z   duration_ms: 0.550291
Check Backend & AI Engine	Run Backend Tests	2026-07-27T13:28:07.7249928Z   ...
Check Backend & AI Engine	Run Backend Tests	2026-07-27T13:28:07.7250474Z # Subtest: AnalysisCache: getStats() returns cache metrics
Check Backend & AI Engine	Run Backend Tests	2026-07-27T13:28:07.7251178Z ok 11 - AnalysisCache: getStats() returns cache metrics
Check Backend & AI Engine	Run Backend Tests	2026-07-27T13:28:07.7251635Z   ---
Check Backend & AI Engine	Run Backend Tests	2026-07-27T13:28:07.7251927Z   duration_ms: 0.410858
Check Backend & AI Engine	Run Backend Tests	2026-07-27T13:28:07.7252253Z   ...
Check Backend & AI Engine	Run Backend Tests	2026-07-27T13:28:07.7252758Z # Subtest: AnalysisCache: invalidate() removes specific entries
Check Backend & AI Engine	Run Backend Tests	2026-07-27T13:28:07.7253465Z ok 12 - AnalysisCache: invalidate() removes specific entries
Check Backend & AI Engine	Run Backend Tests	2026-07-27T13:28:07.7253940Z   ---
Check Backend & AI Engine	Run Backend Tests	2026-07-27T13:28:07.7254237Z   duration_ms: 0.419342
Check Backend & AI Engine	Run Backend Tests	2026-07-27T13:28:07.7254547Z   ...
Check Backend & AI Engine	Run Backend Tests	2026-07-27T13:28:07.7255158Z # Subtest: AnalysisCache: invalidate() returns false for non-existent entries
Check Backend & AI Engine	Run Backend Tests	2026-07-27T13:28:07.7256042Z ok 13 - AnalysisCache: invalidate() returns false for non-existent entries
Check Backend & AI Engine	Run Backend Tests	2026-07-27T13:28:07.7256607Z   ---
Check Backend & AI Engine	Run Backend Tests	2026-07-27T13:28:07.7256900Z   duration_ms: 0.154786
Check Backend & AI Engine	Run Backend Tests	2026-07-27T13:28:07.7257474Z   ...
Check Backend & AI Engine	Run Backend Tests	2026-07-27T13:28:07.7257902Z # Subtest: AnalysisCache: setTtl() updates cache TTL
Check Backend & AI Engine	Run Backend Tests	2026-07-27T13:28:07.7258492Z ok 14 - AnalysisCache: setTtl() updates cache TTL
Check Backend & AI Engine	Run Backend Tests	2026-07-27T13:28:07.7258932Z   ---
Check Backend & AI Engine	Run Backend Tests	2026-07-27T13:28:07.7259224Z   duration_ms: 0.173093
Check Backend & AI Engine	Run Backend Tests	2026-07-27T13:28:07.7259528Z   ...
Check Backend & AI Engine	Run Backend Tests	2026-07-27T13:28:07.7260290Z # Subtest: AnalysisCache: realistic workflow - cache prevents redundant LLM calls
Check Backend & AI Engine	Run Backend Tests	2026-07-27T13:28:07.7261206Z ok 15 - AnalysisCache: realistic workflow - cache prevents redundant LLM calls
Check Backend & AI Engine	Run Backend Tests	2026-07-27T13:28:07.7261764Z   ---
Check Backend & AI Engine	Run Backend Tests	2026-07-27T13:28:07.7262044Z   duration_ms: 0.47017
Check Backend & AI Engine	Run Backend Tests	2026-07-27T13:28:07.7262352Z   ...
Check Backend & AI Engine	Run Backend Tests	2026-07-27T13:28:07.7262879Z # Subtest: AnalysisCache: invalidateByRepoUrl removes all entries for that repo
Check Backend & AI Engine	Run Backend Tests	2026-07-27T13:28:07.7263834Z ok 16 - AnalysisCache: invalidateByRepoUrl removes all entries for that repo
Check Backend & AI Engine	Run Backend Tests	2026-07-27T13:28:07.7264407Z   ---
Check Backend & AI Engine	Run Backend Tests	2026-07-27T13:28:07.7264725Z   duration_ms: 0.525761
Check Backend & AI Engine	Run Backend Tests	2026-07-27T13:28:07.7265027Z   ...
Check Backend & AI Engine	Run Backend Tests	2026-07-27T13:28:07.7265548Z # Subtest: AnalysisCache: invalidateByRepoUrl returns 0 for non-existent repo
Check Backend & AI Engine	Run Backend Tests	2026-07-27T13:28:07.7266094Z ok 17 - AnalysisCache: invalidateByRepoUrl returns 0 for non-existent repo
Check Backend & AI Engine	Run Backend Tests	2026-07-27T13:28:07.7266431Z   ---
Check Backend & AI Engine	Run Backend Tests	2026-07-27T13:28:07.7266630Z   duration_ms: 0.239828
Check Backend & AI Engine	Run Backend Tests	2026-07-27T13:28:07.7266839Z   ...
Check Backend & AI Engine	Run Backend Tests	2026-07-27T13:28:07.7267219Z # Subtest: AnalysisCache: invalidateByRepoUrl normalizes trailing slashes and case
Check Backend & AI Engine	Run Backend Tests	2026-07-27T13:28:07.7267792Z ok 18 - AnalysisCache: invalidateByRepoUrl normalizes trailing slashes and case
Check Backend & AI Engine	Run Backend Tests	2026-07-27T13:28:07.7268134Z   ---
Check Backend & AI Engine	Run Backend Tests	2026-07-27T13:28:07.7268326Z   duration_ms: 0.266163
Check Backend & AI Engine	Run Backend Tests	2026-07-27T13:28:07.7268535Z   ...
Check Backend & AI Engine	Run Backend Tests	2026-07-27T13:28:07.7268846Z # Subtest: AnalysisCache: setMaxEntries updates the property
Check Backend & AI Engine	Run Backend Tests	2026-07-27T13:28:07.7269265Z ok 19 - AnalysisCache: setMaxEntries updates the property
Check Backend & AI Engine	Run Backend Tests	2026-07-27T13:28:07.7269553Z   ---
Check Backend & AI Engine	Run Backend Tests	2026-07-27T13:28:07.7269745Z   duration_ms: 0.229315
Check Backend & AI Engine	Run Backend Tests	2026-07-27T13:28:07.7270336Z   ...
Check Backend & AI Engine	Run Backend Tests	2026-07-27T13:28:07.7270732Z # Subtest: AnalysisCache: setMaxEntries evicts oldest entries when limit is reduced
Check Backend & AI Engine	Run Backend Tests	2026-07-27T13:28:07.7271300Z ok 20 - AnalysisCache: setMaxEntries evicts oldest entries when limit is reduced
Check Backend & AI Engine	Run Backend Tests	2026-07-27T13:28:07.7271651Z   ---
Check Backend & AI Engine	Run Backend Tests	2026-07-27T13:28:07.7271846Z   duration_ms: 0.312816
Check Backend & AI Engine	Run Backend Tests	2026-07-27T13:28:07.7272053Z   ...
Check Backend & AI Engine	Run Backend Tests	2026-07-27T13:28:07.7272452Z # Subtest: AnalysisCache: setMaxEntries does nothing if cache is already below new limit
Check Backend & AI Engine	Run Backend Tests	2026-07-27T13:28:07.7273200Z ok 21 - AnalysisCache: setMaxEntries does nothing if cache is already below new limit
Check Backend & AI Engine	Run Backend Tests	2026-07-27T13:28:07.7273564Z   ---
Check Backend & AI Engine	Run Backend Tests	2026-07-27T13:28:07.7273756Z   duration_ms: 0.254629
Check Backend & AI Engine	Run Backend Tests	2026-07-27T13:28:07.7273966Z   ...
Check Backend & AI Engine	Run Backend Tests	2026-07-27T13:28:07.7274306Z # Subtest: AnalysisCache: sliding TTL for mock entries uses mockTtlMs
Check Backend & AI Engine	Run Backend Tests	2026-07-27T13:28:07.7274772Z ok 22 - AnalysisCache: sliding TTL for mock entries uses mockTtlMs
Check Backend & AI Engine	Run Backend Tests	2026-07-27T13:28:07.7275078Z   ---
Check Backend & AI Engine	Run Backend Tests	2026-07-27T13:28:07.7275266Z   duration_ms: 0.300145
Check Backend & AI Engine	Run Backend Tests	2026-07-27T13:28:07.7275478Z   ...
Check Backend & AI Engine	Run Backend Tests	2026-07-27T13:28:07.7652264Z # Subtest: AnalysisCache: sweeper evicts expired keys from _repoUrlIndex and cleans empty Sets
Check Backend & AI Engine	Run Backend Tests	2026-07-27T13:28:07.7653964Z ok 23 - AnalysisCache: sweeper evicts expired keys from _repoUrlIndex and cleans empty Sets
Check Backend & AI Engine	Run Backend Tests	2026-07-27T13:28:07.7670583Z   ---
Check Backend & AI Engine	Run Backend Tests	2026-07-27T13:28:07.7670959Z   duration_ms: 49.001196
Check Backend & AI Engine	Run Backend Tests	2026-07-27T13:28:07.7671348Z   ...
Check Backend & AI Engine	Run Backend Tests	2026-07-27T13:28:08.0543137Z # Subtest: Analytics model is exported and callable
Check Backend & AI Engine	Run Backend Tests	2026-07-27T13:28:08.0543907Z ok 24 - Analytics model is exported and callable
Check Backend & AI Engine	Run Backend Tests	2026-07-27T13:28:08.0544444Z   ---
Check Backend & AI Engine	Run Backend Tests	2026-07-27T13:28:08.0544880Z   duration_ms: 1.363858
Check Backend & AI Engine	Run Backend Tests	2026-07-27T13:28:08.0545269Z   ...
Check Backend & AI Engine	Run Backend Tests	2026-07-27T13:28:08.0546383Z # Subtest: Analytics.create is available as a static method
Check Backend & AI Engine	Run Backend Tests	2026-07-27T13:28:08.0547532Z ok 25 - Analytics.create is available as a static method
Check Backend & AI Engine	Run Backend Tests	2026-07-27T13:28:08.0548220Z   ---
Check Backend & AI Engine	Run Backend Tests	2026-07-27T13:28:08.0548881Z   duration_ms: 0.136697
Check Backend & AI Engine	Run Backend Tests	2026-07-27T13:28:08.0549229Z   ...
Check Backend & AI Engine	Run Backend Tests	2026-07-27T13:28:08.0564823Z # Subtest: Analytics.aggregate is available as a static method
Check Backend & AI Engine	Run Backend Tests	2026-07-27T13:28:08.0610888Z ok 26 - Analytics.aggregate is available as a static method
Check Backend & AI Engine	Run Backend Tests	2026-07-27T13:28:08.0641390Z   ---
Check Backend & AI Engine	Run Backend Tests	2026-07-27T13:28:08.0641831Z   duration_ms: 0.124256
Check Backend & AI Engine	Run Backend Tests	2026-07-27T13:28:08.0642175Z   ...
Check Backend & AI Engine	Run Backend Tests	2026-07-27T13:28:08.0642828Z # Subtest: Analytics instances accept repoUrl, repoName, and filesReviewedCount
Check Backend & AI Engine	Run Backend Tests	2026-07-27T13:28:08.0643699Z ok 27 - Analytics instances accept repoUrl, repoName, and filesReviewedCount
Check Backend & AI Engine	Run Backend Tests	2026-07-27T13:28:08.0644213Z   ---
Check Backend & AI Engine	Run Backend Tests	2026-07-27T13:28:08.0644550Z   duration_ms: 0.308932
Check Backend & AI Engine	Run Backend Tests	2026-07-27T13:28:08.0644944Z   ...
Check Backend & AI Engine	Run Backend Tests	2026-07-27T13:28:08.0646052Z # Subtest: Analytics defaults totalBugs to 0 when not provided
Check Backend & AI Engine	Run Backend Tests	2026-07-27T13:28:08.0646763Z ok 28 - Analytics defaults totalBugs to 0 when not provided
Check Backend & AI Engine	Run Backend Tests	2026-07-27T13:28:08.0647222Z   ---
Check Backend & AI Engine	Run Backend Tests	2026-07-27T13:28:08.0647547Z   duration_ms: 0.136303
Check Backend & AI Engine	Run Backend Tests	2026-07-27T13:28:08.0647892Z   ...
Check Backend & AI Engine	Run Backend Tests	2026-07-27T13:28:08.0648484Z # Subtest: Analytics defaults totalSecurityIssues to 0 when not provided
Check Backend & AI Engine	Run Backend Tests	2026-07-27T13:28:08.0649107Z ok 29 - Analytics defaults totalSecurityIssues to 0 when not provided
Check Backend & AI Engine	Run Backend Tests	2026-07-27T13:28:08.0649433Z   ---
Check Backend & AI Engine	Run Backend Tests	2026-07-27T13:28:08.0649641Z   duration_ms: 0.113743
Check Backend & AI Engine	Run Backend Tests	2026-07-27T13:28:08.0650013Z   ...
Check Backend & AI Engine	Run Backend Tests	2026-07-27T13:28:08.0650527Z # Subtest: Analytics defaults totalOptimizations to 0 when not provided
Check Backend & AI Engine	Run Backend Tests	2026-07-27T13:28:08.0651051Z ok 30 - Analytics defaults totalOptimizations to 0 when not provided
Check Backend & AI Engine	Run Backend Tests	2026-07-27T13:28:08.0651371Z   ---
Check Backend & AI Engine	Run Backend Tests	2026-07-27T13:28:08.0651566Z   duration_ms: 0.108198
Check Backend & AI Engine	Run Backend Tests	2026-07-27T13:28:08.0651789Z   ...
Check Backend & AI Engine	Run Backend Tests	2026-07-27T13:28:08.0652127Z # Subtest: Analytics defaults totalStylingIssues to 0 when not provided
Check Backend & AI Engine	Run Backend Tests	2026-07-27T13:28:08.0652592Z ok 31 - Analytics defaults totalStylingIssues to 0 when not provided
Check Backend & AI Engine	Run Backend Tests	2026-07-27T13:28:08.0652905Z   ---
Check Backend & AI Engine	Run Backend Tests	2026-07-27T13:28:08.0653091Z   duration_ms: 0.104764
Check Backend & AI Engine	Run Backend Tests	2026-07-27T13:28:08.0653308Z   ...
Check Backend & AI Engine	Run Backend Tests	2026-07-27T13:28:08.0653632Z # Subtest: Analytics defaults totalFindings to 0 when not provided
Check Backend & AI Engine	Run Backend Tests	2026-07-27T13:28:08.0654073Z ok 32 - Analytics defaults totalFindings to 0 when not provided
Check Backend & AI Engine	Run Backend Tests	2026-07-27T13:28:08.0654373Z   ---
Check Backend & AI Engine	Run Backend Tests	2026-07-27T13:28:08.0654561Z   duration_ms: 0.128772
Check Backend & AI Engine	Run Backend Tests	2026-07-27T13:28:08.0654785Z   ...
Check Backend & AI Engine	Run Backend Tests	2026-07-27T13:28:08.0655131Z # Subtest: Analytics defaults healthScore to 100 when not provided
Check Backend & AI Engine	Run Backend Tests	2026-07-27T13:28:08.0655568Z ok 33 - Analytics defaults healthScore to 100 when not provided
Check Backend & AI Engine	Run Backend Tests	2026-07-27T13:28:08.0655865Z   ---
Check Backend & AI Engine	Run Backend Tests	2026-07-27T13:28:08.0656067Z   duration_ms: 0.111806
Check Backend & AI Engine	Run Backend Tests	2026-07-27T13:28:08.0656276Z   ...
Check Backend & AI Engine	Run Backend Tests	2026-07-27T13:28:08.0656605Z # Subtest: Analytics defaults language to General when not provided
Check Backend & AI Engine	Run Backend Tests	2026-07-27T13:28:08.0657245Z ok 34 - Analytics defaults language to General when not provided
Check Backend & AI Engine	Run Backend Tests	2026-07-27T13:28:08.0657555Z   ---
Check Backend & AI Engine	Run Backend Tests	2026-07-27T13:28:08.0657762Z   duration_ms: 0.104817
Check Backend & AI Engine	Run Backend Tests	2026-07-27T13:28:08.0657979Z   ...
Check Backend & AI Engine	Run Backend Tests	2026-07-27T13:28:08.0658368Z # Subtest: Analytics defaults model to llama-3.3-70b-versatile when not provided
Check Backend & AI Engine	Run Backend Tests	2026-07-27T13:28:08.0658914Z ok 35 - Analytics defaults model to llama-3.3-70b-versatile when not provided
Check Backend & AI Engine	Run Backend Tests	2026-07-27T13:28:08.0659268Z   ---
Check Backend & AI Engine	Run Backend Tests	2026-07-27T13:28:08.0659467Z   duration_ms: 0.104136
Check Backend & AI Engine	Run Backend Tests	2026-07-27T13:28:08.0659684Z   ...
Check Backend & AI Engine	Run Backend Tests	2026-07-27T13:28:08.0660150Z # Subtest: Analytics accepts and stores all finding count fields
Check Backend & AI Engine	Run Backend Tests	2026-07-27T13:28:08.0660606Z ok 36 - Analytics accepts and stores all finding count fields
Check Backend & AI Engine	Run Backend Tests	2026-07-27T13:28:08.0660917Z   ---
Check Backend & AI Engine	Run Backend Tests	2026-07-27T13:28:08.0661116Z   duration_ms: 0.143535
Check Backend & AI Engine	Run Backend Tests	2026-07-27T13:28:08.0661334Z   ...
Check Backend & AI Engine	Run Backend Tests	2026-07-27T13:28:08.0661630Z # Subtest: Analytics.create returns a populated instance
Check Backend & AI Engine	Run Backend Tests	2026-07-27T13:28:08.0662030Z ok 37 - Analytics.create returns a populated instance
Check Backend & AI Engine	Run Backend Tests	2026-07-27T13:28:08.0662321Z   ---
Check Backend & AI Engine	Run Backend Tests	2026-07-27T13:28:08.0662510Z   duration_ms: 0.140882
Check Backend & AI Engine	Run Backend Tests	2026-07-27T13:28:08.0662720Z   ...
Check Backend & AI Engine	Run Backend Tests	2026-07-27T13:28:08.0663030Z # Subtest: Analytics schema definition contains expected fields
Check Backend & AI Engine	Run Backend Tests	2026-07-27T13:28:08.0663478Z ok 38 - Analytics schema definition contains expected fields
Check Backend & AI Engine	Run Backend Tests	2026-07-27T13:28:08.0663794Z   ---
Check Backend & AI Engine	Run Backend Tests	2026-07-27T13:28:08.0663990Z   duration_ms: 0.114225
Check Backend & AI Engine	Run Backend Tests	2026-07-27T13:28:08.0664199Z   ...
Check Backend & AI Engine	Run Backend Tests	2026-07-27T13:28:08.0664508Z # Subtest: Analytics schema marks required fields correctly
Check Backend & AI Engine	Run Backend Tests	2026-07-27T13:28:08.0664929Z ok 39 - Analytics schema marks required fields correctly
Check Backend & AI Engine	Run Backend Tests	2026-07-27T13:28:08.0665329Z   ---
Check Backend & AI Engine	Run Backend Tests	2026-07-27T13:28:08.0665534Z   duration_ms: 0.089863
Check Backend & AI Engine	Run Backend Tests	2026-07-27T13:28:08.0665748Z   ...
Check Backend & AI Engine	Run Backend Tests	2026-07-27T13:28:08.0666104Z # Subtest: Analytics schema sets correct defaults on field definitions
Check Backend & AI Engine	Run Backend Tests	2026-07-27T13:28:08.0666594Z ok 40 - Analytics schema sets correct defaults on field definitions
Check Backend & AI Engine	Run Backend Tests	2026-07-27T13:28:08.0666913Z   ---
Check Backend & AI Engine	Run Backend Tests	2026-07-27T13:28:08.0667121Z   duration_ms: 0.125714
Check Backend & AI Engine	Run Backend Tests	2026-07-27T13:28:08.0667349Z   ...
Check Backend & AI Engine	Run Backend Tests	2026-07-27T13:28:08.0667612Z # Subtest: Analytics schema defines two indexes
Check Backend & AI Engine	Run Backend Tests	2026-07-27T13:28:08.0667970Z ok 41 - Analytics schema defines two indexes
Check Backend & AI Engine	Run Backend Tests	2026-07-27T13:28:08.0668230Z   ---
Check Backend & AI Engine	Run Backend Tests	2026-07-27T13:28:08.0668421Z   duration_ms: 0.499074
Check Backend & AI Engine	Run Backend Tests	2026-07-27T13:28:08.0668631Z   ...
Check Backend & AI Engine	Run Backend Tests	2026-07-27T13:28:08.1650606Z # Subtest: analyticsStore: getTrends returns empty array when store does not exist
Check Backend & AI Engine	Run Backend Tests	2026-07-27T13:28:08.1651758Z ok 42 - analyticsStore: getTrends returns empty array when store does not exist
Check Backend & AI Engine	Run Backend Tests	2026-07-27T13:28:08.1652400Z   ---
Check Backend & AI Engine	Run Backend Tests	2026-07-27T13:28:08.1652783Z   duration_ms: 2.005028
Check Backend & AI Engine	Run Backend Tests	2026-07-27T13:28:08.1653210Z   ...
Check Backend & AI Engine	Run Backend Tests	2026-07-27T13:28:08.1653824Z # Subtest: analyticsStore: getTrends returns stored records
Check Backend & AI Engine	Run Backend Tests	2026-07-27T13:28:08.1654980Z ok 43 - analyticsStore: getTrends returns stored records
Check Backend & AI Engine	Run Backend Tests	2026-07-27T13:28:08.1655483Z   ---
Check Backend & AI Engine	Run Backend Tests	2026-07-27T13:28:08.1655797Z   duration_ms: 0.241444
Check Backend & AI Engine	Run Backend Tests	2026-07-27T13:28:08.1656156Z   ...
Check Backend & AI Engine	Run Backend Tests	2026-07-27T13:28:08.1659691Z # Subtest: analyticsStore: recordAnalysis appends a record with timestamp
Check Backend & AI Engine	Run Backend Tests	2026-07-27T13:28:08.1666660Z ok 44 - analyticsStore: recordAnalysis appends a record with timestamp
Check Backend & AI Engine	Run Backend Tests	2026-07-27T13:28:08.1667656Z   ---
Check Backend & AI Engine	Run Backend Tests	2026-07-27T13:28:08.1668129Z   duration_ms: 0.949724
Check Backend & AI Engine	Run Backend Tests	2026-07-27T13:28:08.1668511Z   ...
Check Backend & AI Engine	Run Backend Tests	2026-07-27T13:28:08.1669172Z # Subtest: analyticsStore: recordAnalysis applies defaults for missing fields
Check Backend & AI Engine	Run Backend Tests	2026-07-27T13:28:08.1670239Z ok 45 - analyticsStore: recordAnalysis applies defaults for missing fields
Check Backend & AI Engine	Run Backend Tests	2026-07-27T13:28:08.1670887Z   ---
Check Backend & AI Engine	Run Backend Tests	2026-07-27T13:28:08.1671102Z   duration_ms: 0.388904
Check Backend & AI Engine	Run Backend Tests	2026-07-27T13:28:08.1671327Z   ...
Check Backend & AI Engine	Run Backend Tests	2026-07-27T13:28:08.2618879Z # ⚠️ Failed to read analytics store, attempting backup recovery: Unexpected token
Check Backend & AI Engine	Run Backend Tests	2026-07-27T13:28:08.2627253Z # ✅ Recovered analytics store from backup
Check Backend & AI Engine	Run Backend Tests	2026-07-27T13:28:08.3665322Z # Subtest: analyticsStore: recordAnalysis adds records sequentially and respects MAX_RECORDS
Check Backend & AI Engine	Run Backend Tests	2026-07-27T13:28:08.3666645Z ok 46 - analyticsStore: recordAnalysis adds records sequentially and respects MAX_RECORDS
Check Backend & AI Engine	Run Backend Tests	2026-07-27T13:28:08.3667769Z   ---
Check Backend & AI Engine	Run Backend Tests	2026-07-27T13:28:08.3668166Z   duration_ms: 100.824602
Check Backend & AI Engine	Run Backend Tests	2026-07-27T13:28:08.3668558Z   ...
Check Backend & AI Engine	Run Backend Tests	2026-07-27T13:28:08.3669185Z # Subtest: analyticsStore: getTrends recovers from corrupt backup when main store is invalid JSON
Check Backend & AI Engine	Run Backend Tests	2026-07-27T13:28:08.3670029Z ok 47 - analyticsStore: getTrends recovers from corrupt backup when main store is invalid JSON
Check Backend & AI Engine	Run Backend Tests	2026-07-27T13:28:08.3670583Z   ---
Check Backend & AI Engine	Run Backend Tests	2026-07-27T13:28:08.3670784Z   duration_ms: 0.841604
Check Backend & AI Engine	Run Backend Tests	2026-07-27T13:28:08.3671004Z   ...
Check Backend & AI Engine	Run Backend Tests	2026-07-27T13:28:08.4166029Z # ⚠️ Analytics store is not an array, attempting backup recovery
Check Backend & AI Engine	Run Backend Tests	2026-07-27T13:28:08.4167140Z # ⚠️ Starting fresh analytics store
Check Backend & AI Engine	Run Backend Tests	2026-07-27T13:28:08.4191116Z # Subtest: analyticsStore: recordAnalysis respects MAX_RECORDS cap of 200 by evicting oldest records
Check Backend & AI Engine	Run Backend Tests	2026-07-27T13:28:08.4192373Z ok 48 - analyticsStore: recordAnalysis respects MAX_RECORDS cap of 200 by evicting oldest records
Check Backend & AI Engine	Run Backend Tests	2026-07-27T13:28:08.4193058Z   ---
Check Backend & AI Engine	Run Backend Tests	2026-07-27T13:28:08.4193362Z   duration_ms: 154.234708
Check Backend & AI Engine	Run Backend Tests	2026-07-27T13:28:08.4193714Z   ...
Check Backend & AI Engine	Run Backend Tests	2026-07-27T13:28:08.4194281Z # Subtest: analyticsStore: getTrends returns empty array when store is empty JSON array
Check Backend & AI Engine	Run Backend Tests	2026-07-27T13:28:08.4194899Z ok 49 - analyticsStore: getTrends returns empty array when store is empty JSON array
Check Backend & AI Engine	Run Backend Tests	2026-07-27T13:28:08.4195306Z   ---
Check Backend & AI Engine	Run Backend Tests	2026-07-27T13:28:08.4195509Z   duration_ms: 0.224556
Check Backend & AI Engine	Run Backend Tests	2026-07-27T13:28:08.4195746Z   ...
Check Backend & AI Engine	Run Backend Tests	2026-07-27T13:28:08.4196211Z # Subtest: analyticsStore: getTrends falls back to backup when main store parse returns non-array
Check Backend & AI Engine	Run Backend Tests	2026-07-27T13:28:08.4196922Z ok 50 - analyticsStore: getTrends falls back to backup when main store parse returns non-array
Check Backend & AI Engine	Run Backend Tests	2026-07-27T13:28:08.4197552Z   ---
Check Backend & AI Engine	Run Backend Tests	2026-07-27T13:28:08.4197782Z   duration_ms: 0.269968
Check Backend & AI Engine	Run Backend Tests	2026-07-27T13:28:08.4198025Z   ...
Check Backend & AI Engine	Run Backend Tests	2026-07-27T13:28:08.4779484Z # Subtest: returns trends with correct shape when data exists
Check Backend & AI Engine	Run Backend Tests	2026-07-27T13:28:08.4780797Z ok 51 - returns trends with correct shape when data exists
Check Backend & AI Engine	Run Backend Tests	2026-07-27T13:28:08.4781682Z   ---
Check Backend & AI Engine	Run Backend Tests	2026-07-27T13:28:08.4782465Z   duration_ms: 1.562555
Check Backend & AI Engine	Run Backend Tests	2026-07-27T13:28:08.4782935Z   ...
Check Backend & AI Engine	Run Backend Tests	2026-07-27T13:28:08.4793101Z # Subtest: returns empty array when no data in 30-day window
Check Backend & AI Engine	Run Backend Tests	2026-07-27T13:28:08.4794025Z ok 52 - returns empty array when no data in 30-day window
Check Backend & AI Engine	Run Backend Tests	2026-07-27T13:28:08.4794704Z   ---
Check Backend & AI Engine	Run Backend Tests	2026-07-27T13:28:08.4795292Z   duration_ms: 0.725759
Check Backend & AI Engine	Run Backend Tests	2026-07-27T13:28:08.4795993Z   ...
Check Backend & AI Engine	Run Backend Tests	2026-07-27T13:28:08.4804245Z # Subtest: results are sorted by date ascending (MongoDB $sort applied)
Check Backend & AI Engine	Run Backend Tests	2026-07-27T13:28:08.4805421Z ok 53 - results are sorted by date ascending (MongoDB $sort applied)
Check Backend & AI Engine	Run Backend Tests	2026-07-27T13:28:08.4806146Z   ---
Check Backend & AI Engine	Run Backend Tests	2026-07-27T13:28:08.4806660Z   duration_ms: 0.180165
Check Backend & AI Engine	Run Backend Tests	2026-07-27T13:28:08.4807174Z   ...
Check Backend & AI Engine	Run Backend Tests	2026-07-27T13:28:08.4812715Z # Subtest: $project excludes _id field from output
Check Backend & AI Engine	Run Backend Tests	2026-07-27T13:28:08.4813508Z ok 54 - $project excludes _id field from output
Check Backend & AI Engine	Run Backend Tests	2026-07-27T13:28:08.4814162Z   ---
Check Backend & AI Engine	Run Backend Tests	2026-07-27T13:28:08.4814642Z   duration_ms: 0.173142
Check Backend & AI Engine	Run Backend Tests	2026-07-27T13:28:08.4815099Z   ...
Check Backend & AI Engine	Run Backend Tests	2026-07-27T13:28:08.4815691Z # Subtest: avgHealthScore is present in result
Check Backend & AI Engine	Run Backend Tests	2026-07-27T13:28:08.4816985Z ok 55 - avgHealthScore is present in result
Check Backend & AI Engine	Run Backend Tests	2026-07-27T13:28:08.4817563Z   ---
Check Backend & AI Engine	Run Backend Tests	2026-07-27T13:28:08.4818007Z   duration_ms: 0.150381
Check Backend & AI Engine	Run Backend Tests	2026-07-27T13:28:08.4818464Z   ...
Check Backend & AI Engine	Run Backend Tests	2026-07-27T13:28:08.4823965Z # Subtest: handles MongoDB aggregation error gracefully
Check Backend & AI Engine	Run Backend Tests	2026-07-27T13:28:08.4851091Z ok 56 - handles MongoDB aggregation error gracefully
Check Backend & AI Engine	Run Backend Tests	2026-07-27T13:28:08.4880463Z   ---
Check Backend & AI Engine	Run Backend Tests	2026-07-27T13:28:08.4881289Z   duration_ms: 0.294344
Check Backend & AI Engine	Run Backend Tests	2026-07-27T13:28:08.4881857Z   ...
Check Backend & AI Engine	Run Backend Tests	2026-07-27T13:28:08.4882582Z # Subtest: all expected keys are present in a trend entry
Check Backend & AI Engine	Run Backend Tests	2026-07-27T13:28:08.4883563Z ok 57 - all expected keys are present in a trend entry
Check Backend & AI Engine	Run Backend Tests	2026-07-27T13:28:08.4884235Z   ---
Check Backend & AI Engine	Run Backend Tests	2026-07-27T13:28:08.4884719Z   duration_ms: 0.145888
Check Backend & AI Engine	Run Backend Tests	2026-07-27T13:28:08.4885224Z   ...
Check Backend & AI Engine	Run Backend Tests	2026-07-27T13:28:08.4885968Z # Subtest: totalFindings accumulates across analyses per day
Check Backend & AI Engine	Run Backend Tests	2026-07-27T13:28:08.4886899Z ok 58 - totalFindings accumulates across analyses per day
Check Backend & AI Engine	Run Backend Tests	2026-07-27T13:28:08.4887514Z   ---
Check Backend & AI Engine	Run Backend Tests	2026-07-27T13:28:08.4888193Z   duration_ms: 0.144059
Check Backend & AI Engine	Run Backend Tests	2026-07-27T13:28:08.4888624Z   ...
Check Backend & AI Engine	Run Backend Tests	2026-07-27T13:28:08.5452574Z # Subtest: batchSize at exact boundaries stays unchanged
Check Backend & AI Engine	Run Backend Tests	2026-07-27T13:28:08.5453387Z ok 59 - batchSize at exact boundaries stays unchanged
Check Backend & AI Engine	Run Backend Tests	2026-07-27T13:28:08.5453874Z   ---
Check Backend & AI Engine	Run Backend Tests	2026-07-27T13:28:08.5454240Z   duration_ms: 2.171932
Check Backend & AI Engine	Run Backend Tests	2026-07-27T13:28:08.5454638Z   ...
Check Backend & AI Engine	Run Backend Tests	2026-07-27T13:28:08.5464376Z # Subtest: batchSize within valid range stays unchanged
Check Backend & AI Engine	Run Backend Tests	2026-07-27T13:28:08.5466402Z ok 60 - batchSize within valid range stays unchanged
Check Backend & AI Engine	Run Backend Tests	2026-07-27T13:28:08.5466870Z   ---
Check Backend & AI Engine	Run Backend Tests	2026-07-27T13:28:08.5467209Z   duration_ms: 0.194988
Check Backend & AI Engine	Run Backend Tests	2026-07-27T13:28:08.5467556Z   ...
Check Backend & AI Engine	Run Backend Tests	2026-07-27T13:28:08.5469475Z # Subtest: batchSize above 20 clamps to 20
Check Backend & AI Engine	Run Backend Tests	2026-07-27T13:28:08.5471203Z ok 61 - batchSize above 20 clamps to 20
Check Backend & AI Engine	Run Backend Tests	2026-07-27T13:28:08.5471786Z   ---
Check Backend & AI Engine	Run Backend Tests	2026-07-27T13:28:08.5472251Z   duration_ms: 0.11376
Check Backend & AI Engine	Run Backend Tests	2026-07-27T13:28:08.5472735Z   ...
Check Backend & AI Engine	Run Backend Tests	2026-07-27T13:28:08.5474597Z # Subtest: zero falls back to 5, negative numbers clamp to 1
Check Backend & AI Engine	Run Backend Tests	2026-07-27T13:28:08.5476003Z ok 62 - zero falls back to 5, negative numbers clamp to 1
Check Backend & AI Engine	Run Backend Tests	2026-07-27T13:28:08.5476444Z   ---
Check Backend & AI Engine	Run Backend Tests	2026-07-27T13:28:08.5476882Z   duration_ms: 0.114117
Check Backend & AI Engine	Run Backend Tests	2026-07-27T13:28:08.5477340Z   ...
Check Backend & AI Engine	Run Backend Tests	2026-07-27T13:28:08.5480823Z # Subtest: non-numeric string values fall back to 5
Check Backend & AI Engine	Run Backend Tests	2026-07-27T13:28:08.5482308Z ok 63 - non-numeric string values fall back to 5
Check Backend & AI Engine	Run Backend Tests	2026-07-27T13:28:08.5482838Z   ---
Check Backend & AI Engine	Run Backend Tests	2026-07-27T13:28:08.5483252Z   duration_ms: 0.135844
Check Backend & AI Engine	Run Backend Tests	2026-07-27T13:28:08.5483873Z   ...
Check Backend & AI Engine	Run Backend Tests	2026-07-27T13:28:08.5485746Z # Subtest: parseInt parses leading digits from mixed strings
Check Backend & AI Engine	Run Backend Tests	2026-07-27T13:28:08.5487094Z ok 64 - parseInt parses leading digits from mixed strings
Check Backend & AI Engine	Run Backend Tests	2026-07-27T13:28:08.5487835Z   ---
Check Backend & AI Engine	Run Backend Tests	2026-07-27T13:28:08.5488302Z   duration_ms: 0.09094
Check Backend & AI Engine	Run Backend Tests	2026-07-27T13:28:08.5488755Z   ...
Check Backend & AI Engine	Run Backend Tests	2026-07-27T13:28:08.5490376Z # Subtest: NaN and Infinity fall back to 5 via || 5
Check Backend & AI Engine	Run Backend Tests	2026-07-27T13:28:08.5491785Z ok 65 - NaN and Infinity fall back to 5 via || 5
Check Backend & AI Engine	Run Backend Tests	2026-07-27T13:28:08.5492316Z   ---
Check Backend & AI Engine	Run Backend Tests	2026-07-27T13:28:08.5492782Z   duration_ms: 0.088497
Check Backend & AI Engine	Run Backend Tests	2026-07-27T13:28:08.5493331Z   ...
Check Backend & AI Engine	Run Backend Tests	2026-07-27T13:28:08.5494994Z # Subtest: null and undefined fall back to 5
Check Backend & AI Engine	Run Backend Tests	2026-07-27T13:28:08.5496309Z ok 66 - null and undefined fall back to 5
Check Backend & AI Engine	Run Backend Tests	2026-07-27T13:28:08.5496829Z   ---
Check Backend & AI Engine	Run Backend Tests	2026-07-27T13:28:08.5497170Z   duration_ms: 0.081911
Check Backend & AI Engine	Run Backend Tests	2026-07-27T13:28:08.5497633Z   ...
Check Backend & AI Engine	Run Backend Tests	2026-07-27T13:28:08.5500261Z # Subtest: floating-point numbers are truncated by parseInt then clamped
Check Backend & AI Engine	Run Backend Tests	2026-07-27T13:28:08.5501337Z ok 67 - floating-point numbers are truncated by parseInt then clamped
Check Backend & AI Engine	Run Backend Tests	2026-07-27T13:28:08.5501901Z   ---
Check Backend & AI Engine	Run Backend Tests	2026-07-27T13:28:08.5502386Z   duration_ms: 0.115984
Check Backend & AI Engine	Run Backend Tests	2026-07-27T13:28:08.5502882Z   ...
Check Backend & AI Engine	Run Backend Tests	2026-07-27T13:28:08.5504741Z # Subtest: leading zeros are handled correctly
Check Backend & AI Engine	Run Backend Tests	2026-07-27T13:28:08.5508702Z ok 68 - leading zeros are handled correctly
Check Backend & AI Engine	Run Backend Tests	2026-07-27T13:28:08.5509094Z   ---
Check Backend & AI Engine	Run Backend Tests	2026-07-27T13:28:08.5509591Z   duration_ms: 0.08599
Check Backend & AI Engine	Run Backend Tests	2026-07-27T13:28:08.5510147Z   ...
Check Backend & AI Engine	Run Backend Tests	2026-07-27T13:28:08.7410411Z # Subtest: app is an Express application
Check Backend & AI Engine	Run Backend Tests	2026-07-27T13:28:08.7411386Z ok 69 - app is an Express application
Check Backend & AI Engine	Run Backend Tests	2026-07-27T13:28:08.7411824Z   ---
Check Backend & AI Engine	Run Backend Tests	2026-07-27T13:28:08.7412134Z   duration_ms: 1.381419
Check Backend & AI Engine	Run Backend Tests	2026-07-27T13:28:08.7412441Z   ...
Check Backend & AI Engine	Run Backend Tests	2026-07-27T13:28:08.7415067Z # Subtest: app has trust proxy set to 1
Check Backend & AI Engine	Run Backend Tests	2026-07-27T13:28:08.7418482Z ok 70 - app has trust proxy set to 1
Check Backend & AI Engine	Run Backend Tests	2026-07-27T13:28:08.7419046Z   ---
Check Backend & AI Engine	Run Backend Tests	2026-07-27T13:28:08.7419681Z   duration_ms: 0.154683
Check Backend & AI Engine	Run Backend Tests	2026-07-27T13:28:08.7420521Z   ...
Check Backend & AI Engine	Run Backend Tests	2026-07-27T13:28:08.7592953Z # Subtest: POST /api/analyze returns 200 with success message
Check Backend & AI Engine	Run Backend Tests	2026-07-27T13:28:08.7593736Z ok 71 - POST /api/analyze returns 200 with success message
Check Backend & AI Engine	Run Backend Tests	2026-07-27T13:28:08.7594245Z   ---
Check Backend & AI Engine	Run Backend Tests	2026-07-27T13:28:08.7594593Z   duration_ms: 27.363676
Check Backend & AI Engine	Run Backend Tests	2026-07-27T13:28:08.7595026Z   ...
Check Backend & AI Engine	Run Backend Tests	2026-07-27T13:28:08.7623890Z # Subtest: POST /api/analyze returns JSON content-type
Check Backend & AI Engine	Run Backend Tests	2026-07-27T13:28:08.7641530Z ok 72 - POST /api/analyze returns JSON content-type
Check Backend & AI Engine	Run Backend Tests	2026-07-27T13:28:08.7642456Z   ---
Check Backend & AI Engine	Run Backend Tests	2026-07-27T13:28:08.7643193Z   duration_ms: 3.148782
Check Backend & AI Engine	Run Backend Tests	2026-07-27T13:28:08.7643655Z   ...
Check Backend & AI Engine	Run Backend Tests	2026-07-27T13:28:08.7665127Z # Subtest: GET /api/analyze returns 404
Check Backend & AI Engine	Run Backend Tests	2026-07-27T13:28:08.7666286Z ok 73 - GET /api/analyze returns 404
Check Backend & AI Engine	Run Backend Tests	2026-07-27T13:28:08.7666990Z   ---
Check Backend & AI Engine	Run Backend Tests	2026-07-27T13:28:08.7667721Z   duration_ms: 4.145575
Check Backend & AI Engine	Run Backend Tests	2026-07-27T13:28:08.7668197Z   ...
Check Backend & AI Engine	Run Backend Tests	2026-07-27T13:28:08.7683729Z # Subtest: POST /api/analyze-without-slash returns 404 (no route)
Check Backend & AI Engine	Run Backend Tests	2026-07-27T13:28:08.7684361Z ok 74 - POST /api/analyze-without-slash returns 404 (no route)
Check Backend & AI Engine	Run Backend Tests	2026-07-27T13:28:08.7684734Z   ---
Check Backend & AI Engine	Run Backend Tests	2026-07-27T13:28:08.7684979Z   duration_ms: 2.156665
Check Backend & AI Engine	Run Backend Tests	2026-07-27T13:28:08.7685245Z   ...
Check Backend & AI Engine	Run Backend Tests	2026-07-27T13:28:08.8618064Z # Subtest: applySeverityConfig returns empty array when given empty findings array
Check Backend & AI Engine	Run Backend Tests	2026-07-27T13:28:08.8619222Z ok 75 - applySeverityConfig returns empty array when given empty findings array
Check Backend & AI Engine	Run Backend Tests	2026-07-27T13:28:08.8620040Z   ---
Check Backend & AI Engine	Run Backend Tests	2026-07-27T13:28:08.8620564Z   duration_ms: 1.868192
Check Backend & AI Engine	Run Backend Tests	2026-07-27T13:28:08.8620919Z   ...
Check Backend & AI Engine	Run Backend Tests	2026-07-27T13:28:08.8630509Z # Subtest: applySeverityConfig maps security-category findings to error severity by default
Check Backend & AI Engine	Run Backend Tests	2026-07-27T13:28:08.8634677Z ok 76 - applySeverityConfig maps security-category findings to error severity by default
Check Backend & AI Engine	Run Backend Tests	2026-07-27T13:28:08.8635416Z   ---
Check Backend & AI Engine	Run Backend Tests	2026-07-27T13:28:08.8635736Z   duration_ms: 0.28155
Check Backend & AI Engine	Run Backend Tests	2026-07-27T13:28:08.8636075Z   ...
Check Backend & AI Engine	Run Backend Tests	2026-07-27T13:28:08.8636828Z # Subtest: applySeverityConfig maps performance-category findings to warning severity by default
Check Backend & AI Engine	Run Backend Tests	2026-07-27T13:28:08.8638016Z ok 77 - applySeverityConfig maps performance-category findings to warning severity by default
Check Backend & AI Engine	Run Backend Tests	2026-07-27T13:28:08.8638713Z   ---
Check Backend & AI Engine	Run Backend Tests	2026-07-27T13:28:08.8639074Z   duration_ms: 0.148175
Check Backend & AI Engine	Run Backend Tests	2026-07-27T13:28:08.8639304Z   ...
Check Backend & AI Engine	Run Backend Tests	2026-07-27T13:28:08.8643525Z # Subtest: applySeverityConfig maps style-category findings to info severity by default
Check Backend & AI Engine	Run Backend Tests	2026-07-27T13:28:08.8645988Z ok 78 - applySeverityConfig maps style-category findings to info severity by default
Check Backend & AI Engine	Run Backend Tests	2026-07-27T13:28:08.8671588Z   ---
Check Backend & AI Engine	Run Backend Tests	2026-07-27T13:28:08.8672275Z   duration_ms: 0.148015
Check Backend & AI Engine	Run Backend Tests	2026-07-27T13:28:08.8672963Z   ...
Check Backend & AI Engine	Run Backend Tests	2026-07-27T13:28:08.8673890Z # Subtest: applySeverityConfig respects custom severity mappings in config
Check Backend & AI Engine	Run Backend Tests	2026-07-27T13:28:08.8674598Z ok 79 - applySeverityConfig respects custom severity mappings in config
Check Backend & AI Engine	Run Backend Tests	2026-07-27T13:28:08.8674982Z   ---
Check Backend & AI Engine	Run Backend Tests	2026-07-27T13:28:08.8675208Z   duration_ms: 0.866064
Check Backend & AI Engine	Run Backend Tests	2026-07-27T13:28:08.8675447Z   ...
Check Backend & AI Engine	Run Backend Tests	2026-07-27T13:28:08.8675871Z # Subtest: applySeverityConfig filters out findings with rule_ids in the suppress array
Check Backend & AI Engine	Run Backend Tests	2026-07-27T13:28:08.8676815Z ok 80 - applySeverityConfig filters out findings with rule_ids in the suppress array
Check Backend & AI Engine	Run Backend Tests	2026-07-27T13:28:08.8677389Z   ---
Check Backend & AI Engine	Run Backend Tests	2026-07-27T13:28:08.8677687Z   duration_ms: 0.195068
Check Backend & AI Engine	Run Backend Tests	2026-07-27T13:28:08.8678022Z   ...
Check Backend & AI Engine	Run Backend Tests	2026-07-27T13:28:08.8678590Z # Subtest: applySeverityConfig adds category field to each returned finding
Check Backend & AI Engine	Run Backend Tests	2026-07-27T13:28:08.8679397Z ok 81 - applySeverityConfig adds category field to each returned finding
Check Backend & AI Engine	Run Backend Tests	2026-07-27T13:28:08.8680047Z   ---
Check Backend & AI Engine	Run Backend Tests	2026-07-27T13:28:08.8680340Z   duration_ms: 0.183818
Check Backend & AI Engine	Run Backend Tests	2026-07-27T13:28:08.8680660Z   ...
Check Backend & AI Engine	Run Backend Tests	2026-07-27T13:28:08.8681190Z # Subtest: applySeverityConfig preserves original finding fields
Check Backend & AI Engine	Run Backend Tests	2026-07-27T13:28:08.8681900Z ok 82 - applySeverityConfig preserves original finding fields
Check Backend & AI Engine	Run Backend Tests	2026-07-27T13:28:08.8682354Z   ---
Check Backend & AI Engine	Run Backend Tests	2026-07-27T13:28:08.8682638Z   duration_ms: 0.115252
Check Backend & AI Engine	Run Backend Tests	2026-07-27T13:28:08.8682952Z   ...
Check Backend & AI Engine	Run Backend Tests	2026-07-27T13:28:08.8683627Z # Subtest: applySeverityConfig defaults findings with other category to original severity
Check Backend & AI Engine	Run Backend Tests	2026-07-27T13:28:08.8684572Z ok 83 - applySeverityConfig defaults findings with other category to original severity
Check Backend & AI Engine	Run Backend Tests	2026-07-27T13:28:08.8685150Z   ---
Check Backend & AI Engine	Run Backend Tests	2026-07-27T13:28:08.8685436Z   duration_ms: 0.096123
Check Backend & AI Engine	Run Backend Tests	2026-07-27T13:28:08.8685756Z   ...
Check Backend & AI Engine	Run Backend Tests	2026-07-27T13:28:08.8686275Z # Subtest: applySeverityConfig handles findings with null rule_id
Check Backend & AI Engine	Run Backend Tests	2026-07-27T13:28:08.8687007Z ok 84 - applySeverityConfig handles findings with null rule_id
Check Backend & AI Engine	Run Backend Tests	2026-07-27T13:28:08.8687451Z   ---
Check Backend & AI Engine	Run Backend Tests	2026-07-27T13:28:08.8687725Z   duration_ms: 0.114386
Check Backend & AI Engine	Run Backend Tests	2026-07-27T13:28:08.8688025Z   ...
Check Backend & AI Engine	Run Backend Tests	2026-07-27T13:28:08.8688527Z # Subtest: applySeverityConfig handles findings with undefined rule_id
Check Backend & AI Engine	Run Backend Tests	2026-07-27T13:28:08.8689310Z ok 85 - applySeverityConfig handles findings with undefined rule_id
Check Backend & AI Engine	Run Backend Tests	2026-07-27T13:28:08.8690365Z   ---
Check Backend & AI Engine	Run Backend Tests	2026-07-27T13:28:08.8690645Z   duration_ms: 0.09988
Check Backend & AI Engine	Run Backend Tests	2026-07-27T13:28:08.8690951Z   ...
Check Backend & AI Engine	Run Backend Tests	2026-07-27T13:28:08.8691463Z # Subtest: applySeverityConfig handles findings with empty message
Check Backend & AI Engine	Run Backend Tests	2026-07-27T13:28:08.8692179Z ok 86 - applySeverityConfig handles findings with empty message
Check Backend & AI Engine	Run Backend Tests	2026-07-27T13:28:08.8692658Z   ---
Check Backend & AI Engine	Run Backend Tests	2026-07-27T13:28:08.8692942Z   duration_ms: 0.129173
Check Backend & AI Engine	Run Backend Tests	2026-07-27T13:28:08.8693266Z   ...
Check Backend & AI Engine	Run Backend Tests	2026-07-27T13:28:08.8693728Z # Subtest: applySeverityConfig handles empty suppress array
Check Backend & AI Engine	Run Backend Tests	2026-07-27T13:28:08.8694391Z ok 87 - applySeverityConfig handles empty suppress array
Check Backend & AI Engine	Run Backend Tests	2026-07-27T13:28:08.8694855Z   ---
Check Backend & AI Engine	Run Backend Tests	2026-07-27T13:28:08.8695146Z   duration_ms: 0.095476
Check Backend & AI Engine	Run Backend Tests	2026-07-27T13:28:08.8695443Z   ...
Check Backend & AI Engine	Run Backend Tests	2026-07-27T13:28:08.8696050Z # Subtest: applySeverityConfig uses DEFAULT_CONFIG when config is empty object
Check Backend & AI Engine	Run Backend Tests	2026-07-27T13:28:08.8701075Z ok 88 - applySeverityConfig uses DEFAULT_CONFIG when config is empty object
Check Backend & AI Engine	Run Backend Tests	2026-07-27T13:28:08.8710581Z   ---
Check Backend & AI Engine	Run Backend Tests	2026-07-27T13:28:08.8711078Z   duration_ms: 0.0871
Check Backend & AI Engine	Run Backend Tests	2026-07-27T13:28:08.8711558Z   ...
Check Backend & AI Engine	Run Backend Tests	2026-07-27T13:28:08.8712464Z # Subtest: applySeverityConfig suppresses findings using fallback rule field when rule_id is missing
Check Backend & AI Engine	Run Backend Tests	2026-07-27T13:28:08.8713438Z ok 89 - applySeverityConfig suppresses findings using fallback rule field when rule_id is missing
Check Backend & AI Engine	Run Backend Tests	2026-07-27T13:28:08.8713941Z   ---
Check Backend & AI Engine	Run Backend Tests	2026-07-27T13:28:08.8714420Z   duration_ms: 0.105135
Check Backend & AI Engine	Run Backend Tests	2026-07-27T13:28:08.8714894Z   ...
Check Backend & AI Engine	Run Backend Tests	2026-07-27T13:28:08.9390412Z # Unauthorized request attempt to /api/test
Check Backend & AI Engine	Run Backend Tests	2026-07-27T13:28:08.9407236Z # Unauthorized request attempt to /api/test
Check Backend & AI Engine	Run Backend Tests	2026-07-27T13:28:08.9407954Z # Unauthorized request attempt to /api/test
Check Backend & AI Engine	Run Backend Tests	2026-07-27T13:28:08.9411288Z # SECURITY WARNING: REPOSAGE_API_KEY is not set in backend/.env
Check Backend & AI Engine	Run Backend Tests	2026-07-27T13:28:08.9415544Z # Unauthorized request attempt to /api/test
Check Backend & AI Engine	Run Backend Tests	2026-07-27T13:28:08.9447186Z # Subtest: requireApiKey calls next() when valid key is provided
Check Backend & AI Engine	Run Backend Tests	2026-07-27T13:28:08.9448492Z ok 90 - requireApiKey calls next() when valid key is provided
Check Backend & AI Engine	Run Backend Tests	2026-07-27T13:28:08.9449101Z   ---
Check Backend & AI Engine	Run Backend Tests	2026-07-27T13:28:08.9449465Z   duration_ms: 2.402904
Check Backend & AI Engine	Run Backend Tests	2026-07-27T13:28:08.9449990Z   ...
Check Backend & AI Engine	Run Backend Tests	2026-07-27T13:28:08.9450885Z # Subtest: requireApiKey returns 401 when API key is missing
Check Backend & AI Engine	Run Backend Tests	2026-07-27T13:28:08.9452748Z ok 91 - requireApiKey returns 401 when API key is missing
Check Backend & AI Engine	Run Backend Tests	2026-07-27T13:28:08.9453276Z   ---
Check Backend & AI Engine	Run Backend Tests	2026-07-27T13:28:08.9453601Z   duration_ms: 1.230061
Check Backend & AI Engine	Run Backend Tests	2026-07-27T13:28:08.9453962Z   ...
Check Backend & AI Engine	Run Backend Tests	2026-07-27T13:28:08.9456146Z # Subtest: requireApiKey calls next() when a valid frontend session cookie is provided
Check Backend & AI Engine	Run Backend Tests	2026-07-27T13:28:08.9457406Z ok 92 - requireApiKey calls next() when a valid frontend session cookie is provided
Check Backend & AI Engine	Run Backend Tests	2026-07-27T13:28:08.9458024Z   ---
Check Backend & AI Engine	Run Backend Tests	2026-07-27T13:28:08.9458319Z   duration_ms: 0.816815
Check Backend & AI Engine	Run Backend Tests	2026-07-27T13:28:08.9458639Z   ...
Check Backend & AI Engine	Run Backend Tests	2026-07-27T13:28:08.9461207Z # Subtest: requireApiKey returns 401 when frontend session cookie is tampered
Check Backend & AI Engine	Run Backend Tests	2026-07-27T13:28:08.9462399Z ok 93 - requireApiKey returns 401 when frontend session cookie is tampered
Check Backend & AI Engine	Run Backend Tests	2026-07-27T13:28:08.9462922Z   ---
Check Backend & AI Engine	Run Backend Tests	2026-07-27T13:28:08.9463197Z   duration_ms: 0.402199
Check Backend & AI Engine	Run Backend Tests	2026-07-27T13:28:08.9463516Z   ...
Check Backend & AI Engine	Run Backend Tests	2026-07-27T13:28:08.9466029Z # Subtest: requireApiKey returns 401 when API key is invalid
Check Backend & AI Engine	Run Backend Tests	2026-07-27T13:28:08.9467841Z ok 94 - requireApiKey returns 401 when API key is invalid
Check Backend & AI Engine	Run Backend Tests	2026-07-27T13:28:08.9468229Z   ---
Check Backend & AI Engine	Run Backend Tests	2026-07-27T13:28:08.9468500Z   duration_ms: 0.259335
Check Backend & AI Engine	Run Backend Tests	2026-07-27T13:28:08.9468791Z   ...
Check Backend & AI Engine	Run Backend Tests	2026-07-27T13:28:08.9503883Z # Subtest: requireApiKey returns 500 when REPOSAGE_API_KEY is not configured
Check Backend & AI Engine	Run Backend Tests	2026-07-27T13:28:08.9504827Z ok 95 - requireApiKey returns 500 when REPOSAGE_API_KEY is not configured
Check Backend & AI Engine	Run Backend Tests	2026-07-27T13:28:08.9505353Z   ---
Check Backend & AI Engine	Run Backend Tests	2026-07-27T13:28:08.9505851Z   duration_ms: 0.342741
Check Backend & AI Engine	Run Backend Tests	2026-07-27T13:28:08.9506347Z   ...
Check Backend & AI Engine	Run Backend Tests	2026-07-27T13:28:08.9507235Z # Subtest: requireApiKey returns 401 and safely handles error when session cookie payload is corrupt JSON
Check Backend & AI Engine	Run Backend Tests	2026-07-27T13:28:08.9508201Z ok 96 - requireApiKey returns 401 and safely handles error when session cookie payload is corrupt JSON
Check Backend & AI Engine	Run Backend Tests	2026-07-27T13:28:08.9508717Z   ---
Check Backend & AI Engine	Run Backend Tests	2026-07-27T13:28:08.9509392Z   duration_ms: 0.355603
Check Backend & AI Engine	Run Backend Tests	2026-07-27T13:28:08.9510040Z   ...
Check Backend & AI Engine	Run Backend Tests	2026-07-27T13:28:09.0155423Z # Subtest: returns 400 when message is missing from body
Check Backend & AI Engine	Run Backend Tests	2026-07-27T13:28:09.0158059Z ok 97 - returns 400 when message is missing from body
Check Backend & AI Engine	Run Backend Tests	2026-07-27T13:28:09.0158677Z   ---
Check Backend & AI Engine	Run Backend Tests	2026-07-27T13:28:09.0159250Z   duration_ms: 1.4377
Check Backend & AI Engine	Run Backend Tests	2026-07-27T13:28:09.0159657Z   ...
Check Backend & AI Engine	Run Backend Tests	2026-07-27T13:28:09.0166615Z # Subtest: returns 400 when message is null
Check Backend & AI Engine	Run Backend Tests	2026-07-27T13:28:09.0169250Z ok 98 - returns 400 when message is null
Check Backend & AI Engine	Run Backend Tests	2026-07-27T13:28:09.0169626Z   ---
Check Backend & AI Engine	Run Backend Tests	2026-07-27T13:28:09.0169979Z   duration_ms: 0.162005
Check Backend & AI Engine	Run Backend Tests	2026-07-27T13:28:09.0170296Z   ...
Check Backend & AI Engine	Run Backend Tests	2026-07-27T13:28:09.0178351Z # Subtest: returns 400 when message is empty string
Check Backend & AI Engine	Run Backend Tests	2026-07-27T13:28:09.0179193Z ok 99 - returns 400 when message is empty string
Check Backend & AI Engine	Run Backend Tests	2026-07-27T13:28:09.0180084Z   ---
Check Backend & AI Engine	Run Backend Tests	2026-07-27T13:28:09.0180394Z   duration_ms: 0.118148
Check Backend & AI Engine	Run Backend Tests	2026-07-27T13:28:09.0180695Z   ...
Check Backend & AI Engine	Run Backend Tests	2026-07-27T13:28:09.0199935Z # Subtest: whitespace-only message with no sessionId triggers sessionId error first
Check Backend & AI Engine	Run Backend Tests	2026-07-27T13:28:09.0204955Z ok 100 - whitespace-only message with no sessionId triggers sessionId error first
Check Backend & AI Engine	Run Backend Tests	2026-07-27T13:28:09.0205599Z   ---
Check Backend & AI Engine	Run Backend Tests	2026-07-27T13:28:09.0205904Z   duration_ms: 0.162467
Check Backend & AI Engine	Run Backend Tests	2026-07-27T13:28:09.0206322Z   ...
Check Backend & AI Engine	Run Backend Tests	2026-07-27T13:28:09.0206619Z # Subtest: returns 400 when sessionId is missing
Check Backend & AI Engine	Run Backend Tests	2026-07-27T13:28:09.0206998Z ok 101 - returns 400 when sessionId is missing
Check Backend & AI Engine	Run Backend Tests	2026-07-27T13:28:09.0207302Z   ---
Check Backend & AI Engine	Run Backend Tests	2026-07-27T13:28:09.0207525Z   duration_ms: 0.117042
Check Backend & AI Engine	Run Backend Tests	2026-07-27T13:28:09.0207746Z   ...
Check Backend & AI Engine	Run Backend Tests	2026-07-27T13:28:09.0208077Z # Subtest: returns 400 when sessionId has no corresponding context
Check Backend & AI Engine	Run Backend Tests	2026-07-27T13:28:09.0220840Z ok 102 - returns 400 when sessionId has no corresponding context
Check Backend & AI Engine	Run Backend Tests	2026-07-27T13:28:09.0221983Z   ---
Check Backend & AI Engine	Run Backend Tests	2026-07-27T13:28:09.0222542Z   duration_ms: 0.103775
Check Backend & AI Engine	Run Backend Tests	2026-07-27T13:28:09.0223027Z   ...
Check Backend & AI Engine	Run Backend Tests	2026-07-27T13:28:09.0223862Z # Subtest: validates successfully when message and sessionId are provided with active context
Check Backend & AI Engine	Run Backend Tests	2026-07-27T13:28:09.0225027Z ok 103 - validates successfully when message and sessionId are provided with active context
Check Backend & AI Engine	Run Backend Tests	2026-07-27T13:28:09.0225785Z   ---
Check Backend & AI Engine	Run Backend Tests	2026-07-27T13:28:09.0226369Z   duration_ms: 0.165367
Check Backend & AI Engine	Run Backend Tests	2026-07-27T13:28:09.0226794Z   ...
Check Backend & AI Engine	Run Backend Tests	2026-07-27T13:28:09.0227190Z # Subtest: uses default model when model not provided
Check Backend & AI Engine	Run Backend Tests	2026-07-27T13:28:09.0227649Z ok 104 - uses default model when model not provided
Check Backend & AI Engine	Run Backend Tests	2026-07-27T13:28:09.0228005Z   ---
Check Backend & AI Engine	Run Backend Tests	2026-07-27T13:28:09.0228282Z   duration_ms: 0.118392
Check Backend & AI Engine	Run Backend Tests	2026-07-27T13:28:09.0228583Z   ...
Check Backend & AI Engine	Run Backend Tests	2026-07-27T13:28:09.0232771Z # Subtest: uses provided model when specified
Check Backend & AI Engine	Run Backend Tests	2026-07-27T13:28:09.0233487Z ok 105 - uses provided model when specified
Check Backend & AI Engine	Run Backend Tests	2026-07-27T13:28:09.0233984Z   ---
Check Backend & AI Engine	Run Backend Tests	2026-07-27T13:28:09.0234448Z   duration_ms: 0.118089
Check Backend & AI Engine	Run Backend Tests	2026-07-27T13:28:09.0234919Z   ...
Check Backend & AI Engine	Run Backend Tests	2026-07-27T13:28:09.0235645Z # Subtest: uses default temperature 0.7 when not provided
Check Backend & AI Engine	Run Backend Tests	2026-07-27T13:28:09.0236206Z ok 106 - uses default temperature 0.7 when not provided
Check Backend & AI Engine	Run Backend Tests	2026-07-27T13:28:09.0236679Z   ---
Check Backend & AI Engine	Run Backend Tests	2026-07-27T13:28:09.0238601Z   duration_ms: 0.099652
Check Backend & AI Engine	Run Backend Tests	2026-07-27T13:28:09.0238979Z   ...
Check Backend & AI Engine	Run Backend Tests	2026-07-27T13:28:09.0239406Z # Subtest: uses provided temperature value
Check Backend & AI Engine	Run Backend Tests	2026-07-27T13:28:09.0240151Z ok 107 - uses provided temperature value
Check Backend & AI Engine	Run Backend Tests	2026-07-27T13:28:09.0240678Z   ---
Check Backend & AI Engine	Run Backend Tests	2026-07-27T13:28:09.0241047Z   duration_ms: 0.200018
Check Backend & AI Engine	Run Backend Tests	2026-07-27T13:28:09.0241268Z   ...
Check Backend & AI Engine	Run Backend Tests	2026-07-27T13:28:09.0262907Z # Subtest: clamps chat temperature to the supported range
Check Backend & AI Engine	Run Backend Tests	2026-07-27T13:28:09.0263508Z ok 108 - clamps chat temperature to the supported range
Check Backend & AI Engine	Run Backend Tests	2026-07-27T13:28:09.0263914Z   ---
Check Backend & AI Engine	Run Backend Tests	2026-07-27T13:28:09.0264255Z   duration_ms: 0.128491
Check Backend & AI Engine	Run Backend Tests	2026-07-27T13:28:09.0264474Z   ...
Check Backend & AI Engine	Run Backend Tests	2026-07-27T13:28:09.0264766Z # Subtest: uses default maxTokens 2048 when not provided
Check Backend & AI Engine	Run Backend Tests	2026-07-27T13:28:09.0265163Z ok 109 - uses default maxTokens 2048 when not provided
Check Backend & AI Engine	Run Backend Tests	2026-07-27T13:28:09.0265440Z   ---
Check Backend & AI Engine	Run Backend Tests	2026-07-27T13:28:09.0265631Z   duration_ms: 0.110959
Check Backend & AI Engine	Run Backend Tests	2026-07-27T13:28:09.0265835Z   ...
Check Backend & AI Engine	Run Backend Tests	2026-07-27T13:28:09.0291109Z # Subtest: uses provided maxTokens value
Check Backend & AI Engine	Run Backend Tests	2026-07-27T13:28:09.0320551Z ok 110 - uses provided maxTokens value
Check Backend & AI Engine	Run Backend Tests	2026-07-27T13:28:09.0321316Z   ---
Check Backend & AI Engine	Run Backend Tests	2026-07-27T13:28:09.0321727Z   duration_ms: 0.097977
Check Backend & AI Engine	Run Backend Tests	2026-07-27T13:28:09.0321996Z   ...
Check Backend & AI Engine	Run Backend Tests	2026-07-27T13:28:09.0322353Z # Subtest: clamps chat maxTokens to the supported range
Check Backend & AI Engine	Run Backend Tests	2026-07-27T13:28:09.0322842Z ok 111 - clamps chat maxTokens to the supported range
Check Backend & AI Engine	Run Backend Tests	2026-07-27T13:28:09.0323150Z   ---
Check Backend & AI Engine	Run Backend Tests	2026-07-27T13:28:09.0323393Z   duration_ms: 0.131653
Check Backend & AI Engine	Run Backend Tests	2026-07-27T13:28:09.0323646Z   ...
Check Backend & AI Engine	Run Backend Tests	2026-07-27T13:28:09.0324001Z # Subtest: uses default systemPrompt when not provided
Check Backend & AI Engine	Run Backend Tests	2026-07-27T13:28:09.0324455Z ok 112 - uses default systemPrompt when not provided
Check Backend & AI Engine	Run Backend Tests	2026-07-27T13:28:09.0324772Z   ---
Check Backend & AI Engine	Run Backend Tests	2026-07-27T13:28:09.0325002Z   duration_ms: 0.095177
Check Backend & AI Engine	Run Backend Tests	2026-07-27T13:28:09.0325248Z   ...
Check Backend & AI Engine	Run Backend Tests	2026-07-27T13:28:09.0325502Z # Subtest: uses provided systemPrompt value
Check Backend & AI Engine	Run Backend Tests	2026-07-27T13:28:09.0325841Z ok 113 - uses provided systemPrompt value
Check Backend & AI Engine	Run Backend Tests	2026-07-27T13:28:09.0326100Z   ---
Check Backend & AI Engine	Run Backend Tests	2026-07-27T13:28:09.0326296Z   duration_ms: 0.088369
Check Backend & AI Engine	Run Backend Tests	2026-07-27T13:28:09.0326499Z   ...
Check Backend & AI Engine	Run Backend Tests	2026-07-27T13:28:09.0326805Z # Subtest: uses default empty history array when not provided
Check Backend & AI Engine	Run Backend Tests	2026-07-27T13:28:09.0327241Z ok 114 - uses default empty history array when not provided
Check Backend & AI Engine	Run Backend Tests	2026-07-27T13:28:09.0327645Z   ---
Check Backend & AI Engine	Run Backend Tests	2026-07-27T13:28:09.0327875Z   duration_ms: 0.627872
Check Backend & AI Engine	Run Backend Tests	2026-07-27T13:28:09.0328121Z   ...
Check Backend & AI Engine	Run Backend Tests	2026-07-27T13:28:09.0328368Z # Subtest: uses provided history array
Check Backend & AI Engine	Run Backend Tests	2026-07-27T13:28:09.0328680Z ok 115 - uses provided history array
Check Backend & AI Engine	Run Backend Tests	2026-07-27T13:28:09.0328931Z   ---
Check Backend & AI Engine	Run Backend Tests	2026-07-27T13:28:09.0329133Z   duration_ms: 0.260722
Check Backend & AI Engine	Run Backend Tests	2026-07-27T13:28:09.0329342Z   ...
Check Backend & AI Engine	Run Backend Tests	2026-07-27T13:28:09.0329619Z # Subtest: passes useRag flag through when provided
Check Backend & AI Engine	Run Backend Tests	2026-07-27T13:28:09.0330227Z ok 116 - passes useRag flag through when provided
Check Backend & AI Engine	Run Backend Tests	2026-07-27T13:28:09.0330734Z   ---
Check Backend & AI Engine	Run Backend Tests	2026-07-27T13:28:09.0331047Z   duration_ms: 0.106469
Check Backend & AI Engine	Run Backend Tests	2026-07-27T13:28:09.0331256Z   ...
Check Backend & AI Engine	Run Backend Tests	2026-07-27T13:28:09.0331626Z # Subtest: whitespace-only message passes validation when sessionId is valid
Check Backend & AI Engine	Run Backend Tests	2026-07-27T13:28:09.0332148Z ok 117 - whitespace-only message passes validation when sessionId is valid
Check Backend & AI Engine	Run Backend Tests	2026-07-27T13:28:09.0332489Z   ---
Check Backend & AI Engine	Run Backend Tests	2026-07-27T13:28:09.0332683Z   duration_ms: 0.099196
Check Backend & AI Engine	Run Backend Tests	2026-07-27T13:28:09.0332887Z   ...
Check Backend & AI Engine	Run Backend Tests	2026-07-27T13:28:09.0333193Z # Subtest: returns undefined for useRag when not provided
Check Backend & AI Engine	Run Backend Tests	2026-07-27T13:28:09.0333595Z ok 118 - returns undefined for useRag when not provided
Check Backend & AI Engine	Run Backend Tests	2026-07-27T13:28:09.0333875Z   ---
Check Backend & AI Engine	Run Backend Tests	2026-07-27T13:28:09.0334062Z   duration_ms: 0.104758
Check Backend & AI Engine	Run Backend Tests	2026-07-27T13:28:09.0334270Z   ...
Check Backend & AI Engine	Run Backend Tests	2026-07-27T13:28:09.0950231Z # Subtest: CircuitBreaker: uses fallback defaults correctly
Check Backend & AI Engine	Run Backend Tests	2026-07-27T13:28:09.0951382Z ok 119 - CircuitBreaker: uses fallback defaults correctly
Check Backend & AI Engine	Run Backend Tests	2026-07-27T13:28:09.0952166Z   ---
Check Backend & AI Engine	Run Backend Tests	2026-07-27T13:28:09.0952725Z   duration_ms: 1.409091
Check Backend & AI Engine	Run Backend Tests	2026-07-27T13:28:09.0953361Z   ...
Check Backend & AI Engine	Run Backend Tests	2026-07-27T13:28:09.0983913Z # Subtest: CircuitBreaker: accepts zero values and custom options
Check Backend & AI Engine	Run Backend Tests	2026-07-27T13:28:09.0985030Z ok 120 - CircuitBreaker: accepts zero values and custom options
Check Backend & AI Engine	Run Backend Tests	2026-07-27T13:28:09.0985864Z   ---
Check Backend & AI Engine	Run Backend Tests	2026-07-27T13:28:09.0986618Z   duration_ms: 0.20307
Check Backend & AI Engine	Run Backend Tests	2026-07-27T13:28:09.0987084Z   ...
Check Backend & AI Engine	Run Backend Tests	2026-07-27T13:28:09.0993036Z # Subtest: CircuitBreaker: does not increment halfOpenRequests in CLOSED state
Check Backend & AI Engine	Run Backend Tests	2026-07-27T13:28:09.0994279Z ok 121 - CircuitBreaker: does not increment halfOpenRequests in CLOSED state
Check Backend & AI Engine	Run Backend Tests	2026-07-27T13:28:09.0995127Z   ---
Check Backend & AI Engine	Run Backend Tests	2026-07-27T13:28:09.0995838Z   duration_ms: 1.001675
Check Backend & AI Engine	Run Backend Tests	2026-07-27T13:28:09.0996271Z   ...
Check Backend & AI Engine	Run Backend Tests	2026-07-27T13:28:09.0996961Z # Subtest: CircuitBreaker: trips to OPEN after failureThreshold is reached
Check Backend & AI Engine	Run Backend Tests	2026-07-27T13:28:09.0997907Z ok 122 - CircuitBreaker: trips to OPEN after failureThreshold is reached
Check Backend & AI Engine	Run Backend Tests	2026-07-27T13:28:09.0998541Z   ---
Check Backend & AI Engine	Run Backend Tests	2026-07-27T13:28:09.0998774Z   duration_ms: 0.721893
Check Backend & AI Engine	Run Backend Tests	2026-07-27T13:28:09.0999023Z   ...
Check Backend & AI Engine	Run Backend Tests	2026-07-27T13:28:09.2169774Z # Subtest: CircuitBreaker: requires multiple successes in HALF_OPEN state to close
Check Backend & AI Engine	Run Backend Tests	2026-07-27T13:28:09.2171184Z ok 123 - CircuitBreaker: requires multiple successes in HALF_OPEN state to close
Check Backend & AI Engine	Run Backend Tests	2026-07-27T13:28:09.2171850Z   ---
Check Backend & AI Engine	Run Backend Tests	2026-07-27T13:28:09.2172186Z   duration_ms: 63.677433
Check Backend & AI Engine	Run Backend Tests	2026-07-27T13:28:09.2172558Z   ...
Check Backend & AI Engine	Run Backend Tests	2026-07-27T13:28:09.2759316Z # Subtest: analyzeComplexity should return zeroed values for empty inputs
Check Backend & AI Engine	Run Backend Tests	2026-07-27T13:28:09.2760704Z ok 124 - analyzeComplexity should return zeroed values for empty inputs
Check Backend & AI Engine	Run Backend Tests	2026-07-27T13:28:09.2761308Z   ---
Check Backend & AI Engine	Run Backend Tests	2026-07-27T13:28:09.2761661Z   duration_ms: 1.63864
Check Backend & AI Engine	Run Backend Tests	2026-07-27T13:28:09.2762046Z   ...
Check Backend & AI Engine	Run Backend Tests	2026-07-27T13:28:09.2766135Z # Subtest: analyzeComplexity should count JSDoc and standard comments in JavaScript correctly
Check Backend & AI Engine	Run Backend Tests	2026-07-27T13:28:09.2768729Z ok 125 - analyzeComplexity should count JSDoc and standard comments in JavaScript correctly
Check Backend & AI Engine	Run Backend Tests	2026-07-27T13:28:09.2769501Z   ---
Check Backend & AI Engine	Run Backend Tests	2026-07-27T13:28:09.2769989Z   duration_ms: 1.075382
Check Backend & AI Engine	Run Backend Tests	2026-07-27T13:28:09.2770363Z   ...
Check Backend & AI Engine	Run Backend Tests	2026-07-27T13:28:09.2774365Z # Subtest: analyzeComplexity should count python comments and functions correctly
Check Backend & AI Engine	Run Backend Tests	2026-07-27T13:28:09.2775472Z ok 126 - analyzeComplexity should count python comments and functions correctly
Check Backend & AI Engine	Run Backend Tests	2026-07-27T13:28:09.2776106Z   ---
Check Backend & AI Engine	Run Backend Tests	2026-07-27T13:28:09.2776416Z   duration_ms: 0.190551
Check Backend & AI Engine	Run Backend Tests	2026-07-27T13:28:09.2776767Z   ...
Check Backend & AI Engine	Run Backend Tests	2026-07-27T13:28:09.2778725Z # Subtest: analyzeComplexity should not count commented-out functions in single-line comments
Check Backend & AI Engine	Run Backend Tests	2026-07-27T13:28:09.2788146Z ok 127 - analyzeComplexity should not count commented-out functions in single-line comments
Check Backend & AI Engine	Run Backend Tests	2026-07-27T13:28:09.2788867Z   ---
Check Backend & AI Engine	Run Backend Tests	2026-07-27T13:28:09.2789177Z   duration_ms: 0.141487
Check Backend & AI Engine	Run Backend Tests	2026-07-27T13:28:09.2789511Z   ...
Check Backend & AI Engine	Run Backend Tests	2026-07-27T13:28:09.3405772Z # Subtest: grade B transition: score 9 (>8) returns grade B
Check Backend & AI Engine	Run Backend Tests	2026-07-27T13:28:09.3406613Z ok 128 - grade B transition: score 9 (>8) returns grade B
Check Backend & AI Engine	Run Backend Tests	2026-07-27T13:28:09.3407137Z   ---
Check Backend & AI Engine	Run Backend Tests	2026-07-27T13:28:09.3407512Z   duration_ms: 2.359489
Check Backend & AI Engine	Run Backend Tests	2026-07-27T13:28:09.3407895Z   ...
Check Backend & AI Engine	Run Backend Tests	2026-07-27T13:28:09.3412815Z # Subtest: grade A/B boundary: score 6 (not >8) returns grade A
Check Backend & AI Engine	Run Backend Tests	2026-07-27T13:28:09.3413972Z ok 129 - grade A/B boundary: score 6 (not >8) returns grade A
Check Backend & AI Engine	Run Backend Tests	2026-07-27T13:28:09.3414504Z   ---
Check Backend & AI Engine	Run Backend Tests	2026-07-27T13:28:09.3414850Z   duration_ms: 0.205536
Check Backend & AI Engine	Run Backend Tests	2026-07-27T13:28:09.3415206Z   ...
Check Backend & AI Engine	Run Backend Tests	2026-07-27T13:28:09.3418657Z # Subtest: grade C transition: score 16 (>15) returns grade C
Check Backend & AI Engine	Run Backend Tests	2026-07-27T13:28:09.3420781Z ok 130 - grade C transition: score 16 (>15) returns grade C
Check Backend & AI Engine	Run Backend Tests	2026-07-27T13:28:09.3421285Z   ---
Check Backend & AI Engine	Run Backend Tests	2026-07-27T13:28:09.3421587Z   duration_ms: 0.171336
Check Backend & AI Engine	Run Backend Tests	2026-07-27T13:28:09.3421917Z   ...
Check Backend & AI Engine	Run Backend Tests	2026-07-27T13:28:09.3424266Z # Subtest: grade B/C boundary: score 15 (not >15) returns grade B
Check Backend & AI Engine	Run Backend Tests	2026-07-27T13:28:09.3425517Z ok 131 - grade B/C boundary: score 15 (not >15) returns grade B
Check Backend & AI Engine	Run Backend Tests	2026-07-27T13:28:09.3426126Z   ---
Check Backend & AI Engine	Run Backend Tests	2026-07-27T13:28:09.3426529Z   duration_ms: 0.156734
Check Backend & AI Engine	Run Backend Tests	2026-07-27T13:28:09.3426971Z   ...
Check Backend & AI Engine	Run Backend Tests	2026-07-27T13:28:09.3428045Z # Subtest: grade D transition: score 26 (>25) returns grade D
Check Backend & AI Engine	Run Backend Tests	2026-07-27T13:28:09.3429018Z ok 132 - grade D transition: score 26 (>25) returns grade D
Check Backend & AI Engine	Run Backend Tests	2026-07-27T13:28:09.3429580Z   ---
Check Backend & AI Engine	Run Backend Tests	2026-07-27T13:28:09.3430131Z   duration_ms: 0.204118
Check Backend & AI Engine	Run Backend Tests	2026-07-27T13:28:09.3430568Z   ...
Check Backend & AI Engine	Run Backend Tests	2026-07-27T13:28:09.3432291Z # Subtest: grade C/D boundary: score 25 (not >25) returns grade C
Check Backend & AI Engine	Run Backend Tests	2026-07-27T13:28:09.3433495Z ok 133 - grade C/D boundary: score 25 (not >25) returns grade C
Check Backend & AI Engine	Run Backend Tests	2026-07-27T13:28:09.3434073Z   ---
Check Backend & AI Engine	Run Backend Tests	2026-07-27T13:28:09.3434478Z   duration_ms: 0.273408
Check Backend & AI Engine	Run Backend Tests	2026-07-27T13:28:09.3434910Z   ...
Check Backend & AI Engine	Run Backend Tests	2026-07-27T13:28:09.3436598Z # Subtest: grade F transition: score 41 (>40) returns grade F
Check Backend & AI Engine	Run Backend Tests	2026-07-27T13:28:09.3438632Z ok 134 - grade F transition: score 41 (>40) returns grade F
Check Backend & AI Engine	Run Backend Tests	2026-07-27T13:28:09.3439102Z   ---
Check Backend & AI Engine	Run Backend Tests	2026-07-27T13:28:09.3439472Z   duration_ms: 0.159738
Check Backend & AI Engine	Run Backend Tests	2026-07-27T13:28:09.3440004Z   ...
Check Backend & AI Engine	Run Backend Tests	2026-07-27T13:28:09.3446534Z # Subtest: grade D/F boundary: score 40 (not >40) returns grade D
Check Backend & AI Engine	Run Backend Tests	2026-07-27T13:28:09.3447503Z ok 135 - grade D/F boundary: score 40 (not >40) returns grade D
Check Backend & AI Engine	Run Backend Tests	2026-07-27T13:28:09.3454934Z   ---
Check Backend & AI Engine	Run Backend Tests	2026-07-27T13:28:09.3455493Z   duration_ms: 0.146974
Check Backend & AI Engine	Run Backend Tests	2026-07-27T13:28:09.3455950Z   ...
Check Backend & AI Engine	Run Backend Tests	2026-07-27T13:28:09.3456536Z # Subtest: file with zero lines returns grade A
Check Backend & AI Engine	Run Backend Tests	2026-07-27T13:28:09.3457233Z ok 136 - file with zero lines returns grade A
Check Backend & AI Engine	Run Backend Tests	2026-07-27T13:28:09.3457764Z   ---
Check Backend & AI Engine	Run Backend Tests	2026-07-27T13:28:09.3458158Z   duration_ms: 0.099847
Check Backend & AI Engine	Run Backend Tests	2026-07-27T13:28:09.3458590Z   ...
Check Backend & AI Engine	Run Backend Tests	2026-07-27T13:28:09.3459572Z # Subtest: file with only whitespace returns grade A
Check Backend & AI Engine	Run Backend Tests	2026-07-27T13:28:09.3465165Z ok 137 - file with only whitespace returns grade A
Check Backend & AI Engine	Run Backend Tests	2026-07-27T13:28:09.3465830Z   ---
Check Backend & AI Engine	Run Backend Tests	2026-07-27T13:28:09.3466259Z   duration_ms: 0.799165
Check Backend & AI Engine	Run Backend Tests	2026-07-27T13:28:09.3466711Z   ...
Check Backend & AI Engine	Run Backend Tests	2026-07-27T13:28:09.3486928Z # Subtest: file where all lines are Python comments returns grade A with zero codeLines
Check Backend & AI Engine	Run Backend Tests	2026-07-27T13:28:09.3489739Z ok 138 - file where all lines are Python comments returns grade A with zero codeLines
Check Backend & AI Engine	Run Backend Tests	2026-07-27T13:28:09.3490634Z   ---
Check Backend & AI Engine	Run Backend Tests	2026-07-27T13:28:09.3491006Z   duration_ms: 0.158853
Check Backend & AI Engine	Run Backend Tests	2026-07-27T13:28:09.3491511Z   ...
Check Backend & AI Engine	Run Backend Tests	2026-07-27T13:28:09.3492270Z # Subtest: null language argument does not throw and returns valid structure
Check Backend & AI Engine	Run Backend Tests	2026-07-27T13:28:09.3505175Z ok 139 - null language argument does not throw and returns valid structure
Check Backend & AI Engine	Run Backend Tests	2026-07-27T13:28:09.3506165Z   ---
Check Backend & AI Engine	Run Backend Tests	2026-07-27T13:28:09.3506719Z   duration_ms: 0.250828
Check Backend & AI Engine	Run Backend Tests	2026-07-27T13:28:09.3507079Z   ...
Check Backend & AI Engine	Run Backend Tests	2026-07-27T13:28:09.3510526Z # Subtest: undefined language argument does not throw and returns valid structure
Check Backend & AI Engine	Run Backend Tests	2026-07-27T13:28:09.3511304Z ok 140 - undefined language argument does not throw and returns valid structure
Check Backend & AI Engine	Run Backend Tests	2026-07-27T13:28:09.3511897Z   ---
Check Backend & AI Engine	Run Backend Tests	2026-07-27T13:28:09.3512351Z   duration_ms: 0.114848
Check Backend & AI Engine	Run Backend Tests	2026-07-27T13:28:09.3512697Z   ...
Check Backend & AI Engine	Run Backend Tests	2026-07-27T13:28:09.4218652Z # Subtest: analyzeComplexity should return grade A for very simple files
Check Backend & AI Engine	Run Backend Tests	2026-07-27T13:28:09.4220092Z ok 141 - analyzeComplexity should return grade A for very simple files
Check Backend & AI Engine	Run Backend Tests	2026-07-27T13:28:09.4220911Z   ---
Check Backend & AI Engine	Run Backend Tests	2026-07-27T13:28:09.4221426Z   duration_ms: 2.479631
Check Backend & AI Engine	Run Backend Tests	2026-07-27T13:28:09.4221939Z   ...
Check Backend & AI Engine	Run Backend Tests	2026-07-27T13:28:09.4222751Z # Subtest: analyzeComplexity should return grade B for moderate complexity
Check Backend & AI Engine	Run Backend Tests	2026-07-27T13:28:09.4224237Z ok 142 - analyzeComplexity should return grade B for moderate complexity
Check Backend & AI Engine	Run Backend Tests	2026-07-27T13:28:09.4225133Z   ---
Check Backend & AI Engine	Run Backend Tests	2026-07-27T13:28:09.4225588Z   duration_ms: 0.265196
Check Backend & AI Engine	Run Backend Tests	2026-07-27T13:28:09.4226185Z   ...
Check Backend & AI Engine	Run Backend Tests	2026-07-27T13:28:09.4226816Z # Subtest: analyzeComplexity should return grade C for higher complexity
Check Backend & AI Engine	Run Backend Tests	2026-07-27T13:28:09.4227745Z ok 143 - analyzeComplexity should return grade C for higher complexity
Check Backend & AI Engine	Run Backend Tests	2026-07-27T13:28:09.4228381Z   ---
Check Backend & AI Engine	Run Backend Tests	2026-07-27T13:28:09.4228842Z   duration_ms: 1.033086
Check Backend & AI Engine	Run Backend Tests	2026-07-27T13:28:09.4229388Z   ...
Check Backend & AI Engine	Run Backend Tests	2026-07-27T13:28:09.4230211Z # Subtest: analyzeComplexity should return grade F for very high complexity
Check Backend & AI Engine	Run Backend Tests	2026-07-27T13:28:09.4231226Z ok 144 - analyzeComplexity should return grade F for very high complexity
Check Backend & AI Engine	Run Backend Tests	2026-07-27T13:28:09.4231934Z   ---
Check Backend & AI Engine	Run Backend Tests	2026-07-27T13:28:09.4232359Z   duration_ms: 0.282358
Check Backend & AI Engine	Run Backend Tests	2026-07-27T13:28:09.4232813Z   ...
Check Backend & AI Engine	Run Backend Tests	2026-07-27T13:28:09.4239080Z # Subtest: analyzeComplexity should detect Go functions
Check Backend & AI Engine	Run Backend Tests	2026-07-27T13:28:09.4245340Z ok 145 - analyzeComplexity should detect Go functions
Check Backend & AI Engine	Run Backend Tests	2026-07-27T13:28:09.4246137Z   ---
Check Backend & AI Engine	Run Backend Tests	2026-07-27T13:28:09.4246599Z   duration_ms: 0.166221
Check Backend & AI Engine	Run Backend Tests	2026-07-27T13:28:09.4247067Z   ...
Check Backend & AI Engine	Run Backend Tests	2026-07-27T13:28:09.4247678Z # Subtest: analyzeComplexity should detect Java methods
Check Backend & AI Engine	Run Backend Tests	2026-07-27T13:28:09.4248463Z ok 146 - analyzeComplexity should detect Java methods
Check Backend & AI Engine	Run Backend Tests	2026-07-27T13:28:09.4249068Z   ---
Check Backend & AI Engine	Run Backend Tests	2026-07-27T13:28:09.4249481Z   duration_ms: 0.542749
Check Backend & AI Engine	Run Backend Tests	2026-07-27T13:28:09.4250130Z   ...
Check Backend & AI Engine	Run Backend Tests	2026-07-27T13:28:09.4250823Z # Subtest: analyzeComplexity should detect C++ methods
Check Backend & AI Engine	Run Backend Tests	2026-07-27T13:28:09.4251651Z ok 147 - analyzeComplexity should detect C++ methods
Check Backend & AI Engine	Run Backend Tests	2026-07-27T13:28:09.4252357Z   ---
Check Backend & AI Engine	Run Backend Tests	2026-07-27T13:28:09.4252784Z   duration_ms: 0.142138
Check Backend & AI Engine	Run Backend Tests	2026-07-27T13:28:09.4253227Z   ...
Check Backend & AI Engine	Run Backend Tests	2026-07-27T13:28:09.4253867Z # Subtest: analyzeComplexity handles null fileContent gracefully
Check Backend & AI Engine	Run Backend Tests	2026-07-27T13:28:09.4254758Z ok 148 - analyzeComplexity handles null fileContent gracefully
Check Backend & AI Engine	Run Backend Tests	2026-07-27T13:28:09.4255401Z   ---
Check Backend & AI Engine	Run Backend Tests	2026-07-27T13:28:09.4255820Z   duration_ms: 0.097201
Check Backend & AI Engine	Run Backend Tests	2026-07-27T13:28:09.4256287Z   ...
Check Backend & AI Engine	Run Backend Tests	2026-07-27T13:28:09.4257017Z # Subtest: analyzeComplexity handles undefined fileContent gracefully
Check Backend & AI Engine	Run Backend Tests	2026-07-27T13:28:09.4257980Z ok 149 - analyzeComplexity handles undefined fileContent gracefully
Check Backend & AI Engine	Run Backend Tests	2026-07-27T13:28:09.4258632Z   ---
Check Backend & AI Engine	Run Backend Tests	2026-07-27T13:28:09.4259052Z   duration_ms: 0.092327
Check Backend & AI Engine	Run Backend Tests	2026-07-27T13:28:09.4259500Z   ...
Check Backend & AI Engine	Run Backend Tests	2026-07-27T13:28:09.4260581Z # Subtest: analyzeComplexity handles non-string input gracefully
Check Backend & AI Engine	Run Backend Tests	2026-07-27T13:28:09.4261477Z ok 150 - analyzeComplexity handles non-string input gracefully
Check Backend & AI Engine	Run Backend Tests	2026-07-27T13:28:09.4262085Z   ---
Check Backend & AI Engine	Run Backend Tests	2026-07-27T13:28:09.4262499Z   duration_ms: 0.079401
Check Backend & AI Engine	Run Backend Tests	2026-07-27T13:28:09.4262949Z   ...
Check Backend & AI Engine	Run Backend Tests	2026-07-27T13:28:09.4268770Z # Subtest: analyzeComplexity handles SQL block comments
Check Backend & AI Engine	Run Backend Tests	2026-07-27T13:28:09.4273989Z ok 151 - analyzeComplexity handles SQL block comments
Check Backend & AI Engine	Run Backend Tests	2026-07-27T13:28:09.4274736Z   ---
Check Backend & AI Engine	Run Backend Tests	2026-07-27T13:28:09.4275175Z   duration_ms: 0.148142
Check Backend & AI Engine	Run Backend Tests	2026-07-27T13:28:09.4275638Z   ...
Check Backend & AI Engine	Run Backend Tests	2026-07-27T13:28:09.4276212Z # Subtest: analyzeComplexity handles HTML comments
Check Backend & AI Engine	Run Backend Tests	2026-07-27T13:28:09.4276973Z ok 152 - analyzeComplexity handles HTML comments
Check Backend & AI Engine	Run Backend Tests	2026-07-27T13:28:09.4277530Z   ---
Check Backend & AI Engine	Run Backend Tests	2026-07-27T13:28:09.4277955Z   duration_ms: 0.110376
Check Backend & AI Engine	Run Backend Tests	2026-07-27T13:28:09.4278410Z   ...
Check Backend & AI Engine	Run Backend Tests	2026-07-27T13:28:09.4279020Z # Subtest: analyzeComplexity counts empty lines correctly
Check Backend & AI Engine	Run Backend Tests	2026-07-27T13:28:09.4279994Z ok 153 - analyzeComplexity counts empty lines correctly
Check Backend & AI Engine	Run Backend Tests	2026-07-27T13:28:09.4280648Z   ---
Check Backend & AI Engine	Run Backend Tests	2026-07-27T13:28:09.4281080Z   duration_ms: 0.092022
Check Backend & AI Engine	Run Backend Tests	2026-07-27T13:28:09.4281538Z   ...
Check Backend & AI Engine	Run Backend Tests	2026-07-27T13:28:09.4282156Z # Subtest: analyzeComplexity grade boundary at exactly 8
Check Backend & AI Engine	Run Backend Tests	2026-07-27T13:28:09.4282943Z ok 154 - analyzeComplexity grade boundary at exactly 8
Check Backend & AI Engine	Run Backend Tests	2026-07-27T13:28:09.4283534Z   ---
Check Backend & AI Engine	Run Backend Tests	2026-07-27T13:28:09.4283956Z   duration_ms: 0.137587
Check Backend & AI Engine	Run Backend Tests	2026-07-27T13:28:09.4284402Z   ...
Check Backend & AI Engine	Run Backend Tests	2026-07-27T13:28:09.4284981Z # Subtest: analyzeComplexity grade boundary at exactly 15
Check Backend & AI Engine	Run Backend Tests	2026-07-27T13:28:09.4285762Z ok 155 - analyzeComplexity grade boundary at exactly 15
Check Backend & AI Engine	Run Backend Tests	2026-07-27T13:28:09.4286347Z   ---
Check Backend & AI Engine	Run Backend Tests	2026-07-27T13:28:09.4287081Z   duration_ms: 0.126759
Check Backend & AI Engine	Run Backend Tests	2026-07-27T13:28:09.4287533Z   ...
Check Backend & AI Engine	Run Backend Tests	2026-07-27T13:28:09.4288247Z # Subtest: analyzeComplexity handles null/undefined content gracefully
Check Backend & AI Engine	Run Backend Tests	2026-07-27T13:28:09.4289186Z ok 156 - analyzeComplexity handles null/undefined content gracefully
Check Backend & AI Engine	Run Backend Tests	2026-07-27T13:28:09.4289985Z   ---
Check Backend & AI Engine	Run Backend Tests	2026-07-27T13:28:09.4290445Z   duration_ms: 0.081871
Check Backend & AI Engine	Run Backend Tests	2026-07-27T13:28:09.4290914Z   ...
Check Backend & AI Engine	Run Backend Tests	2026-07-27T13:28:09.4291537Z # Subtest: analyzeComplexity handles non-string content
Check Backend & AI Engine	Run Backend Tests	2026-07-27T13:28:09.4292304Z ok 157 - analyzeComplexity handles non-string content
Check Backend & AI Engine	Run Backend Tests	2026-07-27T13:28:09.4292868Z   ---
Check Backend & AI Engine	Run Backend Tests	2026-07-27T13:28:09.4293284Z   duration_ms: 0.07256
Check Backend & AI Engine	Run Backend Tests	2026-07-27T13:28:09.4293735Z   ...
Check Backend & AI Engine	Run Backend Tests	2026-07-27T13:28:09.4294461Z # Subtest: analyzeComplexity counts multi-line C-style block comments in JS
Check Backend & AI Engine	Run Backend Tests	2026-07-27T13:28:09.4295480Z ok 158 - analyzeComplexity counts multi-line C-style block comments in JS
Check Backend & AI Engine	Run Backend Tests	2026-07-27T13:28:09.4296165Z   ---
Check Backend & AI Engine	Run Backend Tests	2026-07-27T13:28:09.4296589Z   duration_ms: 0.102851
Check Backend & AI Engine	Run Backend Tests	2026-07-27T13:28:09.4297042Z   ...
Check Backend & AI Engine	Run Backend Tests	2026-07-27T13:28:09.4297690Z # Subtest: analyzeComplexity detects opening HTML comment line
Check Backend & AI Engine	Run Backend Tests	2026-07-27T13:28:09.4298522Z ok 159 - analyzeComplexity detects opening HTML comment line
Check Backend & AI Engine	Run Backend Tests	2026-07-27T13:28:09.4299133Z   ---
Check Backend & AI Engine	Run Backend Tests	2026-07-27T13:28:09.4299557Z   duration_ms: 0.148516
Check Backend & AI Engine	Run Backend Tests	2026-07-27T13:28:09.4300153Z   ...
Check Backend & AI Engine	Run Backend Tests	2026-07-27T13:28:09.4300710Z # Subtest: analyzeComplexity detects Go functions
Check Backend & AI Engine	Run Backend Tests	2026-07-27T13:28:09.4303879Z ok 160 - analyzeComplexity detects Go functions
Check Backend & AI Engine	Run Backend Tests	2026-07-27T13:28:09.4304396Z   ---
Check Backend & AI Engine	Run Backend Tests	2026-07-27T13:28:09.4304886Z   duration_ms: 0.124128
Check Backend & AI Engine	Run Backend Tests	2026-07-27T13:28:09.4305259Z   ...
Check Backend & AI Engine	Run Backend Tests	2026-07-27T13:28:09.4305741Z # Subtest: analyzeComplexity detects Java methods
Check Backend & AI Engine	Run Backend Tests	2026-07-27T13:28:09.4306888Z ok 161 - analyzeComplexity detects Java methods
Check Backend & AI Engine	Run Backend Tests	2026-07-27T13:28:09.4307302Z   ---
Check Backend & AI Engine	Run Backend Tests	2026-07-27T13:28:09.4307779Z   duration_ms: 0.13481
Check Backend & AI Engine	Run Backend Tests	2026-07-27T13:28:09.4308246Z   ...
Check Backend & AI Engine	Run Backend Tests	2026-07-27T13:28:09.4313837Z # Subtest: analyzeComplexity detects C++ methods
Check Backend & AI Engine	Run Backend Tests	2026-07-27T13:28:09.4316846Z ok 162 - analyzeComplexity detects C++ methods
Check Backend & AI Engine	Run Backend Tests	2026-07-27T13:28:09.4317584Z   ---
Check Backend & AI Engine	Run Backend Tests	2026-07-27T13:28:09.4317860Z   duration_ms: 0.123464
Check Backend & AI Engine	Run Backend Tests	2026-07-27T13:28:09.4318217Z   ...
Check Backend & AI Engine	Run Backend Tests	2026-07-27T13:28:09.4318619Z # Subtest: analyzeComplexity detects SQL comments
Check Backend & AI Engine	Run Backend Tests	2026-07-27T13:28:09.4319319Z ok 163 - analyzeComplexity detects SQL comments
Check Backend & AI Engine	Run Backend Tests	2026-07-27T13:28:09.4340903Z   ---
Check Backend & AI Engine	Run Backend Tests	2026-07-27T13:28:09.4342064Z   duration_ms: 0.104806
Check Backend & AI Engine	Run Backend Tests	2026-07-27T13:28:09.4342846Z   ...
Check Backend & AI Engine	Run Backend Tests	2026-07-27T13:28:09.4343598Z # Subtest: analyzeComplexity computes complexity score and grade correctly
Check Backend & AI Engine	Run Backend Tests	2026-07-27T13:28:09.4344632Z ok 164 - analyzeComplexity computes complexity score and grade correctly
Check Backend & AI Engine	Run Backend Tests	2026-07-27T13:28:09.4345289Z   ---
Check Backend & AI Engine	Run Backend Tests	2026-07-27T13:28:09.4345745Z   duration_ms: 0.24508
Check Backend & AI Engine	Run Backend Tests	2026-07-27T13:28:09.4346232Z   ...
Check Backend & AI Engine	Run Backend Tests	2026-07-27T13:28:09.4346827Z # Subtest: analyzeComplexity grade thresholds
Check Backend & AI Engine	Run Backend Tests	2026-07-27T13:28:09.4347522Z ok 165 - analyzeComplexity grade thresholds
Check Backend & AI Engine	Run Backend Tests	2026-07-27T13:28:09.4348053Z   ---
Check Backend & AI Engine	Run Backend Tests	2026-07-27T13:28:09.4348414Z   duration_ms: 0.780278
Check Backend & AI Engine	Run Backend Tests	2026-07-27T13:28:09.4348811Z   ...
Check Backend & AI Engine	Run Backend Tests	2026-07-27T13:28:09.4349448Z # Subtest: analyzeComplexity counts Ruby single-line comments in .rb files
Check Backend & AI Engine	Run Backend Tests	2026-07-27T13:28:09.4350575Z ok 166 - analyzeComplexity counts Ruby single-line comments in .rb files
Check Backend & AI Engine	Run Backend Tests	2026-07-27T13:28:09.4351162Z   ---
Check Backend & AI Engine	Run Backend Tests	2026-07-27T13:28:09.4351464Z   duration_ms: 0.157757
Check Backend & AI Engine	Run Backend Tests	2026-07-27T13:28:09.4351796Z   ...
Check Backend & AI Engine	Run Backend Tests	2026-07-27T13:28:09.4352316Z # Subtest: analyzeComplexity handles empty Ruby file
Check Backend & AI Engine	Run Backend Tests	2026-07-27T13:28:09.4352969Z ok 167 - analyzeComplexity handles empty Ruby file
Check Backend & AI Engine	Run Backend Tests	2026-07-27T13:28:09.4355024Z   ---
Check Backend & AI Engine	Run Backend Tests	2026-07-27T13:28:09.4355640Z   duration_ms: 0.136379
Check Backend & AI Engine	Run Backend Tests	2026-07-27T13:28:09.4356353Z   ...
Check Backend & AI Engine	Run Backend Tests	2026-07-27T13:28:09.4357140Z # Subtest: analyzeComplexity handles empty SQL file
Check Backend & AI Engine	Run Backend Tests	2026-07-27T13:28:09.4357773Z ok 168 - analyzeComplexity handles empty SQL file
Check Backend & AI Engine	Run Backend Tests	2026-07-27T13:28:09.4358240Z   ---
Check Backend & AI Engine	Run Backend Tests	2026-07-27T13:28:09.4358543Z   duration_ms: 0.085318
Check Backend & AI Engine	Run Backend Tests	2026-07-27T13:28:09.4358880Z   ...
Check Backend & AI Engine	Run Backend Tests	2026-07-27T13:28:09.4359599Z # Subtest: analyzeComplexity counts multi-line SQL block comments spanning multiple lines
Check Backend & AI Engine	Run Backend Tests	2026-07-27T13:28:09.4360910Z ok 169 - analyzeComplexity counts multi-line SQL block comments spanning multiple lines
Check Backend & AI Engine	Run Backend Tests	2026-07-27T13:28:09.4361827Z   ---
Check Backend & AI Engine	Run Backend Tests	2026-07-27T13:28:09.4362126Z   duration_ms: 0.104754
Check Backend & AI Engine	Run Backend Tests	2026-07-27T13:28:09.4362467Z   ...
Check Backend & AI Engine	Run Backend Tests	2026-07-27T13:28:09.4363136Z # Subtest: analyzeComplexity SQL file with only block comment returns correct counts
Check Backend & AI Engine	Run Backend Tests	2026-07-27T13:28:09.4364172Z ok 170 - analyzeComplexity SQL file with only block comment returns correct counts
Check Backend & AI Engine	Run Backend Tests	2026-07-27T13:28:09.4364784Z   ---
Check Backend & AI Engine	Run Backend Tests	2026-07-27T13:28:09.4365086Z   duration_ms: 0.088762
Check Backend & AI Engine	Run Backend Tests	2026-07-27T13:28:09.4365433Z   ...
Check Backend & AI Engine	Run Backend Tests	2026-07-27T13:28:09.4382500Z # Subtest: analyzeComplexity mixed Ruby and Python style in non-Ruby file ignores Ruby comments
Check Backend & AI Engine	Run Backend Tests	2026-07-27T13:28:09.4383856Z ok 171 - analyzeComplexity mixed Ruby and Python style in non-Ruby file ignores Ruby comments
Check Backend & AI Engine	Run Backend Tests	2026-07-27T13:28:09.4395191Z   ---
Check Backend & AI Engine	Run Backend Tests	2026-07-27T13:28:09.4395768Z   duration_ms: 0.090765
Check Backend & AI Engine	Run Backend Tests	2026-07-27T13:28:09.4396328Z   ...
Check Backend & AI Engine	Run Backend Tests	2026-07-27T13:28:09.4397193Z # Subtest: analyzeComplexity closes SQL block comment correctly mid-file
Check Backend & AI Engine	Run Backend Tests	2026-07-27T13:28:09.4398277Z ok 172 - analyzeComplexity closes SQL block comment correctly mid-file
Check Backend & AI Engine	Run Backend Tests	2026-07-27T13:28:09.4398990Z   ---
Check Backend & AI Engine	Run Backend Tests	2026-07-27T13:28:09.4399390Z   duration_ms: 0.091812
Check Backend & AI Engine	Run Backend Tests	2026-07-27T13:28:09.4399725Z   ...
Check Backend & AI Engine	Run Backend Tests	2026-07-27T13:28:09.4400383Z # Subtest: analyzeComplexity Ruby file with only comment returns zero code lines
Check Backend & AI Engine	Run Backend Tests	2026-07-27T13:28:09.4400961Z ok 173 - analyzeComplexity Ruby file with only comment returns zero code lines
Check Backend & AI Engine	Run Backend Tests	2026-07-27T13:28:09.4401309Z   ---
Check Backend & AI Engine	Run Backend Tests	2026-07-27T13:28:09.4401508Z   duration_ms: 0.0861
Check Backend & AI Engine	Run Backend Tests	2026-07-27T13:28:09.4401722Z   ...
Check Backend & AI Engine	Run Backend Tests	2026-07-27T13:28:09.4402087Z # Subtest: analyzeComplexity ignores function keywords inside string literals
Check Backend & AI Engine	Run Backend Tests	2026-07-27T13:28:09.4402607Z ok 174 - analyzeComplexity ignores function keywords inside string literals
Check Backend & AI Engine	Run Backend Tests	2026-07-27T13:28:09.4402941Z   ---
Check Backend & AI Engine	Run Backend Tests	2026-07-27T13:28:09.4403141Z   duration_ms: 0.108104
Check Backend & AI Engine	Run Backend Tests	2026-07-27T13:28:09.4403352Z   ...
Check Backend & AI Engine	Run Backend Tests	2026-07-27T13:28:09.4403769Z # Subtest: analyzeComplexity tracks Python triple-quoted docstrings and ignores inner defs
Check Backend & AI Engine	Run Backend Tests	2026-07-27T13:28:09.4404380Z ok 175 - analyzeComplexity tracks Python triple-quoted docstrings and ignores inner defs
Check Backend & AI Engine	Run Backend Tests	2026-07-27T13:28:09.4404761Z   ---
Check Backend & AI Engine	Run Backend Tests	2026-07-27T13:28:09.4404950Z   duration_ms: 0.130567
Check Backend & AI Engine	Run Backend Tests	2026-07-27T13:28:09.4405161Z   ...
Check Backend & AI Engine	Run Backend Tests	2026-07-27T13:28:09.5072973Z # Subtest: analyzeComplexity detects PHP C-style block comments
Check Backend & AI Engine	Run Backend Tests	2026-07-27T13:28:09.5074075Z ok 176 - analyzeComplexity detects PHP C-style block comments
Check Backend & AI Engine	Run Backend Tests	2026-07-27T13:28:09.5075035Z   ---
Check Backend & AI Engine	Run Backend Tests	2026-07-27T13:28:09.5075525Z   duration_ms: 2.359456
Check Backend & AI Engine	Run Backend Tests	2026-07-27T13:28:09.5076030Z   ...
Check Backend & AI Engine	Run Backend Tests	2026-07-27T13:28:09.5076980Z # Subtest: analyzeComplexity PHP // single-line comments are detected
Check Backend & AI Engine	Run Backend Tests	2026-07-27T13:28:09.5080624Z ok 177 - analyzeComplexity PHP // single-line comments are detected
Check Backend & AI Engine	Run Backend Tests	2026-07-27T13:28:09.5081411Z   ---
Check Backend & AI Engine	Run Backend Tests	2026-07-27T13:28:09.5081702Z   duration_ms: 0.211939
Check Backend & AI Engine	Run Backend Tests	2026-07-27T13:28:09.5081945Z   ...
Check Backend & AI Engine	Run Backend Tests	2026-07-27T13:28:09.5084399Z # Subtest: analyzeComplexity PHP file without functions returns grade A
Check Backend & AI Engine	Run Backend Tests	2026-07-27T13:28:09.5085455Z ok 178 - analyzeComplexity PHP file without functions returns grade A
Check Backend & AI Engine	Run Backend Tests	2026-07-27T13:28:09.5086114Z   ---
Check Backend & AI Engine	Run Backend Tests	2026-07-27T13:28:09.5086680Z   duration_ms: 0.159553
Check Backend & AI Engine	Run Backend Tests	2026-07-27T13:28:09.5087219Z   ...
Check Backend & AI Engine	Run Backend Tests	2026-07-27T13:28:09.5103173Z # Subtest: analyzeComplexity detects Ruby hash comments
Check Backend & AI Engine	Run Backend Tests	2026-07-27T13:28:09.5120840Z ok 179 - analyzeComplexity detects Ruby hash comments
Check Backend & AI Engine	Run Backend Tests	2026-07-27T13:28:09.5127458Z   ---
Check Backend & AI Engine	Run Backend Tests	2026-07-27T13:28:09.5129250Z   duration_ms: 0.146794
Check Backend & AI Engine	Run Backend Tests	2026-07-27T13:28:09.5129767Z   ...
Check Backend & AI Engine	Run Backend Tests	2026-07-27T13:28:09.5130560Z # Subtest: analyzeComplexity Ruby does not detect C-style block comments
Check Backend & AI Engine	Run Backend Tests	2026-07-27T13:28:09.5131426Z ok 180 - analyzeComplexity Ruby does not detect C-style block comments
Check Backend & AI Engine	Run Backend Tests	2026-07-27T13:28:09.5131973Z   ---
Check Backend & AI Engine	Run Backend Tests	2026-07-27T13:28:09.5132278Z   duration_ms: 0.140401
Check Backend & AI Engine	Run Backend Tests	2026-07-27T13:28:09.5132619Z   ...
Check Backend & AI Engine	Run Backend Tests	2026-07-27T13:28:09.5133181Z # Subtest: analyzeComplexity detects Rust C-style block comments
Check Backend & AI Engine	Run Backend Tests	2026-07-27T13:28:09.5133928Z ok 181 - analyzeComplexity detects Rust C-style block comments
Check Backend & AI Engine	Run Backend Tests	2026-07-27T13:28:09.5134413Z   ---
Check Backend & AI Engine	Run Backend Tests	2026-07-27T13:28:09.5134920Z   duration_ms: 0.128041
Check Backend & AI Engine	Run Backend Tests	2026-07-27T13:28:09.5135259Z   ...
Check Backend & AI Engine	Run Backend Tests	2026-07-27T13:28:09.5135705Z # Subtest: analyzeComplexity detects Rust doc comments
Check Backend & AI Engine	Run Backend Tests	2026-07-27T13:28:09.5136322Z ok 182 - analyzeComplexity detects Rust doc comments
Check Backend & AI Engine	Run Backend Tests	2026-07-27T13:28:09.5136801Z   ---
Check Backend & AI Engine	Run Backend Tests	2026-07-27T13:28:09.5137124Z   duration_ms: 0.117428
Check Backend & AI Engine	Run Backend Tests	2026-07-27T13:28:09.5137526Z   ...
Check Backend & AI Engine	Run Backend Tests	2026-07-27T13:28:09.5138012Z # Subtest: analyzeComplexity grade A at exactly score 8
Check Backend & AI Engine	Run Backend Tests	2026-07-27T13:28:09.5138892Z ok 183 - analyzeComplexity grade A at exactly score 8
Check Backend & AI Engine	Run Backend Tests	2026-07-27T13:28:09.5139447Z   ---
Check Backend & AI Engine	Run Backend Tests	2026-07-27T13:28:09.5139781Z   duration_ms: 1.314243
Check Backend & AI Engine	Run Backend Tests	2026-07-27T13:28:09.5140363Z   ...
Check Backend & AI Engine	Run Backend Tests	2026-07-27T13:28:09.5140853Z # Subtest: analyzeComplexity grade B just above score 8
Check Backend & AI Engine	Run Backend Tests	2026-07-27T13:28:09.5141535Z ok 184 - analyzeComplexity grade B just above score 8
Check Backend & AI Engine	Run Backend Tests	2026-07-27T13:28:09.5171047Z   ---
Check Backend & AI Engine	Run Backend Tests	2026-07-27T13:28:09.5174275Z   duration_ms: 0.881349
Check Backend & AI Engine	Run Backend Tests	2026-07-27T13:28:09.5174771Z   ...
Check Backend & AI Engine	Run Backend Tests	2026-07-27T13:28:09.5175549Z # Subtest: analyzeComplexity grade B at exactly score 15
Check Backend & AI Engine	Run Backend Tests	2026-07-27T13:28:09.5176543Z ok 185 - analyzeComplexity grade B at exactly score 15
Check Backend & AI Engine	Run Backend Tests	2026-07-27T13:28:09.5177248Z   ---
Check Backend & AI Engine	Run Backend Tests	2026-07-27T13:28:09.5177734Z   duration_ms: 0.366724
Check Backend & AI Engine	Run Backend Tests	2026-07-27T13:28:09.5178259Z   ...
Check Backend & AI Engine	Run Backend Tests	2026-07-27T13:28:09.5179054Z # Subtest: analyzeComplexity grade C just above score 15
Check Backend & AI Engine	Run Backend Tests	2026-07-27T13:28:09.5180172Z ok 186 - analyzeComplexity grade C just above score 15
Check Backend & AI Engine	Run Backend Tests	2026-07-27T13:28:09.5180889Z   ---
Check Backend & AI Engine	Run Backend Tests	2026-07-27T13:28:09.5181320Z   duration_ms: 0.264118
Check Backend & AI Engine	Run Backend Tests	2026-07-27T13:28:09.5181773Z   ...
Check Backend & AI Engine	Run Backend Tests	2026-07-27T13:28:09.5182412Z # Subtest: analyzeComplexity grade D at score between 25 and 40
Check Backend & AI Engine	Run Backend Tests	2026-07-27T13:28:09.5183268Z ok 187 - analyzeComplexity grade D at score between 25 and 40
Check Backend & AI Engine	Run Backend Tests	2026-07-27T13:28:09.5183874Z   ---
Check Backend & AI Engine	Run Backend Tests	2026-07-27T13:28:09.5184286Z   duration_ms: 0.168665
Check Backend & AI Engine	Run Backend Tests	2026-07-27T13:28:09.5184737Z   ...
Check Backend & AI Engine	Run Backend Tests	2026-07-27T13:28:09.5185395Z # Subtest: analyzeComplexity grade D at score 37 (between 25 and 40)
Check Backend & AI Engine	Run Backend Tests	2026-07-27T13:28:09.5186295Z ok 188 - analyzeComplexity grade D at score 37 (between 25 and 40)
Check Backend & AI Engine	Run Backend Tests	2026-07-27T13:28:09.5186931Z   ---
Check Backend & AI Engine	Run Backend Tests	2026-07-27T13:28:09.5187358Z   duration_ms: 0.18943
Check Backend & AI Engine	Run Backend Tests	2026-07-27T13:28:09.5187806Z   ...
Check Backend & AI Engine	Run Backend Tests	2026-07-27T13:28:09.5188369Z # Subtest: analyzeComplexity grade F just above score 40
Check Backend & AI Engine	Run Backend Tests	2026-07-27T13:28:09.5189119Z ok 189 - analyzeComplexity grade F just above score 40
Check Backend & AI Engine	Run Backend Tests	2026-07-27T13:28:09.5189688Z   ---
Check Backend & AI Engine	Run Backend Tests	2026-07-27T13:28:09.5190269Z   duration_ms: 0.494514
Check Backend & AI Engine	Run Backend Tests	2026-07-27T13:28:09.5190969Z   ...
Check Backend & AI Engine	Run Backend Tests	2026-07-27T13:28:09.5191572Z # Subtest: analyzeComplexity counts empty lines correctly
Check Backend & AI Engine	Run Backend Tests	2026-07-27T13:28:09.5192346Z ok 190 - analyzeComplexity counts empty lines correctly
Check Backend & AI Engine	Run Backend Tests	2026-07-27T13:28:09.5192884Z   ---
Check Backend & AI Engine	Run Backend Tests	2026-07-27T13:28:09.5193272Z   duration_ms: 0.313355
Check Backend & AI Engine	Run Backend Tests	2026-07-27T13:28:09.5193686Z   ...
Check Backend & AI Engine	Run Backend Tests	2026-07-27T13:28:09.5194355Z # Subtest: analyzeComplexity codeLines equals total minus empty minus comment
Check Backend & AI Engine	Run Backend Tests	2026-07-27T13:28:09.5195210Z ok 191 - analyzeComplexity codeLines equals total minus empty minus comment
Check Backend & AI Engine	Run Backend Tests	2026-07-27T13:28:09.5195663Z   ---
Check Backend & AI Engine	Run Backend Tests	2026-07-27T13:28:09.5195949Z   duration_ms: 0.189677
Check Backend & AI Engine	Run Backend Tests	2026-07-27T13:28:09.5196260Z   ...
Check Backend & AI Engine	Run Backend Tests	2026-07-27T13:28:09.5196704Z # Subtest: analyzeComplexity file with only empty lines returns grade A
Check Backend & AI Engine	Run Backend Tests	2026-07-27T13:28:09.5197276Z ok 192 - analyzeComplexity file with only empty lines returns grade A
Check Backend & AI Engine	Run Backend Tests	2026-07-27T13:28:09.5197712Z   ---
Check Backend & AI Engine	Run Backend Tests	2026-07-27T13:28:09.5198004Z   duration_ms: 0.108342
Check Backend & AI Engine	Run Backend Tests	2026-07-27T13:28:09.5198303Z   ...
Check Backend & AI Engine	Run Backend Tests	2026-07-27T13:28:09.5198719Z # Subtest: analyzeComplexity handles SQL multi-line block comment
Check Backend & AI Engine	Run Backend Tests	2026-07-27T13:28:09.5199320Z ok 193 - analyzeComplexity handles SQL multi-line block comment
Check Backend & AI Engine	Run Backend Tests	2026-07-27T13:28:09.5199922Z   ---
Check Backend & AI Engine	Run Backend Tests	2026-07-27T13:28:09.5200237Z   duration_ms: 0.110056
Check Backend & AI Engine	Run Backend Tests	2026-07-27T13:28:09.5200547Z   ...
Check Backend & AI Engine	Run Backend Tests	2026-07-27T13:28:09.5200961Z # Subtest: analyzeComplexity detects CSS block comments
Check Backend & AI Engine	Run Backend Tests	2026-07-27T13:28:09.5201446Z ok 194 - analyzeComplexity detects CSS block comments
Check Backend & AI Engine	Run Backend Tests	2026-07-27T13:28:09.5201812Z   ---
Check Backend & AI Engine	Run Backend Tests	2026-07-27T13:28:09.5202090Z   duration_ms: 0.103866
Check Backend & AI Engine	Run Backend Tests	2026-07-27T13:28:09.5202388Z   ...
Check Backend & AI Engine	Run Backend Tests	2026-07-27T13:28:09.5789161Z # Check run batch 1 created with ID: 12345
Check Backend & AI Engine	Run Backend Tests	2026-07-27T13:28:09.5804208Z # Check run batch 1 created with ID: 12345
Check Backend & AI Engine	Run Backend Tests	2026-07-27T13:28:09.5807744Z # Check run batch 1 created with ID: 1
Check Backend & AI Engine	Run Backend Tests	2026-07-27T13:28:09.5810782Z # Check run batch 1 created with ID: 99999
Check Backend & AI Engine	Run Backend Tests	2026-07-27T13:28:09.5814747Z # Check run batch 1 created with ID: 1
Check Backend & AI Engine	Run Backend Tests	2026-07-27T13:28:09.5815259Z # Check run batch 2 created with ID: 2
Check Backend & AI Engine	Run Backend Tests	2026-07-27T13:28:09.5815615Z # Check run batch 3 created with ID: 3
Check Backend & AI Engine	Run Backend Tests	2026-07-27T13:28:09.5818942Z # Check run batch 1 created with ID: 1
Check Backend & AI Engine	Run Backend Tests	2026-07-27T13:28:09.5821223Z # Check run batch 1 created with ID: 1
Check Backend & AI Engine	Run Backend Tests	2026-07-27T13:28:09.5833775Z # Check run batch 1 created with ID: 1
Check Backend & AI Engine	Run Backend Tests	2026-07-27T13:28:09.5834296Z # Check run batch 2 created with ID: 2
Check Backend & AI Engine	Run Backend Tests	2026-07-27T13:28:09.5834661Z # Check run batch 3 created with ID: 3
Check Backend & AI Engine	Run Backend Tests	2026-07-27T13:28:09.5836461Z # No findings to report as check run
Check Backend & AI Engine	Run Backend Tests	2026-07-27T13:28:09.5838683Z # No findings to report as check run
Check Backend & AI Engine	Run Backend Tests	2026-07-27T13:28:09.5848842Z # Failed to create check run batch 1: GitHub API error: 403 Forbidden
Check Backend & AI Engine	Run Backend Tests	2026-07-27T13:28:09.5851478Z # Check run batch 1 created with ID: 1
Check Backend & AI Engine	Run Backend Tests	2026-07-27T13:28:09.5854861Z # Check run batch 1 created with ID: 1
Check Backend & AI Engine	Run Backend Tests	2026-07-27T13:28:09.5855296Z # Check run batch 2 created with ID: 2
Check Backend & AI Engine	Run Backend Tests	2026-07-27T13:28:09.5885645Z # Subtest: createCheckRun calls octokit.checks.create with correct owner, repo, and sha
Check Backend & AI Engine	Run Backend Tests	2026-07-27T13:28:09.5892751Z ok 195 - createCheckRun calls octokit.checks.create with correct owner, repo, and sha
Check Backend & AI Engine	Run Backend Tests	2026-07-27T13:28:09.5893321Z   ---
Check Backend & AI Engine	Run Backend Tests	2026-07-27T13:28:09.5893835Z   duration_ms: 2.73518
Check Backend & AI Engine	Run Backend Tests	2026-07-27T13:28:09.5894232Z   ...
Check Backend & AI Engine	Run Backend Tests	2026-07-27T13:28:09.5894773Z # Subtest: createCheckRun sets check run title and status to completed
Check Backend & AI Engine	Run Backend Tests	2026-07-27T13:28:09.5895261Z ok 196 - createCheckRun sets check run title and status to completed
Check Backend & AI Engine	Run Backend Tests	2026-07-27T13:28:09.5895583Z   ---
Check Backend & AI Engine	Run Backend Tests	2026-07-27T13:28:09.5895789Z   duration_ms: 0.373989
Check Backend & AI Engine	Run Backend Tests	2026-07-27T13:28:09.5896011Z   ...
Check Backend & AI Engine	Run Backend Tests	2026-07-27T13:28:09.5896361Z # Subtest: createCheckRun calls octokit.rest.checks.create with findings
Check Backend & AI Engine	Run Backend Tests	2026-07-27T13:28:09.5902445Z ok 197 - createCheckRun calls octokit.rest.checks.create with findings
Check Backend & AI Engine	Run Backend Tests	2026-07-27T13:28:09.5903254Z   ---
Check Backend & AI Engine	Run Backend Tests	2026-07-27T13:28:09.5904112Z   duration_ms: 0.268689
Check Backend & AI Engine	Run Backend Tests	2026-07-27T13:28:09.5904589Z   ...
Check Backend & AI Engine	Run Backend Tests	2026-07-27T13:28:09.5905399Z # Subtest: createCheckRun returns check run IDs and batch count
Check Backend & AI Engine	Run Backend Tests	2026-07-27T13:28:09.5906278Z ok 198 - createCheckRun returns check run IDs and batch count
Check Backend & AI Engine	Run Backend Tests	2026-07-27T13:28:09.5906847Z   ---
Check Backend & AI Engine	Run Backend Tests	2026-07-27T13:28:09.5907206Z   duration_ms: 0.269591
Check Backend & AI Engine	Run Backend Tests	2026-07-27T13:28:09.5907903Z   ...
Check Backend & AI Engine	Run Backend Tests	2026-07-27T13:28:09.5908546Z # Subtest: createCheckRun batches findings into chunks of 50
Check Backend & AI Engine	Run Backend Tests	2026-07-27T13:28:09.5909425Z ok 199 - createCheckRun batches findings into chunks of 50
Check Backend & AI Engine	Run Backend Tests	2026-07-27T13:28:09.5910327Z   ---
Check Backend & AI Engine	Run Backend Tests	2026-07-27T13:28:09.5910774Z   duration_ms: 0.446359
Check Backend & AI Engine	Run Backend Tests	2026-07-27T13:28:09.5911231Z   ...
Check Backend & AI Engine	Run Backend Tests	2026-07-27T13:28:09.5917903Z # Subtest: createCheckRun sets conclusion to failure when findings include error severity
Check Backend & AI Engine	Run Backend Tests	2026-07-27T13:28:09.5918910Z ok 200 - createCheckRun sets conclusion to failure when findings include error severity
Check Backend & AI Engine	Run Backend Tests	2026-07-27T13:28:09.5919521Z   ---
Check Backend & AI Engine	Run Backend Tests	2026-07-27T13:28:09.5919968Z   duration_ms: 0.237938
Check Backend & AI Engine	Run Backend Tests	2026-07-27T13:28:09.5920324Z   ...
Check Backend & AI Engine	Run Backend Tests	2026-07-27T13:28:09.5924705Z # Subtest: createCheckRun sets conclusion to success when no error severity findings
Check Backend & AI Engine	Run Backend Tests	2026-07-27T13:28:09.5940790Z ok 201 - createCheckRun sets conclusion to success when no error severity findings
Check Backend & AI Engine	Run Backend Tests	2026-07-27T13:28:09.5941768Z   ---
Check Backend & AI Engine	Run Backend Tests	2026-07-27T13:28:09.5942222Z   duration_ms: 0.257185
Check Backend & AI Engine	Run Backend Tests	2026-07-27T13:28:09.5942693Z   ...
Check Backend & AI Engine	Run Backend Tests	2026-07-27T13:28:09.5943423Z # Subtest: createCheckRun produces correct batch titles for multi-batch runs
Check Backend & AI Engine	Run Backend Tests	2026-07-27T13:28:09.5944508Z ok 202 - createCheckRun produces correct batch titles for multi-batch runs
Check Backend & AI Engine	Run Backend Tests	2026-07-27T13:28:09.5945305Z   ---
Check Backend & AI Engine	Run Backend Tests	2026-07-27T13:28:09.5945732Z   duration_ms: 1.214354
Check Backend & AI Engine	Run Backend Tests	2026-07-27T13:28:09.5946173Z   ...
Check Backend & AI Engine	Run Backend Tests	2026-07-27T13:28:09.5955501Z # Subtest: createCheckRun returns null when findings is empty array
Check Backend & AI Engine	Run Backend Tests	2026-07-27T13:28:09.5971163Z ok 203 - createCheckRun returns null when findings is empty array
Check Backend & AI Engine	Run Backend Tests	2026-07-27T13:28:09.5980717Z   ---
Check Backend & AI Engine	Run Backend Tests	2026-07-27T13:28:09.5981107Z   duration_ms: 0.240846
Check Backend & AI Engine	Run Backend Tests	2026-07-27T13:28:09.5981701Z   ...
Check Backend & AI Engine	Run Backend Tests	2026-07-27T13:28:09.5982259Z # Subtest: createCheckRun returns null when findings is null
Check Backend & AI Engine	Run Backend Tests	2026-07-27T13:28:09.5982980Z ok 204 - createCheckRun returns null when findings is null
Check Backend & AI Engine	Run Backend Tests	2026-07-27T13:28:09.5983494Z   ---
Check Backend & AI Engine	Run Backend Tests	2026-07-27T13:28:09.5983804Z   duration_ms: 0.192287
Check Backend & AI Engine	Run Backend Tests	2026-07-27T13:28:09.5984143Z   ...
Check Backend & AI Engine	Run Backend Tests	2026-07-27T13:28:09.5984668Z # Subtest: createCheckRun throws Error when octokit is missing
Check Backend & AI Engine	Run Backend Tests	2026-07-27T13:28:09.5985379Z ok 205 - createCheckRun throws Error when octokit is missing
Check Backend & AI Engine	Run Backend Tests	2026-07-27T13:28:09.5985858Z   ---
Check Backend & AI Engine	Run Backend Tests	2026-07-27T13:28:09.5986154Z   duration_ms: 0.31744
Check Backend & AI Engine	Run Backend Tests	2026-07-27T13:28:09.5986474Z   ...
Check Backend & AI Engine	Run Backend Tests	2026-07-27T13:28:09.5986940Z # Subtest: createCheckRun throws Error when owner is missing
Check Backend & AI Engine	Run Backend Tests	2026-07-27T13:28:09.5991891Z ok 206 - createCheckRun throws Error when owner is missing
Check Backend & AI Engine	Run Backend Tests	2026-07-27T13:28:09.5992632Z   ---
Check Backend & AI Engine	Run Backend Tests	2026-07-27T13:28:09.5993418Z   duration_ms: 0.131459
Check Backend & AI Engine	Run Backend Tests	2026-07-27T13:28:09.5993822Z   ...
Check Backend & AI Engine	Run Backend Tests	2026-07-27T13:28:09.5994321Z # Subtest: createCheckRun throws Error when sha is missing
Check Backend & AI Engine	Run Backend Tests	2026-07-27T13:28:09.5995036Z ok 207 - createCheckRun throws Error when sha is missing
Check Backend & AI Engine	Run Backend Tests	2026-07-27T13:28:09.5995480Z   ---
Check Backend & AI Engine	Run Backend Tests	2026-07-27T13:28:09.5995753Z   duration_ms: 0.106754
Check Backend & AI Engine	Run Backend Tests	2026-07-27T13:28:09.5996056Z   ...
Check Backend & AI Engine	Run Backend Tests	2026-07-27T13:28:09.5996546Z # Subtest: createCheckRun throws octokit error and re-throws it
Check Backend & AI Engine	Run Backend Tests	2026-07-27T13:28:09.5997177Z ok 208 - createCheckRun throws octokit error and re-throws it
Check Backend & AI Engine	Run Backend Tests	2026-07-27T13:28:09.5997627Z   ---
Check Backend & AI Engine	Run Backend Tests	2026-07-27T13:28:09.5997874Z   duration_ms: 0.299742
Check Backend & AI Engine	Run Backend Tests	2026-07-27T13:28:09.5998159Z   ...
Check Backend & AI Engine	Run Backend Tests	2026-07-27T13:28:09.6005621Z # Subtest: createCheckRun returns correct batchCount for single batch
Check Backend & AI Engine	Run Backend Tests	2026-07-27T13:28:09.6006491Z ok 209 - createCheckRun returns correct batchCount for single batch
Check Backend & AI Engine	Run Backend Tests	2026-07-27T13:28:09.6007013Z   ---
Check Backend & AI Engine	Run Backend Tests	2026-07-27T13:28:09.6007314Z   duration_ms: 0.255465
Check Backend & AI Engine	Run Backend Tests	2026-07-27T13:28:09.6007656Z   ...
Check Backend & AI Engine	Run Backend Tests	2026-07-27T13:28:09.6008247Z # Subtest: createCheckRun summary reflects total findings across all batches
Check Backend & AI Engine	Run Backend Tests	2026-07-27T13:28:09.6009092Z ok 210 - createCheckRun summary reflects total findings across all batches
Check Backend & AI Engine	Run Backend Tests	2026-07-27T13:28:09.6009625Z   ---
Check Backend & AI Engine	Run Backend Tests	2026-07-27T13:28:09.6010141Z   duration_ms: 0.337665
Check Backend & AI Engine	Run Backend Tests	2026-07-27T13:28:09.6010526Z   ...
Check Backend & AI Engine	Run Backend Tests	2026-07-27T13:28:09.7806151Z # Subtest: CSRF token cookie security flags
Check Backend & AI Engine	Run Backend Tests	2026-07-27T13:28:09.7808107Z     # Subtest: csrf_token cookie should have httpOnly flag
Check Backend & AI Engine	Run Backend Tests	2026-07-27T13:28:09.7808925Z     ok 1 - csrf_token cookie should have httpOnly flag
Check Backend & AI Engine	Run Backend Tests	2026-07-27T13:28:09.7809654Z       ---
Check Backend & AI Engine	Run Backend Tests	2026-07-27T13:28:09.7810156Z       duration_ms: 21.40319
Check Backend & AI Engine	Run Backend Tests	2026-07-27T13:28:09.7810567Z       ...
Check Backend & AI Engine	Run Backend Tests	2026-07-27T13:28:09.7839767Z     # Subtest: csrf_token cookie should have Secure flag in production
Check Backend & AI Engine	Run Backend Tests	2026-07-27T13:28:09.7842388Z     ok 2 - csrf_token cookie should have Secure flag in production
Check Backend & AI Engine	Run Backend Tests	2026-07-27T13:28:09.7843030Z       ---
Check Backend & AI Engine	Run Backend Tests	2026-07-27T13:28:09.7843430Z       duration_ms: 3.554853
Check Backend & AI Engine	Run Backend Tests	2026-07-27T13:28:09.7843850Z       ...
Check Backend & AI Engine	Run Backend Tests	2026-07-27T13:28:09.7867969Z     # Subtest: csrf_token cookie should have SameSite=Strict
Check Backend & AI Engine	Run Backend Tests	2026-07-27T13:28:09.7868956Z     ok 3 - csrf_token cookie should have SameSite=Strict
Check Backend & AI Engine	Run Backend Tests	2026-07-27T13:28:09.7869437Z       ---
Check Backend & AI Engine	Run Backend Tests	2026-07-27T13:28:09.7869653Z       duration_ms: 2.732156
Check Backend & AI Engine	Run Backend Tests	2026-07-27T13:28:09.7869997Z       ...
Check Backend & AI Engine	Run Backend Tests	2026-07-27T13:28:09.7892703Z     # Subtest: csrf_token cookie should have appropriate expiration
Check Backend & AI Engine	Run Backend Tests	2026-07-27T13:28:09.7893919Z     ok 4 - csrf_token cookie should have appropriate expiration
Check Backend & AI Engine	Run Backend Tests	2026-07-27T13:28:09.7894380Z       ---
Check Backend & AI Engine	Run Backend Tests	2026-07-27T13:28:09.7894760Z       duration_ms: 2.556822
Check Backend & AI Engine	Run Backend Tests	2026-07-27T13:28:09.7894999Z       ...
Check Backend & AI Engine	Run Backend Tests	2026-07-27T13:28:09.7917627Z     # Subtest: csrf_token cookie should be set on root path
Check Backend & AI Engine	Run Backend Tests	2026-07-27T13:28:09.7919732Z     ok 5 - csrf_token cookie should be set on root path
Check Backend & AI Engine	Run Backend Tests	2026-07-27T13:28:09.7920531Z       ---
Check Backend & AI Engine	Run Backend Tests	2026-07-27T13:28:09.7921297Z       duration_ms: 2.425525
Check Backend & AI Engine	Run Backend Tests	2026-07-27T13:28:09.7921811Z       ...
Check Backend & AI Engine	Run Backend Tests	2026-07-27T13:28:09.7939007Z     # Subtest: CSRF token value should not be exposed to JavaScript
Check Backend & AI Engine	Run Backend Tests	2026-07-27T13:28:09.7940829Z     ok 6 - CSRF token value should not be exposed to JavaScript
Check Backend & AI Engine	Run Backend Tests	2026-07-27T13:28:09.7945301Z       ---
Check Backend & AI Engine	Run Backend Tests	2026-07-27T13:28:09.7945856Z       duration_ms: 2.572159
Check Backend & AI Engine	Run Backend Tests	2026-07-27T13:28:09.7946178Z       ...
Check Backend & AI Engine	Run Backend Tests	2026-07-27T13:28:09.7946522Z     1..6
Check Backend & AI Engine	Run Backend Tests	2026-07-27T13:28:09.7946785Z ok 211 - CSRF token cookie security flags
Check Backend & AI Engine	Run Backend Tests	2026-07-27T13:28:09.7947059Z   ---
Check Backend & AI Engine	Run Backend Tests	2026-07-27T13:28:09.7947267Z   duration_ms: 36.761885
Check Backend & AI Engine	Run Backend Tests	2026-07-27T13:28:09.7947503Z   type: 'suite'
Check Backend & AI Engine	Run Backend Tests	2026-07-27T13:28:09.7947713Z   ...
Check Backend & AI Engine	Run Backend Tests	2026-07-27T13:28:09.8737973Z # Subtest: DANGEROUS_PHRASES is an array
Check Backend & AI Engine	Run Backend Tests	2026-07-27T13:28:09.8738720Z ok 212 - DANGEROUS_PHRASES is an array
Check Backend & AI Engine	Run Backend Tests	2026-07-27T13:28:09.8739038Z   ---
Check Backend & AI Engine	Run Backend Tests	2026-07-27T13:28:09.8739270Z   duration_ms: 1.424841
Check Backend & AI Engine	Run Backend Tests	2026-07-27T13:28:09.8745099Z   ...
Check Backend & AI Engine	Run Backend Tests	2026-07-27T13:28:09.8745598Z # Subtest: DANGEROUS_PHRASES has more than 20 entries
Check Backend & AI Engine	Run Backend Tests	2026-07-27T13:28:09.8750752Z ok 213 - DANGEROUS_PHRASES has more than 20 entries
Check Backend & AI Engine	Run Backend Tests	2026-07-27T13:28:09.8751483Z   ---
Check Backend & AI Engine	Run Backend Tests	2026-07-27T13:28:09.8751906Z   duration_ms: 0.155156
Check Backend & AI Engine	Run Backend Tests	2026-07-27T13:28:09.8752230Z   ...
Check Backend & AI Engine	Run Backend Tests	2026-07-27T13:28:09.8752700Z # Subtest: DANGEROUS_PHRASES contains known critical phrases
Check Backend & AI Engine	Run Backend Tests	2026-07-27T13:28:09.8758136Z ok 214 - DANGEROUS_PHRASES contains known critical phrases
Check Backend & AI Engine	Run Backend Tests	2026-07-27T13:28:09.8758789Z   ---
Check Backend & AI Engine	Run Backend Tests	2026-07-27T13:28:09.8759127Z   duration_ms: 0.173526
Check Backend & AI Engine	Run Backend Tests	2026-07-27T13:28:09.8759485Z   ...
Check Backend & AI Engine	Run Backend Tests	2026-07-27T13:28:09.8764401Z # Subtest: DANGEROUS_PHRASES contains system override phrases
Check Backend & AI Engine	Run Backend Tests	2026-07-27T13:28:09.8765198Z ok 215 - DANGEROUS_PHRASES contains system override phrases
Check Backend & AI Engine	Run Backend Tests	2026-07-27T13:28:09.8766313Z   ---
Check Backend & AI Engine	Run Backend Tests	2026-07-27T13:28:09.8766734Z   duration_ms: 0.113162
Check Backend & AI Engine	Run Backend Tests	2026-07-27T13:28:09.8767147Z   ...
Check Backend & AI Engine	Run Backend Tests	2026-07-27T13:28:09.8772177Z # Subtest: DANGEROUS_PHRASES contains roleplay and directive phrases
Check Backend & AI Engine	Run Backend Tests	2026-07-27T13:28:09.8774433Z ok 216 - DANGEROUS_PHRASES contains roleplay and directive phrases
Check Backend & AI Engine	Run Backend Tests	2026-07-27T13:28:09.8775230Z   ---
Check Backend & AI Engine	Run Backend Tests	2026-07-27T13:28:09.8775678Z   duration_ms: 0.103339
Check Backend & AI Engine	Run Backend Tests	2026-07-27T13:28:09.8776117Z   ...
Check Backend & AI Engine	Run Backend Tests	2026-07-27T13:28:09.8794853Z # Subtest: DANGEROUS_PHRASES contains impersonation phrases
Check Backend & AI Engine	Run Backend Tests	2026-07-27T13:28:09.8796137Z ok 217 - DANGEROUS_PHRASES contains impersonation phrases
Check Backend & AI Engine	Run Backend Tests	2026-07-27T13:28:09.8796709Z   ---
Check Backend & AI Engine	Run Backend Tests	2026-07-27T13:28:09.8797039Z   duration_ms: 0.086052
Check Backend & AI Engine	Run Backend Tests	2026-07-27T13:28:09.8797398Z   ...
Check Backend & AI Engine	Run Backend Tests	2026-07-27T13:28:09.8801598Z # Subtest: DANGEROUS_PHRASES contains bypass and breach phrases
Check Backend & AI Engine	Run Backend Tests	2026-07-27T13:28:09.8802565Z ok 218 - DANGEROUS_PHRASES contains bypass and breach phrases
Check Backend & AI Engine	Run Backend Tests	2026-07-27T13:28:09.8803201Z   ---
Check Backend & AI Engine	Run Backend Tests	2026-07-27T13:28:09.8803647Z   duration_ms: 0.085098
Check Backend & AI Engine	Run Backend Tests	2026-07-27T13:28:09.8804363Z   ...
Check Backend & AI Engine	Run Backend Tests	2026-07-27T13:28:09.8804841Z # Subtest: DANGEROUS_PHRASES contains dismiss phrases
Check Backend & AI Engine	Run Backend Tests	2026-07-27T13:28:09.8811553Z ok 219 - DANGEROUS_PHRASES contains dismiss phrases
Check Backend & AI Engine	Run Backend Tests	2026-07-27T13:28:09.8812031Z   ---
Check Backend & AI Engine	Run Backend Tests	2026-07-27T13:28:09.8812325Z   duration_ms: 0.865893
Check Backend & AI Engine	Run Backend Tests	2026-07-27T13:28:09.8812629Z   ...
Check Backend & AI Engine	Run Backend Tests	2026-07-27T13:28:09.8813133Z # Subtest: DANGEROUS_PHRASES contains instruction override phrases
Check Backend & AI Engine	Run Backend Tests	2026-07-27T13:28:09.8813798Z ok 220 - DANGEROUS_PHRASES contains instruction override phrases
Check Backend & AI Engine	Run Backend Tests	2026-07-27T13:28:09.8814110Z   ---
Check Backend & AI Engine	Run Backend Tests	2026-07-27T13:28:09.8814309Z   duration_ms: 0.104499
Check Backend & AI Engine	Run Backend Tests	2026-07-27T13:28:09.8814526Z   ...
Check Backend & AI Engine	Run Backend Tests	2026-07-27T13:28:09.8814830Z # Subtest: DANGEROUS_PHRASES contains forget memory phrases
Check Backend & AI Engine	Run Backend Tests	2026-07-27T13:28:09.8815255Z ok 221 - DANGEROUS_PHRASES contains forget memory phrases
Check Backend & AI Engine	Run Backend Tests	2026-07-27T13:28:09.8815544Z   ---
Check Backend & AI Engine	Run Backend Tests	2026-07-27T13:28:09.8815743Z   duration_ms: 0.083022
Check Backend & AI Engine	Run Backend Tests	2026-07-27T13:28:09.8815952Z   ...
Check Backend & AI Engine	Run Backend Tests	2026-07-27T13:28:09.8820736Z # Subtest: DANGEROUS_PHRASES contains dismiss instruction phrases
Check Backend & AI Engine	Run Backend Tests	2026-07-27T13:28:09.8824003Z ok 222 - DANGEROUS_PHRASES contains dismiss instruction phrases
Check Backend & AI Engine	Run Backend Tests	2026-07-27T13:28:09.8824770Z   ---
Check Backend & AI Engine	Run Backend Tests	2026-07-27T13:28:09.8825246Z   duration_ms: 0.077059
Check Backend & AI Engine	Run Backend Tests	2026-07-27T13:28:09.8825711Z   ...
Check Backend & AI Engine	Run Backend Tests	2026-07-27T13:28:09.8826310Z # Subtest: DANGEROUS_PHRASES contains from now on phrase
Check Backend & AI Engine	Run Backend Tests	2026-07-27T13:28:09.8827072Z ok 223 - DANGEROUS_PHRASES contains from now on phrase
Check Backend & AI Engine	Run Backend Tests	2026-07-27T13:28:09.8827657Z   ---
Check Backend & AI Engine	Run Backend Tests	2026-07-27T13:28:09.8828070Z   duration_ms: 0.072574
Check Backend & AI Engine	Run Backend Tests	2026-07-27T13:28:09.8828521Z   ...
Check Backend & AI Engine	Run Backend Tests	2026-07-27T13:28:09.8829166Z # Subtest: DANGEROUS_PHRASES contains "you are programmed" phrase
Check Backend & AI Engine	Run Backend Tests	2026-07-27T13:28:09.8830254Z ok 224 - DANGEROUS_PHRASES contains "you are programmed" phrase
Check Backend & AI Engine	Run Backend Tests	2026-07-27T13:28:09.8831137Z   ---
Check Backend & AI Engine	Run Backend Tests	2026-07-27T13:28:09.8831568Z   duration_ms: 0.073221
Check Backend & AI Engine	Run Backend Tests	2026-07-27T13:28:09.8832021Z   ...
Check Backend & AI Engine	Run Backend Tests	2026-07-27T13:28:09.8832676Z # Subtest: DANGEROUS_PHRASES contains "your true purpose" phrase
Check Backend & AI Engine	Run Backend Tests	2026-07-27T13:28:09.8833555Z ok 225 - DANGEROUS_PHRASES contains "your true purpose" phrase
Check Backend & AI Engine	Run Backend Tests	2026-07-27T13:28:09.8834179Z   ---
Check Backend & AI Engine	Run Backend Tests	2026-07-27T13:28:09.8834597Z   duration_ms: 0.074677
Check Backend & AI Engine	Run Backend Tests	2026-07-27T13:28:09.8835046Z   ...
Check Backend & AI Engine	Run Backend Tests	2026-07-27T13:28:09.8835653Z # Subtest: DANGEROUS_PHRASES contains "listen to me" phrase
Check Backend & AI Engine	Run Backend Tests	2026-07-27T13:28:09.8836437Z ok 226 - DANGEROUS_PHRASES contains "listen to me" phrase
Check Backend & AI Engine	Run Backend Tests	2026-07-27T13:28:09.8837019Z   ---
Check Backend & AI Engine	Run Backend Tests	2026-07-27T13:28:09.8837443Z   duration_ms: 0.073014
Check Backend & AI Engine	Run Backend Tests	2026-07-27T13:28:09.8837888Z   ...
Check Backend & AI Engine	Run Backend Tests	2026-07-27T13:28:09.8853669Z # Subtest: DANGEROUS_PHRASES contains "disable all" phrase
Check Backend & AI Engine	Run Backend Tests	2026-07-27T13:28:09.8871412Z ok 227 - DANGEROUS_PHRASES contains "disable all" phrase
Check Backend & AI Engine	Run Backend Tests	2026-07-27T13:28:09.8872466Z   ---
Check Backend & AI Engine	Run Backend Tests	2026-07-27T13:28:09.8873013Z   duration_ms: 0.071019
Check Backend & AI Engine	Run Backend Tests	2026-07-27T13:28:09.8873492Z   ...
Check Backend & AI Engine	Run Backend Tests	2026-07-27T13:28:09.8874303Z # Subtest: DANGEROUS_PHRASES contains "real instruction" and "actual instruction" phrases
Check Backend & AI Engine	Run Backend Tests	2026-07-27T13:28:09.8875406Z ok 228 - DANGEROUS_PHRASES contains "real instruction" and "actual instruction" phrases
Check Backend & AI Engine	Run Backend Tests	2026-07-27T13:28:09.8876129Z   ---
Check Backend & AI Engine	Run Backend Tests	2026-07-27T13:28:09.8876555Z   duration_ms: 0.07574
Check Backend & AI Engine	Run Backend Tests	2026-07-27T13:28:09.8877223Z   ...
Check Backend & AI Engine	Run Backend Tests	2026-07-27T13:28:09.8877859Z # Subtest: all DANGEROUS_PHRASES entries are non-empty strings
Check Backend & AI Engine	Run Backend Tests	2026-07-27T13:28:09.8878702Z ok 229 - all DANGEROUS_PHRASES entries are non-empty strings
Check Backend & AI Engine	Run Backend Tests	2026-07-27T13:28:09.8879293Z   ---
Check Backend & AI Engine	Run Backend Tests	2026-07-27T13:28:09.8879706Z   duration_ms: 0.154548
Check Backend & AI Engine	Run Backend Tests	2026-07-27T13:28:09.8880376Z   ...
Check Backend & AI Engine	Run Backend Tests	2026-07-27T13:28:09.8880935Z # Subtest: DANGEROUS_PHRASES has no duplicate entries
Check Backend & AI Engine	Run Backend Tests	2026-07-27T13:28:09.8881655Z ok 230 - DANGEROUS_PHRASES has no duplicate entries
Check Backend & AI Engine	Run Backend Tests	2026-07-27T13:28:09.8882200Z   ---
Check Backend & AI Engine	Run Backend Tests	2026-07-27T13:28:09.8882607Z   duration_ms: 0.107101
Check Backend & AI Engine	Run Backend Tests	2026-07-27T13:28:09.8883083Z   ...
Check Backend & AI Engine	Run Backend Tests	2026-07-27T13:28:09.8883698Z # Subtest: DANGEROUS_PHRASES entries are lowercase or mixed case
Check Backend & AI Engine	Run Backend Tests	2026-07-27T13:28:09.8884566Z ok 231 - DANGEROUS_PHRASES entries are lowercase or mixed case
Check Backend & AI Engine	Run Backend Tests	2026-07-27T13:28:09.8885153Z   ---
Check Backend & AI Engine	Run Backend Tests	2026-07-27T13:28:09.8885446Z   duration_ms: 0.093699
Check Backend & AI Engine	Run Backend Tests	2026-07-27T13:28:09.8885734Z   ...
Check Backend & AI Engine	Run Backend Tests	2026-07-27T13:28:09.8886077Z # Subtest: DANGEROUS_PHRASES does not contain undefined or null
Check Backend & AI Engine	Run Backend Tests	2026-07-27T13:28:09.8886688Z ok 232 - DANGEROUS_PHRASES does not contain undefined or null
Check Backend & AI Engine	Run Backend Tests	2026-07-27T13:28:09.8886996Z   ---
Check Backend & AI Engine	Run Backend Tests	2026-07-27T13:28:09.8887193Z   duration_ms: 0.077782
Check Backend & AI Engine	Run Backend Tests	2026-07-27T13:28:09.8887405Z   ...
Check Backend & AI Engine	Run Backend Tests	2026-07-27T13:28:10.1776217Z # Subtest: isDatabaseConnected returns false before any connection
Check Backend & AI Engine	Run Backend Tests	2026-07-27T13:28:10.1778909Z ok 233 - isDatabaseConnected returns false before any connection
Check Backend & AI Engine	Run Backend Tests	2026-07-27T13:28:10.1779314Z   ---
Check Backend & AI Engine	Run Backend Tests	2026-07-27T13:28:10.1779555Z   duration_ms: 5.656315
Check Backend & AI Engine	Run Backend Tests	2026-07-27T13:28:10.1779992Z   ...
Check Backend & AI Engine	Run Backend Tests	2026-07-27T13:28:10.1781137Z # Subtest: isDatabaseConnected returns a boolean type
Check Backend & AI Engine	Run Backend Tests	2026-07-27T13:28:10.1782357Z ok 234 - isDatabaseConnected returns a boolean type
Check Backend & AI Engine	Run Backend Tests	2026-07-27T13:28:10.1783011Z   ---
Check Backend & AI Engine	Run Backend Tests	2026-07-27T13:28:10.1783434Z   duration_ms: 0.256495
Check Backend & AI Engine	Run Backend Tests	2026-07-27T13:28:10.1783784Z   ...
Check Backend & AI Engine	Run Backend Tests	2026-07-27T13:28:10.1786478Z # Subtest: isDatabaseConnected is a boolean after module load (not connected)
Check Backend & AI Engine	Run Backend Tests	2026-07-27T13:28:10.1788887Z ok 235 - isDatabaseConnected is a boolean after module load (not connected)
Check Backend & AI Engine	Run Backend Tests	2026-07-27T13:28:10.1789649Z   ---
Check Backend & AI Engine	Run Backend Tests	2026-07-27T13:28:10.1790194Z   duration_ms: 0.162058
Check Backend & AI Engine	Run Backend Tests	2026-07-27T13:28:10.1790627Z   ...
Check Backend & AI Engine	Run Backend Tests	2026-07-27T13:28:10.1792592Z # Subtest: closeDatabase is callable and returns when disconnected
Check Backend & AI Engine	Run Backend Tests	2026-07-27T13:28:10.1793374Z ok 236 - closeDatabase is callable and returns when disconnected
Check Backend & AI Engine	Run Backend Tests	2026-07-27T13:28:10.1793834Z   ---
Check Backend & AI Engine	Run Backend Tests	2026-07-27T13:28:10.1794168Z   duration_ms: 0.261627
Check Backend & AI Engine	Run Backend Tests	2026-07-27T13:28:10.1794391Z   ...
Check Backend & AI Engine	Run Backend Tests	2026-07-27T13:28:10.1802307Z # Subtest: closeDatabase is a function and returns a Promise
Check Backend & AI Engine	Run Backend Tests	2026-07-27T13:28:10.1803006Z ok 237 - closeDatabase is a function and returns a Promise
Check Backend & AI Engine	Run Backend Tests	2026-07-27T13:28:10.1803311Z   ---
Check Backend & AI Engine	Run Backend Tests	2026-07-27T13:28:10.1803725Z   duration_ms: 0.157783
Check Backend & AI Engine	Run Backend Tests	2026-07-27T13:28:10.1803960Z   ...
Check Backend & AI Engine	Run Backend Tests	2026-07-27T13:28:10.2789346Z # ⚠️ MongoDB disconnected. Will re-attempt connection on next request.
Check Backend & AI Engine	Run Backend Tests	2026-07-27T13:28:10.2793065Z # ⚠️ MongoDB connection failed: connect ECONNREFUSED 0.0.0.0:1
Check Backend & AI Engine	Run Backend Tests	2026-07-27T13:28:10.2793881Z # ============================================================
Check Backend & AI Engine	Run Backend Tests	2026-07-27T13:28:10.2794547Z #   MongoDB NOT connected - Running in DEGRADED mode
Check Backend & AI Engine	Run Backend Tests	2026-07-27T13:28:10.2795185Z #   Analytics will not be persisted across restarts.
Check Backend & AI Engine	Run Backend Tests	2026-07-27T13:28:10.2795666Z #   Set MONGODB_URI in your environment to enable persistence.
Check Backend & AI Engine	Run Backend Tests	2026-07-27T13:28:10.2796110Z # ============================================================
Check Backend & AI Engine	Run Backend Tests	2026-07-27T13:28:10.2816581Z # ⚠️ MongoDB connection error: connect ECONNREFUSED 0.0.0.0:1
Check Backend & AI Engine	Run Backend Tests	2026-07-27T13:28:10.2818668Z # Subtest: connectDatabase returns a Promise without a real DB
Check Backend & AI Engine	Run Backend Tests	2026-07-27T13:28:10.2820191Z ok 238 - connectDatabase returns a Promise without a real DB
Check Backend & AI Engine	Run Backend Tests	2026-07-27T13:28:10.2820936Z   ---
Check Backend & AI Engine	Run Backend Tests	2026-07-27T13:28:10.2821256Z   duration_ms: 116.235173
Check Backend & AI Engine	Run Backend Tests	2026-07-27T13:28:10.2821573Z   ...
Check Backend & AI Engine	Run Backend Tests	2026-07-27T13:28:10.3823198Z # ⚠️ MongoDB disconnected. Will re-attempt connection on next request.
Check Backend & AI Engine	Run Backend Tests	2026-07-27T13:28:10.3824727Z # ⚠️ MongoDB connection failed: connect ECONNREFUSED 0.0.0.0:1
Check Backend & AI Engine	Run Backend Tests	2026-07-27T13:28:10.3825561Z # ============================================================
Check Backend & AI Engine	Run Backend Tests	2026-07-27T13:28:10.3826586Z #   MongoDB NOT connected - Running in DEGRADED mode
Check Backend & AI Engine	Run Backend Tests	2026-07-27T13:28:10.3827230Z #   Analytics will not be persisted across restarts.
Check Backend & AI Engine	Run Backend Tests	2026-07-27T13:28:10.3828049Z #   Set MONGODB_URI in your environment to enable persistence.
Check Backend & AI Engine	Run Backend Tests	2026-07-27T13:28:10.3828806Z # ============================================================
Check Backend & AI Engine	Run Backend Tests	2026-07-27T13:28:10.3842287Z # 🔄 Reconnecting to MongoDB (attempt 1/1)...
Check Backend & AI Engine	Run Backend Tests	2026-07-27T13:28:10.3854052Z # ⚠️ MongoDB connection error: connect ECONNREFUSED 0.0.0.0:1
Check Backend & AI Engine	Run Backend Tests	2026-07-27T13:28:10.3855306Z # Subtest: connectDatabase is an async function
Check Backend & AI Engine	Run Backend Tests	2026-07-27T13:28:10.3857969Z ok 239 - connectDatabase is an async function
Check Backend & AI Engine	Run Backend Tests	2026-07-27T13:28:10.3859220Z   ---
Check Backend & AI Engine	Run Backend Tests	2026-07-27T13:28:10.3859618Z   duration_ms: 102.852051
Check Backend & AI Engine	Run Backend Tests	2026-07-27T13:28:10.3860293Z   ...
Check Backend & AI Engine	Run Backend Tests	2026-07-27T13:28:10.3866375Z # Subtest: closeDatabase is an async function
Check Backend & AI Engine	Run Backend Tests	2026-07-27T13:28:10.3868859Z ok 240 - closeDatabase is an async function
Check Backend & AI Engine	Run Backend Tests	2026-07-27T13:28:10.3869404Z   ---
Check Backend & AI Engine	Run Backend Tests	2026-07-27T13:28:10.3869755Z   duration_ms: 0.38646
Check Backend & AI Engine	Run Backend Tests	2026-07-27T13:28:10.3870625Z   ...
Check Backend & AI Engine	Run Backend Tests	2026-07-27T13:28:10.4848036Z # ⚠️ MongoDB disconnected. Will re-attempt connection on next request.
Check Backend & AI Engine	Run Backend Tests	2026-07-27T13:28:10.4849036Z # ⚠️ MongoDB connection failed: connect ECONNREFUSED 0.0.0.0:1
Check Backend & AI Engine	Run Backend Tests	2026-07-27T13:28:10.4849671Z # ============================================================
Check Backend & AI Engine	Run Backend Tests	2026-07-27T13:28:10.4850506Z #   MongoDB NOT connected - Running in DEGRADED mode
Check Backend & AI Engine	Run Backend Tests	2026-07-27T13:28:10.4850901Z #   Analytics will not be persisted across restarts.
Check Backend & AI Engine	Run Backend Tests	2026-07-27T13:28:10.4851307Z #   Set MONGODB_URI in your environment to enable persistence.
Check Backend & AI Engine	Run Backend Tests	2026-07-27T13:28:10.4851696Z # ============================================================
Check Backend & AI Engine	Run Backend Tests	2026-07-27T13:28:10.4852168Z # ⚠️ MongoDB connection error: connect ECONNREFUSED 0.0.0.0:1
Check Backend & AI Engine	Run Backend Tests	2026-07-27T13:28:10.4860170Z # ⚠️ Max reconnect attempts reached. Running without database.
Check Backend & AI Engine	Run Backend Tests	2026-07-27T13:28:10.4887891Z # Subtest: ensureConnection is an async function
Check Backend & AI Engine	Run Backend Tests	2026-07-27T13:28:10.4889110Z ok 241 - ensureConnection is an async function
Check Backend & AI Engine	Run Backend Tests	2026-07-27T13:28:10.4889683Z   ---
Check Backend & AI Engine	Run Backend Tests	2026-07-27T13:28:10.4890229Z   duration_ms: 103.253454
Check Backend & AI Engine	Run Backend Tests	2026-07-27T13:28:10.4890639Z   ...
Check Backend & AI Engine	Run Backend Tests	2026-07-27T13:28:10.4892428Z # Subtest: default export is an object with all four functions
Check Backend & AI Engine	Run Backend Tests	2026-07-27T13:28:10.4893958Z ok 242 - default export is an object with all four functions
Check Backend & AI Engine	Run Backend Tests	2026-07-27T13:28:10.4894490Z   ---
Check Backend & AI Engine	Run Backend Tests	2026-07-27T13:28:10.4894822Z   duration_ms: 0.285468
Check Backend & AI Engine	Run Backend Tests	2026-07-27T13:28:10.4895140Z   ...
Check Backend & AI Engine	Run Backend Tests	2026-07-27T13:28:10.4900071Z # Subtest: named exports are identical to default export properties
Check Backend & AI Engine	Run Backend Tests	2026-07-27T13:28:10.4912513Z ok 243 - named exports are identical to default export properties
Check Backend & AI Engine	Run Backend Tests	2026-07-27T13:28:10.4913147Z   ---
Check Backend & AI Engine	Run Backend Tests	2026-07-27T13:28:10.4913720Z   duration_ms: 0.190532
Check Backend & AI Engine	Run Backend Tests	2026-07-27T13:28:10.4913978Z   ...
Check Backend & AI Engine	Run Backend Tests	2026-07-27T13:28:10.4914345Z # Subtest: connectDatabase returns undefined when already connected
Check Backend & AI Engine	Run Backend Tests	2026-07-27T13:28:10.4914892Z ok 244 - connectDatabase returns undefined when already connected
Check Backend & AI Engine	Run Backend Tests	2026-07-27T13:28:10.4915378Z   ---
Check Backend & AI Engine	Run Backend Tests	2026-07-27T13:28:10.4915692Z   duration_ms: 1.181934
Check Backend & AI Engine	Run Backend Tests	2026-07-27T13:28:10.4915919Z   ...
Check Backend & AI Engine	Run Backend Tests	2026-07-27T13:28:10.4916235Z # Subtest: closeDatabase returns undefined when not connected
Check Backend & AI Engine	Run Backend Tests	2026-07-27T13:28:10.4916667Z ok 245 - closeDatabase returns undefined when not connected
Check Backend & AI Engine	Run Backend Tests	2026-07-27T13:28:10.4916972Z   ---
Check Backend & AI Engine	Run Backend Tests	2026-07-27T13:28:10.4917169Z   duration_ms: 0.177904
Check Backend & AI Engine	Run Backend Tests	2026-07-27T13:28:10.4917383Z   ...
Check Backend & AI Engine	Run Backend Tests	2026-07-27T13:28:10.5888048Z # ⚠️ MongoDB disconnected. Will re-attempt connection on next request.
Check Backend & AI Engine	Run Backend Tests	2026-07-27T13:28:10.5889049Z # ⚠️ MongoDB connection failed: connect ECONNREFUSED 0.0.0.0:1
Check Backend & AI Engine	Run Backend Tests	2026-07-27T13:28:10.5889656Z # ============================================================
Check Backend & AI Engine	Run Backend Tests	2026-07-27T13:28:10.5890465Z #   MongoDB NOT connected - Running in DEGRADED mode
Check Backend & AI Engine	Run Backend Tests	2026-07-27T13:28:10.5890951Z #   Analytics will not be persisted across restarts.
Check Backend & AI Engine	Run Backend Tests	2026-07-27T13:28:10.5891390Z #   Set MONGODB_URI in your environment to enable persistence.
Check Backend & AI Engine	Run Backend Tests	2026-07-27T13:28:10.5891802Z # ============================================================
Check Backend & AI Engine	Run Backend Tests	2026-07-27T13:28:10.5892287Z # ⚠️ MongoDB connection error: connect ECONNREFUSED 0.0.0.0:1
Check Backend & AI Engine	Run Backend Tests	2026-07-27T13:28:10.5896610Z # Subtest: cleanup: disconnect mongoose to prevent IPC serialization errors
Check Backend & AI Engine	Run Backend Tests	2026-07-27T13:28:10.5912894Z ok 246 - cleanup: disconnect mongoose to prevent IPC serialization errors
Check Backend & AI Engine	Run Backend Tests	2026-07-27T13:28:10.5913577Z   ---
Check Backend & AI Engine	Run Backend Tests	2026-07-27T13:28:10.5913917Z   duration_ms: 101.007999
Check Backend & AI Engine	Run Backend Tests	2026-07-27T13:28:10.5914288Z   ...
Check Backend & AI Engine	Run Backend Tests	2026-07-27T13:28:10.6820569Z # Subtest: DedupStore: operates in-memory when Redis is not provided
Check Backend & AI Engine	Run Backend Tests	2026-07-27T13:28:10.6821871Z ok 247 - DedupStore: operates in-memory when Redis is not provided
Check Backend & AI Engine	Run Backend Tests	2026-07-27T13:28:10.6822800Z   ---
Check Backend & AI Engine	Run Backend Tests	2026-07-27T13:28:10.6823378Z   duration_ms: 1.926826
Check Backend & AI Engine	Run Backend Tests	2026-07-27T13:28:10.6823995Z   ...
Check Backend & AI Engine	Run Backend Tests	2026-07-27T13:28:10.6988411Z # Subtest: DedupStore: expires memory entries after TTL
Check Backend & AI Engine	Run Backend Tests	2026-07-27T13:28:10.6990917Z ok 248 - DedupStore: expires memory entries after TTL
Check Backend & AI Engine	Run Backend Tests	2026-07-27T13:28:10.6991372Z   ---
Check Backend & AI Engine	Run Backend Tests	2026-07-27T13:28:10.6991775Z   duration_ms: 20.865303
Check Backend & AI Engine	Run Backend Tests	2026-07-27T13:28:10.6992037Z   ...
Check Backend & AI Engine	Run Backend Tests	2026-07-27T13:28:10.8205714Z # Subtest: DedupStore: sets and gets values in memory when Redis is absent
Check Backend & AI Engine	Run Backend Tests	2026-07-27T13:28:10.8206931Z ok 249 - DedupStore: sets and gets values in memory when Redis is absent
Check Backend & AI Engine	Run Backend Tests	2026-07-27T13:28:10.8207519Z   ---
Check Backend & AI Engine	Run Backend Tests	2026-07-27T13:28:10.8207801Z   duration_ms: 120.246231
Check Backend & AI Engine	Run Backend Tests	2026-07-27T13:28:10.8208076Z   ...
Check Backend & AI Engine	Run Backend Tests	2026-07-27T13:28:10.8211802Z # Subtest: DedupStore: sets, membership and expiration in set checks
Check Backend & AI Engine	Run Backend Tests	2026-07-27T13:28:10.8212691Z ok 250 - DedupStore: sets, membership and expiration in set checks
Check Backend & AI Engine	Run Backend Tests	2026-07-27T13:28:10.8213157Z   ---
Check Backend & AI Engine	Run Backend Tests	2026-07-27T13:28:10.8213420Z   duration_ms: 0.537189
Check Backend & AI Engine	Run Backend Tests	2026-07-27T13:28:10.8213802Z   ...
Check Backend & AI Engine	Run Backend Tests	2026-07-27T13:28:10.8220824Z # Subtest: DedupStore: handles type transitions safely without throwing TypeError
Check Backend & AI Engine	Run Backend Tests	2026-07-27T13:28:10.8222188Z ok 251 - DedupStore: handles type transitions safely without throwing TypeError
Check Backend & AI Engine	Run Backend Tests	2026-07-27T13:28:10.8222897Z   ---
Check Backend & AI Engine	Run Backend Tests	2026-07-27T13:28:10.8223316Z   duration_ms: 0.180057
Check Backend & AI Engine	Run Backend Tests	2026-07-27T13:28:10.8223743Z   ...
Check Backend & AI Engine	Run Backend Tests	2026-07-27T13:28:10.8224463Z # Subtest: DedupStore: delete removes the entry and subsequent has returns false
Check Backend & AI Engine	Run Backend Tests	2026-07-27T13:28:10.8242985Z ok 252 - DedupStore: delete removes the entry and subsequent has returns false
Check Backend & AI Engine	Run Backend Tests	2026-07-27T13:28:10.8250492Z   ---
Check Backend & AI Engine	Run Backend Tests	2026-07-27T13:28:10.8259111Z   duration_ms: 0.157094
Check Backend & AI Engine	Run Backend Tests	2026-07-27T13:28:10.8259980Z   ...
Check Backend & AI Engine	Run Backend Tests	2026-07-27T13:28:10.8261059Z # Subtest: DedupStore: delete is safe for non-existent key
Check Backend & AI Engine	Run Backend Tests	2026-07-27T13:28:10.8261989Z ok 253 - DedupStore: delete is safe for non-existent key
Check Backend & AI Engine	Run Backend Tests	2026-07-27T13:28:10.8262569Z   ---
Check Backend & AI Engine	Run Backend Tests	2026-07-27T13:28:10.8262936Z   duration_ms: 0.108192
Check Backend & AI Engine	Run Backend Tests	2026-07-27T13:28:10.8263319Z   ...
Check Backend & AI Engine	Run Backend Tests	2026-07-27T13:28:10.8264055Z # Subtest: DedupStore: removeFromSet deletes a specific member without touching others
Check Backend & AI Engine	Run Backend Tests	2026-07-27T13:28:10.8265435Z ok 254 - DedupStore: removeFromSet deletes a specific member without touching others
Check Backend & AI Engine	Run Backend Tests	2026-07-27T13:28:10.8266032Z   ---
Check Backend & AI Engine	Run Backend Tests	2026-07-27T13:28:10.8266347Z   duration_ms: 0.156427
Check Backend & AI Engine	Run Backend Tests	2026-07-27T13:28:10.8266663Z   ...
Check Backend & AI Engine	Run Backend Tests	2026-07-27T13:28:10.8267204Z # Subtest: DedupStore: removeFromSet is safe when set does not exist
Check Backend & AI Engine	Run Backend Tests	2026-07-27T13:28:10.8267943Z ok 255 - DedupStore: removeFromSet is safe when set does not exist
Check Backend & AI Engine	Run Backend Tests	2026-07-27T13:28:10.8268441Z   ---
Check Backend & AI Engine	Run Backend Tests	2026-07-27T13:28:10.8268718Z   duration_ms: 0.090155
Check Backend & AI Engine	Run Backend Tests	2026-07-27T13:28:10.8269026Z   ...
Check Backend & AI Engine	Run Backend Tests	2026-07-27T13:28:10.8269568Z # Subtest: DedupStore: removeFromSet is safe when member is not in set
Check Backend & AI Engine	Run Backend Tests	2026-07-27T13:28:10.8270379Z ok 256 - DedupStore: removeFromSet is safe when member is not in set
Check Backend & AI Engine	Run Backend Tests	2026-07-27T13:28:10.8270705Z   ---
Check Backend & AI Engine	Run Backend Tests	2026-07-27T13:28:10.8270900Z   duration_ms: 0.115967
Check Backend & AI Engine	Run Backend Tests	2026-07-27T13:28:10.8271120Z   ...
Check Backend & AI Engine	Run Backend Tests	2026-07-27T13:28:10.8817269Z # Subtest: DedupStore: expire updates the expiration of an existing key
Check Backend & AI Engine	Run Backend Tests	2026-07-27T13:28:10.8818679Z ok 257 - DedupStore: expire updates the expiration of an existing key
Check Backend & AI Engine	Run Backend Tests	2026-07-27T13:28:10.8819687Z   ---
Check Backend & AI Engine	Run Backend Tests	2026-07-27T13:28:10.8820425Z   duration_ms: 60.424969
Check Backend & AI Engine	Run Backend Tests	2026-07-27T13:28:10.8821016Z   ...
Check Backend & AI Engine	Run Backend Tests	2026-07-27T13:28:10.8821728Z # Subtest: DedupStore: expire is a no-op for non-existent key
Check Backend & AI Engine	Run Backend Tests	2026-07-27T13:28:10.8822727Z ok 258 - DedupStore: expire is a no-op for non-existent key
Check Backend & AI Engine	Run Backend Tests	2026-07-27T13:28:10.8823528Z   ---
Check Backend & AI Engine	Run Backend Tests	2026-07-27T13:28:10.8824006Z   duration_ms: 0.175772
Check Backend & AI Engine	Run Backend Tests	2026-07-27T13:28:10.8824677Z   ...
Check Backend & AI Engine	Run Backend Tests	2026-07-27T13:28:10.8825412Z # Subtest: DedupStore: has returns true for existing non-expired key
Check Backend & AI Engine	Run Backend Tests	2026-07-27T13:28:10.8826400Z ok 259 - DedupStore: has returns true for existing non-expired key
Check Backend & AI Engine	Run Backend Tests	2026-07-27T13:28:10.8827132Z   ---
Check Backend & AI Engine	Run Backend Tests	2026-07-27T13:28:10.8827604Z   duration_ms: 0.167498
Check Backend & AI Engine	Run Backend Tests	2026-07-27T13:28:10.8828244Z   ...
Check Backend & AI Engine	Run Backend Tests	2026-07-27T13:28:10.8828884Z # Subtest: DedupStore: has returns false for non-existent key
Check Backend & AI Engine	Run Backend Tests	2026-07-27T13:28:10.8829435Z ok 260 - DedupStore: has returns false for non-existent key
Check Backend & AI Engine	Run Backend Tests	2026-07-27T13:28:10.8830166Z   ---
Check Backend & AI Engine	Run Backend Tests	2026-07-27T13:28:10.8830489Z   duration_ms: 0.18369
Check Backend & AI Engine	Run Backend Tests	2026-07-27T13:28:10.8830807Z   ...
Check Backend & AI Engine	Run Backend Tests	2026-07-27T13:28:10.9135839Z # Subtest: DedupStore: has returns false after key expires
Check Backend & AI Engine	Run Backend Tests	2026-07-27T13:28:10.9139665Z ok 261 - DedupStore: has returns false after key expires
Check Backend & AI Engine	Run Backend Tests	2026-07-27T13:28:10.9140561Z   ---
Check Backend & AI Engine	Run Backend Tests	2026-07-27T13:28:10.9140977Z   duration_ms: 31.0736
Check Backend & AI Engine	Run Backend Tests	2026-07-27T13:28:10.9141381Z   ...
Check Backend & AI Engine	Run Backend Tests	2026-07-27T13:28:10.9142132Z # Subtest: DedupStore: stopSweeper clears the interval
Check Backend & AI Engine	Run Backend Tests	2026-07-27T13:28:10.9142840Z ok 262 - DedupStore: stopSweeper clears the interval
Check Backend & AI Engine	Run Backend Tests	2026-07-27T13:28:10.9143366Z   ---
Check Backend & AI Engine	Run Backend Tests	2026-07-27T13:28:10.9143733Z   duration_ms: 0.478828
Check Backend & AI Engine	Run Backend Tests	2026-07-27T13:28:10.9144127Z   ...
Check Backend & AI Engine	Run Backend Tests	2026-07-27T13:28:10.9144872Z # Subtest: DedupStore: stopSweeper is safe to call twice
Check Backend & AI Engine	Run Backend Tests	2026-07-27T13:28:10.9147202Z ok 263 - DedupStore: stopSweeper is safe to call twice
Check Backend & AI Engine	Run Backend Tests	2026-07-27T13:28:10.9147744Z   ---
Check Backend & AI Engine	Run Backend Tests	2026-07-27T13:28:10.9148147Z   duration_ms: 0.170696
Check Backend & AI Engine	Run Backend Tests	2026-07-27T13:28:10.9148586Z   ...
Check Backend & AI Engine	Run Backend Tests	2026-07-27T13:28:10.9351021Z # Subtest: DedupStore: delete clears entry even when sweeper is stopped
Check Backend & AI Engine	Run Backend Tests	2026-07-27T13:28:10.9352034Z ok 264 - DedupStore: delete clears entry even when sweeper is stopped
Check Backend & AI Engine	Run Backend Tests	2026-07-27T13:28:10.9352632Z   ---
Check Backend & AI Engine	Run Backend Tests	2026-07-27T13:28:10.9352980Z   duration_ms: 21.225558
Check Backend & AI Engine	Run Backend Tests	2026-07-27T13:28:10.9353373Z   ...
Check Backend & AI Engine	Run Backend Tests	2026-07-27T13:28:10.9354026Z # Subtest: DedupStore: operations after stopSweeper still work correctly
Check Backend & AI Engine	Run Backend Tests	2026-07-27T13:28:10.9354985Z ok 265 - DedupStore: operations after stopSweeper still work correctly
Check Backend & AI Engine	Run Backend Tests	2026-07-27T13:28:10.9355559Z   ---
Check Backend & AI Engine	Run Backend Tests	2026-07-27T13:28:10.9361165Z   duration_ms: 0.216651
Check Backend & AI Engine	Run Backend Tests	2026-07-27T13:28:10.9361792Z   ...
Check Backend & AI Engine	Run Backend Tests	2026-07-27T13:28:10.9362699Z # Subtest: DedupStore: set/get round-trip for non-string values (stored as-is)
Check Backend & AI Engine	Run Backend Tests	2026-07-27T13:28:10.9363881Z ok 266 - DedupStore: set/get round-trip for non-string values (stored as-is)
Check Backend & AI Engine	Run Backend Tests	2026-07-27T13:28:10.9364650Z   ---
Check Backend & AI Engine	Run Backend Tests	2026-07-27T13:28:10.9365125Z   duration_ms: 0.107786
Check Backend & AI Engine	Run Backend Tests	2026-07-27T13:28:10.9365650Z   ...
Check Backend & AI Engine	Run Backend Tests	2026-07-27T13:28:11.0022603Z # Subtest: deleteFolderRecursive does not throw for non-existent directory
Check Backend & AI Engine	Run Backend Tests	2026-07-27T13:28:11.0032215Z ok 267 - deleteFolderRecursive does not throw for non-existent directory
Check Backend & AI Engine	Run Backend Tests	2026-07-27T13:28:11.0032987Z   ---
Check Backend & AI Engine	Run Backend Tests	2026-07-27T13:28:11.0033402Z   duration_ms: 1.671705
Check Backend & AI Engine	Run Backend Tests	2026-07-27T13:28:11.0033889Z   ...
Check Backend & AI Engine	Run Backend Tests	2026-07-27T13:28:11.0034597Z # Subtest: deleteFolderRecursive removes all files and subdirectories
Check Backend & AI Engine	Run Backend Tests	2026-07-27T13:28:11.0037227Z ok 268 - deleteFolderRecursive removes all files and subdirectories
Check Backend & AI Engine	Run Backend Tests	2026-07-27T13:28:11.0037688Z   ---
Check Backend & AI Engine	Run Backend Tests	2026-07-27T13:28:11.0038173Z   duration_ms: 1.818994
Check Backend & AI Engine	Run Backend Tests	2026-07-27T13:28:11.0038642Z   ...
Check Backend & AI Engine	Run Backend Tests	2026-07-27T13:28:11.0039319Z # Subtest: deleteFolderRecursive handles directory with only files
Check Backend & AI Engine	Run Backend Tests	2026-07-27T13:28:11.0041043Z ok 269 - deleteFolderRecursive handles directory with only files
Check Backend & AI Engine	Run Backend Tests	2026-07-27T13:28:11.0041599Z   ---
Check Backend & AI Engine	Run Backend Tests	2026-07-27T13:28:11.0042081Z   duration_ms: 0.481036
Check Backend & AI Engine	Run Backend Tests	2026-07-27T13:28:11.0042563Z   ...
Check Backend & AI Engine	Run Backend Tests	2026-07-27T13:28:11.0044448Z # Subtest: deleteFolderRecursive handles directory with only empty subdirectories
Check Backend & AI Engine	Run Backend Tests	2026-07-27T13:28:11.0045655Z ok 270 - deleteFolderRecursive handles directory with only empty subdirectories
Check Backend & AI Engine	Run Backend Tests	2026-07-27T13:28:11.0046119Z   ---
Check Backend & AI Engine	Run Backend Tests	2026-07-27T13:28:11.0046594Z   duration_ms: 0.466173
Check Backend & AI Engine	Run Backend Tests	2026-07-27T13:28:11.0047058Z   ...
Check Backend & AI Engine	Run Backend Tests	2026-07-27T13:28:11.0659371Z # Subtest: buildDeltaReviewPrompt returns a string
Check Backend & AI Engine	Run Backend Tests	2026-07-27T13:28:11.0660286Z ok 271 - buildDeltaReviewPrompt returns a string
Check Backend & AI Engine	Run Backend Tests	2026-07-27T13:28:11.0660752Z   ---
Check Backend & AI Engine	Run Backend Tests	2026-07-27T13:28:11.0661075Z   duration_ms: 1.39584
Check Backend & AI Engine	Run Backend Tests	2026-07-27T13:28:11.0661437Z   ...
Check Backend & AI Engine	Run Backend Tests	2026-07-27T13:28:11.0665248Z # Subtest: buildDeltaReviewPrompt embeds diff in triple-backtick fence with diff tag
Check Backend & AI Engine	Run Backend Tests	2026-07-27T13:28:11.0666132Z ok 272 - buildDeltaReviewPrompt embeds diff in triple-backtick fence with diff tag
Check Backend & AI Engine	Run Backend Tests	2026-07-27T13:28:11.0666533Z   ---
Check Backend & AI Engine	Run Backend Tests	2026-07-27T13:28:11.0666814Z   duration_ms: 0.162903
Check Backend & AI Engine	Run Backend Tests	2026-07-27T13:28:11.0667133Z   ...
Check Backend & AI Engine	Run Backend Tests	2026-07-27T13:28:11.0677600Z # Subtest: buildDeltaReviewPrompt includes instructions to focus on added lines
Check Backend & AI Engine	Run Backend Tests	2026-07-27T13:28:11.0678492Z ok 273 - buildDeltaReviewPrompt includes instructions to focus on added lines
Check Backend & AI Engine	Run Backend Tests	2026-07-27T13:28:11.0679067Z   ---
Check Backend & AI Engine	Run Backend Tests	2026-07-27T13:28:11.0679283Z   duration_ms: 0.128683
Check Backend & AI Engine	Run Backend Tests	2026-07-27T13:28:11.0679515Z   ...
Check Backend & AI Engine	Run Backend Tests	2026-07-27T13:28:11.0682335Z # Subtest: buildDeltaReviewPrompt instructs to ignore deleted lines
Check Backend & AI Engine	Run Backend Tests	2026-07-27T13:28:11.0684448Z ok 274 - buildDeltaReviewPrompt instructs to ignore deleted lines
Check Backend & AI Engine	Run Backend Tests	2026-07-27T13:28:11.0684870Z   ---
Check Backend & AI Engine	Run Backend Tests	2026-07-27T13:28:11.0685085Z   duration_ms: 0.107921
Check Backend & AI Engine	Run Backend Tests	2026-07-27T13:28:11.0685635Z   ...
Check Backend & AI Engine	Run Backend Tests	2026-07-27T13:28:11.0710507Z # Subtest: buildDeltaReviewPrompt with empty diff does not throw
Check Backend & AI Engine	Run Backend Tests	2026-07-27T13:28:11.0711377Z ok 275 - buildDeltaReviewPrompt with empty diff does not throw
Check Backend & AI Engine	Run Backend Tests	2026-07-27T13:28:11.0711915Z   ---
Check Backend & AI Engine	Run Backend Tests	2026-07-27T13:28:11.0712223Z   duration_ms: 0.193697
Check Backend & AI Engine	Run Backend Tests	2026-07-27T13:28:11.0712526Z   ...
Check Backend & AI Engine	Run Backend Tests	2026-07-27T13:28:11.0713025Z # Subtest: buildDeltaReviewPrompt with multi-line diff includes all lines
Check Backend & AI Engine	Run Backend Tests	2026-07-27T13:28:11.0713856Z ok 276 - buildDeltaReviewPrompt with multi-line diff includes all lines
Check Backend & AI Engine	Run Backend Tests	2026-07-27T13:28:11.0714324Z   ---
Check Backend & AI Engine	Run Backend Tests	2026-07-27T13:28:11.0714528Z   duration_ms: 0.104476
Check Backend & AI Engine	Run Backend Tests	2026-07-27T13:28:11.0714769Z   ...
Check Backend & AI Engine	Run Backend Tests	2026-07-27T13:28:11.0715209Z # Subtest: buildDeltaReviewPrompt contains the expert AI Code Reviewer role declaration
Check Backend & AI Engine	Run Backend Tests	2026-07-27T13:28:11.0715872Z ok 277 - buildDeltaReviewPrompt contains the expert AI Code Reviewer role declaration
Check Backend & AI Engine	Run Backend Tests	2026-07-27T13:28:11.0716286Z   ---
Check Backend & AI Engine	Run Backend Tests	2026-07-27T13:28:11.0716494Z   duration_ms: 0.141772
Check Backend & AI Engine	Run Backend Tests	2026-07-27T13:28:11.0716731Z   ...
Check Backend & AI Engine	Run Backend Tests	2026-07-27T13:28:11.1329532Z # Subtest: parseDiff should return empty result for invalid input
Check Backend & AI Engine	Run Backend Tests	2026-07-27T13:28:11.1330591Z ok 278 - parseDiff should return empty result for invalid input
Check Backend & AI Engine	Run Backend Tests	2026-07-27T13:28:11.1331137Z   ---
Check Backend & AI Engine	Run Backend Tests	2026-07-27T13:28:11.1331470Z   duration_ms: 2.181063
Check Backend & AI Engine	Run Backend Tests	2026-07-27T13:28:11.1331834Z   ...
Check Backend & AI Engine	Run Backend Tests	2026-07-27T13:28:11.1335182Z # Subtest: parseDiff should parse a valid single-file diff correctly
Check Backend & AI Engine	Run Backend Tests	2026-07-27T13:28:11.1342726Z ok 279 - parseDiff should parse a valid single-file diff correctly
Check Backend & AI Engine	Run Backend Tests	2026-07-27T13:28:11.1343534Z   ---
Check Backend & AI Engine	Run Backend Tests	2026-07-27T13:28:11.1344301Z   duration_ms: 0.416435
Check Backend & AI Engine	Run Backend Tests	2026-07-27T13:28:11.1344792Z   ...
Check Backend & AI Engine	Run Backend Tests	2026-07-27T13:28:11.1345608Z # Subtest: parseDiff should handle multiple file changes
Check Backend & AI Engine	Run Backend Tests	2026-07-27T13:28:11.1346395Z ok 280 - parseDiff should handle multiple file changes
Check Backend & AI Engine	Run Backend Tests	2026-07-27T13:28:11.1346855Z   ---
Check Backend & AI Engine	Run Backend Tests	2026-07-27T13:28:11.1347198Z   duration_ms: 0.237471
Check Backend & AI Engine	Run Backend Tests	2026-07-27T13:28:11.1347577Z   ...
Check Backend & AI Engine	Run Backend Tests	2026-07-27T13:28:11.1348205Z # Subtest: countLinesInDiff returns 0 for null/undefined input
Check Backend & AI Engine	Run Backend Tests	2026-07-27T13:28:11.1349136Z ok 281 - countLinesInDiff returns 0 for null/undefined input
Check Backend & AI Engine	Run Backend Tests	2026-07-27T13:28:11.1349593Z   ---
Check Backend & AI Engine	Run Backend Tests	2026-07-27T13:28:11.1350041Z   duration_ms: 0.145947
Check Backend & AI Engine	Run Backend Tests	2026-07-27T13:28:11.1350360Z   ...
Check Backend & AI Engine	Run Backend Tests	2026-07-27T13:28:11.1351097Z # Subtest: countLinesInDiff returns 0 for empty array
Check Backend & AI Engine	Run Backend Tests	2026-07-27T13:28:11.1354267Z ok 282 - countLinesInDiff returns 0 for empty array
Check Backend & AI Engine	Run Backend Tests	2026-07-27T13:28:11.1354692Z   ---
Check Backend & AI Engine	Run Backend Tests	2026-07-27T13:28:11.1354971Z   duration_ms: 0.101112
Check Backend & AI Engine	Run Backend Tests	2026-07-27T13:28:11.1355272Z   ...
Check Backend & AI Engine	Run Backend Tests	2026-07-27T13:28:11.1360648Z # Subtest: countLinesInDiff returns correct count for single file
Check Backend & AI Engine	Run Backend Tests	2026-07-27T13:28:11.1362133Z ok 283 - countLinesInDiff returns correct count for single file
Check Backend & AI Engine	Run Backend Tests	2026-07-27T13:28:11.1362594Z   ---
Check Backend & AI Engine	Run Backend Tests	2026-07-27T13:28:11.1362874Z   duration_ms: 0.126779
Check Backend & AI Engine	Run Backend Tests	2026-07-27T13:28:11.1363165Z   ...
Check Backend & AI Engine	Run Backend Tests	2026-07-27T13:28:11.1375905Z # Subtest: countLinesInDiff returns correct count for multiple files
Check Backend & AI Engine	Run Backend Tests	2026-07-27T13:28:11.1376800Z ok 284 - countLinesInDiff returns correct count for multiple files
Check Backend & AI Engine	Run Backend Tests	2026-07-27T13:28:11.1377498Z   ---
Check Backend & AI Engine	Run Backend Tests	2026-07-27T13:28:11.1380538Z   duration_ms: 0.125574
Check Backend & AI Engine	Run Backend Tests	2026-07-27T13:28:11.1381453Z   ...
Check Backend & AI Engine	Run Backend Tests	2026-07-27T13:28:11.1382283Z # Subtest: countLinesInDiff returns 0 when changes is missing or not an array
Check Backend & AI Engine	Run Backend Tests	2026-07-27T13:28:11.1391304Z ok 285 - countLinesInDiff returns 0 when changes is missing or not an array
Check Backend & AI Engine	Run Backend Tests	2026-07-27T13:28:11.1392034Z   ---
Check Backend & AI Engine	Run Backend Tests	2026-07-27T13:28:11.1392454Z   duration_ms: 0.098448
Check Backend & AI Engine	Run Backend Tests	2026-07-27T13:28:11.1392929Z   ...
Check Backend & AI Engine	Run Backend Tests	2026-07-27T13:28:11.1396559Z # Subtest: parseDiff handles file rename diffs gracefully
Check Backend & AI Engine	Run Backend Tests	2026-07-27T13:28:11.1397520Z ok 286 - parseDiff handles file rename diffs gracefully
Check Backend & AI Engine	Run Backend Tests	2026-07-27T13:28:11.1398354Z   ---
Check Backend & AI Engine	Run Backend Tests	2026-07-27T13:28:11.1399197Z   duration_ms: 0.128053
Check Backend & AI Engine	Run Backend Tests	2026-07-27T13:28:11.1400091Z   ...
Check Backend & AI Engine	Run Backend Tests	2026-07-27T13:28:11.1404285Z # Subtest: parseDiff handles binary file diffs gracefully
Check Backend & AI Engine	Run Backend Tests	2026-07-27T13:28:11.1405449Z ok 287 - parseDiff handles binary file diffs gracefully
Check Backend & AI Engine	Run Backend Tests	2026-07-27T13:28:11.1406448Z   ---
Check Backend & AI Engine	Run Backend Tests	2026-07-27T13:28:11.1407279Z   duration_ms: 0.10594
Check Backend & AI Engine	Run Backend Tests	2026-07-27T13:28:11.1408095Z   ...
Check Backend & AI Engine	Run Backend Tests	2026-07-27T13:28:11.1408629Z # Subtest: parseDiff handles newly added file
Check Backend & AI Engine	Run Backend Tests	2026-07-27T13:28:11.1409361Z ok 288 - parseDiff handles newly added file
Check Backend & AI Engine	Run Backend Tests	2026-07-27T13:28:11.1410040Z   ---
Check Backend & AI Engine	Run Backend Tests	2026-07-27T13:28:11.1410439Z   duration_ms: 0.109196
Check Backend & AI Engine	Run Backend Tests	2026-07-27T13:28:11.1410935Z   ...
Check Backend & AI Engine	Run Backend Tests	2026-07-27T13:28:11.1411836Z # Subtest: parseDiff handles deleted file
Check Backend & AI Engine	Run Backend Tests	2026-07-27T13:28:11.1414104Z ok 289 - parseDiff handles deleted file
Check Backend & AI Engine	Run Backend Tests	2026-07-27T13:28:11.1414593Z   ---
Check Backend & AI Engine	Run Backend Tests	2026-07-27T13:28:11.1415130Z   duration_ms: 0.190619
Check Backend & AI Engine	Run Backend Tests	2026-07-27T13:28:11.1415778Z   ...
Check Backend & AI Engine	Run Backend Tests	2026-07-27T13:28:11.1416481Z # Subtest: parseDiff handles multiple markers in the same file
Check Backend & AI Engine	Run Backend Tests	2026-07-27T13:28:11.1417443Z ok 290 - parseDiff handles multiple markers in the same file
Check Backend & AI Engine	Run Backend Tests	2026-07-27T13:28:11.1418110Z   ---
Check Backend & AI Engine	Run Backend Tests	2026-07-27T13:28:11.1418677Z   duration_ms: 0.124562
Check Backend & AI Engine	Run Backend Tests	2026-07-27T13:28:11.1419199Z   ...
Check Backend & AI Engine	Run Backend Tests	2026-07-27T13:28:11.1424013Z # Subtest: parseDiff handles mode change only diff
Check Backend & AI Engine	Run Backend Tests	2026-07-27T13:28:11.1424849Z ok 291 - parseDiff handles mode change only diff
Check Backend & AI Engine	Run Backend Tests	2026-07-27T13:28:11.1425514Z   ---
Check Backend & AI Engine	Run Backend Tests	2026-07-27T13:28:11.1425983Z   duration_ms: 0.093285
Check Backend & AI Engine	Run Backend Tests	2026-07-27T13:28:11.1426597Z   ...
Check Backend & AI Engine	Run Backend Tests	2026-07-27T13:28:11.1427264Z # Subtest: countLinesInDiff handles files with null changes
Check Backend & AI Engine	Run Backend Tests	2026-07-27T13:28:11.1428473Z ok 292 - countLinesInDiff handles files with null changes
Check Backend & AI Engine	Run Backend Tests	2026-07-27T13:28:11.1429026Z   ---
Check Backend & AI Engine	Run Backend Tests	2026-07-27T13:28:11.1429584Z   duration_ms: 0.100144
Check Backend & AI Engine	Run Backend Tests	2026-07-27T13:28:11.1441930Z   ...
Check Backend & AI Engine	Run Backend Tests	2026-07-27T13:28:11.1442727Z # Subtest: parseDiff handles diff with no trailing newline
Check Backend & AI Engine	Run Backend Tests	2026-07-27T13:28:11.1443854Z ok 293 - parseDiff handles diff with no trailing newline
Check Backend & AI Engine	Run Backend Tests	2026-07-27T13:28:11.1444861Z   ---
Check Backend & AI Engine	Run Backend Tests	2026-07-27T13:28:11.1445460Z   duration_ms: 0.137006
Check Backend & AI Engine	Run Backend Tests	2026-07-27T13:28:11.1446139Z   ...
Check Backend & AI Engine	Run Backend Tests	2026-07-27T13:28:11.1446984Z # Subtest: parseDiff handles file paths containing "b/" folder name and quoted file paths
Check Backend & AI Engine	Run Backend Tests	2026-07-27T13:28:11.1448160Z ok 294 - parseDiff handles file paths containing "b/" folder name and quoted file paths
Check Backend & AI Engine	Run Backend Tests	2026-07-27T13:28:11.1448832Z   ---
Check Backend & AI Engine	Run Backend Tests	2026-07-27T13:28:11.1449295Z   duration_ms: 0.112335
Check Backend & AI Engine	Run Backend Tests	2026-07-27T13:28:11.1449716Z   ...
Check Backend & AI Engine	Run Backend Tests	2026-07-27T13:28:11.1450583Z # Subtest: parseDiff handles quoted filenames and paths containing b/
Check Backend & AI Engine	Run Backend Tests	2026-07-27T13:28:11.1451477Z ok 295 - parseDiff handles quoted filenames and paths containing b/
Check Backend & AI Engine	Run Backend Tests	2026-07-27T13:28:11.1452053Z   ---
Check Backend & AI Engine	Run Backend Tests	2026-07-27T13:28:11.1452593Z   duration_ms: 0.104394
Check Backend & AI Engine	Run Backend Tests	2026-07-27T13:28:11.1453037Z   ...
Check Backend & AI Engine	Run Backend Tests	2026-07-27T13:28:11.2133903Z # Subtest: verifyPort parses valid ports
Check Backend & AI Engine	Run Backend Tests	2026-07-27T13:28:11.2134713Z ok 296 - verifyPort parses valid ports
Check Backend & AI Engine	Run Backend Tests	2026-07-27T13:28:11.2135500Z   ---
Check Backend & AI Engine	Run Backend Tests	2026-07-27T13:28:11.2135902Z   duration_ms: 1.446759
Check Backend & AI Engine	Run Backend Tests	2026-07-27T13:28:11.2136356Z   ...
Check Backend & AI Engine	Run Backend Tests	2026-07-27T13:28:11.2137207Z # Subtest: verifyPort returns fallback port for empty/undefined/null
Check Backend & AI Engine	Run Backend Tests	2026-07-27T13:28:11.2138820Z ok 297 - verifyPort returns fallback port for empty/undefined/null
Check Backend & AI Engine	Run Backend Tests	2026-07-27T13:28:11.2139653Z   ---
Check Backend & AI Engine	Run Backend Tests	2026-07-27T13:28:11.2141045Z   duration_ms: 0.178113
Check Backend & AI Engine	Run Backend Tests	2026-07-27T13:28:11.2141498Z   ...
Check Backend & AI Engine	Run Backend Tests	2026-07-27T13:28:11.2151936Z # Subtest: verifyPort throws for non-numeric strings
Check Backend & AI Engine	Run Backend Tests	2026-07-27T13:28:11.2152911Z ok 298 - verifyPort throws for non-numeric strings
Check Backend & AI Engine	Run Backend Tests	2026-07-27T13:28:11.2153427Z   ---
Check Backend & AI Engine	Run Backend Tests	2026-07-27T13:28:11.2153754Z   duration_ms: 0.460398
Check Backend & AI Engine	Run Backend Tests	2026-07-27T13:28:11.2154154Z   ...
Check Backend & AI Engine	Run Backend Tests	2026-07-27T13:28:11.2154875Z # Subtest: verifyPort throws for edge cases like booleans and arrays
Check Backend & AI Engine	Run Backend Tests	2026-07-27T13:28:11.2155397Z ok 299 - verifyPort throws for edge cases like booleans and arrays
Check Backend & AI Engine	Run Backend Tests	2026-07-27T13:28:11.2155837Z   ---
Check Backend & AI Engine	Run Backend Tests	2026-07-27T13:28:11.2156191Z   duration_ms: 0.180391
Check Backend & AI Engine	Run Backend Tests	2026-07-27T13:28:11.2156766Z   ...
Check Backend & AI Engine	Run Backend Tests	2026-07-27T13:28:11.2157113Z # Subtest: verifyPort throws for out-of-range values
Check Backend & AI Engine	Run Backend Tests	2026-07-27T13:28:11.2157643Z ok 300 - verifyPort throws for out-of-range values
Check Backend & AI Engine	Run Backend Tests	2026-07-27T13:28:11.2158153Z   ---
Check Backend & AI Engine	Run Backend Tests	2026-07-27T13:28:11.2158589Z   duration_ms: 0.147273
Check Backend & AI Engine	Run Backend Tests	2026-07-27T13:28:11.2158875Z   ...
Check Backend & AI Engine	Run Backend Tests	2026-07-27T13:28:11.2159199Z # Subtest: verifyHost returns valid hostnames
Check Backend & AI Engine	Run Backend Tests	2026-07-27T13:28:11.2159588Z ok 301 - verifyHost returns valid hostnames
Check Backend & AI Engine	Run Backend Tests	2026-07-27T13:28:11.2160228Z   ---
Check Backend & AI Engine	Run Backend Tests	2026-07-27T13:28:11.2160593Z   duration_ms: 0.140894
Check Backend & AI Engine	Run Backend Tests	2026-07-27T13:28:11.2161073Z   ...
Check Backend & AI Engine	Run Backend Tests	2026-07-27T13:28:11.2161787Z # Subtest: verifyHost returns default hostname for invalid inputs
Check Backend & AI Engine	Run Backend Tests	2026-07-27T13:28:11.2164282Z ok 302 - verifyHost returns default hostname for invalid inputs
Check Backend & AI Engine	Run Backend Tests	2026-07-27T13:28:11.2165136Z   ---
Check Backend & AI Engine	Run Backend Tests	2026-07-27T13:28:11.2166012Z   duration_ms: 0.092993
Check Backend & AI Engine	Run Backend Tests	2026-07-27T13:28:11.2185667Z   ...
Check Backend & AI Engine	Run Backend Tests	2026-07-27T13:28:11.2186297Z # Subtest: verifyPort rejects port -1
Check Backend & AI Engine	Run Backend Tests	2026-07-27T13:28:11.2191047Z ok 303 - verifyPort rejects port -1
Check Backend & AI Engine	Run Backend Tests	2026-07-27T13:28:11.2191821Z   ---
Check Backend & AI Engine	Run Backend Tests	2026-07-27T13:28:11.2192483Z   duration_ms: 0.113551
Check Backend & AI Engine	Run Backend Tests	2026-07-27T13:28:11.2193304Z   ...
Check Backend & AI Engine	Run Backend Tests	2026-07-27T13:28:11.2194219Z # Subtest: verifyPort accepts port 65535 at upper boundary
Check Backend & AI Engine	Run Backend Tests	2026-07-27T13:28:11.2195381Z ok 304 - verifyPort accepts port 65535 at upper boundary
Check Backend & AI Engine	Run Backend Tests	2026-07-27T13:28:11.2196175Z   ---
Check Backend & AI Engine	Run Backend Tests	2026-07-27T13:28:11.2196851Z   duration_ms: 0.083885
Check Backend & AI Engine	Run Backend Tests	2026-07-27T13:28:11.2197451Z   ...
Check Backend & AI Engine	Run Backend Tests	2026-07-27T13:28:11.2198171Z # Subtest: verifyPort accepts port 0 at lower boundary
Check Backend & AI Engine	Run Backend Tests	2026-07-27T13:28:11.2201068Z ok 305 - verifyPort accepts port 0 at lower boundary
Check Backend & AI Engine	Run Backend Tests	2026-07-27T13:28:11.2201760Z   ---
Check Backend & AI Engine	Run Backend Tests	2026-07-27T13:28:11.2202362Z   duration_ms: 0.096292
Check Backend & AI Engine	Run Backend Tests	2026-07-27T13:28:11.2202907Z   ...
Check Backend & AI Engine	Run Backend Tests	2026-07-27T13:28:11.2203788Z # Subtest: verifyPort accepts whitespace-padded string ports by trimming them
Check Backend & AI Engine	Run Backend Tests	2026-07-27T13:28:11.2204971Z ok 306 - verifyPort accepts whitespace-padded string ports by trimming them
Check Backend & AI Engine	Run Backend Tests	2026-07-27T13:28:11.2205709Z   ---
Check Backend & AI Engine	Run Backend Tests	2026-07-27T13:28:11.2206233Z   duration_ms: 0.086154
Check Backend & AI Engine	Run Backend Tests	2026-07-27T13:28:11.2206770Z   ...
Check Backend & AI Engine	Run Backend Tests	2026-07-27T13:28:11.2207376Z # Subtest: verifyPort rejects very large integer strings
Check Backend & AI Engine	Run Backend Tests	2026-07-27T13:28:11.2208258Z ok 307 - verifyPort rejects very large integer strings
Check Backend & AI Engine	Run Backend Tests	2026-07-27T13:28:11.2209292Z   ---
Check Backend & AI Engine	Run Backend Tests	2026-07-27T13:28:11.2210141Z   duration_ms: 0.115376
Check Backend & AI Engine	Run Backend Tests	2026-07-27T13:28:11.2210708Z   ...
Check Backend & AI Engine	Run Backend Tests	2026-07-27T13:28:11.2211493Z # Subtest: verifyPort handles leading zeros
Check Backend & AI Engine	Run Backend Tests	2026-07-27T13:28:11.2212317Z ok 308 - verifyPort handles leading zeros
Check Backend & AI Engine	Run Backend Tests	2026-07-27T13:28:11.2213012Z   ---
Check Backend & AI Engine	Run Backend Tests	2026-07-27T13:28:11.2213562Z   duration_ms: 0.081066
Check Backend & AI Engine	Run Backend Tests	2026-07-27T13:28:11.2214097Z   ...
Check Backend & AI Engine	Run Backend Tests	2026-07-27T13:28:11.2214724Z # Subtest: verifyPort rejects NaN and Infinity
Check Backend & AI Engine	Run Backend Tests	2026-07-27T13:28:11.2215596Z ok 309 - verifyPort rejects NaN and Infinity
Check Backend & AI Engine	Run Backend Tests	2026-07-27T13:28:11.2216235Z   ---
Check Backend & AI Engine	Run Backend Tests	2026-07-27T13:28:11.2216779Z   duration_ms: 0.201227
Check Backend & AI Engine	Run Backend Tests	2026-07-27T13:28:11.2217305Z   ...
Check Backend & AI Engine	Run Backend Tests	2026-07-27T13:28:11.3015651Z # Subtest: escapeHtml escapes ampersand to &amp;
Check Backend & AI Engine	Run Backend Tests	2026-07-27T13:28:11.3016967Z ok 310 - escapeHtml escapes ampersand to &amp;
Check Backend & AI Engine	Run Backend Tests	2026-07-27T13:28:11.3017731Z   ---
Check Backend & AI Engine	Run Backend Tests	2026-07-27T13:28:11.3018443Z   duration_ms: 1.417871
Check Backend & AI Engine	Run Backend Tests	2026-07-27T13:28:11.3019186Z   ...
Check Backend & AI Engine	Run Backend Tests	2026-07-27T13:28:11.3020250Z # Subtest: escapeHtml escapes less-than to &lt;
Check Backend & AI Engine	Run Backend Tests	2026-07-27T13:28:11.3021202Z ok 311 - escapeHtml escapes less-than to &lt;
Check Backend & AI Engine	Run Backend Tests	2026-07-27T13:28:11.3021965Z   ---
Check Backend & AI Engine	Run Backend Tests	2026-07-27T13:28:11.3022654Z   duration_ms: 0.811683
Check Backend & AI Engine	Run Backend Tests	2026-07-27T13:28:11.3023190Z   ...
Check Backend & AI Engine	Run Backend Tests	2026-07-27T13:28:11.3023764Z # Subtest: escapeHtml escapes greater-than to &gt;
Check Backend & AI Engine	Run Backend Tests	2026-07-27T13:28:11.3024429Z ok 312 - escapeHtml escapes greater-than to &gt;
Check Backend & AI Engine	Run Backend Tests	2026-07-27T13:28:11.3024935Z   ---
Check Backend & AI Engine	Run Backend Tests	2026-07-27T13:28:11.3025390Z   duration_ms: 0.163756
Check Backend & AI Engine	Run Backend Tests	2026-07-27T13:28:11.3025773Z   ...
Check Backend & AI Engine	Run Backend Tests	2026-07-27T13:28:11.3029291Z # Subtest: escapeHtml escapes double-quote to &quot;
Check Backend & AI Engine	Run Backend Tests	2026-07-27T13:28:11.3032178Z ok 313 - escapeHtml escapes double-quote to &quot;
Check Backend & AI Engine	Run Backend Tests	2026-07-27T13:28:11.3032910Z   ---
Check Backend & AI Engine	Run Backend Tests	2026-07-27T13:28:11.3033443Z   duration_ms: 0.10511
Check Backend & AI Engine	Run Backend Tests	2026-07-27T13:28:11.3033776Z   ...
Check Backend & AI Engine	Run Backend Tests	2026-07-27T13:28:11.3037313Z # Subtest: escapeHtml escapes single-quote to &\#39;
Check Backend & AI Engine	Run Backend Tests	2026-07-27T13:28:11.3038189Z ok 314 - escapeHtml escapes single-quote to &\#39;
Check Backend & AI Engine	Run Backend Tests	2026-07-27T13:28:11.3038928Z   ---
Check Backend & AI Engine	Run Backend Tests	2026-07-27T13:28:11.3039498Z   duration_ms: 0.094823
Check Backend & AI Engine	Run Backend Tests	2026-07-27T13:28:11.3040298Z   ...
Check Backend & AI Engine	Run Backend Tests	2026-07-27T13:28:11.3054680Z # Subtest: escapeHtml escapes all HTML special characters together
Check Backend & AI Engine	Run Backend Tests	2026-07-27T13:28:11.3055789Z ok 315 - escapeHtml escapes all HTML special characters together
Check Backend & AI Engine	Run Backend Tests	2026-07-27T13:28:11.3056608Z   ---
Check Backend & AI Engine	Run Backend Tests	2026-07-27T13:28:11.3057320Z   duration_ms: 0.094434
Check Backend & AI Engine	Run Backend Tests	2026-07-27T13:28:11.3058049Z   ...
Check Backend & AI Engine	Run Backend Tests	2026-07-27T13:28:11.3058782Z # Subtest: escapeHtml returns empty string for null
Check Backend & AI Engine	Run Backend Tests	2026-07-27T13:28:11.3059415Z ok 316 - escapeHtml returns empty string for null
Check Backend & AI Engine	Run Backend Tests	2026-07-27T13:28:11.3060177Z   ---
Check Backend & AI Engine	Run Backend Tests	2026-07-27T13:28:11.3060764Z   duration_ms: 0.077891
Check Backend & AI Engine	Run Backend Tests	2026-07-27T13:28:11.3061313Z   ...
Check Backend & AI Engine	Run Backend Tests	2026-07-27T13:28:11.3062035Z # Subtest: escapeHtml returns empty string for undefined
Check Backend & AI Engine	Run Backend Tests	2026-07-27T13:28:11.3062925Z ok 317 - escapeHtml returns empty string for undefined
Check Backend & AI Engine	Run Backend Tests	2026-07-27T13:28:11.3063656Z   ---
Check Backend & AI Engine	Run Backend Tests	2026-07-27T13:28:11.3064191Z   duration_ms: 0.071129
Check Backend & AI Engine	Run Backend Tests	2026-07-27T13:28:11.3064742Z   ...
Check Backend & AI Engine	Run Backend Tests	2026-07-27T13:28:11.3065598Z # Subtest: escapeHtml returns empty string for number input
Check Backend & AI Engine	Run Backend Tests	2026-07-27T13:28:11.3066528Z ok 318 - escapeHtml returns empty string for number input
Check Backend & AI Engine	Run Backend Tests	2026-07-27T13:28:11.3067213Z   ---
Check Backend & AI Engine	Run Backend Tests	2026-07-27T13:28:11.3067848Z   duration_ms: 0.088058
Check Backend & AI Engine	Run Backend Tests	2026-07-27T13:28:11.3068425Z   ...
Check Backend & AI Engine	Run Backend Tests	2026-07-27T13:28:11.3069214Z # Subtest: escapeHtml returns empty string for object input
Check Backend & AI Engine	Run Backend Tests	2026-07-27T13:28:11.3083567Z ok 319 - escapeHtml returns empty string for object input
Check Backend & AI Engine	Run Backend Tests	2026-07-27T13:28:11.3084541Z   ---
Check Backend & AI Engine	Run Backend Tests	2026-07-27T13:28:11.3085220Z   duration_ms: 0.142067
Check Backend & AI Engine	Run Backend Tests	2026-07-27T13:28:11.3085860Z   ...
Check Backend & AI Engine	Run Backend Tests	2026-07-27T13:28:11.3086759Z # Subtest: escapeHtml returns empty string for array input
Check Backend & AI Engine	Run Backend Tests	2026-07-27T13:28:11.3087721Z ok 320 - escapeHtml returns empty string for array input
Check Backend & AI Engine	Run Backend Tests	2026-07-27T13:28:11.3088562Z   ---
Check Backend & AI Engine	Run Backend Tests	2026-07-27T13:28:11.3089138Z   duration_ms: 0.084
Check Backend & AI Engine	Run Backend Tests	2026-07-27T13:28:11.3089718Z   ...
Check Backend & AI Engine	Run Backend Tests	2026-07-27T13:28:11.3090813Z # Subtest: escapeHtml double-escapes already-escaped content (no idempotency)
Check Backend & AI Engine	Run Backend Tests	2026-07-27T13:28:11.3091970Z ok 321 - escapeHtml double-escapes already-escaped content (no idempotency)
Check Backend & AI Engine	Run Backend Tests	2026-07-27T13:28:11.3092992Z   ---
Check Backend & AI Engine	Run Backend Tests	2026-07-27T13:28:11.3093505Z   duration_ms: 0.088657
Check Backend & AI Engine	Run Backend Tests	2026-07-27T13:28:11.3094010Z   ...
Check Backend & AI Engine	Run Backend Tests	2026-07-27T13:28:11.3094883Z # Subtest: escapeHtml passes unicode characters through unchanged
Check Backend & AI Engine	Run Backend Tests	2026-07-27T13:28:11.3095765Z ok 322 - escapeHtml passes unicode characters through unchanged
Check Backend & AI Engine	Run Backend Tests	2026-07-27T13:28:11.3096287Z   ---
Check Backend & AI Engine	Run Backend Tests	2026-07-27T13:28:11.3096654Z   duration_ms: 0.083251
Check Backend & AI Engine	Run Backend Tests	2026-07-27T13:28:11.3097110Z   ...
Check Backend & AI Engine	Run Backend Tests	2026-07-27T13:28:11.3097537Z # Subtest: escapeHtml handles empty string
Check Backend & AI Engine	Run Backend Tests	2026-07-27T13:28:11.3098031Z ok 323 - escapeHtml handles empty string
Check Backend & AI Engine	Run Backend Tests	2026-07-27T13:28:11.3098485Z   ---
Check Backend & AI Engine	Run Backend Tests	2026-07-27T13:28:11.3098834Z   duration_ms: 0.070358
Check Backend & AI Engine	Run Backend Tests	2026-07-27T13:28:11.3099232Z   ...
Check Backend & AI Engine	Run Backend Tests	2026-07-27T13:28:11.3099682Z # Subtest: escapeHtml handles whitespace-only strings
Check Backend & AI Engine	Run Backend Tests	2026-07-27T13:28:11.3100671Z ok 324 - escapeHtml handles whitespace-only strings
Check Backend & AI Engine	Run Backend Tests	2026-07-27T13:28:11.3101278Z   ---
Check Backend & AI Engine	Run Backend Tests	2026-07-27T13:28:11.3101672Z   duration_ms: 0.109064
Check Backend & AI Engine	Run Backend Tests	2026-07-27T13:28:11.3102072Z   ...
Check Backend & AI Engine	Run Backend Tests	2026-07-27T13:28:11.3102629Z # Subtest: escapeHtml handles strings with no special characters
Check Backend & AI Engine	Run Backend Tests	2026-07-27T13:28:11.3112933Z ok 325 - escapeHtml handles strings with no special characters
Check Backend & AI Engine	Run Backend Tests	2026-07-27T13:28:11.3113501Z   ---
Check Backend & AI Engine	Run Backend Tests	2026-07-27T13:28:11.3113882Z   duration_ms: 0.081597
Check Backend & AI Engine	Run Backend Tests	2026-07-27T13:28:11.3114264Z   ...
Check Backend & AI Engine	Run Backend Tests	2026-07-27T13:28:11.3114815Z # Subtest: escapeHtml handles mixed safe and unsafe characters
Check Backend & AI Engine	Run Backend Tests	2026-07-27T13:28:11.3115590Z ok 326 - escapeHtml handles mixed safe and unsafe characters
Check Backend & AI Engine	Run Backend Tests	2026-07-27T13:28:11.3115956Z   ---
Check Backend & AI Engine	Run Backend Tests	2026-07-27T13:28:11.3116243Z   duration_ms: 0.075594
Check Backend & AI Engine	Run Backend Tests	2026-07-27T13:28:11.3116590Z   ...
Check Backend & AI Engine	Run Backend Tests	2026-07-27T13:28:11.3117002Z # Subtest: escapeHtml handles consecutive special characters
Check Backend & AI Engine	Run Backend Tests	2026-07-27T13:28:11.3117487Z ok 327 - escapeHtml handles consecutive special characters
Check Backend & AI Engine	Run Backend Tests	2026-07-27T13:28:11.3117847Z   ---
Check Backend & AI Engine	Run Backend Tests	2026-07-27T13:28:11.3118128Z   duration_ms: 0.078579
Check Backend & AI Engine	Run Backend Tests	2026-07-27T13:28:11.3118445Z   ...
Check Backend & AI Engine	Run Backend Tests	2026-07-27T13:28:11.3118775Z # Subtest: escapeHtml handles newlines and tabs
Check Backend & AI Engine	Run Backend Tests	2026-07-27T13:28:11.3119333Z ok 328 - escapeHtml handles newlines and tabs
Check Backend & AI Engine	Run Backend Tests	2026-07-27T13:28:11.3119691Z   ---
Check Backend & AI Engine	Run Backend Tests	2026-07-27T13:28:11.3120201Z   duration_ms: 0.077734
Check Backend & AI Engine	Run Backend Tests	2026-07-27T13:28:11.3120630Z   ...
Check Backend & AI Engine	Run Backend Tests	2026-07-27T13:28:11.3121130Z # Subtest: escapeHtml handles backticks and backslashes
Check Backend & AI Engine	Run Backend Tests	2026-07-27T13:28:11.3121818Z ok 329 - escapeHtml handles backticks and backslashes
Check Backend & AI Engine	Run Backend Tests	2026-07-27T13:28:11.3122327Z   ---
Check Backend & AI Engine	Run Backend Tests	2026-07-27T13:28:11.3122658Z   duration_ms: 0.073222
Check Backend & AI Engine	Run Backend Tests	2026-07-27T13:28:11.3123261Z   ...
Check Backend & AI Engine	Run Backend Tests	2026-07-27T13:28:11.4011067Z # Subtest: fetchWithTimeout returns a Response on success
Check Backend & AI Engine	Run Backend Tests	2026-07-27T13:28:11.4012036Z ok 330 - fetchWithTimeout returns a Response on success
Check Backend & AI Engine	Run Backend Tests	2026-07-27T13:28:11.4012524Z   ---
Check Backend & AI Engine	Run Backend Tests	2026-07-27T13:28:11.4012829Z   duration_ms: 24.603521
Check Backend & AI Engine	Run Backend Tests	2026-07-27T13:28:11.4013209Z   ...
Check Backend & AI Engine	Run Backend Tests	2026-07-27T13:28:11.4026737Z # Subtest: fetchWithTimeout passes method through in options
Check Backend & AI Engine	Run Backend Tests	2026-07-27T13:28:11.4027782Z ok 331 - fetchWithTimeout passes method through in options
Check Backend & AI Engine	Run Backend Tests	2026-07-27T13:28:11.4028233Z   ---
Check Backend & AI Engine	Run Backend Tests	2026-07-27T13:28:11.4028640Z   duration_ms: 0.326218
Check Backend & AI Engine	Run Backend Tests	2026-07-27T13:28:11.4029092Z   ...
Check Backend & AI Engine	Run Backend Tests	2026-07-27T13:28:11.4029700Z # Subtest: fetchWithTimeout passes headers through in options
Check Backend & AI Engine	Run Backend Tests	2026-07-27T13:28:11.4030636Z ok 332 - fetchWithTimeout passes headers through in options
Check Backend & AI Engine	Run Backend Tests	2026-07-27T13:28:11.4031204Z   ---
Check Backend & AI Engine	Run Backend Tests	2026-07-27T13:28:11.4031627Z   duration_ms: 0.249705
Check Backend & AI Engine	Run Backend Tests	2026-07-27T13:28:11.4032142Z   ...
Check Backend & AI Engine	Run Backend Tests	2026-07-27T13:28:11.9007335Z # Subtest: fetchWithTimeout throws when timeout expires before fetch resolves
Check Backend & AI Engine	Run Backend Tests	2026-07-27T13:28:11.9009495Z ok 333 - fetchWithTimeout throws when timeout expires before fetch resolves
Check Backend & AI Engine	Run Backend Tests	2026-07-27T13:28:11.9010527Z   ---
Check Backend & AI Engine	Run Backend Tests	2026-07-27T13:28:11.9010858Z   duration_ms: 500.074528
Check Backend & AI Engine	Run Backend Tests	2026-07-27T13:28:11.9011205Z   ...
Check Backend & AI Engine	Run Backend Tests	2026-07-27T13:28:11.9014687Z # Subtest: fetchWithTimeout default timeout is 120000ms and accepts signal
Check Backend & AI Engine	Run Backend Tests	2026-07-27T13:28:11.9018191Z ok 334 - fetchWithTimeout default timeout is 120000ms and accepts signal
Check Backend & AI Engine	Run Backend Tests	2026-07-27T13:28:11.9019257Z   ---
Check Backend & AI Engine	Run Backend Tests	2026-07-27T13:28:11.9020013Z   duration_ms: 0.419816
Check Backend & AI Engine	Run Backend Tests	2026-07-27T13:28:11.9020739Z   ...
Check Backend & AI Engine	Run Backend Tests	2026-07-27T13:28:11.9021549Z # Subtest: fetchWithTimeout passes signal to fetch call
Check Backend & AI Engine	Run Backend Tests	2026-07-27T13:28:11.9022914Z ok 335 - fetchWithTimeout passes signal to fetch call
Check Backend & AI Engine	Run Backend Tests	2026-07-27T13:28:11.9023738Z   ---
Check Backend & AI Engine	Run Backend Tests	2026-07-27T13:28:11.9024355Z   duration_ms: 0.243544
Check Backend & AI Engine	Run Backend Tests	2026-07-27T13:28:11.9025160Z   ...
Check Backend & AI Engine	Run Backend Tests	2026-07-27T13:28:11.9026962Z # Subtest: fetchWithTimeout propagates fetch errors as-is
Check Backend & AI Engine	Run Backend Tests	2026-07-27T13:28:11.9028942Z ok 336 - fetchWithTimeout propagates fetch errors as-is
Check Backend & AI Engine	Run Backend Tests	2026-07-27T13:28:11.9029452Z   ---
Check Backend & AI Engine	Run Backend Tests	2026-07-27T13:28:11.9029955Z   duration_ms: 0.374868
Check Backend & AI Engine	Run Backend Tests	2026-07-27T13:28:11.9030413Z   ...
Check Backend & AI Engine	Run Backend Tests	2026-07-27T13:28:11.9042675Z # Subtest: fetchWithTimeout returns non-OK HTTP responses without throwing
Check Backend & AI Engine	Run Backend Tests	2026-07-27T13:28:11.9044126Z ok 337 - fetchWithTimeout returns non-OK HTTP responses without throwing
Check Backend & AI Engine	Run Backend Tests	2026-07-27T13:28:11.9044973Z   ---
Check Backend & AI Engine	Run Backend Tests	2026-07-27T13:28:11.9045587Z   duration_ms: 0.280009
Check Backend & AI Engine	Run Backend Tests	2026-07-27T13:28:11.9046204Z   ...
Check Backend & AI Engine	Run Backend Tests	2026-07-27T13:28:11.9046934Z # Subtest: fetchWithTimeout always clears timeout timer on success
Check Backend & AI Engine	Run Backend Tests	2026-07-27T13:28:11.9048296Z ok 338 - fetchWithTimeout always clears timeout timer on success
Check Backend & AI Engine	Run Backend Tests	2026-07-27T13:28:11.9049052Z   ---
Check Backend & AI Engine	Run Backend Tests	2026-07-27T13:28:11.9049585Z   duration_ms: 0.284291
Check Backend & AI Engine	Run Backend Tests	2026-07-27T13:28:11.9050308Z   ...
Check Backend & AI Engine	Run Backend Tests	2026-07-27T13:28:11.9051006Z # Subtest: fetchWithTimeout merges global options with signal
Check Backend & AI Engine	Run Backend Tests	2026-07-27T13:28:11.9052396Z ok 339 - fetchWithTimeout merges global options with signal
Check Backend & AI Engine	Run Backend Tests	2026-07-27T13:28:11.9053020Z   ---
Check Backend & AI Engine	Run Backend Tests	2026-07-27T13:28:11.9053508Z   duration_ms: 0.283426
Check Backend & AI Engine	Run Backend Tests	2026-07-27T13:28:11.9053926Z   ...
Check Backend & AI Engine	Run Backend Tests	2026-07-27T13:28:11.9849582Z # Subtest: deleteFolderRecursive should delete nested directories and files correctly
Check Backend & AI Engine	Run Backend Tests	2026-07-27T13:28:11.9850853Z ok 340 - deleteFolderRecursive should delete nested directories and files correctly
Check Backend & AI Engine	Run Backend Tests	2026-07-27T13:28:11.9851399Z   ---
Check Backend & AI Engine	Run Backend Tests	2026-07-27T13:28:11.9851750Z   duration_ms: 2.73298
Check Backend & AI Engine	Run Backend Tests	2026-07-27T13:28:11.9852095Z   ...
Check Backend & AI Engine	Run Backend Tests	2026-07-27T13:28:11.9856839Z # Subtest: deleteFolderRecursive should not throw if directory does not exist
Check Backend & AI Engine	Run Backend Tests	2026-07-27T13:28:11.9857892Z ok 341 - deleteFolderRecursive should not throw if directory does not exist
Check Backend & AI Engine	Run Backend Tests	2026-07-27T13:28:11.9859425Z   ---
Check Backend & AI Engine	Run Backend Tests	2026-07-27T13:28:11.9860102Z   duration_ms: 0.294555
Check Backend & AI Engine	Run Backend Tests	2026-07-27T13:28:11.9860530Z   ...
Check Backend & AI Engine	Run Backend Tests	2026-07-27T13:28:11.9861218Z # Subtest: deleteFolderRecursive skips valid symlinks without following them
Check Backend & AI Engine	Run Backend Tests	2026-07-27T13:28:11.9862164Z ok 342 - deleteFolderRecursive skips valid symlinks without following them
Check Backend & AI Engine	Run Backend Tests	2026-07-27T13:28:11.9862700Z   ---
Check Backend & AI Engine	Run Backend Tests	2026-07-27T13:28:11.9863226Z   duration_ms: 0.8644
Check Backend & AI Engine	Run Backend Tests	2026-07-27T13:28:11.9863519Z   ...
Check Backend & AI Engine	Run Backend Tests	2026-07-27T13:28:11.9863957Z # Subtest: deleteFolderRecursive skips broken symlinks without throwing
Check Backend & AI Engine	Run Backend Tests	2026-07-27T13:28:11.9864576Z ok 343 - deleteFolderRecursive skips broken symlinks without throwing
Check Backend & AI Engine	Run Backend Tests	2026-07-27T13:28:11.9865195Z   ---
Check Backend & AI Engine	Run Backend Tests	2026-07-27T13:28:11.9865605Z   duration_ms: 0.317879
Check Backend & AI Engine	Run Backend Tests	2026-07-27T13:28:11.9865997Z   ...
Check Backend & AI Engine	Run Backend Tests	2026-07-27T13:28:11.9866708Z # Subtest: deleteFolderRecursive continues without throwing when rmdirSync raises EPERM
Check Backend & AI Engine	Run Backend Tests	2026-07-27T13:28:11.9867765Z ok 344 - deleteFolderRecursive continues without throwing when rmdirSync raises EPERM
Check Backend & AI Engine	Run Backend Tests	2026-07-27T13:28:11.9868431Z   ---
Check Backend & AI Engine	Run Backend Tests	2026-07-27T13:28:11.9868833Z   duration_ms: 0.468113
Check Backend & AI Engine	Run Backend Tests	2026-07-27T13:28:11.9869212Z   ...
Check Backend & AI Engine	Run Backend Tests	2026-07-27T13:28:11.9874272Z # Subtest: deleteFolderRecursive continues without throwing when unlinkSync raises EACCES
Check Backend & AI Engine	Run Backend Tests	2026-07-27T13:28:11.9876035Z ok 345 - deleteFolderRecursive continues without throwing when unlinkSync raises EACCES
Check Backend & AI Engine	Run Backend Tests	2026-07-27T13:28:11.9876650Z   ---
Check Backend & AI Engine	Run Backend Tests	2026-07-27T13:28:11.9877009Z   duration_ms: 0.752772
Check Backend & AI Engine	Run Backend Tests	2026-07-27T13:28:11.9877281Z   ...
Check Backend & AI Engine	Run Backend Tests	2026-07-27T13:28:12.0820569Z # Failed to write HTML report: The argument 'path' must be a string, Uint8Array, or URL without null bytes. Received '\\x00invalid/read-only/path'
Check Backend & AI Engine	Run Backend Tests	2026-07-27T13:28:12.0863422Z # Subtest: SCHEMA_VERSION is exported and equals "1.0"
Check Backend & AI Engine	Run Backend Tests	2026-07-27T13:28:12.0864946Z ok 346 - SCHEMA_VERSION is exported and equals "1.0"
Check Backend & AI Engine	Run Backend Tests	2026-07-27T13:28:12.0865521Z   ---
Check Backend & AI Engine	Run Backend Tests	2026-07-27T13:28:12.0865849Z   duration_ms: 1.365884
Check Backend & AI Engine	Run Backend Tests	2026-07-27T13:28:12.0866205Z   ...
Check Backend & AI Engine	Run Backend Tests	2026-07-27T13:28:12.0872745Z # Subtest: generateHTMLReport returns success with correct path when given valid inputs
Check Backend & AI Engine	Run Backend Tests	2026-07-27T13:28:12.0874593Z ok 347 - generateHTMLReport returns success with correct path when given valid inputs
Check Backend & AI Engine	Run Backend Tests	2026-07-27T13:28:12.0875473Z   ---
Check Backend & AI Engine	Run Backend Tests	2026-07-27T13:28:12.0875994Z   duration_ms: 14.431879
Check Backend & AI Engine	Run Backend Tests	2026-07-27T13:28:12.0876567Z   ...
Check Backend & AI Engine	Run Backend Tests	2026-07-27T13:28:12.0877430Z # Subtest: generateHTMLReport counts bugs and security as error severity
Check Backend & AI Engine	Run Backend Tests	2026-07-27T13:28:12.0878497Z ok 348 - generateHTMLReport counts bugs and security as error severity
Check Backend & AI Engine	Run Backend Tests	2026-07-27T13:28:12.0879264Z   ---
Check Backend & AI Engine	Run Backend Tests	2026-07-27T13:28:12.0879758Z   duration_ms: 0.571467
Check Backend & AI Engine	Run Backend Tests	2026-07-27T13:28:12.0880540Z   ...
Check Backend & AI Engine	Run Backend Tests	2026-07-27T13:28:12.0881356Z # Subtest: generateHTMLReport counts optimization as warning severity
Check Backend & AI Engine	Run Backend Tests	2026-07-27T13:28:12.0882377Z ok 349 - generateHTMLReport counts optimization as warning severity
Check Backend & AI Engine	Run Backend Tests	2026-07-27T13:28:12.0883103Z   ---
Check Backend & AI Engine	Run Backend Tests	2026-07-27T13:28:12.0883617Z   duration_ms: 0.418526
Check Backend & AI Engine	Run Backend Tests	2026-07-27T13:28:12.0884194Z   ...
Check Backend & AI Engine	Run Backend Tests	2026-07-27T13:28:12.0884921Z # Subtest: generateHTMLReport counts styling as info severity
Check Backend & AI Engine	Run Backend Tests	2026-07-27T13:28:12.0891937Z ok 350 - generateHTMLReport counts styling as info severity
Check Backend & AI Engine	Run Backend Tests	2026-07-27T13:28:12.0892840Z   ---
Check Backend & AI Engine	Run Backend Tests	2026-07-27T13:28:12.0893360Z   duration_ms: 0.325485
Check Backend & AI Engine	Run Backend Tests	2026-07-27T13:28:12.0893965Z   ...
Check Backend & AI Engine	Run Backend Tests	2026-07-27T13:28:12.0894759Z # Subtest: generateHTMLReport handles empty reviewResult gracefully
Check Backend & AI Engine	Run Backend Tests	2026-07-27T13:28:12.0895915Z ok 351 - generateHTMLReport handles empty reviewResult gracefully
Check Backend & AI Engine	Run Backend Tests	2026-07-27T13:28:12.0896642Z   ---
Check Backend & AI Engine	Run Backend Tests	2026-07-27T13:28:12.0897152Z   duration_ms: 0.237855
Check Backend & AI Engine	Run Backend Tests	2026-07-27T13:28:12.0897739Z   ...
Check Backend & AI Engine	Run Backend Tests	2026-07-27T13:28:12.0901676Z # Subtest: generateHTMLReport handles missing fileReviews in reviewResult
Check Backend & AI Engine	Run Backend Tests	2026-07-27T13:28:12.0903913Z ok 352 - generateHTMLReport handles missing fileReviews in reviewResult
Check Backend & AI Engine	Run Backend Tests	2026-07-27T13:28:12.0904706Z   ---
Check Backend & AI Engine	Run Backend Tests	2026-07-27T13:28:12.0905300Z   duration_ms: 0.267905
Check Backend & AI Engine	Run Backend Tests	2026-07-27T13:28:12.0905839Z   ...
Check Backend & AI Engine	Run Backend Tests	2026-07-27T13:28:12.0910754Z # Subtest: generateHTMLReport writes a valid HTML file
Check Backend & AI Engine	Run Backend Tests	2026-07-27T13:28:12.0913849Z ok 353 - generateHTMLReport writes a valid HTML file
Check Backend & AI Engine	Run Backend Tests	2026-07-27T13:28:12.0914557Z   ---
Check Backend & AI Engine	Run Backend Tests	2026-07-27T13:28:12.0915201Z   duration_ms: 0.320355
Check Backend & AI Engine	Run Backend Tests	2026-07-27T13:28:12.0915825Z   ...
Check Backend & AI Engine	Run Backend Tests	2026-07-27T13:28:12.0916535Z # Subtest: generateHTMLReport includes repoName in title and meta section
Check Backend & AI Engine	Run Backend Tests	2026-07-27T13:28:12.0918196Z ok 354 - generateHTMLReport includes repoName in title and meta section
Check Backend & AI Engine	Run Backend Tests	2026-07-27T13:28:12.0918907Z   ---
Check Backend & AI Engine	Run Backend Tests	2026-07-27T13:28:12.0919450Z   duration_ms: 0.327948
Check Backend & AI Engine	Run Backend Tests	2026-07-27T13:28:12.0920263Z   ...
Check Backend & AI Engine	Run Backend Tests	2026-07-27T13:28:12.0931165Z # Subtest: generateHTMLReport includes Files Reviewed count in meta section
Check Backend & AI Engine	Run Backend Tests	2026-07-27T13:28:12.0932397Z ok 355 - generateHTMLReport includes Files Reviewed count in meta section
Check Backend & AI Engine	Run Backend Tests	2026-07-27T13:28:12.0933164Z   ---
Check Backend & AI Engine	Run Backend Tests	2026-07-27T13:28:12.0933605Z   duration_ms: 0.320398
Check Backend & AI Engine	Run Backend Tests	2026-07-27T13:28:12.0937311Z   ...
Check Backend & AI Engine	Run Backend Tests	2026-07-27T13:28:12.0938236Z # Subtest: generateHTMLReport renders findings in a table
Check Backend & AI Engine	Run Backend Tests	2026-07-27T13:28:12.0939004Z ok 356 - generateHTMLReport renders findings in a table
Check Backend & AI Engine	Run Backend Tests	2026-07-27T13:28:12.0939540Z   ---
Check Backend & AI Engine	Run Backend Tests	2026-07-27T13:28:12.0940141Z   duration_ms: 0.282548
Check Backend & AI Engine	Run Backend Tests	2026-07-27T13:28:12.0940636Z   ...
Check Backend & AI Engine	Run Backend Tests	2026-07-27T13:28:12.0941269Z # Subtest: generateHTMLReport renders all four finding types
Check Backend & AI Engine	Run Backend Tests	2026-07-27T13:28:12.0942036Z ok 357 - generateHTMLReport renders all four finding types
Check Backend & AI Engine	Run Backend Tests	2026-07-27T13:28:12.0942580Z   ---
Check Backend & AI Engine	Run Backend Tests	2026-07-27T13:28:12.0943037Z   duration_ms: 0.333686
Check Backend & AI Engine	Run Backend Tests	2026-07-27T13:28:12.0943477Z   ...
Check Backend & AI Engine	Run Backend Tests	2026-07-27T13:28:12.0944201Z # Subtest: generateHTMLReport applies escapeHtml to repoName in meta section
Check Backend & AI Engine	Run Backend Tests	2026-07-27T13:28:12.0945186Z ok 358 - generateHTMLReport applies escapeHtml to repoName in meta section
Check Backend & AI Engine	Run Backend Tests	2026-07-27T13:28:12.0945818Z   ---
Check Backend & AI Engine	Run Backend Tests	2026-07-27T13:28:12.0946290Z   duration_ms: 0.311658
Check Backend & AI Engine	Run Backend Tests	2026-07-27T13:28:12.0946720Z   ...
Check Backend & AI Engine	Run Backend Tests	2026-07-27T13:28:12.0947406Z # Subtest: generateHTMLReport applies escapeHtml to file paths in table
Check Backend & AI Engine	Run Backend Tests	2026-07-27T13:28:12.0948294Z ok 359 - generateHTMLReport applies escapeHtml to file paths in table
Check Backend & AI Engine	Run Backend Tests	2026-07-27T13:28:12.0948942Z   ---
Check Backend & AI Engine	Run Backend Tests	2026-07-27T13:28:12.0949340Z   duration_ms: 0.285069
Check Backend & AI Engine	Run Backend Tests	2026-07-27T13:28:12.0949924Z   ...
Check Backend & AI Engine	Run Backend Tests	2026-07-27T13:28:12.0950866Z # Subtest: generateHTMLReport applies escapeHtml to description and suggestion
Check Backend & AI Engine	Run Backend Tests	2026-07-27T13:28:12.0952269Z ok 360 - generateHTMLReport applies escapeHtml to description and suggestion
Check Backend & AI Engine	Run Backend Tests	2026-07-27T13:28:12.0953079Z   ---
Check Backend & AI Engine	Run Backend Tests	2026-07-27T13:28:12.0953603Z   duration_ms: 0.272721
Check Backend & AI Engine	Run Backend Tests	2026-07-27T13:28:12.0954025Z   ...
Check Backend & AI Engine	Run Backend Tests	2026-07-27T13:28:12.0954908Z # Subtest: generateHTMLReport shows "No findings" message when all categories are empty
Check Backend & AI Engine	Run Backend Tests	2026-07-27T13:28:12.0956117Z ok 361 - generateHTMLReport shows "No findings" message when all categories are empty
Check Backend & AI Engine	Run Backend Tests	2026-07-27T13:28:12.0956938Z   ---
Check Backend & AI Engine	Run Backend Tests	2026-07-27T13:28:12.0957483Z   duration_ms: 0.317702
Check Backend & AI Engine	Run Backend Tests	2026-07-27T13:28:12.0958016Z   ...
Check Backend & AI Engine	Run Backend Tests	2026-07-27T13:28:12.0958805Z # Subtest: generateHTMLReport returns error result on invalid output path
Check Backend & AI Engine	Run Backend Tests	2026-07-27T13:28:12.0959736Z ok 362 - generateHTMLReport returns error result on invalid output path
Check Backend & AI Engine	Run Backend Tests	2026-07-27T13:28:12.0960908Z   ---
Check Backend & AI Engine	Run Backend Tests	2026-07-27T13:28:12.0961294Z   duration_ms: 1.862349
Check Backend & AI Engine	Run Backend Tests	2026-07-27T13:28:12.0961687Z   ...
Check Backend & AI Engine	Run Backend Tests	2026-07-27T13:28:12.0962341Z # Subtest: generateHTMLReport renders severity stats in the stats section
Check Backend & AI Engine	Run Backend Tests	2026-07-27T13:28:12.0962942Z ok 363 - generateHTMLReport renders severity stats in the stats section
Check Backend & AI Engine	Run Backend Tests	2026-07-27T13:28:12.0963418Z   ---
Check Backend & AI Engine	Run Backend Tests	2026-07-27T13:28:12.0963691Z   duration_ms: 0.410173
Check Backend & AI Engine	Run Backend Tests	2026-07-27T13:28:12.0963986Z   ...
Check Backend & AI Engine	Run Backend Tests	2026-07-27T13:28:12.0972866Z # Subtest: generateHTMLReport sorts findings stably even with custom/unknown severity levels (no NaN)
Check Backend & AI Engine	Run Backend Tests	2026-07-27T13:28:12.0975492Z ok 364 - generateHTMLReport sorts findings stably even with custom/unknown severity levels (no NaN)
Check Backend & AI Engine	Run Backend Tests	2026-07-27T13:28:12.0976517Z   ---
Check Backend & AI Engine	Run Backend Tests	2026-07-27T13:28:12.0977079Z   duration_ms: 0.363767
Check Backend & AI Engine	Run Backend Tests	2026-07-27T13:28:12.0977729Z   ...
Check Backend & AI Engine	Run Backend Tests	2026-07-27T13:28:12.1789135Z # Subtest: SCHEMA_VERSION is exported and equals "1.0"
Check Backend & AI Engine	Run Backend Tests	2026-07-27T13:28:12.1790333Z ok 365 - SCHEMA_VERSION is exported and equals "1.0"
Check Backend & AI Engine	Run Backend Tests	2026-07-27T13:28:12.1790939Z   ---
Check Backend & AI Engine	Run Backend Tests	2026-07-27T13:28:12.1791416Z   duration_ms: 1.370478
Check Backend & AI Engine	Run Backend Tests	2026-07-27T13:28:12.1791935Z   ...
Check Backend & AI Engine	Run Backend Tests	2026-07-27T13:28:12.1808828Z # Subtest: generateJSONReport returns success with correct path when given valid inputs
Check Backend & AI Engine	Run Backend Tests	2026-07-27T13:28:12.1812032Z ok 366 - generateJSONReport returns success with correct path when given valid inputs
Check Backend & AI Engine	Run Backend Tests	2026-07-27T13:28:12.1812778Z   ---
Check Backend & AI Engine	Run Backend Tests	2026-07-27T13:28:12.1813182Z   duration_ms: 5.720136
Check Backend & AI Engine	Run Backend Tests	2026-07-27T13:28:12.1813661Z   ...
Check Backend & AI Engine	Run Backend Tests	2026-07-27T13:28:12.1821952Z # Subtest: generateJSONReport counts bugs and security as error severity
Check Backend & AI Engine	Run Backend Tests	2026-07-27T13:28:12.1823647Z ok 367 - generateJSONReport counts bugs and security as error severity
Check Backend & AI Engine	Run Backend Tests	2026-07-27T13:28:12.1824307Z   ---
Check Backend & AI Engine	Run Backend Tests	2026-07-27T13:28:12.1824675Z   duration_ms: 1.232058
Check Backend & AI Engine	Run Backend Tests	2026-07-27T13:28:12.1825145Z   ...
Check Backend & AI Engine	Run Backend Tests	2026-07-27T13:28:12.1833748Z # Subtest: generateJSONReport counts optimization as warning severity
Check Backend & AI Engine	Run Backend Tests	2026-07-27T13:28:12.1842610Z ok 368 - generateJSONReport counts optimization as warning severity
Check Backend & AI Engine	Run Backend Tests	2026-07-27T13:28:12.1843079Z   ---
Check Backend & AI Engine	Run Backend Tests	2026-07-27T13:28:12.1843638Z   duration_ms: 1.15965
Check Backend & AI Engine	Run Backend Tests	2026-07-27T13:28:12.1844209Z   ...
Check Backend & AI Engine	Run Backend Tests	2026-07-27T13:28:12.1845030Z # Subtest: generateJSONReport counts styling as info severity
Check Backend & AI Engine	Run Backend Tests	2026-07-27T13:28:12.1845773Z ok 369 - generateJSONReport counts styling as info severity
Check Backend & AI Engine	Run Backend Tests	2026-07-27T13:28:12.1846335Z   ---
Check Backend & AI Engine	Run Backend Tests	2026-07-27T13:28:12.1846817Z   duration_ms: 0.945388
Check Backend & AI Engine	Run Backend Tests	2026-07-27T13:28:12.1847126Z   ...
Check Backend & AI Engine	Run Backend Tests	2026-07-27T13:28:12.1853801Z # Subtest: generateJSONReport handles empty reviewResult gracefully
Check Backend & AI Engine	Run Backend Tests	2026-07-27T13:28:12.1856117Z ok 370 - generateJSONReport handles empty reviewResult gracefully
Check Backend & AI Engine	Run Backend Tests	2026-07-27T13:28:12.1856774Z   ---
Check Backend & AI Engine	Run Backend Tests	2026-07-27T13:28:12.1857087Z   duration_ms: 0.996888
Check Backend & AI Engine	Run Backend Tests	2026-07-27T13:28:12.1857383Z   ...
Check Backend & AI Engine	Run Backend Tests	2026-07-27T13:28:12.1872595Z # Failed to write JSON report: The argument 'path' must be a string, Uint8Array, or URL without null bytes. Received '\\x00invalid/read-only/path'
Check Backend & AI Engine	Run Backend Tests	2026-07-27T13:28:12.1879437Z # Subtest: generateJSONReport handles missing fileReviews in reviewResult
Check Backend & AI Engine	Run Backend Tests	2026-07-27T13:28:12.1881530Z ok 371 - generateJSONReport handles missing fileReviews in reviewResult
Check Backend & AI Engine	Run Backend Tests	2026-07-27T13:28:12.1882176Z   ---
Check Backend & AI Engine	Run Backend Tests	2026-07-27T13:28:12.1882450Z   duration_ms: 0.960164
Check Backend & AI Engine	Run Backend Tests	2026-07-27T13:28:12.1882727Z   ...
Check Backend & AI Engine	Run Backend Tests	2026-07-27T13:28:12.1884152Z # Subtest: generateJSONReport returns error result on invalid output path
Check Backend & AI Engine	Run Backend Tests	2026-07-27T13:28:12.1885885Z ok 372 - generateJSONReport returns error result on invalid output path
Check Backend & AI Engine	Run Backend Tests	2026-07-27T13:28:12.1886330Z   ---
Check Backend & AI Engine	Run Backend Tests	2026-07-27T13:28:12.1886608Z   duration_ms: 1.489363
Check Backend & AI Engine	Run Backend Tests	2026-07-27T13:28:12.1886879Z   ...
Check Backend & AI Engine	Run Backend Tests	2026-07-27T13:28:12.1897410Z # Subtest: generateJSONReport produces valid JSON with all required top-level fields
Check Backend & AI Engine	Run Backend Tests	2026-07-27T13:28:12.1898876Z ok 373 - generateJSONReport produces valid JSON with all required top-level fields
Check Backend & AI Engine	Run Backend Tests	2026-07-27T13:28:12.1900158Z   ---
Check Backend & AI Engine	Run Backend Tests	2026-07-27T13:28:12.1900731Z   duration_ms: 1.583186
Check Backend & AI Engine	Run Backend Tests	2026-07-27T13:28:12.1901331Z   ...
Check Backend & AI Engine	Run Backend Tests	2026-07-27T13:28:12.1922879Z # Subtest: generateJSONReport uses issue.description for message when available
Check Backend & AI Engine	Run Backend Tests	2026-07-27T13:28:12.1946758Z ok 374 - generateJSONReport uses issue.description for message when available
Check Backend & AI Engine	Run Backend Tests	2026-07-27T13:28:12.1947703Z   ---
Check Backend & AI Engine	Run Backend Tests	2026-07-27T13:28:12.1948025Z   duration_ms: 1.535039
Check Backend & AI Engine	Run Backend Tests	2026-07-27T13:28:12.1948339Z   ...
Check Backend & AI Engine	Run Backend Tests	2026-07-27T13:28:12.1948832Z # Subtest: generateJSONReport falls back to issue.message when description is absent
Check Backend & AI Engine	Run Backend Tests	2026-07-27T13:28:12.1949538Z ok 375 - generateJSONReport falls back to issue.message when description is absent
Check Backend & AI Engine	Run Backend Tests	2026-07-27T13:28:12.1950374Z   ---
Check Backend & AI Engine	Run Backend Tests	2026-07-27T13:28:12.1950686Z   duration_ms: 1.903593
Check Backend & AI Engine	Run Backend Tests	2026-07-27T13:28:12.1950989Z   ...
Check Backend & AI Engine	Run Backend Tests	2026-07-27T13:28:12.1951525Z # Subtest: generateJSONReport falls back to empty string when both description and message are absent
Check Backend & AI Engine	Run Backend Tests	2026-07-27T13:28:12.1952292Z ok 376 - generateJSONReport falls back to empty string when both description and message are absent
Check Backend & AI Engine	Run Backend Tests	2026-07-27T13:28:12.1952786Z   ---
Check Backend & AI Engine	Run Backend Tests	2026-07-27T13:28:12.1953122Z   duration_ms: 1.304997
Check Backend & AI Engine	Run Backend Tests	2026-07-27T13:28:12.1953665Z   ...
Check Backend & AI Engine	Run Backend Tests	2026-07-27T13:28:12.1959638Z # Subtest: generateJSONReport defaults line to 1 when missing
Check Backend & AI Engine	Run Backend Tests	2026-07-27T13:28:12.1961344Z ok 377 - generateJSONReport defaults line to 1 when missing
Check Backend & AI Engine	Run Backend Tests	2026-07-27T13:28:12.1962073Z   ---
Check Backend & AI Engine	Run Backend Tests	2026-07-27T13:28:12.1962566Z   duration_ms: 1.134272
Check Backend & AI Engine	Run Backend Tests	2026-07-27T13:28:12.1963110Z   ...
Check Backend & AI Engine	Run Backend Tests	2026-07-27T13:28:12.1974464Z # Subtest: generateJSONReport is prototype pollution safe with custom/malicious severity/category names
Check Backend & AI Engine	Run Backend Tests	2026-07-27T13:28:12.1976000Z ok 378 - generateJSONReport is prototype pollution safe with custom/malicious severity/category names
Check Backend & AI Engine	Run Backend Tests	2026-07-27T13:28:12.1976569Z   ---
Check Backend & AI Engine	Run Backend Tests	2026-07-27T13:28:12.1976901Z   duration_ms: 1.594761
Check Backend & AI Engine	Run Backend Tests	2026-07-27T13:28:12.1977237Z   ...
Check Backend & AI Engine	Run Backend Tests	2026-07-27T13:28:12.2625531Z # Subtest: getAllChanges returns empty array for non-array input
Check Backend & AI Engine	Run Backend Tests	2026-07-27T13:28:12.2626769Z ok 379 - getAllChanges returns empty array for non-array input
Check Backend & AI Engine	Run Backend Tests	2026-07-27T13:28:12.2627542Z   ---
Check Backend & AI Engine	Run Backend Tests	2026-07-27T13:28:12.2630996Z   duration_ms: 1.969663
Check Backend & AI Engine	Run Backend Tests	2026-07-27T13:28:12.2631566Z   ...
Check Backend & AI Engine	Run Backend Tests	2026-07-27T13:28:12.2637714Z # Subtest: getAllChanges returns empty array for empty files array
Check Backend & AI Engine	Run Backend Tests	2026-07-27T13:28:12.2639073Z ok 380 - getAllChanges returns empty array for empty files array
Check Backend & AI Engine	Run Backend Tests	2026-07-27T13:28:12.2639745Z   ---
Check Backend & AI Engine	Run Backend Tests	2026-07-27T13:28:12.2640317Z   duration_ms: 0.162161
Check Backend & AI Engine	Run Backend Tests	2026-07-27T13:28:12.2640802Z   ...
Check Backend & AI Engine	Run Backend Tests	2026-07-27T13:28:12.2653309Z # Subtest: getAllChanges flattens changes with correct file path annotation
Check Backend & AI Engine	Run Backend Tests	2026-07-27T13:28:12.2654512Z ok 381 - getAllChanges flattens changes with correct file path annotation
Check Backend & AI Engine	Run Backend Tests	2026-07-27T13:28:12.2655165Z   ---
Check Backend & AI Engine	Run Backend Tests	2026-07-27T13:28:12.2655681Z   duration_ms: 0.18042
Check Backend & AI Engine	Run Backend Tests	2026-07-27T13:28:12.2656039Z   ...
Check Backend & AI Engine	Run Backend Tests	2026-07-27T13:28:12.2656422Z # Subtest: getAllChanges marks deletions with deleted: true
Check Backend & AI Engine	Run Backend Tests	2026-07-27T13:28:12.2657034Z ok 382 - getAllChanges marks deletions with deleted: true
Check Backend & AI Engine	Run Backend Tests	2026-07-27T13:28:12.2657550Z   ---
Check Backend & AI Engine	Run Backend Tests	2026-07-27T13:28:12.2657956Z   duration_ms: 0.139191
Check Backend & AI Engine	Run Backend Tests	2026-07-27T13:28:12.2658334Z   ...
Check Backend & AI Engine	Run Backend Tests	2026-07-27T13:28:12.2658914Z # Subtest: getAllChanges handles both changes and deletions in same file
Check Backend & AI Engine	Run Backend Tests	2026-07-27T13:28:12.2660019Z ok 383 - getAllChanges handles both changes and deletions in same file
Check Backend & AI Engine	Run Backend Tests	2026-07-27T13:28:12.2660664Z   ---
Check Backend & AI Engine	Run Backend Tests	2026-07-27T13:28:12.2661043Z   duration_ms: 0.240277
Check Backend & AI Engine	Run Backend Tests	2026-07-27T13:28:12.2661337Z   ...
Check Backend & AI Engine	Run Backend Tests	2026-07-27T13:28:12.2661796Z # Subtest: getAllChanges handles multiple files
Check Backend & AI Engine	Run Backend Tests	2026-07-27T13:28:12.2662549Z ok 384 - getAllChanges handles multiple files
Check Backend & AI Engine	Run Backend Tests	2026-07-27T13:28:12.2663454Z   ---
Check Backend & AI Engine	Run Backend Tests	2026-07-27T13:28:12.2663805Z   duration_ms: 0.136477
Check Backend & AI Engine	Run Backend Tests	2026-07-27T13:28:12.2664084Z   ...
Check Backend & AI Engine	Run Backend Tests	2026-07-27T13:28:12.2664703Z # Subtest: getAllChanges handles file with neither changes nor deletions
Check Backend & AI Engine	Run Backend Tests	2026-07-27T13:28:12.2665542Z ok 385 - getAllChanges handles file with neither changes nor deletions
Check Backend & AI Engine	Run Backend Tests	2026-07-27T13:28:12.2665929Z   ---
Check Backend & AI Engine	Run Backend Tests	2026-07-27T13:28:12.2666197Z   duration_ms: 0.1022
Check Backend & AI Engine	Run Backend Tests	2026-07-27T13:28:12.2666464Z   ...
Check Backend & AI Engine	Run Backend Tests	2026-07-27T13:28:12.2666862Z # Subtest: getAllChanges preserves all original change properties
Check Backend & AI Engine	Run Backend Tests	2026-07-27T13:28:12.2667440Z ok 386 - getAllChanges preserves all original change properties
Check Backend & AI Engine	Run Backend Tests	2026-07-27T13:28:12.2667810Z   ---
Check Backend & AI Engine	Run Backend Tests	2026-07-27T13:28:12.2668074Z   duration_ms: 0.107614
Check Backend & AI Engine	Run Backend Tests	2026-07-27T13:28:12.2668342Z   ...
Check Backend & AI Engine	Run Backend Tests	2026-07-27T13:28:12.3277388Z # getFolderSize: could not read path /non/existent/path/12345: ENOENT: no such file or directory, scandir '/non/existent/path/12345'
Check Backend & AI Engine	Run Backend Tests	2026-07-27T13:28:12.3294412Z # Subtest: getFolderSize returns 0 for non-existent directory
Check Backend & AI Engine	Run Backend Tests	2026-07-27T13:28:12.3295648Z ok 387 - getFolderSize returns 0 for non-existent directory
Check Backend & AI Engine	Run Backend Tests	2026-07-27T13:28:12.3296446Z   ---
Check Backend & AI Engine	Run Backend Tests	2026-07-27T13:28:12.3296820Z   duration_ms: 5.957441
Check Backend & AI Engine	Run Backend Tests	2026-07-27T13:28:12.3297127Z   ...
Check Backend & AI Engine	Run Backend Tests	2026-07-27T13:28:12.3307256Z # Subtest: getFolderSize returns 0 for empty directory
Check Backend & AI Engine	Run Backend Tests	2026-07-27T13:28:12.3312064Z ok 388 - getFolderSize returns 0 for empty directory
Check Backend & AI Engine	Run Backend Tests	2026-07-27T13:28:12.3312794Z   ---
Check Backend & AI Engine	Run Backend Tests	2026-07-27T13:28:12.3313105Z   duration_ms: 1.290171
Check Backend & AI Engine	Run Backend Tests	2026-07-27T13:28:12.3313405Z   ...
Check Backend & AI Engine	Run Backend Tests	2026-07-27T13:28:12.3322172Z # Subtest: getFolderSize returns exact size for single file
Check Backend & AI Engine	Run Backend Tests	2026-07-27T13:28:12.3324631Z ok 389 - getFolderSize returns exact size for single file
Check Backend & AI Engine	Run Backend Tests	2026-07-27T13:28:12.3325653Z   ---
Check Backend & AI Engine	Run Backend Tests	2026-07-27T13:28:12.3326204Z   duration_ms: 1.389625
Check Backend & AI Engine	Run Backend Tests	2026-07-27T13:28:12.3326683Z   ...
Check Backend & AI Engine	Run Backend Tests	2026-07-27T13:28:12.3347271Z # Subtest: getFolderSize returns total size for nested directories
Check Backend & AI Engine	Run Backend Tests	2026-07-27T13:28:12.3349099Z ok 390 - getFolderSize returns total size for nested directories
Check Backend & AI Engine	Run Backend Tests	2026-07-27T13:28:12.3349769Z   ---
Check Backend & AI Engine	Run Backend Tests	2026-07-27T13:28:12.3350239Z   duration_ms: 2.337191
Check Backend & AI Engine	Run Backend Tests	2026-07-27T13:28:12.3350713Z   ...
Check Backend & AI Engine	Run Backend Tests	2026-07-27T13:28:12.3363741Z # Subtest: getFolderSize returns total size for mixed files and subdirectories
Check Backend & AI Engine	Run Backend Tests	2026-07-27T13:28:12.3365669Z ok 391 - getFolderSize returns total size for mixed files and subdirectories
Check Backend & AI Engine	Run Backend Tests	2026-07-27T13:28:12.3366346Z   ---
Check Backend & AI Engine	Run Backend Tests	2026-07-27T13:28:12.3366911Z   duration_ms: 1.695708
Check Backend & AI Engine	Run Backend Tests	2026-07-27T13:28:12.3367364Z   ...
Check Backend & AI Engine	Run Backend Tests	2026-07-27T13:28:12.3375393Z # getFolderSize: could not read path /home/runner/work/ai-code-reviewer/ai-code-reviewer/backend/tests/temp_size_unreadable: EACCES: permission denied
Check Backend & AI Engine	Run Backend Tests	2026-07-27T13:28:12.3386107Z # Subtest: getFolderSize skips symbolic links to files
Check Backend & AI Engine	Run Backend Tests	2026-07-27T13:28:12.3387937Z ok 392 - getFolderSize skips symbolic links to files
Check Backend & AI Engine	Run Backend Tests	2026-07-27T13:28:12.3388554Z   ---
Check Backend & AI Engine	Run Backend Tests	2026-07-27T13:28:12.3388881Z   duration_ms: 1.182068
Check Backend & AI Engine	Run Backend Tests	2026-07-27T13:28:12.3389212Z   ...
Check Backend & AI Engine	Run Backend Tests	2026-07-27T13:28:12.3390271Z # Subtest: getFolderSize skips unreadable directories gracefully
Check Backend & AI Engine	Run Backend Tests	2026-07-27T13:28:12.3391876Z ok 393 - getFolderSize skips unreadable directories gracefully
Check Backend & AI Engine	Run Backend Tests	2026-07-27T13:28:12.3392442Z   ---
Check Backend & AI Engine	Run Backend Tests	2026-07-27T13:28:12.3392808Z   duration_ms: 0.805792
Check Backend & AI Engine	Run Backend Tests	2026-07-27T13:28:12.3393135Z   ...
Check Backend & AI Engine	Run Backend Tests	2026-07-27T13:28:12.3420181Z # Subtest: getFolderSize handles deeply nested directories
Check Backend & AI Engine	Run Backend Tests	2026-07-27T13:28:12.3421361Z ok 394 - getFolderSize handles deeply nested directories
Check Backend & AI Engine	Run Backend Tests	2026-07-27T13:28:12.3422009Z   ---
Check Backend & AI Engine	Run Backend Tests	2026-07-27T13:28:12.3422413Z   duration_ms: 3.613543
Check Backend & AI Engine	Run Backend Tests	2026-07-27T13:28:12.3422818Z   ...
Check Backend & AI Engine	Run Backend Tests	2026-07-27T13:28:12.4093082Z # Subtest: getFolderSize returns correct size for deeply nested directories
Check Backend & AI Engine	Run Backend Tests	2026-07-27T13:28:12.4094171Z ok 395 - getFolderSize returns correct size for deeply nested directories
Check Backend & AI Engine	Run Backend Tests	2026-07-27T13:28:12.4095019Z   ---
Check Backend & AI Engine	Run Backend Tests	2026-07-27T13:28:12.4095476Z   duration_ms: 7.688811
Check Backend & AI Engine	Run Backend Tests	2026-07-27T13:28:12.4095833Z   ...
Check Backend & AI Engine	Run Backend Tests	2026-07-27T13:28:12.4106685Z # Subtest: getFolderSize counts files with unicode names
Check Backend & AI Engine	Run Backend Tests	2026-07-27T13:28:12.4110768Z ok 396 - getFolderSize counts files with unicode names
Check Backend & AI Engine	Run Backend Tests	2026-07-27T13:28:12.4111510Z   ---
Check Backend & AI Engine	Run Backend Tests	2026-07-27T13:28:12.4111927Z   duration_ms: 1.453783
Check Backend & AI Engine	Run Backend Tests	2026-07-27T13:28:12.4112441Z   ...
Check Backend & AI Engine	Run Backend Tests	2026-07-27T13:28:12.4124280Z # Subtest: getFolderSize counts files with leading-dot names
Check Backend & AI Engine	Run Backend Tests	2026-07-27T13:28:12.4126300Z ok 397 - getFolderSize counts files with leading-dot names
Check Backend & AI Engine	Run Backend Tests	2026-07-27T13:28:12.4127026Z   ---
Check Backend & AI Engine	Run Backend Tests	2026-07-27T13:28:12.4127342Z   duration_ms: 1.686775
Check Backend & AI Engine	Run Backend Tests	2026-07-27T13:28:12.4127745Z   ...
Check Backend & AI Engine	Run Backend Tests	2026-07-27T13:28:12.4138844Z # Subtest: getFolderSize skips symlinked subdirectories without following them
Check Backend & AI Engine	Run Backend Tests	2026-07-27T13:28:12.4140867Z ok 398 - getFolderSize skips symlinked subdirectories without following them
Check Backend & AI Engine	Run Backend Tests	2026-07-27T13:28:12.4141535Z   ---
Check Backend & AI Engine	Run Backend Tests	2026-07-27T13:28:12.4141974Z   duration_ms: 1.352162
Check Backend & AI Engine	Run Backend Tests	2026-07-27T13:28:12.4142425Z   ...
Check Backend & AI Engine	Run Backend Tests	2026-07-27T13:28:12.4156154Z # Subtest: getFolderSize handles empty subdirectories correctly
Check Backend & AI Engine	Run Backend Tests	2026-07-27T13:28:12.4157864Z ok 399 - getFolderSize handles empty subdirectories correctly
Check Backend & AI Engine	Run Backend Tests	2026-07-27T13:28:12.4158481Z   ---
Check Backend & AI Engine	Run Backend Tests	2026-07-27T13:28:12.4158923Z   duration_ms: 1.889067
Check Backend & AI Engine	Run Backend Tests	2026-07-27T13:28:12.4159415Z   ...
Check Backend & AI Engine	Run Backend Tests	2026-07-27T13:28:12.4169436Z # Subtest: getFolderSize returns 0 for a directory with only broken symlinks
Check Backend & AI Engine	Run Backend Tests	2026-07-27T13:28:12.4170586Z ok 400 - getFolderSize returns 0 for a directory with only broken symlinks
Check Backend & AI Engine	Run Backend Tests	2026-07-27T13:28:12.4171252Z   ---
Check Backend & AI Engine	Run Backend Tests	2026-07-27T13:28:12.4171637Z   duration_ms: 1.01478
Check Backend & AI Engine	Run Backend Tests	2026-07-27T13:28:12.4172102Z   ...
Check Backend & AI Engine	Run Backend Tests	2026-07-27T13:28:12.4976178Z # Subtest: getReportPath returns review-report.json with default arguments
Check Backend & AI Engine	Run Backend Tests	2026-07-27T13:28:12.4977742Z ok 401 - getReportPath returns review-report.json with default arguments
Check Backend & AI Engine	Run Backend Tests	2026-07-27T13:28:12.4978532Z   ---
Check Backend & AI Engine	Run Backend Tests	2026-07-27T13:28:12.4979020Z   duration_ms: 1.466414
Check Backend & AI Engine	Run Backend Tests	2026-07-27T13:28:12.4979570Z   ...
Check Backend & AI Engine	Run Backend Tests	2026-07-27T13:28:12.4981346Z # Subtest: getReportPath returns review-report.json when format is json
Check Backend & AI Engine	Run Backend Tests	2026-07-27T13:28:12.4982580Z ok 402 - getReportPath returns review-report.json when format is json
Check Backend & AI Engine	Run Backend Tests	2026-07-27T13:28:12.4983457Z   ---
Check Backend & AI Engine	Run Backend Tests	2026-07-27T13:28:12.4984000Z   duration_ms: 0.168962
Check Backend & AI Engine	Run Backend Tests	2026-07-27T13:28:12.4984467Z   ...
Check Backend & AI Engine	Run Backend Tests	2026-07-27T13:28:12.4985181Z # Subtest: getReportPath returns review-report.html when format is html
Check Backend & AI Engine	Run Backend Tests	2026-07-27T13:28:12.4986204Z ok 403 - getReportPath returns review-report.html when format is html
Check Backend & AI Engine	Run Backend Tests	2026-07-27T13:28:12.4986854Z   ---
Check Backend & AI Engine	Run Backend Tests	2026-07-27T13:28:12.4987259Z   duration_ms: 0.12726
Check Backend & AI Engine	Run Backend Tests	2026-07-27T13:28:12.4987699Z   ...
Check Backend & AI Engine	Run Backend Tests	2026-07-27T13:28:12.4991742Z # Subtest: getReportPath uses custom output directory
Check Backend & AI Engine	Run Backend Tests	2026-07-27T13:28:12.4992987Z ok 404 - getReportPath uses custom output directory
Check Backend & AI Engine	Run Backend Tests	2026-07-27T13:28:12.4993744Z   ---
Check Backend & AI Engine	Run Backend Tests	2026-07-27T13:28:12.4994357Z   duration_ms: 0.129859
Check Backend & AI Engine	Run Backend Tests	2026-07-27T13:28:12.4995265Z   ...
Check Backend & AI Engine	Run Backend Tests	2026-07-27T13:28:12.4996060Z # Subtest: getReportPath uses custom output directory with html format
Check Backend & AI Engine	Run Backend Tests	2026-07-27T13:28:12.4996986Z ok 405 - getReportPath uses custom output directory with html format
Check Backend & AI Engine	Run Backend Tests	2026-07-27T13:28:12.4997571Z   ---
Check Backend & AI Engine	Run Backend Tests	2026-07-27T13:28:12.4997994Z   duration_ms: 0.130348
Check Backend & AI Engine	Run Backend Tests	2026-07-27T13:28:12.4998460Z   ...
Check Backend & AI Engine	Run Backend Tests	2026-07-27T13:28:12.4999097Z # Subtest: getReportPath uses exact string equality for format parameter
Check Backend & AI Engine	Run Backend Tests	2026-07-27T13:28:12.5000538Z ok 406 - getReportPath uses exact string equality for format parameter
Check Backend & AI Engine	Run Backend Tests	2026-07-27T13:28:12.5001246Z   ---
Check Backend & AI Engine	Run Backend Tests	2026-07-27T13:28:12.5001567Z   duration_ms: 0.120467
Check Backend & AI Engine	Run Backend Tests	2026-07-27T13:28:12.5001844Z   ...
Check Backend & AI Engine	Run Backend Tests	2026-07-27T13:28:12.5012534Z # Subtest: getReportPath returns json for unknown format values
Check Backend & AI Engine	Run Backend Tests	2026-07-27T13:28:12.5013328Z ok 407 - getReportPath returns json for unknown format values
Check Backend & AI Engine	Run Backend Tests	2026-07-27T13:28:12.5013881Z   ---
Check Backend & AI Engine	Run Backend Tests	2026-07-27T13:28:12.5014154Z   duration_ms: 0.156213
Check Backend & AI Engine	Run Backend Tests	2026-07-27T13:28:12.5014429Z   ...
Check Backend & AI Engine	Run Backend Tests	2026-07-27T13:28:12.5671447Z # Subtest: severityToGitHubLevel maps known severities correctly
Check Backend & AI Engine	Run Backend Tests	2026-07-27T13:28:12.5673269Z ok 408 - severityToGitHubLevel maps known severities correctly
Check Backend & AI Engine	Run Backend Tests	2026-07-27T13:28:12.5674205Z   ---
Check Backend & AI Engine	Run Backend Tests	2026-07-27T13:28:12.5674801Z   duration_ms: 1.4169
Check Backend & AI Engine	Run Backend Tests	2026-07-27T13:28:12.5675369Z   ...
Check Backend & AI Engine	Run Backend Tests	2026-07-27T13:28:12.5676145Z # Subtest: severityToGitHubLevel returns notice for unknown severity
Check Backend & AI Engine	Run Backend Tests	2026-07-27T13:28:12.5682233Z ok 409 - severityToGitHubLevel returns notice for unknown severity
Check Backend & AI Engine	Run Backend Tests	2026-07-27T13:28:12.5685463Z   ---
Check Backend & AI Engine	Run Backend Tests	2026-07-27T13:28:12.5686019Z   duration_ms: 0.153846
Check Backend & AI Engine	Run Backend Tests	2026-07-27T13:28:12.5686534Z   ...
Check Backend & AI Engine	Run Backend Tests	2026-07-27T13:28:12.5687409Z # Subtest: formatAnnotations transforms findings to GitHub annotation shape
Check Backend & AI Engine	Run Backend Tests	2026-07-27T13:28:12.5688963Z ok 410 - formatAnnotations transforms findings to GitHub annotation shape
Check Backend & AI Engine	Run Backend Tests	2026-07-27T13:28:12.5689486Z   ---
Check Backend & AI Engine	Run Backend Tests	2026-07-27T13:28:12.5690334Z   duration_ms: 0.22149
Check Backend & AI Engine	Run Backend Tests	2026-07-27T13:28:12.5690641Z   ...
Check Backend & AI Engine	Run Backend Tests	2026-07-27T13:28:12.5691122Z # Subtest: formatAnnotations handles empty findings array
Check Backend & AI Engine	Run Backend Tests	2026-07-27T13:28:12.5691596Z ok 411 - formatAnnotations handles empty findings array
Check Backend & AI Engine	Run Backend Tests	2026-07-27T13:28:12.5692156Z   ---
Check Backend & AI Engine	Run Backend Tests	2026-07-27T13:28:12.5692543Z   duration_ms: 0.678246
Check Backend & AI Engine	Run Backend Tests	2026-07-27T13:28:12.5693046Z   ...
Check Backend & AI Engine	Run Backend Tests	2026-07-27T13:28:12.5693843Z # Subtest: formatAnnotations handles missing optional fields in findings
Check Backend & AI Engine	Run Backend Tests	2026-07-27T13:28:12.5694763Z ok 412 - formatAnnotations handles missing optional fields in findings
Check Backend & AI Engine	Run Backend Tests	2026-07-27T13:28:12.5695390Z   ---
Check Backend & AI Engine	Run Backend Tests	2026-07-27T13:28:12.5695725Z   duration_ms: 0.142962
Check Backend & AI Engine	Run Backend Tests	2026-07-27T13:28:12.5696262Z   ...
Check Backend & AI Engine	Run Backend Tests	2026-07-27T13:28:12.5696970Z # Subtest: batchAnnotations splits into correct batch sizes
Check Backend & AI Engine	Run Backend Tests	2026-07-27T13:28:12.5697842Z ok 413 - batchAnnotations splits into correct batch sizes
Check Backend & AI Engine	Run Backend Tests	2026-07-27T13:28:12.5698465Z   ---
Check Backend & AI Engine	Run Backend Tests	2026-07-27T13:28:12.5698962Z   duration_ms: 0.219616
Check Backend & AI Engine	Run Backend Tests	2026-07-27T13:28:12.5699245Z   ...
Check Backend & AI Engine	Run Backend Tests	2026-07-27T13:28:12.5699645Z # Subtest: batchAnnotations respects custom batch size
Check Backend & AI Engine	Run Backend Tests	2026-07-27T13:28:12.5700370Z ok 414 - batchAnnotations respects custom batch size
Check Backend & AI Engine	Run Backend Tests	2026-07-27T13:28:12.5700704Z   ---
Check Backend & AI Engine	Run Backend Tests	2026-07-27T13:28:12.5701012Z   duration_ms: 0.137445
Check Backend & AI Engine	Run Backend Tests	2026-07-27T13:28:12.5701290Z   ...
Check Backend & AI Engine	Run Backend Tests	2026-07-27T13:28:12.5715308Z # Subtest: batchAnnotations handles empty array
Check Backend & AI Engine	Run Backend Tests	2026-07-27T13:28:12.5716143Z ok 415 - batchAnnotations handles empty array
Check Backend & AI Engine	Run Backend Tests	2026-07-27T13:28:12.5716863Z   ---
Check Backend & AI Engine	Run Backend Tests	2026-07-27T13:28:12.5717372Z   duration_ms: 0.117096
Check Backend & AI Engine	Run Backend Tests	2026-07-27T13:28:12.5718355Z   ...
Check Backend & AI Engine	Run Backend Tests	2026-07-27T13:28:12.5719155Z # Subtest: batchAnnotations handles array smaller than batch size
Check Backend & AI Engine	Run Backend Tests	2026-07-27T13:28:12.5719746Z ok 416 - batchAnnotations handles array smaller than batch size
Check Backend & AI Engine	Run Backend Tests	2026-07-27T13:28:12.5720463Z   ---
Check Backend & AI Engine	Run Backend Tests	2026-07-27T13:28:12.5720846Z   duration_ms: 0.094875
Check Backend & AI Engine	Run Backend Tests	2026-07-27T13:28:12.5721142Z   ...
Check Backend & AI Engine	Run Backend Tests	2026-07-27T13:28:12.5721678Z # Subtest: formatAnnotations defaults invalid or non-positive line numbers to 1
Check Backend & AI Engine	Run Backend Tests	2026-07-27T13:28:12.5722336Z ok 417 - formatAnnotations defaults invalid or non-positive line numbers to 1
Check Backend & AI Engine	Run Backend Tests	2026-07-27T13:28:12.5723011Z   ---
Check Backend & AI Engine	Run Backend Tests	2026-07-27T13:28:12.5723294Z   duration_ms: 0.106159
Check Backend & AI Engine	Run Backend Tests	2026-07-27T13:28:12.5723580Z   ...
Check Backend & AI Engine	Run Backend Tests	2026-07-27T13:28:12.6475665Z # Subtest: globToRegex
Check Backend & AI Engine	Run Backend Tests	2026-07-27T13:28:12.6476405Z     # Subtest: anchors the regex with ^ and $
Check Backend & AI Engine	Run Backend Tests	2026-07-27T13:28:12.6477473Z     ok 1 - anchors the regex with ^ and $
Check Backend & AI Engine	Run Backend Tests	2026-07-27T13:28:12.6478177Z       ---
Check Backend & AI Engine	Run Backend Tests	2026-07-27T13:28:12.6478740Z       duration_ms: 3.640601
Check Backend & AI Engine	Run Backend Tests	2026-07-27T13:28:12.6479486Z       ...
Check Backend & AI Engine	Run Backend Tests	2026-07-27T13:28:12.6481609Z     # Subtest: converts single star to match anything except /
Check Backend & AI Engine	Run Backend Tests	2026-07-27T13:28:12.6482870Z     ok 2 - converts single star to match anything except /
Check Backend & AI Engine	Run Backend Tests	2026-07-27T13:28:12.6483550Z       ---
Check Backend & AI Engine	Run Backend Tests	2026-07-27T13:28:12.6484069Z       duration_ms: 0.342728
Check Backend & AI Engine	Run Backend Tests	2026-07-27T13:28:12.6484589Z       ...
Check Backend & AI Engine	Run Backend Tests	2026-07-27T13:28:12.6486762Z     # Subtest: converts single star at the end to match files in a directory
Check Backend & AI Engine	Run Backend Tests	2026-07-27T13:28:12.6488040Z     ok 3 - converts single star at the end to match files in a directory
Check Backend & AI Engine	Run Backend Tests	2026-07-27T13:28:12.6488809Z       ---
Check Backend & AI Engine	Run Backend Tests	2026-07-27T13:28:12.6489335Z       duration_ms: 0.209988
Check Backend & AI Engine	Run Backend Tests	2026-07-27T13:28:12.6490002Z       ...
Check Backend & AI Engine	Run Backend Tests	2026-07-27T13:28:12.6492620Z     # Subtest: converts double star to match recursively
Check Backend & AI Engine	Run Backend Tests	2026-07-27T13:28:12.6493724Z     ok 4 - converts double star to match recursively
Check Backend & AI Engine	Run Backend Tests	2026-07-27T13:28:12.6494416Z       ---
Check Backend & AI Engine	Run Backend Tests	2026-07-27T13:28:12.6494955Z       duration_ms: 0.243004
Check Backend & AI Engine	Run Backend Tests	2026-07-27T13:28:12.6495526Z       ...
Check Backend & AI Engine	Run Backend Tests	2026-07-27T13:28:12.6497276Z     # Subtest: double star stops at the next slash
Check Backend & AI Engine	Run Backend Tests	2026-07-27T13:28:12.6498371Z     ok 5 - double star stops at the next slash
Check Backend & AI Engine	Run Backend Tests	2026-07-27T13:28:12.6499035Z       ---
Check Backend & AI Engine	Run Backend Tests	2026-07-27T13:28:12.6499972Z       duration_ms: 0.19558
Check Backend & AI Engine	Run Backend Tests	2026-07-27T13:28:12.6500579Z       ...
Check Backend & AI Engine	Run Backend Tests	2026-07-27T13:28:12.6509970Z     # Subtest: double star skips trailing slash when followed by another segment
Check Backend & AI Engine	Run Backend Tests	2026-07-27T13:28:12.6510953Z     ok 6 - double star skips trailing slash when followed by another segment
Check Backend & AI Engine	Run Backend Tests	2026-07-27T13:28:12.6511600Z       ---
Check Backend & AI Engine	Run Backend Tests	2026-07-27T13:28:12.6512051Z       duration_ms: 0.241675
Check Backend & AI Engine	Run Backend Tests	2026-07-27T13:28:12.6512577Z       ...
Check Backend & AI Engine	Run Backend Tests	2026-07-27T13:28:12.6513411Z     # Subtest: converts ? to match any single character except /
Check Backend & AI Engine	Run Backend Tests	2026-07-27T13:28:12.6514681Z     ok 7 - converts ? to match any single character except /
Check Backend & AI Engine	Run Backend Tests	2026-07-27T13:28:12.6515270Z       ---
Check Backend & AI Engine	Run Backend Tests	2026-07-27T13:28:12.6515757Z       duration_ms: 0.15345
Check Backend & AI Engine	Run Backend Tests	2026-07-27T13:28:12.6516191Z       ...
Check Backend & AI Engine	Run Backend Tests	2026-07-27T13:28:12.6518645Z     # Subtest: supports advanced picomatch globs
Check Backend & AI Engine	Run Backend Tests	2026-07-27T13:28:12.6551186Z     ok 8 - supports advanced picomatch globs
Check Backend & AI Engine	Run Backend Tests	2026-07-27T13:28:12.6557892Z       ---
Check Backend & AI Engine	Run Backend Tests	2026-07-27T13:28:12.6558530Z       duration_ms: 0.330327
Check Backend & AI Engine	Run Backend Tests	2026-07-27T13:28:12.6559240Z       ...
Check Backend & AI Engine	Run Backend Tests	2026-07-27T13:28:12.6560137Z     # Subtest: matches nested deep paths
Check Backend & AI Engine	Run Backend Tests	2026-07-27T13:28:12.6560788Z     ok 9 - matches nested deep paths
Check Backend & AI Engine	Run Backend Tests	2026-07-27T13:28:12.6561396Z       ---
Check Backend & AI Engine	Run Backend Tests	2026-07-27T13:28:12.6561834Z       duration_ms: 0.143229
Check Backend & AI Engine	Run Backend Tests	2026-07-27T13:28:12.6562416Z       ...
Check Backend & AI Engine	Run Backend Tests	2026-07-27T13:28:12.6562899Z     # Subtest: returns a RegExp instance
Check Backend & AI Engine	Run Backend Tests	2026-07-27T13:28:12.6563516Z     ok 10 - returns a RegExp instance
Check Backend & AI Engine	Run Backend Tests	2026-07-27T13:28:12.6564107Z       ---
Check Backend & AI Engine	Run Backend Tests	2026-07-27T13:28:12.6564538Z       duration_ms: 0.392251
Check Backend & AI Engine	Run Backend Tests	2026-07-27T13:28:12.6565093Z       ...
Check Backend & AI Engine	Run Backend Tests	2026-07-27T13:28:12.6565489Z     1..10
Check Backend & AI Engine	Run Backend Tests	2026-07-27T13:28:12.6565907Z ok 418 - globToRegex
Check Backend & AI Engine	Run Backend Tests	2026-07-27T13:28:12.6566472Z   ---
Check Backend & AI Engine	Run Backend Tests	2026-07-27T13:28:12.6566879Z   duration_ms: 7.27245
Check Backend & AI Engine	Run Backend Tests	2026-07-27T13:28:12.6567390Z   type: 'suite'
Check Backend & AI Engine	Run Backend Tests	2026-07-27T13:28:12.6568000Z   ...
Check Backend & AI Engine	Run Backend Tests	2026-07-27T13:28:12.7364357Z # Subtest: loadIgnorePatterns should load patterns correctly from file
Check Backend & AI Engine	Run Backend Tests	2026-07-27T13:28:12.7365413Z ok 419 - loadIgnorePatterns should load patterns correctly from file
Check Backend & AI Engine	Run Backend Tests	2026-07-27T13:28:12.7366149Z   ---
Check Backend & AI Engine	Run Backend Tests	2026-07-27T13:28:12.7366526Z   duration_ms: 2.512436
Check Backend & AI Engine	Run Backend Tests	2026-07-27T13:28:12.7366891Z   ...
Check Backend & AI Engine	Run Backend Tests	2026-07-27T13:28:12.7369619Z # Subtest: isIgnored should match directory, extension, and wildcard patterns correctly
Check Backend & AI Engine	Run Backend Tests	2026-07-27T13:28:12.7370942Z ok 420 - isIgnored should match directory, extension, and wildcard patterns correctly
Check Backend & AI Engine	Run Backend Tests	2026-07-27T13:28:12.7371606Z   ---
Check Backend & AI Engine	Run Backend Tests	2026-07-27T13:28:12.7372206Z   duration_ms: 5.14856
Check Backend & AI Engine	Run Backend Tests	2026-07-27T13:28:12.7372576Z   ...
Check Backend & AI Engine	Run Backend Tests	2026-07-27T13:28:12.7373298Z # Subtest: readFilesRecursively should list valid files and respect ignore list
Check Backend & AI Engine	Run Backend Tests	2026-07-27T13:28:12.7374259Z ok 421 - readFilesRecursively should list valid files and respect ignore list
Check Backend & AI Engine	Run Backend Tests	2026-07-27T13:28:12.7374852Z   ---
Check Backend & AI Engine	Run Backend Tests	2026-07-27T13:28:12.7375236Z   duration_ms: 1.823275
Check Backend & AI Engine	Run Backend Tests	2026-07-27T13:28:12.7375657Z   ...
Check Backend & AI Engine	Run Backend Tests	2026-07-27T13:28:12.7378087Z # Subtest: readFilesRecursively should skip files exceeding 100KB limit
Check Backend & AI Engine	Run Backend Tests	2026-07-27T13:28:12.7380143Z ok 422 - readFilesRecursively should skip files exceeding 100KB limit
Check Backend & AI Engine	Run Backend Tests	2026-07-27T13:28:12.7380804Z   ---
Check Backend & AI Engine	Run Backend Tests	2026-07-27T13:28:12.7381102Z   duration_ms: 1.281971
Check Backend & AI Engine	Run Backend Tests	2026-07-27T13:28:12.7381389Z   ...
Check Backend & AI Engine	Run Backend Tests	2026-07-27T13:28:12.8237555Z # Subtest: isIgnored returns false for null patterns array
Check Backend & AI Engine	Run Backend Tests	2026-07-27T13:28:12.8240621Z ok 423 - isIgnored returns false for null patterns array
Check Backend & AI Engine	Run Backend Tests	2026-07-27T13:28:12.8241657Z   ---
Check Backend & AI Engine	Run Backend Tests	2026-07-27T13:28:12.8242519Z   duration_ms: 1.37835
Check Backend & AI Engine	Run Backend Tests	2026-07-27T13:28:12.8243079Z   ...
Check Backend & AI Engine	Run Backend Tests	2026-07-27T13:28:12.8244713Z # Subtest: isIgnored returns false for undefined patterns
Check Backend & AI Engine	Run Backend Tests	2026-07-27T13:28:12.8246658Z ok 424 - isIgnored returns false for undefined patterns
Check Backend & AI Engine	Run Backend Tests	2026-07-27T13:28:12.8247456Z   ---
Check Backend & AI Engine	Run Backend Tests	2026-07-27T13:28:12.8247966Z   duration_ms: 0.139646
Check Backend & AI Engine	Run Backend Tests	2026-07-27T13:28:12.8248802Z   ...
Check Backend & AI Engine	Run Backend Tests	2026-07-27T13:28:12.8251293Z # Subtest: isIgnored returns false for empty patterns array
Check Backend & AI Engine	Run Backend Tests	2026-07-27T13:28:12.8252342Z ok 425 - isIgnored returns false for empty patterns array
Check Backend & AI Engine	Run Backend Tests	2026-07-27T13:28:12.8253085Z   ---
Check Backend & AI Engine	Run Backend Tests	2026-07-27T13:28:12.8253626Z   duration_ms: 0.109878
Check Backend & AI Engine	Run Backend Tests	2026-07-27T13:28:12.8254177Z   ...
Check Backend & AI Engine	Run Backend Tests	2026-07-27T13:28:12.8272227Z # Subtest: isIgnored returns false for patterns containing only empty strings
Check Backend & AI Engine	Run Backend Tests	2026-07-27T13:28:12.8281066Z ok 426 - isIgnored returns false for patterns containing only empty strings
Check Backend & AI Engine	Run Backend Tests	2026-07-27T13:28:12.8282101Z   ---
Check Backend & AI Engine	Run Backend Tests	2026-07-27T13:28:12.8282964Z   duration_ms: 2.910661
Check Backend & AI Engine	Run Backend Tests	2026-07-27T13:28:12.8283757Z   ...
Check Backend & AI Engine	Run Backend Tests	2026-07-27T13:28:12.8284637Z # Subtest: isIgnored with pattern just "*" matches any file (including with extension)
Check Backend & AI Engine	Run Backend Tests	2026-07-27T13:28:12.8285853Z ok 427 - isIgnored with pattern just "*" matches any file (including with extension)
Check Backend & AI Engine	Run Backend Tests	2026-07-27T13:28:12.8286738Z   ---
Check Backend & AI Engine	Run Backend Tests	2026-07-27T13:28:12.8287269Z   duration_ms: 0.473767
Check Backend & AI Engine	Run Backend Tests	2026-07-27T13:28:12.8287734Z   ...
Check Backend & AI Engine	Run Backend Tests	2026-07-27T13:28:12.8288444Z # Subtest: isIgnored with glob in the middle (temp/*/file.txt)
Check Backend & AI Engine	Run Backend Tests	2026-07-27T13:28:12.8289402Z ok 428 - isIgnored with glob in the middle (temp/*/file.txt)
Check Backend & AI Engine	Run Backend Tests	2026-07-27T13:28:12.8290339Z   ---
Check Backend & AI Engine	Run Backend Tests	2026-07-27T13:28:12.8290793Z   duration_ms: 0.336024
Check Backend & AI Engine	Run Backend Tests	2026-07-27T13:28:12.8291228Z   ...
Check Backend & AI Engine	Run Backend Tests	2026-07-27T13:28:12.8291760Z # Subtest: isIgnored with glob at start (*.tmp)
Check Backend & AI Engine	Run Backend Tests	2026-07-27T13:28:12.8292452Z ok 429 - isIgnored with glob at start (*.tmp)
Check Backend & AI Engine	Run Backend Tests	2026-07-27T13:28:12.8293042Z   ---
Check Backend & AI Engine	Run Backend Tests	2026-07-27T13:28:12.8293486Z   duration_ms: 1.130284
Check Backend & AI Engine	Run Backend Tests	2026-07-27T13:28:12.8293940Z   ...
Check Backend & AI Engine	Run Backend Tests	2026-07-27T13:28:12.8295023Z # Subtest: isIgnored with negation pattern (!pattern) — not currently supported
Check Backend & AI Engine	Run Backend Tests	2026-07-27T13:28:12.8296283Z ok 430 - isIgnored with negation pattern (!pattern) — not currently supported
Check Backend & AI Engine	Run Backend Tests	2026-07-27T13:28:12.8297044Z   ---
Check Backend & AI Engine	Run Backend Tests	2026-07-27T13:28:12.8297500Z   duration_ms: 0.524691
Check Backend & AI Engine	Run Backend Tests	2026-07-27T13:28:12.8297951Z   ...
Check Backend & AI Engine	Run Backend Tests	2026-07-27T13:28:12.8298639Z # Subtest: isIgnored directory pattern ends with "/" matches subtrees
Check Backend & AI Engine	Run Backend Tests	2026-07-27T13:28:12.8299605Z ok 431 - isIgnored directory pattern ends with "/" matches subtrees
Check Backend & AI Engine	Run Backend Tests	2026-07-27T13:28:12.8300460Z   ---
Check Backend & AI Engine	Run Backend Tests	2026-07-27T13:28:12.8300916Z   duration_ms: 0.587618
Check Backend & AI Engine	Run Backend Tests	2026-07-27T13:28:12.8301364Z   ...
Check Backend & AI Engine	Run Backend Tests	2026-07-27T13:28:12.8302046Z # Subtest: isIgnored with pattern that is just a directory name
Check Backend & AI Engine	Run Backend Tests	2026-07-27T13:28:12.8302880Z ok 432 - isIgnored with pattern that is just a directory name
Check Backend & AI Engine	Run Backend Tests	2026-07-27T13:28:12.8303562Z   ---
Check Backend & AI Engine	Run Backend Tests	2026-07-27T13:28:12.8303958Z   duration_ms: 1.15664
Check Backend & AI Engine	Run Backend Tests	2026-07-27T13:28:12.8304385Z   ...
Check Backend & AI Engine	Run Backend Tests	2026-07-27T13:28:12.8323007Z # Subtest: isIgnored with double-segment pattern (src/vendor/)
Check Backend & AI Engine	Run Backend Tests	2026-07-27T13:28:12.8326451Z ok 433 - isIgnored with double-segment pattern (src/vendor/)
Check Backend & AI Engine	Run Backend Tests	2026-07-27T13:28:12.8328418Z   ---
Check Backend & AI Engine	Run Backend Tests	2026-07-27T13:28:12.8329124Z   duration_ms: 0.431459
Check Backend & AI Engine	Run Backend Tests	2026-07-27T13:28:12.8329500Z   ...
Check Backend & AI Engine	Run Backend Tests	2026-07-27T13:28:12.8330348Z # Subtest: isIgnored with Windows-style backslash path on POSIX baseDir
Check Backend & AI Engine	Run Backend Tests	2026-07-27T13:28:12.8330953Z ok 434 - isIgnored with Windows-style backslash path on POSIX baseDir
Check Backend & AI Engine	Run Backend Tests	2026-07-27T13:28:12.8331417Z   ---
Check Backend & AI Engine	Run Backend Tests	2026-07-27T13:28:12.8331723Z   duration_ms: 0.146005
Check Backend & AI Engine	Run Backend Tests	2026-07-27T13:28:12.8332045Z   ...
Check Backend & AI Engine	Run Backend Tests	2026-07-27T13:28:12.8332597Z # Subtest: isIgnored case sensitivity — should be case-sensitive
Check Backend & AI Engine	Run Backend Tests	2026-07-27T13:28:12.8333146Z ok 435 - isIgnored case sensitivity — should be case-sensitive
Check Backend & AI Engine	Run Backend Tests	2026-07-27T13:28:12.8333563Z   ---
Check Backend & AI Engine	Run Backend Tests	2026-07-27T13:28:12.8334099Z   duration_ms: 0.412609
Check Backend & AI Engine	Run Backend Tests	2026-07-27T13:28:12.8334631Z   ...
Check Backend & AI Engine	Run Backend Tests	2026-07-27T13:28:12.8335450Z # Subtest: isIgnored with file pattern matching full relative path
Check Backend & AI Engine	Run Backend Tests	2026-07-27T13:28:12.8336356Z ok 436 - isIgnored with file pattern matching full relative path
Check Backend & AI Engine	Run Backend Tests	2026-07-27T13:28:12.8336855Z   ---
Check Backend & AI Engine	Run Backend Tests	2026-07-27T13:28:12.8337361Z   duration_ms: 0.242051
Check Backend & AI Engine	Run Backend Tests	2026-07-27T13:28:12.8337812Z   ...
Check Backend & AI Engine	Run Backend Tests	2026-07-27T13:28:12.8338411Z # Subtest: isIgnored with file pattern matching directory prefix
Check Backend & AI Engine	Run Backend Tests	2026-07-27T13:28:12.8339182Z ok 437 - isIgnored with file pattern matching directory prefix
Check Backend & AI Engine	Run Backend Tests	2026-07-27T13:28:12.8339702Z   ---
Check Backend & AI Engine	Run Backend Tests	2026-07-27T13:28:12.8340148Z   duration_ms: 0.412058
Check Backend & AI Engine	Run Backend Tests	2026-07-27T13:28:12.8340655Z   ...
Check Backend & AI Engine	Run Backend Tests	2026-07-27T13:28:12.8380998Z # Subtest: isIgnored returns false when filePath is empty string
Check Backend & AI Engine	Run Backend Tests	2026-07-27T13:28:12.8382015Z ok 438 - isIgnored returns false when filePath is empty string
Check Backend & AI Engine	Run Backend Tests	2026-07-27T13:28:12.8382652Z   ---
Check Backend & AI Engine	Run Backend Tests	2026-07-27T13:28:12.8383124Z   duration_ms: 0.106812
Check Backend & AI Engine	Run Backend Tests	2026-07-27T13:28:12.8383737Z   ...
Check Backend & AI Engine	Run Backend Tests	2026-07-27T13:28:12.8384277Z # Subtest: isIgnored returns false for pattern that looks like file path but is a pattern
Check Backend & AI Engine	Run Backend Tests	2026-07-27T13:28:12.8385227Z ok 439 - isIgnored returns false for pattern that looks like file path but is a pattern
Check Backend & AI Engine	Run Backend Tests	2026-07-27T13:28:12.8385804Z   ---
Check Backend & AI Engine	Run Backend Tests	2026-07-27T13:28:12.8386089Z   duration_ms: 0.357513
Check Backend & AI Engine	Run Backend Tests	2026-07-27T13:28:12.8386398Z   ...
Check Backend & AI Engine	Run Backend Tests	2026-07-27T13:28:12.8386837Z # Subtest: isIgnored with pattern "*/*" matches single-segment nested paths
Check Backend & AI Engine	Run Backend Tests	2026-07-27T13:28:12.8387445Z ok 440 - isIgnored with pattern "*/*" matches single-segment nested paths
Check Backend & AI Engine	Run Backend Tests	2026-07-27T13:28:12.8387908Z   ---
Check Backend & AI Engine	Run Backend Tests	2026-07-27T13:28:12.8388186Z   duration_ms: 0.21845
Check Backend & AI Engine	Run Backend Tests	2026-07-27T13:28:12.8388589Z   ...
Check Backend & AI Engine	Run Backend Tests	2026-07-27T13:28:12.8389064Z # Subtest: isIgnored with pattern starting with * (extension wildcard) with subfolder
Check Backend & AI Engine	Run Backend Tests	2026-07-27T13:28:12.8389775Z ok 441 - isIgnored with pattern starting with * (extension wildcard) with subfolder
Check Backend & AI Engine	Run Backend Tests	2026-07-27T13:28:12.8390494Z   ---
Check Backend & AI Engine	Run Backend Tests	2026-07-27T13:28:12.8390904Z   duration_ms: 0.378684
Check Backend & AI Engine	Run Backend Tests	2026-07-27T13:28:12.8391336Z   ...
Check Backend & AI Engine	Run Backend Tests	2026-07-27T13:28:12.8392166Z # Subtest: isIgnored baseDir is longer than filePath — should not crash
Check Backend & AI Engine	Run Backend Tests	2026-07-27T13:28:12.8393219Z ok 442 - isIgnored baseDir is longer than filePath — should not crash
Check Backend & AI Engine	Run Backend Tests	2026-07-27T13:28:12.8393821Z   ---
Check Backend & AI Engine	Run Backend Tests	2026-07-27T13:28:12.8394227Z   duration_ms: 0.110561
Check Backend & AI Engine	Run Backend Tests	2026-07-27T13:28:12.8394659Z   ...
Check Backend & AI Engine	Run Backend Tests	2026-07-27T13:28:12.8395434Z # Subtest: isIgnored with pattern **/*.js (unsupported, documents current behavior)
Check Backend & AI Engine	Run Backend Tests	2026-07-27T13:28:12.8396547Z ok 443 - isIgnored with pattern **/*.js (unsupported, documents current behavior)
Check Backend & AI Engine	Run Backend Tests	2026-07-27T13:28:12.8397237Z   ---
Check Backend & AI Engine	Run Backend Tests	2026-07-27T13:28:12.8397650Z   duration_ms: 0.198484
Check Backend & AI Engine	Run Backend Tests	2026-07-27T13:28:12.8398136Z   ...
Check Backend & AI Engine	Run Backend Tests	2026-07-27T13:28:12.8398807Z # Subtest: isIgnored with null/undefined entries in patterns array is skipped
Check Backend & AI Engine	Run Backend Tests	2026-07-27T13:28:12.8399982Z ok 444 - isIgnored with null/undefined entries in patterns array is skipped
Check Backend & AI Engine	Run Backend Tests	2026-07-27T13:28:12.8400637Z   ---
Check Backend & AI Engine	Run Backend Tests	2026-07-27T13:28:12.8401043Z   duration_ms: 0.26538
Check Backend & AI Engine	Run Backend Tests	2026-07-27T13:28:12.8401718Z   ...
Check Backend & AI Engine	Run Backend Tests	2026-07-27T13:28:12.8402473Z # Subtest: isIgnored strips leading slashes from patterns to match relative paths correctly
Check Backend & AI Engine	Run Backend Tests	2026-07-27T13:28:12.8403658Z ok 445 - isIgnored strips leading slashes from patterns to match relative paths correctly
Check Backend & AI Engine	Run Backend Tests	2026-07-27T13:28:12.8404369Z   ---
Check Backend & AI Engine	Run Backend Tests	2026-07-27T13:28:12.8404831Z   duration_ms: 0.893698
Check Backend & AI Engine	Run Backend Tests	2026-07-27T13:28:12.8405253Z   ...
Check Backend & AI Engine	Run Backend Tests	2026-07-27T13:28:12.9140235Z # Subtest: readFilesRecursively should include .json files
Check Backend & AI Engine	Run Backend Tests	2026-07-27T13:28:12.9141706Z ok 446 - readFilesRecursively should include .json files
Check Backend & AI Engine	Run Backend Tests	2026-07-27T13:28:12.9142428Z   ---
Check Backend & AI Engine	Run Backend Tests	2026-07-27T13:28:12.9142825Z   duration_ms: 2.829725
Check Backend & AI Engine	Run Backend Tests	2026-07-27T13:28:12.9143193Z   ...
Check Backend & AI Engine	Run Backend Tests	2026-07-27T13:28:12.9152494Z # Subtest: readFilesRecursively should include .yaml and .yml files
Check Backend & AI Engine	Run Backend Tests	2026-07-27T13:28:12.9153289Z ok 447 - readFilesRecursively should include .yaml and .yml files
Check Backend & AI Engine	Run Backend Tests	2026-07-27T13:28:12.9153791Z   ---
Check Backend & AI Engine	Run Backend Tests	2026-07-27T13:28:12.9154194Z   duration_ms: 0.536545
Check Backend & AI Engine	Run Backend Tests	2026-07-27T13:28:12.9154602Z   ...
Check Backend & AI Engine	Run Backend Tests	2026-07-27T13:28:12.9155098Z # Subtest: readFilesRecursively should not include unsupported file extensions
Check Backend & AI Engine	Run Backend Tests	2026-07-27T13:28:12.9155801Z ok 448 - readFilesRecursively should not include unsupported file extensions
Check Backend & AI Engine	Run Backend Tests	2026-07-27T13:28:12.9156364Z   ---
Check Backend & AI Engine	Run Backend Tests	2026-07-27T13:28:12.9156691Z   duration_ms: 0.43222
Check Backend & AI Engine	Run Backend Tests	2026-07-27T13:28:12.9157041Z   ...
Check Backend & AI Engine	Run Backend Tests	2026-07-27T13:28:13.0168295Z # Subtest: saveCacheFile creates a cache file without throwing
Check Backend & AI Engine	Run Backend Tests	2026-07-27T13:28:13.0169562Z ok 449 - saveCacheFile creates a cache file without throwing
Check Backend & AI Engine	Run Backend Tests	2026-07-27T13:28:13.0170439Z   ---
Check Backend & AI Engine	Run Backend Tests	2026-07-27T13:28:13.0170894Z   duration_ms: 6.434939
Check Backend & AI Engine	Run Backend Tests	2026-07-27T13:28:13.0171281Z   ...
Check Backend & AI Engine	Run Backend Tests	2026-07-27T13:28:13.0195533Z # Subtest: saveCacheFile and loadCacheFile round-trip a populated cache
Check Backend & AI Engine	Run Backend Tests	2026-07-27T13:28:13.0198147Z ok 450 - saveCacheFile and loadCacheFile round-trip a populated cache
Check Backend & AI Engine	Run Backend Tests	2026-07-27T13:28:13.0199272Z   ---
Check Backend & AI Engine	Run Backend Tests	2026-07-27T13:28:13.0199998Z   duration_ms: 2.686413
Check Backend & AI Engine	Run Backend Tests	2026-07-27T13:28:13.0200638Z   ...
Check Backend & AI Engine	Run Backend Tests	2026-07-27T13:28:13.0209740Z # Subtest: saveCacheFile and loadCacheFile round-trip an empty cache
Check Backend & AI Engine	Run Backend Tests	2026-07-27T13:28:13.0212307Z ok 451 - saveCacheFile and loadCacheFile round-trip an empty cache
Check Backend & AI Engine	Run Backend Tests	2026-07-27T13:28:13.0213459Z   ---
Check Backend & AI Engine	Run Backend Tests	2026-07-27T13:28:13.0213955Z   duration_ms: 1.413066
Check Backend & AI Engine	Run Backend Tests	2026-07-27T13:28:13.0214484Z   ...
Check Backend & AI Engine	Run Backend Tests	2026-07-27T13:28:13.0222245Z # Subtest: loadCacheFile returns empty object when cache file does not exist
Check Backend & AI Engine	Run Backend Tests	2026-07-27T13:28:13.0224459Z ok 452 - loadCacheFile returns empty object when cache file does not exist
Check Backend & AI Engine	Run Backend Tests	2026-07-27T13:28:13.0225106Z   ---
Check Backend & AI Engine	Run Backend Tests	2026-07-27T13:28:13.0225478Z   duration_ms: 1.186476
Check Backend & AI Engine	Run Backend Tests	2026-07-27T13:28:13.0225918Z   ...
Check Backend & AI Engine	Run Backend Tests	2026-07-27T13:28:13.0242009Z # Failed to load cache file at /tmp/reposage-review-cache/e2e7111a44534622/.codereview-cache.json: Unexpected token 'o', "not valid json {" is not valid JSON
Check Backend & AI Engine	Run Backend Tests	2026-07-27T13:28:13.0255499Z # Subtest: loadCacheFile returns empty object when file content is invalid JSON
Check Backend & AI Engine	Run Backend Tests	2026-07-27T13:28:13.0256669Z ok 453 - loadCacheFile returns empty object when file content is invalid JSON
Check Backend & AI Engine	Run Backend Tests	2026-07-27T13:28:13.0257362Z   ---
Check Backend & AI Engine	Run Backend Tests	2026-07-27T13:28:13.0257848Z   duration_ms: 2.744317
Check Backend & AI Engine	Run Backend Tests	2026-07-27T13:28:13.0258326Z   ...
Check Backend & AI Engine	Run Backend Tests	2026-07-27T13:28:13.0259494Z # Subtest: loadCacheFile returns empty object when fs.readFileSync throws
Check Backend & AI Engine	Run Backend Tests	2026-07-27T13:28:13.0260905Z ok 454 - loadCacheFile returns empty object when fs.readFileSync throws
Check Backend & AI Engine	Run Backend Tests	2026-07-27T13:28:13.0261601Z   ---
Check Backend & AI Engine	Run Backend Tests	2026-07-27T13:28:13.0262079Z   duration_ms: 0.305853
Check Backend & AI Engine	Run Backend Tests	2026-07-27T13:28:13.0262599Z   ...
Check Backend & AI Engine	Run Backend Tests	2026-07-27T13:28:13.0264400Z # Subtest: saveCacheFile silently handles write errors without throwing
Check Backend & AI Engine	Run Backend Tests	2026-07-27T13:28:13.0265535Z ok 455 - saveCacheFile silently handles write errors without throwing
Check Backend & AI Engine	Run Backend Tests	2026-07-27T13:28:13.0266064Z   ---
Check Backend & AI Engine	Run Backend Tests	2026-07-27T13:28:13.0266520Z   duration_ms: 0.283094
Check Backend & AI Engine	Run Backend Tests	2026-07-27T13:28:13.0267001Z   ...
Check Backend & AI Engine	Run Backend Tests	2026-07-27T13:28:13.0278352Z # Subtest: loadCacheFile returns empty object for deeply nested cache path
Check Backend & AI Engine	Run Backend Tests	2026-07-27T13:28:13.0279620Z ok 456 - loadCacheFile returns empty object for deeply nested cache path
Check Backend & AI Engine	Run Backend Tests	2026-07-27T13:28:13.0280757Z   ---
Check Backend & AI Engine	Run Backend Tests	2026-07-27T13:28:13.0281632Z   duration_ms: 2.098426
Check Backend & AI Engine	Run Backend Tests	2026-07-27T13:28:13.0282130Z   ...
Check Backend & AI Engine	Run Backend Tests	2026-07-27T13:28:13.0296248Z # Subtest: loadCacheFile returns correct data after multiple saveCacheFile calls
Check Backend & AI Engine	Run Backend Tests	2026-07-27T13:28:13.0297641Z ok 457 - loadCacheFile returns correct data after multiple saveCacheFile calls
Check Backend & AI Engine	Run Backend Tests	2026-07-27T13:28:13.0298625Z   ---
Check Backend & AI Engine	Run Backend Tests	2026-07-27T13:28:13.0299573Z   duration_ms: 1.526481
Check Backend & AI Engine	Run Backend Tests	2026-07-27T13:28:13.0300215Z   ...
Check Backend & AI Engine	Run Backend Tests	2026-07-27T13:28:13.0317384Z # Subtest: saveCacheFile produces valid JSON in the cache file
Check Backend & AI Engine	Run Backend Tests	2026-07-27T13:28:13.0318150Z ok 458 - saveCacheFile produces valid JSON in the cache file
Check Backend & AI Engine	Run Backend Tests	2026-07-27T13:28:13.0318590Z   ---
Check Backend & AI Engine	Run Backend Tests	2026-07-27T13:28:13.0318945Z   duration_ms: 2.134831
Check Backend & AI Engine	Run Backend Tests	2026-07-27T13:28:13.0319257Z   ...
Check Backend & AI Engine	Run Backend Tests	2026-07-27T13:28:13.1383402Z # Subtest: CACHE_FILENAME is a non-empty string
Check Backend & AI Engine	Run Backend Tests	2026-07-27T13:28:13.1384763Z ok 459 - CACHE_FILENAME is a non-empty string
Check Backend & AI Engine	Run Backend Tests	2026-07-27T13:28:13.1385808Z   ---
Check Backend & AI Engine	Run Backend Tests	2026-07-27T13:28:13.1386487Z   duration_ms: 1.383891
Check Backend & AI Engine	Run Backend Tests	2026-07-27T13:28:13.1387204Z   ...
Check Backend & AI Engine	Run Backend Tests	2026-07-27T13:28:13.1428223Z # Subtest: buildContentHashCache returns a cache object keyed by file path
Check Backend & AI Engine	Run Backend Tests	2026-07-27T13:28:13.1433190Z ok 460 - buildContentHashCache returns a cache object keyed by file path
Check Backend & AI Engine	Run Backend Tests	2026-07-27T13:28:13.1434012Z   ---
Check Backend & AI Engine	Run Backend Tests	2026-07-27T13:28:13.1434327Z   duration_ms: 7.745947
Check Backend & AI Engine	Run Backend Tests	2026-07-27T13:28:13.1434615Z   ...
Check Backend & AI Engine	Run Backend Tests	2026-07-27T13:28:13.1441334Z # Failed to hash file /tmp/incr-test-ZnkzQk/missing.js: ENOENT: no such file or directory, open '/tmp/incr-test-ZnkzQk/missing.js'
Check Backend & AI Engine	Run Backend Tests	2026-07-27T13:28:13.1451928Z # Subtest: buildContentHashCache skips unreadable files silently
Check Backend & AI Engine	Run Backend Tests	2026-07-27T13:28:13.1453930Z ok 461 - buildContentHashCache skips unreadable files silently
Check Backend & AI Engine	Run Backend Tests	2026-07-27T13:28:13.1454448Z   ---
Check Backend & AI Engine	Run Backend Tests	2026-07-27T13:28:13.1454919Z   duration_ms: 2.353774
Check Backend & AI Engine	Run Backend Tests	2026-07-27T13:28:13.1455371Z   ...
Check Backend & AI Engine	Run Backend Tests	2026-07-27T13:28:13.1469656Z # Subtest: getFilesToReview identifies unchanged files (same hash)
Check Backend & AI Engine	Run Backend Tests	2026-07-27T13:28:13.1471948Z ok 462 - getFilesToReview identifies unchanged files (same hash)
Check Backend & AI Engine	Run Backend Tests	2026-07-27T13:28:13.1472533Z   ---
Check Backend & AI Engine	Run Backend Tests	2026-07-27T13:28:13.1472845Z   duration_ms: 1.700785
Check Backend & AI Engine	Run Backend Tests	2026-07-27T13:28:13.1473161Z   ...
Check Backend & AI Engine	Run Backend Tests	2026-07-27T13:28:13.1487668Z # Subtest: getFilesToReview flags changed files (different hash)
Check Backend & AI Engine	Run Backend Tests	2026-07-27T13:28:13.1491116Z ok 463 - getFilesToReview flags changed files (different hash)
Check Backend & AI Engine	Run Backend Tests	2026-07-27T13:28:13.1491896Z   ---
Check Backend & AI Engine	Run Backend Tests	2026-07-27T13:28:13.1492448Z   duration_ms: 1.803224
Check Backend & AI Engine	Run Backend Tests	2026-07-27T13:28:13.1492952Z   ...
Check Backend & AI Engine	Run Backend Tests	2026-07-27T13:28:13.1507512Z # Subtest: getFilesToReview flags new files (not in previous cache)
Check Backend & AI Engine	Run Backend Tests	2026-07-27T13:28:13.1509069Z ok 464 - getFilesToReview flags new files (not in previous cache)
Check Backend & AI Engine	Run Backend Tests	2026-07-27T13:28:13.1509643Z   ---
Check Backend & AI Engine	Run Backend Tests	2026-07-27T13:28:13.1510168Z   duration_ms: 1.880883
Check Backend & AI Engine	Run Backend Tests	2026-07-27T13:28:13.1510643Z   ...
Check Backend & AI Engine	Run Backend Tests	2026-07-27T13:28:13.1523210Z # Failed to hash file /nonexistent/path/to/file.js: ENOENT: no such file or directory, open '/nonexistent/path/to/file.js'
Check Backend & AI Engine	Run Backend Tests	2026-07-27T13:28:13.1542134Z # Subtest: getFileContentHash returns a SHA-256 hex string for readable files
Check Backend & AI Engine	Run Backend Tests	2026-07-27T13:28:13.1543310Z ok 465 - getFileContentHash returns a SHA-256 hex string for readable files
Check Backend & AI Engine	Run Backend Tests	2026-07-27T13:28:13.1544239Z   ---
Check Backend & AI Engine	Run Backend Tests	2026-07-27T13:28:13.1544840Z   duration_ms: 1.616915
Check Backend & AI Engine	Run Backend Tests	2026-07-27T13:28:13.1545437Z   ...
Check Backend & AI Engine	Run Backend Tests	2026-07-27T13:28:13.1546335Z # Subtest: getFileContentHash returns null for unreadable files
Check Backend & AI Engine	Run Backend Tests	2026-07-27T13:28:13.1547144Z ok 466 - getFileContentHash returns null for unreadable files
Check Backend & AI Engine	Run Backend Tests	2026-07-27T13:28:13.1547656Z   ---
Check Backend & AI Engine	Run Backend Tests	2026-07-27T13:28:13.1547962Z   duration_ms: 0.451802
Check Backend & AI Engine	Run Backend Tests	2026-07-27T13:28:13.1548257Z   ...
Check Backend & AI Engine	Run Backend Tests	2026-07-27T13:28:13.2265403Z # Subtest: returns 400 when GITHUB_PAT is not configured
Check Backend & AI Engine	Run Backend Tests	2026-07-27T13:28:13.2266653Z ok 467 - returns 400 when GITHUB_PAT is not configured
Check Backend & AI Engine	Run Backend Tests	2026-07-27T13:28:13.2267395Z   ---
Check Backend & AI Engine	Run Backend Tests	2026-07-27T13:28:13.2267889Z   duration_ms: 1.611109
Check Backend & AI Engine	Run Backend Tests	2026-07-27T13:28:13.2268391Z   ...
Check Backend & AI Engine	Run Backend Tests	2026-07-27T13:28:13.2269030Z # Subtest: returns 400 when title is missing
Check Backend & AI Engine	Run Backend Tests	2026-07-27T13:28:13.2270156Z ok 468 - returns 400 when title is missing
Check Backend & AI Engine	Run Backend Tests	2026-07-27T13:28:13.2270789Z   ---
Check Backend & AI Engine	Run Backend Tests	2026-07-27T13:28:13.2271225Z   duration_ms: 0.197699
Check Backend & AI Engine	Run Backend Tests	2026-07-27T13:28:13.2271714Z   ...
Check Backend & AI Engine	Run Backend Tests	2026-07-27T13:28:13.2274362Z # Subtest: returns 400 when title exceeds 256 characters
Check Backend & AI Engine	Run Backend Tests	2026-07-27T13:28:13.2276338Z ok 469 - returns 400 when title exceeds 256 characters
Check Backend & AI Engine	Run Backend Tests	2026-07-27T13:28:13.2277080Z   ---
Check Backend & AI Engine	Run Backend Tests	2026-07-27T13:28:13.2277551Z   duration_ms: 0.159514
Check Backend & AI Engine	Run Backend Tests	2026-07-27T13:28:13.2278203Z   ...
Check Backend & AI Engine	Run Backend Tests	2026-07-27T13:28:13.2278936Z # Subtest: returns 400 when body is missing
Check Backend & AI Engine	Run Backend Tests	2026-07-27T13:28:13.2280064Z ok 470 - returns 400 when body is missing
Check Backend & AI Engine	Run Backend Tests	2026-07-27T13:28:13.2280726Z   ---
Check Backend & AI Engine	Run Backend Tests	2026-07-27T13:28:13.2281395Z   duration_ms: 0.148733
Check Backend & AI Engine	Run Backend Tests	2026-07-27T13:28:13.2281964Z   ...
Check Backend & AI Engine	Run Backend Tests	2026-07-27T13:28:13.2282514Z # Subtest: returns 400 when body exceeds 65536 characters
Check Backend & AI Engine	Run Backend Tests	2026-07-27T13:28:13.2284940Z ok 471 - returns 400 when body exceeds 65536 characters
Check Backend & AI Engine	Run Backend Tests	2026-07-27T13:28:13.2285463Z   ---
Check Backend & AI Engine	Run Backend Tests	2026-07-27T13:28:13.2285771Z   duration_ms: 0.133429
Check Backend & AI Engine	Run Backend Tests	2026-07-27T13:28:13.2286163Z   ...
Check Backend & AI Engine	Run Backend Tests	2026-07-27T13:28:13.2288701Z # Subtest: returns 400 when labels is not an array
Check Backend & AI Engine	Run Backend Tests	2026-07-27T13:28:13.2290389Z ok 472 - returns 400 when labels is not an array
Check Backend & AI Engine	Run Backend Tests	2026-07-27T13:28:13.2291041Z   ---
Check Backend & AI Engine	Run Backend Tests	2026-07-27T13:28:13.2291449Z   duration_ms: 0.123239
Check Backend & AI Engine	Run Backend Tests	2026-07-27T13:28:13.2291952Z   ...
Check Backend & AI Engine	Run Backend Tests	2026-07-27T13:28:13.2293279Z # Subtest: returns 400 when labels exceeds 10 items
Check Backend & AI Engine	Run Backend Tests	2026-07-27T13:28:13.2294536Z ok 473 - returns 400 when labels exceeds 10 items
Check Backend & AI Engine	Run Backend Tests	2026-07-27T13:28:13.2295294Z   ---
Check Backend & AI Engine	Run Backend Tests	2026-07-27T13:28:13.2295769Z   duration_ms: 0.137682
Check Backend & AI Engine	Run Backend Tests	2026-07-27T13:28:13.2296356Z   ...
Check Backend & AI Engine	Run Backend Tests	2026-07-27T13:28:13.2301258Z # Subtest: returns 400 when a label exceeds 50 characters
Check Backend & AI Engine	Run Backend Tests	2026-07-27T13:28:13.2303397Z ok 474 - returns 400 when a label exceeds 50 characters
Check Backend & AI Engine	Run Backend Tests	2026-07-27T13:28:13.2304115Z   ---
Check Backend & AI Engine	Run Backend Tests	2026-07-27T13:28:13.2304623Z   duration_ms: 0.152781
Check Backend & AI Engine	Run Backend Tests	2026-07-27T13:28:13.2305251Z   ...
Check Backend & AI Engine	Run Backend Tests	2026-07-27T13:28:13.2318061Z # Subtest: returns 400 for invalid GitHub repository URL
Check Backend & AI Engine	Run Backend Tests	2026-07-27T13:28:13.2319178Z ok 475 - returns 400 for invalid GitHub repository URL
Check Backend & AI Engine	Run Backend Tests	2026-07-27T13:28:13.2319992Z   ---
Check Backend & AI Engine	Run Backend Tests	2026-07-27T13:28:13.2320608Z   duration_ms: 0.152544
Check Backend & AI Engine	Run Backend Tests	2026-07-27T13:28:13.2321246Z   ...
Check Backend & AI Engine	Run Backend Tests	2026-07-27T13:28:13.2321865Z # Subtest: returns 400 for non-github.com URL
Check Backend & AI Engine	Run Backend Tests	2026-07-27T13:28:13.2322710Z ok 476 - returns 400 for non-github.com URL
Check Backend & AI Engine	Run Backend Tests	2026-07-27T13:28:13.2323630Z   ---
Check Backend & AI Engine	Run Backend Tests	2026-07-27T13:28:13.2324208Z   duration_ms: 0.114079
Check Backend & AI Engine	Run Backend Tests	2026-07-27T13:28:13.2324830Z   ...
Check Backend & AI Engine	Run Backend Tests	2026-07-27T13:28:13.2325596Z # Subtest: returns 400 for URL with fewer than two path segments
Check Backend & AI Engine	Run Backend Tests	2026-07-27T13:28:13.2329297Z ok 477 - returns 400 for URL with fewer than two path segments
Check Backend & AI Engine	Run Backend Tests	2026-07-27T13:28:13.2330097Z   ---
Check Backend & AI Engine	Run Backend Tests	2026-07-27T13:28:13.2330622Z   duration_ms: 0.156492
Check Backend & AI Engine	Run Backend Tests	2026-07-27T13:28:13.2331176Z   ...
Check Backend & AI Engine	Run Backend Tests	2026-07-27T13:28:13.2331872Z # Subtest: returns 200 with issue details for valid request
Check Backend & AI Engine	Run Backend Tests	2026-07-27T13:28:13.2332746Z ok 478 - returns 200 with issue details for valid request
Check Backend & AI Engine	Run Backend Tests	2026-07-27T13:28:13.2333378Z   ---
Check Backend & AI Engine	Run Backend Tests	2026-07-27T13:28:13.2333803Z   duration_ms: 0.177166
Check Backend & AI Engine	Run Backend Tests	2026-07-27T13:28:13.2334227Z   ...
Check Backend & AI Engine	Run Backend Tests	2026-07-27T13:28:13.2338438Z # Subtest: returns 200 with valid request that has empty labels array
Check Backend & AI Engine	Run Backend Tests	2026-07-27T13:28:13.2342418Z ok 479 - returns 200 with valid request that has empty labels array
Check Backend & AI Engine	Run Backend Tests	2026-07-27T13:28:13.2343249Z   ---
Check Backend & AI Engine	Run Backend Tests	2026-07-27T13:28:13.2343988Z   duration_ms: 0.122151
Check Backend & AI Engine	Run Backend Tests	2026-07-27T13:28:13.2344669Z   ...
Check Backend & AI Engine	Run Backend Tests	2026-07-27T13:28:13.2345278Z # Subtest: handles URL with .git suffix
Check Backend & AI Engine	Run Backend Tests	2026-07-27T13:28:13.2346078Z ok 480 - handles URL with .git suffix
Check Backend & AI Engine	Run Backend Tests	2026-07-27T13:28:13.2346681Z   ---
Check Backend & AI Engine	Run Backend Tests	2026-07-27T13:28:13.2347210Z   duration_ms: 0.151356
Check Backend & AI Engine	Run Backend Tests	2026-07-27T13:28:13.2347781Z   ...
Check Backend & AI Engine	Run Backend Tests	2026-07-27T13:28:13.2348328Z # Subtest: handles URL with trailing slash
Check Backend & AI Engine	Run Backend Tests	2026-07-27T13:28:13.2348820Z ok 481 - handles URL with trailing slash
Check Backend & AI Engine	Run Backend Tests	2026-07-27T13:28:13.2349247Z   ---
Check Backend & AI Engine	Run Backend Tests	2026-07-27T13:28:13.2349615Z   duration_ms: 0.113168
Check Backend & AI Engine	Run Backend Tests	2026-07-27T13:28:13.2350321Z   ...
Check Backend & AI Engine	Run Backend Tests	2026-07-27T13:28:13.3150772Z # Subtest: loadConfigFile returns DEFAULT_CONFIG when .codereview.yml does not exist
Check Backend & AI Engine	Run Backend Tests	2026-07-27T13:28:13.3151639Z ok 482 - loadConfigFile returns DEFAULT_CONFIG when .codereview.yml does not exist
Check Backend & AI Engine	Run Backend Tests	2026-07-27T13:28:13.3152088Z   ---
Check Backend & AI Engine	Run Backend Tests	2026-07-27T13:28:13.3152421Z   duration_ms: 6.937452
Check Backend & AI Engine	Run Backend Tests	2026-07-27T13:28:13.3152754Z   ...
Check Backend & AI Engine	Run Backend Tests	2026-07-27T13:28:13.3155700Z # Subtest: loadConfigFile throws TypeError when file path is null
Check Backend & AI Engine	Run Backend Tests	2026-07-27T13:28:13.3156464Z ok 483 - loadConfigFile throws TypeError when file path is null
Check Backend & AI Engine	Run Backend Tests	2026-07-27T13:28:13.3157036Z   ---
Check Backend & AI Engine	Run Backend Tests	2026-07-27T13:28:13.3157468Z   duration_ms: 0.648859
Check Backend & AI Engine	Run Backend Tests	2026-07-27T13:28:13.3157895Z   ...
Check Backend & AI Engine	Run Backend Tests	2026-07-27T13:28:13.3158907Z # Subtest: loadConfigFile throws TypeError when file path is undefined
Check Backend & AI Engine	Run Backend Tests	2026-07-27T13:28:13.3159957Z ok 484 - loadConfigFile throws TypeError when file path is undefined
Check Backend & AI Engine	Run Backend Tests	2026-07-27T13:28:13.3160745Z   ---
Check Backend & AI Engine	Run Backend Tests	2026-07-27T13:28:13.3161220Z   duration_ms: 0.153511
Check Backend & AI Engine	Run Backend Tests	2026-07-27T13:28:13.3161550Z   ...
Check Backend & AI Engine	Run Backend Tests	2026-07-27T13:28:13.3164001Z # Subtest: loadConfigFile returns DEFAULT_CONFIG when path is empty string
Check Backend & AI Engine	Run Backend Tests	2026-07-27T13:28:13.3164933Z ok 485 - loadConfigFile returns DEFAULT_CONFIG when path is empty string
Check Backend & AI Engine	Run Backend Tests	2026-07-27T13:28:13.3165566Z   ---
Check Backend & AI Engine	Run Backend Tests	2026-07-27T13:28:13.3165855Z   duration_ms: 0.136609
Check Backend & AI Engine	Run Backend Tests	2026-07-27T13:28:13.3166181Z   ...
Check Backend & AI Engine	Run Backend Tests	2026-07-27T13:28:13.3218846Z # Subtest: loadConfigFile merges user severity overrides with defaults
Check Backend & AI Engine	Run Backend Tests	2026-07-27T13:28:13.3220444Z ok 486 - loadConfigFile merges user severity overrides with defaults
Check Backend & AI Engine	Run Backend Tests	2026-07-27T13:28:13.3221027Z   ---
Check Backend & AI Engine	Run Backend Tests	2026-07-27T13:28:13.3221503Z   duration_ms: 6.753659
Check Backend & AI Engine	Run Backend Tests	2026-07-27T13:28:13.3221823Z   ...
Check Backend & AI Engine	Run Backend Tests	2026-07-27T13:28:13.3235442Z # Subtest: loadConfigFile handles partial config with only some categories
Check Backend & AI Engine	Run Backend Tests	2026-07-27T13:28:13.3236451Z ok 487 - loadConfigFile handles partial config with only some categories
Check Backend & AI Engine	Run Backend Tests	2026-07-27T13:28:13.3237058Z   ---
Check Backend & AI Engine	Run Backend Tests	2026-07-27T13:28:13.3237426Z   duration_ms: 1.582123
Check Backend & AI Engine	Run Backend Tests	2026-07-27T13:28:13.3237841Z   ...
Check Backend & AI Engine	Run Backend Tests	2026-07-27T13:28:13.3251581Z # Subtest: loadConfigFile overrides specific severity levels correctly
Check Backend & AI Engine	Run Backend Tests	2026-07-27T13:28:13.3255681Z ok 488 - loadConfigFile overrides specific severity levels correctly
Check Backend & AI Engine	Run Backend Tests	2026-07-27T13:28:13.3256527Z   ---
Check Backend & AI Engine	Run Backend Tests	2026-07-27T13:28:13.3256929Z   duration_ms: 1.52526
Check Backend & AI Engine	Run Backend Tests	2026-07-27T13:28:13.3257334Z   ...
Check Backend & AI Engine	Run Backend Tests	2026-07-27T13:28:13.3267255Z # Failed to load .codereview.yml: expected a document, but the input is empty
Check Backend & AI Engine	Run Backend Tests	2026-07-27T13:28:13.3284297Z # Subtest: loadConfigFile handles empty .codereview.yml file
Check Backend & AI Engine	Run Backend Tests	2026-07-27T13:28:13.3285637Z ok 489 - loadConfigFile handles empty .codereview.yml file
Check Backend & AI Engine	Run Backend Tests	2026-07-27T13:28:13.3286749Z   ---
Check Backend & AI Engine	Run Backend Tests	2026-07-27T13:28:13.3287329Z   duration_ms: 2.633639
Check Backend & AI Engine	Run Backend Tests	2026-07-27T13:28:13.3287892Z   ...
Check Backend & AI Engine	Run Backend Tests	2026-07-27T13:28:13.3317543Z # Subtest: loadConfigFile merges suppress arrays correctly
Check Backend & AI Engine	Run Backend Tests	2026-07-27T13:28:13.3320073Z ok 490 - loadConfigFile merges suppress arrays correctly
Check Backend & AI Engine	Run Backend Tests	2026-07-27T13:28:13.3320842Z   ---
Check Backend & AI Engine	Run Backend Tests	2026-07-27T13:28:13.3321639Z   duration_ms: 3.876204
Check Backend & AI Engine	Run Backend Tests	2026-07-27T13:28:13.3322223Z   ...
Check Backend & AI Engine	Run Backend Tests	2026-07-27T13:28:13.3338797Z # Subtest: loadConfigFile handles suppress: null in YAML
Check Backend & AI Engine	Run Backend Tests	2026-07-27T13:28:13.3340317Z ok 491 - loadConfigFile handles suppress: null in YAML
Check Backend & AI Engine	Run Backend Tests	2026-07-27T13:28:13.3341123Z   ---
Check Backend & AI Engine	Run Backend Tests	2026-07-27T13:28:13.3342193Z   duration_ms: 2.104046
Check Backend & AI Engine	Run Backend Tests	2026-07-27T13:28:13.3342687Z   ...
Check Backend & AI Engine	Run Backend Tests	2026-07-27T13:28:13.3357195Z # Subtest: loadConfigFile handles non-array suppress gracefully
Check Backend & AI Engine	Run Backend Tests	2026-07-27T13:28:13.3358464Z ok 492 - loadConfigFile handles non-array suppress gracefully
Check Backend & AI Engine	Run Backend Tests	2026-07-27T13:28:13.3359085Z   ---
Check Backend & AI Engine	Run Backend Tests	2026-07-27T13:28:13.3366371Z   duration_ms: 1.582338
Check Backend & AI Engine	Run Backend Tests	2026-07-27T13:28:13.3367457Z   ...
Check Backend & AI Engine	Run Backend Tests	2026-07-27T13:28:13.3377126Z # Subtest: loadConfigFile combines suppress arrays from config and defaults
Check Backend & AI Engine	Run Backend Tests	2026-07-27T13:28:13.3381529Z ok 493 - loadConfigFile combines suppress arrays from config and defaults
Check Backend & AI Engine	Run Backend Tests	2026-07-27T13:28:13.3382601Z   ---
Check Backend & AI Engine	Run Backend Tests	2026-07-27T13:28:13.3383289Z   duration_ms: 1.991238
Check Backend & AI Engine	Run Backend Tests	2026-07-27T13:28:13.3383743Z   ...
Check Backend & AI Engine	Run Backend Tests	2026-07-27T13:28:13.3401094Z # Subtest: loadConfigFile warns on invalid YAML but still returns defaults
Check Backend & AI Engine	Run Backend Tests	2026-07-27T13:28:13.3402444Z ok 494 - loadConfigFile warns on invalid YAML but still returns defaults
Check Backend & AI Engine	Run Backend Tests	2026-07-27T13:28:13.3403352Z   ---
Check Backend & AI Engine	Run Backend Tests	2026-07-27T13:28:13.3404226Z   duration_ms: 2.412252
Check Backend & AI Engine	Run Backend Tests	2026-07-27T13:28:13.3404650Z   ...
Check Backend & AI Engine	Run Backend Tests	2026-07-27T13:28:13.4140313Z # Subtest: mockAIReview returns empty structure when files list is empty
Check Backend & AI Engine	Run Backend Tests	2026-07-27T13:28:13.4142021Z ok 495 - mockAIReview returns empty structure when files list is empty
Check Backend & AI Engine	Run Backend Tests	2026-07-27T13:28:13.4142659Z   ---
Check Backend & AI Engine	Run Backend Tests	2026-07-27T13:28:13.4143110Z   duration_ms: 2.429321
Check Backend & AI Engine	Run Backend Tests	2026-07-27T13:28:13.4143485Z   ...
Check Backend & AI Engine	Run Backend Tests	2026-07-27T13:28:13.4158017Z # Subtest: mockAIReview returns expected mock review layout for files
Check Backend & AI Engine	Run Backend Tests	2026-07-27T13:28:13.4158970Z ok 496 - mockAIReview returns expected mock review layout for files
Check Backend & AI Engine	Run Backend Tests	2026-07-27T13:28:13.4159754Z   ---
Check Backend & AI Engine	Run Backend Tests	2026-07-27T13:28:13.4160439Z   duration_ms: 1.881493
Check Backend & AI Engine	Run Backend Tests	2026-07-27T13:28:13.4160885Z   ...
Check Backend & AI Engine	Run Backend Tests	2026-07-27T13:28:13.4827161Z # Subtest: mockAIReview handles null files gracefully
Check Backend & AI Engine	Run Backend Tests	2026-07-27T13:28:13.4828345Z ok 497 - mockAIReview handles null files gracefully
Check Backend & AI Engine	Run Backend Tests	2026-07-27T13:28:13.4828984Z   ---
Check Backend & AI Engine	Run Backend Tests	2026-07-27T13:28:13.4829575Z   duration_ms: 2.141561
Check Backend & AI Engine	Run Backend Tests	2026-07-27T13:28:13.4830298Z   ...
Check Backend & AI Engine	Run Backend Tests	2026-07-27T13:28:13.4831777Z # Subtest: mockAIReview handles undefined files gracefully
Check Backend & AI Engine	Run Backend Tests	2026-07-27T13:28:13.4832843Z ok 498 - mockAIReview handles undefined files gracefully
Check Backend & AI Engine	Run Backend Tests	2026-07-27T13:28:13.4833576Z   ---
Check Backend & AI Engine	Run Backend Tests	2026-07-27T13:28:13.4834049Z   duration_ms: 0.164079
Check Backend & AI Engine	Run Backend Tests	2026-07-27T13:28:13.4834532Z   ...
Check Backend & AI Engine	Run Backend Tests	2026-07-27T13:28:13.4836867Z # Subtest: mockAIReview handles non-array files gracefully
Check Backend & AI Engine	Run Backend Tests	2026-07-27T13:28:13.4838985Z ok 499 - mockAIReview handles non-array files gracefully
Check Backend & AI Engine	Run Backend Tests	2026-07-27T13:28:13.4839701Z   ---
Check Backend & AI Engine	Run Backend Tests	2026-07-27T13:28:13.4840272Z   duration_ms: 0.124109
Check Backend & AI Engine	Run Backend Tests	2026-07-27T13:28:13.4840755Z   ...
Check Backend & AI Engine	Run Backend Tests	2026-07-27T13:28:13.4853155Z # Subtest: mockAIReview handles empty array
Check Backend & AI Engine	Run Backend Tests	2026-07-27T13:28:13.4854037Z ok 500 - mockAIReview handles empty array
Check Backend & AI Engine	Run Backend Tests	2026-07-27T13:28:13.4854599Z   ---
Check Backend & AI Engine	Run Backend Tests	2026-07-27T13:28:13.4855211Z   duration_ms: 0.123041
Check Backend & AI Engine	Run Backend Tests	2026-07-27T13:28:13.4855783Z   ...
Check Backend & AI Engine	Run Backend Tests	2026-07-27T13:28:13.4856423Z # Subtest: mockAIReview generates review for single file
Check Backend & AI Engine	Run Backend Tests	2026-07-27T13:28:13.4857139Z ok 501 - mockAIReview generates review for single file
Check Backend & AI Engine	Run Backend Tests	2026-07-27T13:28:13.4857658Z   ---
Check Backend & AI Engine	Run Backend Tests	2026-07-27T13:28:13.4858062Z   duration_ms: 2.445888
Check Backend & AI Engine	Run Backend Tests	2026-07-27T13:28:13.4858477Z   ...
Check Backend & AI Engine	Run Backend Tests	2026-07-27T13:28:13.4858902Z # Subtest: mockAIReview generates review for multiple files
Check Backend & AI Engine	Run Backend Tests	2026-07-27T13:28:13.4859458Z ok 502 - mockAIReview generates review for multiple files
Check Backend & AI Engine	Run Backend Tests	2026-07-27T13:28:13.4859960Z   ---
Check Backend & AI Engine	Run Backend Tests	2026-07-27T13:28:13.4860299Z   duration_ms: 0.656483
Check Backend & AI Engine	Run Backend Tests	2026-07-27T13:28:13.4860564Z   ...
Check Backend & AI Engine	Run Backend Tests	2026-07-27T13:28:13.4861323Z # Subtest: mockAIReview generatedReadme contains first folder name
Check Backend & AI Engine	Run Backend Tests	2026-07-27T13:28:13.4862110Z ok 503 - mockAIReview generatedReadme contains first folder name
Check Backend & AI Engine	Run Backend Tests	2026-07-27T13:28:13.4862756Z   ---
Check Backend & AI Engine	Run Backend Tests	2026-07-27T13:28:13.4863102Z   duration_ms: 0.351936
Check Backend & AI Engine	Run Backend Tests	2026-07-27T13:28:13.4863475Z   ...
Check Backend & AI Engine	Run Backend Tests	2026-07-27T13:28:13.4864040Z # Subtest: mockAIReview mermaidDiagram contains file names
Check Backend & AI Engine	Run Backend Tests	2026-07-27T13:28:13.4864759Z ok 504 - mockAIReview mermaidDiagram contains file names
Check Backend & AI Engine	Run Backend Tests	2026-07-27T13:28:13.4865402Z   ---
Check Backend & AI Engine	Run Backend Tests	2026-07-27T13:28:13.4865773Z   duration_ms: 0.307115
Check Backend & AI Engine	Run Backend Tests	2026-07-27T13:28:13.4866203Z   ...
Check Backend & AI Engine	Run Backend Tests	2026-07-27T13:28:13.4866789Z # Subtest: mockAIReview review items have correct structure
Check Backend & AI Engine	Run Backend Tests	2026-07-27T13:28:13.4880834Z ok 505 - mockAIReview review items have correct structure
Check Backend & AI Engine	Run Backend Tests	2026-07-27T13:28:13.4884684Z   ---
Check Backend & AI Engine	Run Backend Tests	2026-07-27T13:28:13.4885160Z   duration_ms: 0.394981
Check Backend & AI Engine	Run Backend Tests	2026-07-27T13:28:13.4885638Z   ...
Check Backend & AI Engine	Run Backend Tests	2026-07-27T13:28:13.4886247Z # Subtest: mockAIReview description mentions the file name
Check Backend & AI Engine	Run Backend Tests	2026-07-27T13:28:13.4887051Z ok 506 - mockAIReview description mentions the file name
Check Backend & AI Engine	Run Backend Tests	2026-07-27T13:28:13.4887671Z   ---
Check Backend & AI Engine	Run Backend Tests	2026-07-27T13:28:13.4888089Z   duration_ms: 0.359651
Check Backend & AI Engine	Run Backend Tests	2026-07-27T13:28:13.4888517Z   ...
Check Backend & AI Engine	Run Backend Tests	2026-07-27T13:28:13.4901378Z # Subtest: mockAIReview defaults model parameter to llama-3.3
Check Backend & AI Engine	Run Backend Tests	2026-07-27T13:28:13.4901980Z ok 507 - mockAIReview defaults model parameter to llama-3.3
Check Backend & AI Engine	Run Backend Tests	2026-07-27T13:28:13.4902481Z   ---
Check Backend & AI Engine	Run Backend Tests	2026-07-27T13:28:13.4902768Z   duration_ms: 0.656927
Check Backend & AI Engine	Run Backend Tests	2026-07-27T13:28:13.4903072Z   ...
Check Backend & AI Engine	Run Backend Tests	2026-07-27T13:28:13.4903471Z # Subtest: mockAIReview mermaidDiagram is non-empty string
Check Backend & AI Engine	Run Backend Tests	2026-07-27T13:28:13.4903997Z ok 508 - mockAIReview mermaidDiagram is non-empty string
Check Backend & AI Engine	Run Backend Tests	2026-07-27T13:28:13.4904418Z   ---
Check Backend & AI Engine	Run Backend Tests	2026-07-27T13:28:13.4904690Z   duration_ms: 0.347259
Check Backend & AI Engine	Run Backend Tests	2026-07-27T13:28:13.4904992Z   ...
Check Backend & AI Engine	Run Backend Tests	2026-07-27T13:28:13.5710447Z # Subtest: mockAIReview generates reviews for JavaScript JSX files
Check Backend & AI Engine	Run Backend Tests	2026-07-27T13:28:13.5722910Z ok 509 - mockAIReview generates reviews for JavaScript JSX files
Check Backend & AI Engine	Run Backend Tests	2026-07-27T13:28:13.5723845Z   ---
Check Backend & AI Engine	Run Backend Tests	2026-07-27T13:28:13.5724308Z   duration_ms: 3.880842
Check Backend & AI Engine	Run Backend Tests	2026-07-27T13:28:13.5724919Z   ...
Check Backend & AI Engine	Run Backend Tests	2026-07-27T13:28:13.5725656Z # Subtest: mockAIReview generates reviews for TypeScript TSX files
Check Backend & AI Engine	Run Backend Tests	2026-07-27T13:28:13.5726778Z ok 510 - mockAIReview generates reviews for TypeScript TSX files
Check Backend & AI Engine	Run Backend Tests	2026-07-27T13:28:13.5727615Z   ---
Check Backend & AI Engine	Run Backend Tests	2026-07-27T13:28:13.5728176Z   duration_ms: 0.726239
Check Backend & AI Engine	Run Backend Tests	2026-07-27T13:28:13.5729104Z   ...
Check Backend & AI Engine	Run Backend Tests	2026-07-27T13:28:13.5730212Z # Subtest: mockAIReview generates reviews for Python files
Check Backend & AI Engine	Run Backend Tests	2026-07-27T13:28:13.5731025Z ok 511 - mockAIReview generates reviews for Python files
Check Backend & AI Engine	Run Backend Tests	2026-07-27T13:28:13.5731686Z   ---
Check Backend & AI Engine	Run Backend Tests	2026-07-27T13:28:13.5732119Z   duration_ms: 0.343151
Check Backend & AI Engine	Run Backend Tests	2026-07-27T13:28:13.5732572Z   ...
Check Backend & AI Engine	Run Backend Tests	2026-07-27T13:28:13.5733121Z # Subtest: mockAIReview generates reviews for Go files
Check Backend & AI Engine	Run Backend Tests	2026-07-27T13:28:13.5743488Z ok 512 - mockAIReview generates reviews for Go files
Check Backend & AI Engine	Run Backend Tests	2026-07-27T13:28:13.5744387Z   ---
Check Backend & AI Engine	Run Backend Tests	2026-07-27T13:28:13.5744937Z   duration_ms: 0.324358
Check Backend & AI Engine	Run Backend Tests	2026-07-27T13:28:13.5745497Z   ...
Check Backend & AI Engine	Run Backend Tests	2026-07-27T13:28:13.5746205Z # Subtest: mockAIReview generates reviews for Java files
Check Backend & AI Engine	Run Backend Tests	2026-07-27T13:28:13.5747186Z ok 513 - mockAIReview generates reviews for Java files
Check Backend & AI Engine	Run Backend Tests	2026-07-27T13:28:13.5747845Z   ---
Check Backend & AI Engine	Run Backend Tests	2026-07-27T13:28:13.5748370Z   duration_ms: 0.536043
Check Backend & AI Engine	Run Backend Tests	2026-07-27T13:28:13.5748941Z   ...
Check Backend & AI Engine	Run Backend Tests	2026-07-27T13:28:13.5749606Z # Subtest: mockAIReview generates reviews for Rust files
Check Backend & AI Engine	Run Backend Tests	2026-07-27T13:28:13.5750678Z ok 514 - mockAIReview generates reviews for Rust files
Check Backend & AI Engine	Run Backend Tests	2026-07-27T13:28:13.5751363Z   ---
Check Backend & AI Engine	Run Backend Tests	2026-07-27T13:28:13.5751911Z   duration_ms: 0.361488
Check Backend & AI Engine	Run Backend Tests	2026-07-27T13:28:13.5752478Z   ...
Check Backend & AI Engine	Run Backend Tests	2026-07-27T13:28:13.5753174Z # Subtest: mockAIReview generates reviews for C++ files
Check Backend & AI Engine	Run Backend Tests	2026-07-27T13:28:13.5754034Z ok 515 - mockAIReview generates reviews for C++ files
Check Backend & AI Engine	Run Backend Tests	2026-07-27T13:28:13.5754740Z   ---
Check Backend & AI Engine	Run Backend Tests	2026-07-27T13:28:13.5755227Z   duration_ms: 0.922222
Check Backend & AI Engine	Run Backend Tests	2026-07-27T13:28:13.5755740Z   ...
Check Backend & AI Engine	Run Backend Tests	2026-07-27T13:28:13.5756398Z # Subtest: mockAIReview generates reviews for Ruby files
Check Backend & AI Engine	Run Backend Tests	2026-07-27T13:28:13.5757277Z ok 516 - mockAIReview generates reviews for Ruby files
Check Backend & AI Engine	Run Backend Tests	2026-07-27T13:28:13.5757972Z   ---
Check Backend & AI Engine	Run Backend Tests	2026-07-27T13:28:13.5758703Z   duration_ms: 0.415256
Check Backend & AI Engine	Run Backend Tests	2026-07-27T13:28:13.5759241Z   ...
Check Backend & AI Engine	Run Backend Tests	2026-07-27T13:28:13.5766932Z # Subtest: mockAIReview generates reviews for HTML files
Check Backend & AI Engine	Run Backend Tests	2026-07-27T13:28:13.5768146Z ok 517 - mockAIReview generates reviews for HTML files
Check Backend & AI Engine	Run Backend Tests	2026-07-27T13:28:13.5768836Z   ---
Check Backend & AI Engine	Run Backend Tests	2026-07-27T13:28:13.5769603Z   duration_ms: 0.305349
Check Backend & AI Engine	Run Backend Tests	2026-07-27T13:28:13.5770392Z   ...
Check Backend & AI Engine	Run Backend Tests	2026-07-27T13:28:13.5771047Z # Subtest: mockAIReview generates reviews for CSS files
Check Backend & AI Engine	Run Backend Tests	2026-07-27T13:28:13.5829479Z ok 518 - mockAIReview generates reviews for CSS files
Check Backend & AI Engine	Run Backend Tests	2026-07-27T13:28:13.5850613Z   ---
Check Backend & AI Engine	Run Backend Tests	2026-07-27T13:28:13.5861319Z   duration_ms: 0.343139
Check Backend & AI Engine	Run Backend Tests	2026-07-27T13:28:13.5862056Z   ...
Check Backend & AI Engine	Run Backend Tests	2026-07-27T13:28:13.6067010Z # Subtest: mockAIReview handles files with spaces in name
Check Backend & AI Engine	Run Backend Tests	2026-07-27T13:28:13.6068199Z ok 519 - mockAIReview handles files with spaces in name
Check Backend & AI Engine	Run Backend Tests	2026-07-27T13:28:13.6068926Z   ---
Check Backend & AI Engine	Run Backend Tests	2026-07-27T13:28:13.6069544Z   duration_ms: 0.587051
Check Backend & AI Engine	Run Backend Tests	2026-07-27T13:28:13.6070396Z   ...
Check Backend & AI Engine	Run Backend Tests	2026-07-27T13:28:13.6071317Z # Subtest: mockAIReview handles files with underscores in name
Check Backend & AI Engine	Run Backend Tests	2026-07-27T13:28:13.6072336Z ok 520 - mockAIReview handles files with underscores in name
Check Backend & AI Engine	Run Backend Tests	2026-07-27T13:28:13.6073041Z   ---
Check Backend & AI Engine	Run Backend Tests	2026-07-27T13:28:13.6073525Z   duration_ms: 0.346923
Check Backend & AI Engine	Run Backend Tests	2026-07-27T13:28:13.6073889Z   ...
Check Backend & AI Engine	Run Backend Tests	2026-07-27T13:28:13.6074393Z # Subtest: mockAIReview handles deeply nested file paths
Check Backend & AI Engine	Run Backend Tests	2026-07-27T13:28:13.6074933Z ok 521 - mockAIReview handles deeply nested file paths
Check Backend & AI Engine	Run Backend Tests	2026-07-27T13:28:13.6075431Z   ---
Check Backend & AI Engine	Run Backend Tests	2026-07-27T13:28:13.6075700Z   duration_ms: 0.306841
Check Backend & AI Engine	Run Backend Tests	2026-07-27T13:28:13.6075990Z   ...
Check Backend & AI Engine	Run Backend Tests	2026-07-27T13:28:13.6076474Z # Subtest: mockAIReview handles files at repository root (no slashes)
Check Backend & AI Engine	Run Backend Tests	2026-07-27T13:28:13.6077219Z ok 522 - mockAIReview handles files at repository root (no slashes)
Check Backend & AI Engine	Run Backend Tests	2026-07-27T13:28:13.6077705Z   ---
Check Backend & AI Engine	Run Backend Tests	2026-07-27T13:28:13.6077989Z   duration_ms: 0.281098
Check Backend & AI Engine	Run Backend Tests	2026-07-27T13:28:13.6078302Z   ...
Check Backend & AI Engine	Run Backend Tests	2026-07-27T13:28:13.6078760Z # Subtest: mockAIReview handles files with hyphen in name
Check Backend & AI Engine	Run Backend Tests	2026-07-27T13:28:13.6079380Z ok 523 - mockAIReview handles files with hyphen in name
Check Backend & AI Engine	Run Backend Tests	2026-07-27T13:28:13.6080005Z   ---
Check Backend & AI Engine	Run Backend Tests	2026-07-27T13:28:13.6080259Z   duration_ms: 0.33598
Check Backend & AI Engine	Run Backend Tests	2026-07-27T13:28:13.6080524Z   ...
Check Backend & AI Engine	Run Backend Tests	2026-07-27T13:28:13.6080982Z # Subtest: mockAIReview generatedReadme includes model name
Check Backend & AI Engine	Run Backend Tests	2026-07-27T13:28:13.6081599Z ok 524 - mockAIReview generatedReadme includes model name
Check Backend & AI Engine	Run Backend Tests	2026-07-27T13:28:13.6082051Z   ---
Check Backend & AI Engine	Run Backend Tests	2026-07-27T13:28:13.6082496Z   duration_ms: 0.316779
Check Backend & AI Engine	Run Backend Tests	2026-07-27T13:28:13.6082950Z   ...
Check Backend & AI Engine	Run Backend Tests	2026-07-27T13:28:13.6083281Z # Subtest: mockAIReview generatedReadme includes file count
Check Backend & AI Engine	Run Backend Tests	2026-07-27T13:28:13.6083709Z ok 525 - mockAIReview generatedReadme includes file count
Check Backend & AI Engine	Run Backend Tests	2026-07-27T13:28:13.6084037Z   ---
Check Backend & AI Engine	Run Backend Tests	2026-07-27T13:28:13.6084243Z   duration_ms: 0.333801
Check Backend & AI Engine	Run Backend Tests	2026-07-27T13:28:13.6084477Z   ...
Check Backend & AI Engine	Run Backend Tests	2026-07-27T13:28:13.6084773Z # Subtest: mockAIReview generatedReadme lists all files
Check Backend & AI Engine	Run Backend Tests	2026-07-27T13:28:13.6085172Z ok 526 - mockAIReview generatedReadme lists all files
Check Backend & AI Engine	Run Backend Tests	2026-07-27T13:28:13.6085465Z   ---
Check Backend & AI Engine	Run Backend Tests	2026-07-27T13:28:13.6085666Z   duration_ms: 0.352502
Check Backend & AI Engine	Run Backend Tests	2026-07-27T13:28:13.6085897Z   ...
Check Backend & AI Engine	Run Backend Tests	2026-07-27T13:28:13.6086543Z # Subtest: mockAIReview mermaidDiagram includes repository root name
Check Backend & AI Engine	Run Backend Tests	2026-07-27T13:28:13.6087044Z ok 527 - mockAIReview mermaidDiagram includes repository root name
Check Backend & AI Engine	Run Backend Tests	2026-07-27T13:28:13.6087363Z   ---
Check Backend & AI Engine	Run Backend Tests	2026-07-27T13:28:13.6087560Z   duration_ms: 0.310152
Check Backend & AI Engine	Run Backend Tests	2026-07-27T13:28:13.6087783Z   ...
Check Backend & AI Engine	Run Backend Tests	2026-07-27T13:28:13.6088109Z # Subtest: mockAIReview mermaidDiagram includes first 5 files max
Check Backend & AI Engine	Run Backend Tests	2026-07-27T13:28:13.6088563Z ok 528 - mockAIReview mermaidDiagram includes first 5 files max
Check Backend & AI Engine	Run Backend Tests	2026-07-27T13:28:13.6088874Z   ---
Check Backend & AI Engine	Run Backend Tests	2026-07-27T13:28:13.6089078Z   duration_ms: 0.460276
Check Backend & AI Engine	Run Backend Tests	2026-07-27T13:28:13.6089290Z   ...
Check Backend & AI Engine	Run Backend Tests	2026-07-27T13:28:13.6089590Z # Subtest: mockAIReview mermaidDiagram handles single file
Check Backend & AI Engine	Run Backend Tests	2026-07-27T13:28:13.6090281Z ok 529 - mockAIReview mermaidDiagram handles single file
Check Backend & AI Engine	Run Backend Tests	2026-07-27T13:28:13.6090735Z   ---
Check Backend & AI Engine	Run Backend Tests	2026-07-27T13:28:13.6090948Z   duration_ms: 0.363451
Check Backend & AI Engine	Run Backend Tests	2026-07-27T13:28:13.6091155Z   ...
Check Backend & AI Engine	Run Backend Tests	2026-07-27T13:28:13.6091531Z # Subtest: mockAIReview review bugs contain type, line, description, suggestion
Check Backend & AI Engine	Run Backend Tests	2026-07-27T13:28:13.6092223Z ok 530 - mockAIReview review bugs contain type, line, description, suggestion
Check Backend & AI Engine	Run Backend Tests	2026-07-27T13:28:13.6092571Z   ---
Check Backend & AI Engine	Run Backend Tests	2026-07-27T13:28:13.6092777Z   duration_ms: 0.426667
Check Backend & AI Engine	Run Backend Tests	2026-07-27T13:28:13.6092988Z   ...
Check Backend & AI Engine	Run Backend Tests	2026-07-27T13:28:13.6093403Z # Subtest: mockAIReview review security contain type, line, description, suggestion
Check Backend & AI Engine	Run Backend Tests	2026-07-27T13:28:13.6093985Z ok 531 - mockAIReview review security contain type, line, description, suggestion
Check Backend & AI Engine	Run Backend Tests	2026-07-27T13:28:13.6094339Z   ---
Check Backend & AI Engine	Run Backend Tests	2026-07-27T13:28:13.6094532Z   duration_ms: 0.616749
Check Backend & AI Engine	Run Backend Tests	2026-07-27T13:28:13.6094746Z   ...
Check Backend & AI Engine	Run Backend Tests	2026-07-27T13:28:13.6095137Z # Subtest: mockAIReview review optimization contain type, line, description, suggestion
Check Backend & AI Engine	Run Backend Tests	2026-07-27T13:28:13.6095712Z ok 532 - mockAIReview review optimization contain type, line, description, suggestion
Check Backend & AI Engine	Run Backend Tests	2026-07-27T13:28:13.6096088Z   ---
Check Backend & AI Engine	Run Backend Tests	2026-07-27T13:28:13.6096280Z   duration_ms: 0.329603
Check Backend & AI Engine	Run Backend Tests	2026-07-27T13:28:13.6096490Z   ...
Check Backend & AI Engine	Run Backend Tests	2026-07-27T13:28:13.6096866Z # Subtest: mockAIReview review styling contain type, line, description, suggestion
Check Backend & AI Engine	Run Backend Tests	2026-07-27T13:28:13.6097410Z ok 533 - mockAIReview review styling contain type, line, description, suggestion
Check Backend & AI Engine	Run Backend Tests	2026-07-27T13:28:13.6097763Z   ---
Check Backend & AI Engine	Run Backend Tests	2026-07-27T13:28:13.6097951Z   duration_ms: 0.307702
Check Backend & AI Engine	Run Backend Tests	2026-07-27T13:28:13.6098163Z   ...
Check Backend & AI Engine	Run Backend Tests	2026-07-27T13:28:13.6098512Z # Subtest: mockAIReview review description mentions the specific file name
Check Backend & AI Engine	Run Backend Tests	2026-07-27T13:28:13.6099031Z ok 534 - mockAIReview review description mentions the specific file name
Check Backend & AI Engine	Run Backend Tests	2026-07-27T13:28:13.6099358Z   ---
Check Backend & AI Engine	Run Backend Tests	2026-07-27T13:28:13.6099551Z   duration_ms: 0.276651
Check Backend & AI Engine	Run Backend Tests	2026-07-27T13:28:13.6099761Z   ...
Check Backend & AI Engine	Run Backend Tests	2026-07-27T13:28:13.6100287Z # Subtest: mockAIReview review for multiple files produces separate review per file
Check Backend & AI Engine	Run Backend Tests	2026-07-27T13:28:13.6100859Z ok 535 - mockAIReview review for multiple files produces separate review per file
Check Backend & AI Engine	Run Backend Tests	2026-07-27T13:28:13.6101216Z   ---
Check Backend & AI Engine	Run Backend Tests	2026-07-27T13:28:13.6101413Z   duration_ms: 0.287614
Check Backend & AI Engine	Run Backend Tests	2026-07-27T13:28:13.6101627Z   ...
Check Backend & AI Engine	Run Backend Tests	2026-07-27T13:28:13.6102085Z # Subtest: mockAIReview returns non-empty strings for generatedReadme and mermaidDiagram for single file
Check Backend & AI Engine	Run Backend Tests	2026-07-27T13:28:13.6102785Z ok 536 - mockAIReview returns non-empty strings for generatedReadme and mermaidDiagram for single file
Check Backend & AI Engine	Run Backend Tests	2026-07-27T13:28:13.6103201Z   ---
Check Backend & AI Engine	Run Backend Tests	2026-07-27T13:28:13.6103395Z   duration_ms: 0.277331
Check Backend & AI Engine	Run Backend Tests	2026-07-27T13:28:13.6103600Z   ...
Check Backend & AI Engine	Run Backend Tests	2026-07-27T13:28:13.6563169Z # Subtest: normalizeHomoglyphs normalizes Cyrillic letters
Check Backend & AI Engine	Run Backend Tests	2026-07-27T13:28:13.6564694Z ok 537 - normalizeHomoglyphs normalizes Cyrillic letters
Check Backend & AI Engine	Run Backend Tests	2026-07-27T13:28:13.6565492Z   ---
Check Backend & AI Engine	Run Backend Tests	2026-07-27T13:28:13.6566070Z   duration_ms: 1.526683
Check Backend & AI Engine	Run Backend Tests	2026-07-27T13:28:13.6566694Z   ...
Check Backend & AI Engine	Run Backend Tests	2026-07-27T13:28:13.6567703Z # Subtest: normalizeHomoglyphs normalizes Greek homoglyphs
Check Backend & AI Engine	Run Backend Tests	2026-07-27T13:28:13.6568485Z ok 538 - normalizeHomoglyphs normalizes Greek homoglyphs
Check Backend & AI Engine	Run Backend Tests	2026-07-27T13:28:13.6568967Z   ---
Check Backend & AI Engine	Run Backend Tests	2026-07-27T13:28:13.6569373Z   duration_ms: 0.163932
Check Backend & AI Engine	Run Backend Tests	2026-07-27T13:28:13.6569618Z   ...
Check Backend & AI Engine	Run Backend Tests	2026-07-27T13:28:13.6575068Z # Subtest: normalizeHomoglyphs normalizes Cyrillic Ш to W
Check Backend & AI Engine	Run Backend Tests	2026-07-27T13:28:13.6578200Z ok 539 - normalizeHomoglyphs normalizes Cyrillic Ш to W
Check Backend & AI Engine	Run Backend Tests	2026-07-27T13:28:13.6578659Z   ---
Check Backend & AI Engine	Run Backend Tests	2026-07-27T13:28:13.6579148Z   duration_ms: 0.113721
Check Backend & AI Engine	Run Backend Tests	2026-07-27T13:28:13.6579634Z   ...
Check Backend & AI Engine	Run Backend Tests	2026-07-27T13:28:13.6580602Z # Subtest: normalizeHomoglyphs preserves non-homoglyph characters
Check Backend & AI Engine	Run Backend Tests	2026-07-27T13:28:13.6582210Z ok 540 - normalizeHomoglyphs preserves non-homoglyph characters
Check Backend & AI Engine	Run Backend Tests	2026-07-27T13:28:13.6582713Z   ---
Check Backend & AI Engine	Run Backend Tests	2026-07-27T13:28:13.6582914Z   duration_ms: 0.165945
Check Backend & AI Engine	Run Backend Tests	2026-07-27T13:28:13.6583133Z   ...
Check Backend & AI Engine	Run Backend Tests	2026-07-27T13:28:13.6592651Z # Subtest: normalizeHomoglyphs normalizes mixed ASCII and Cyrillic
Check Backend & AI Engine	Run Backend Tests	2026-07-27T13:28:13.6593500Z ok 541 - normalizeHomoglyphs normalizes mixed ASCII and Cyrillic
Check Backend & AI Engine	Run Backend Tests	2026-07-27T13:28:13.6594010Z   ---
Check Backend & AI Engine	Run Backend Tests	2026-07-27T13:28:13.6594319Z   duration_ms: 0.11967
Check Backend & AI Engine	Run Backend Tests	2026-07-27T13:28:13.6594619Z   ...
Check Backend & AI Engine	Run Backend Tests	2026-07-27T13:28:13.6595077Z # Subtest: normalizeHomoglyphs normalizes mixed Greek and Latin
Check Backend & AI Engine	Run Backend Tests	2026-07-27T13:28:13.6595772Z ok 542 - normalizeHomoglyphs normalizes mixed Greek and Latin
Check Backend & AI Engine	Run Backend Tests	2026-07-27T13:28:13.6596213Z   ---
Check Backend & AI Engine	Run Backend Tests	2026-07-27T13:28:13.6596717Z   duration_ms: 0.091039
Check Backend & AI Engine	Run Backend Tests	2026-07-27T13:28:13.6597017Z   ...
Check Backend & AI Engine	Run Backend Tests	2026-07-27T13:28:13.6597528Z # Subtest: normalizeHomoglyphs returns empty string for empty input
Check Backend & AI Engine	Run Backend Tests	2026-07-27T13:28:13.6598255Z ok 543 - normalizeHomoglyphs returns empty string for empty input
Check Backend & AI Engine	Run Backend Tests	2026-07-27T13:28:13.6598784Z   ---
Check Backend & AI Engine	Run Backend Tests	2026-07-27T13:28:13.6599030Z   duration_ms: 0.087975
Check Backend & AI Engine	Run Backend Tests	2026-07-27T13:28:13.6599345Z   ...
Check Backend & AI Engine	Run Backend Tests	2026-07-27T13:28:13.6599940Z # Subtest: normalizeHomoglyphs normalizes full Cyrillic words
Check Backend & AI Engine	Run Backend Tests	2026-07-27T13:28:13.6600622Z ok 544 - normalizeHomoglyphs normalizes full Cyrillic words
Check Backend & AI Engine	Run Backend Tests	2026-07-27T13:28:13.6601063Z   ---
Check Backend & AI Engine	Run Backend Tests	2026-07-27T13:28:13.6601326Z   duration_ms: 0.095354
Check Backend & AI Engine	Run Backend Tests	2026-07-27T13:28:13.6601618Z   ...
Check Backend & AI Engine	Run Backend Tests	2026-07-27T13:28:13.6606174Z # Subtest: normalizeHomoglyphs passes through Chinese characters unchanged
Check Backend & AI Engine	Run Backend Tests	2026-07-27T13:28:13.6608600Z ok 545 - normalizeHomoglyphs passes through Chinese characters unchanged
Check Backend & AI Engine	Run Backend Tests	2026-07-27T13:28:13.6609316Z   ---
Check Backend & AI Engine	Run Backend Tests	2026-07-27T13:28:13.6609739Z   duration_ms: 0.084166
Check Backend & AI Engine	Run Backend Tests	2026-07-27T13:28:13.6610455Z   ...
Check Backend & AI Engine	Run Backend Tests	2026-07-27T13:28:13.6611460Z # Subtest: normalizeHomoglyphs passes through numbers unchanged
Check Backend & AI Engine	Run Backend Tests	2026-07-27T13:28:13.6615141Z ok 546 - normalizeHomoglyphs passes through numbers unchanged
Check Backend & AI Engine	Run Backend Tests	2026-07-27T13:28:13.6620642Z   ---
Check Backend & AI Engine	Run Backend Tests	2026-07-27T13:28:13.6621111Z   duration_ms: 0.081054
Check Backend & AI Engine	Run Backend Tests	2026-07-27T13:28:13.6621585Z   ...
Check Backend & AI Engine	Run Backend Tests	2026-07-27T13:28:13.6633060Z # Subtest: normalizeHomoglyphs passes through whitespace unchanged
Check Backend & AI Engine	Run Backend Tests	2026-07-27T13:28:13.6634214Z ok 547 - normalizeHomoglyphs passes through whitespace unchanged
Check Backend & AI Engine	Run Backend Tests	2026-07-27T13:28:13.6634985Z   ---
Check Backend & AI Engine	Run Backend Tests	2026-07-27T13:28:13.6635478Z   duration_ms: 0.083485
Check Backend & AI Engine	Run Backend Tests	2026-07-27T13:28:13.6636052Z   ...
Check Backend & AI Engine	Run Backend Tests	2026-07-27T13:28:13.6636933Z # Subtest: normalizeHomoglyphs is idempotent when applied twice
Check Backend & AI Engine	Run Backend Tests	2026-07-27T13:28:13.6637990Z ok 548 - normalizeHomoglyphs is idempotent when applied twice
Check Backend & AI Engine	Run Backend Tests	2026-07-27T13:28:13.6638683Z   ---
Check Backend & AI Engine	Run Backend Tests	2026-07-27T13:28:13.6639176Z   duration_ms: 0.133536
Check Backend & AI Engine	Run Backend Tests	2026-07-27T13:28:13.6639656Z   ...
Check Backend & AI Engine	Run Backend Tests	2026-07-27T13:28:13.6640509Z # Subtest: normalizeHomoglyphs handles characters not in HOMOGLYPH_MAP
Check Backend & AI Engine	Run Backend Tests	2026-07-27T13:28:13.6641490Z ok 549 - normalizeHomoglyphs handles characters not in HOMOGLYPH_MAP
Check Backend & AI Engine	Run Backend Tests	2026-07-27T13:28:13.6642141Z   ---
Check Backend & AI Engine	Run Backend Tests	2026-07-27T13:28:13.6642561Z   duration_ms: 0.089577
Check Backend & AI Engine	Run Backend Tests	2026-07-27T13:28:13.6643011Z   ...
Check Backend & AI Engine	Run Backend Tests	2026-07-27T13:28:13.7259010Z # Invalid notebook format in /home/runner/work/ai-code-reviewer/ai-code-reviewer/backend/tests/notebook.fixture.ipynb: no cells array
Check Backend & AI Engine	Run Backend Tests	2026-07-27T13:28:13.7268092Z # Invalid notebook format in /home/runner/work/ai-code-reviewer/ai-code-reviewer/backend/tests/notebook.fixture.ipynb: no cells array
Check Backend & AI Engine	Run Backend Tests	2026-07-27T13:28:13.7312637Z # Subtest: notebookParser: stripMagicCommands comments out %matplotlib magic commands
Check Backend & AI Engine	Run Backend Tests	2026-07-27T13:28:13.7315405Z ok 550 - notebookParser: stripMagicCommands comments out %matplotlib magic commands
Check Backend & AI Engine	Run Backend Tests	2026-07-27T13:28:13.7316202Z   ---
Check Backend & AI Engine	Run Backend Tests	2026-07-27T13:28:13.7316575Z   duration_ms: 1.622971
Check Backend & AI Engine	Run Backend Tests	2026-07-27T13:28:13.7316967Z   ...
Check Backend & AI Engine	Run Backend Tests	2026-07-27T13:28:13.7317698Z # Subtest: notebookParser: stripMagicCommands comments out %pylab magic commands
Check Backend & AI Engine	Run Backend Tests	2026-07-27T13:28:13.7319297Z ok 551 - notebookParser: stripMagicCommands comments out %pylab magic commands
Check Backend & AI Engine	Run Backend Tests	2026-07-27T13:28:13.7320146Z   ---
Check Backend & AI Engine	Run Backend Tests	2026-07-27T13:28:13.7320511Z   duration_ms: 0.196385
Check Backend & AI Engine	Run Backend Tests	2026-07-27T13:28:13.7320913Z   ...
Check Backend & AI Engine	Run Backend Tests	2026-07-27T13:28:13.7322615Z # Subtest: notebookParser: stripMagicCommands comments out %config magic commands
Check Backend & AI Engine	Run Backend Tests	2026-07-27T13:28:13.7323603Z ok 552 - notebookParser: stripMagicCommands comments out %config magic commands
Check Backend & AI Engine	Run Backend Tests	2026-07-27T13:28:13.7324195Z   ---
Check Backend & AI Engine	Run Backend Tests	2026-07-27T13:28:13.7324483Z   duration_ms: 0.134193
Check Backend & AI Engine	Run Backend Tests	2026-07-27T13:28:13.7324784Z   ...
Check Backend & AI Engine	Run Backend Tests	2026-07-27T13:28:13.7329985Z # Subtest: notebookParser: stripMagicCommands comments out %%time cell magic
Check Backend & AI Engine	Run Backend Tests	2026-07-27T13:28:13.7331633Z ok 553 - notebookParser: stripMagicCommands comments out %%time cell magic
Check Backend & AI Engine	Run Backend Tests	2026-07-27T13:28:13.7332246Z   ---
Check Backend & AI Engine	Run Backend Tests	2026-07-27T13:28:13.7332555Z   duration_ms: 0.162215
Check Backend & AI Engine	Run Backend Tests	2026-07-27T13:28:13.7332887Z   ...
Check Backend & AI Engine	Run Backend Tests	2026-07-27T13:28:13.7341986Z # Subtest: notebookParser: stripMagicCommands comments out %%capture cell magic line
Check Backend & AI Engine	Run Backend Tests	2026-07-27T13:28:13.7343451Z ok 554 - notebookParser: stripMagicCommands comments out %%capture cell magic line
Check Backend & AI Engine	Run Backend Tests	2026-07-27T13:28:13.7344415Z   ---
Check Backend & AI Engine	Run Backend Tests	2026-07-27T13:28:13.7344721Z   duration_ms: 0.11278
Check Backend & AI Engine	Run Backend Tests	2026-07-27T13:28:13.7345040Z   ...
Check Backend & AI Engine	Run Backend Tests	2026-07-27T13:28:13.7345737Z # Subtest: notebookParser: stripMagicCommands comments out %%writefile cell magic
Check Backend & AI Engine	Run Backend Tests	2026-07-27T13:28:13.7346668Z ok 555 - notebookParser: stripMagicCommands comments out %%writefile cell magic
Check Backend & AI Engine	Run Backend Tests	2026-07-27T13:28:13.7347237Z   ---
Check Backend & AI Engine	Run Backend Tests	2026-07-27T13:28:13.7347537Z   duration_ms: 0.091586
Check Backend & AI Engine	Run Backend Tests	2026-07-27T13:28:13.7347845Z   ...
Check Backend & AI Engine	Run Backend Tests	2026-07-27T13:28:13.7364214Z # Subtest: notebookParser: stripMagicCommands comments out %%sh and %%bash cell magic lines
Check Backend & AI Engine	Run Backend Tests	2026-07-27T13:28:13.7365634Z ok 556 - notebookParser: stripMagicCommands comments out %%sh and %%bash cell magic lines
Check Backend & AI Engine	Run Backend Tests	2026-07-27T13:28:13.7366299Z   ---
Check Backend & AI Engine	Run Backend Tests	2026-07-27T13:28:13.7366782Z   duration_ms: 0.103117
Check Backend & AI Engine	Run Backend Tests	2026-07-27T13:28:13.7367280Z   ...
Check Backend & AI Engine	Run Backend Tests	2026-07-27T13:28:13.7368098Z # Subtest: notebookParser: stripMagicCommands comments out ! shell escape lines
Check Backend & AI Engine	Run Backend Tests	2026-07-27T13:28:13.7369374Z ok 557 - notebookParser: stripMagicCommands comments out ! shell escape lines
Check Backend & AI Engine	Run Backend Tests	2026-07-27T13:28:13.7370447Z   ---
Check Backend & AI Engine	Run Backend Tests	2026-07-27T13:28:13.7370849Z   duration_ms: 0.087975
Check Backend & AI Engine	Run Backend Tests	2026-07-27T13:28:13.7371263Z   ...
Check Backend & AI Engine	Run Backend Tests	2026-07-27T13:28:13.7390962Z # Subtest: notebookParser: stripMagicCommands comments out bare % line magics
Check Backend & AI Engine	Run Backend Tests	2026-07-27T13:28:13.7405352Z ok 558 - notebookParser: stripMagicCommands comments out bare % line magics
Check Backend & AI Engine	Run Backend Tests	2026-07-27T13:28:13.7406268Z   ---
Check Backend & AI Engine	Run Backend Tests	2026-07-27T13:28:13.7406802Z   duration_ms: 0.100642
Check Backend & AI Engine	Run Backend Tests	2026-07-27T13:28:13.7407289Z   ...
Check Backend & AI Engine	Run Backend Tests	2026-07-27T13:28:13.7408169Z # Subtest: notebookParser: stripMagicCommands preserves exact line count mapping
Check Backend & AI Engine	Run Backend Tests	2026-07-27T13:28:13.7409340Z ok 559 - notebookParser: stripMagicCommands preserves exact line count mapping
Check Backend & AI Engine	Run Backend Tests	2026-07-27T13:28:13.7410471Z   ---
Check Backend & AI Engine	Run Backend Tests	2026-07-27T13:28:13.7410987Z   duration_ms: 0.223815
Check Backend & AI Engine	Run Backend Tests	2026-07-27T13:28:13.7411418Z   ...
Check Backend & AI Engine	Run Backend Tests	2026-07-27T13:28:13.7412181Z # Subtest: notebookParser: extractCodeCells returns empty array for invalid notebook
Check Backend & AI Engine	Run Backend Tests	2026-07-27T13:28:13.7413248Z ok 560 - notebookParser: extractCodeCells returns empty array for invalid notebook
Check Backend & AI Engine	Run Backend Tests	2026-07-27T13:28:13.7413925Z   ---
Check Backend & AI Engine	Run Backend Tests	2026-07-27T13:28:13.7414435Z   duration_ms: 1.802958
Check Backend & AI Engine	Run Backend Tests	2026-07-27T13:28:13.7414869Z   ...
Check Backend & AI Engine	Run Backend Tests	2026-07-27T13:28:13.7415596Z # Subtest: notebookParser: extractCodeCells returns empty array when cells is not an array
Check Backend & AI Engine	Run Backend Tests	2026-07-27T13:28:13.7416579Z ok 561 - notebookParser: extractCodeCells returns empty array when cells is not an array
Check Backend & AI Engine	Run Backend Tests	2026-07-27T13:28:13.7417098Z   ---
Check Backend & AI Engine	Run Backend Tests	2026-07-27T13:28:13.7417391Z   duration_ms: 0.218083
Check Backend & AI Engine	Run Backend Tests	2026-07-27T13:28:13.7417683Z   ...
Check Backend & AI Engine	Run Backend Tests	2026-07-27T13:28:13.7418161Z # Subtest: notebookParser: extractCodeCells returns only code cells with non-empty source
Check Backend & AI Engine	Run Backend Tests	2026-07-27T13:28:13.7418831Z ok 562 - notebookParser: extractCodeCells returns only code cells with non-empty source
Check Backend & AI Engine	Run Backend Tests	2026-07-27T13:28:13.7419286Z   ---
Check Backend & AI Engine	Run Backend Tests	2026-07-27T13:28:13.7419558Z   duration_ms: 0.228296
Check Backend & AI Engine	Run Backend Tests	2026-07-27T13:28:13.7419968Z   ...
Check Backend & AI Engine	Run Backend Tests	2026-07-27T13:28:13.7420780Z # Subtest: notebookParser: parseCellsWithMetadata strips magic commands and tracks line counts
Check Backend & AI Engine	Run Backend Tests	2026-07-27T13:28:13.7421551Z ok 563 - notebookParser: parseCellsWithMetadata strips magic commands and tracks line counts
Check Backend & AI Engine	Run Backend Tests	2026-07-27T13:28:13.7421941Z   ---
Check Backend & AI Engine	Run Backend Tests	2026-07-27T13:28:13.7422138Z   duration_ms: 0.302771
Check Backend & AI Engine	Run Backend Tests	2026-07-27T13:28:13.7422354Z   ...
Check Backend & AI Engine	Run Backend Tests	2026-07-27T13:28:13.7422761Z # Subtest: notebookParser: parseCellsWithMetadata skips empty cells after magic stripping
Check Backend & AI Engine	Run Backend Tests	2026-07-27T13:28:13.7423361Z ok 564 - notebookParser: parseCellsWithMetadata skips empty cells after magic stripping
Check Backend & AI Engine	Run Backend Tests	2026-07-27T13:28:13.7423733Z   ---
Check Backend & AI Engine	Run Backend Tests	2026-07-27T13:28:13.7423918Z   duration_ms: 0.145017
Check Backend & AI Engine	Run Backend Tests	2026-07-27T13:28:13.7424132Z   ...
Check Backend & AI Engine	Run Backend Tests	2026-07-27T13:28:13.7424474Z # Subtest: notebookParser: isNotebookFile returns true for .ipynb files
Check Backend & AI Engine	Run Backend Tests	2026-07-27T13:28:13.7424957Z ok 565 - notebookParser: isNotebookFile returns true for .ipynb files
Check Backend & AI Engine	Run Backend Tests	2026-07-27T13:28:13.7425274Z   ---
Check Backend & AI Engine	Run Backend Tests	2026-07-27T13:28:13.7425462Z   duration_ms: 0.108331
Check Backend & AI Engine	Run Backend Tests	2026-07-27T13:28:13.7425677Z   ...
Check Backend & AI Engine	Run Backend Tests	2026-07-27T13:28:13.7426028Z # Subtest: notebookParser: isNotebookFile returns false for non-ipynb files
Check Backend & AI Engine	Run Backend Tests	2026-07-27T13:28:13.7426704Z ok 566 - notebookParser: isNotebookFile returns false for non-ipynb files
Check Backend & AI Engine	Run Backend Tests	2026-07-27T13:28:13.7427039Z   ---
Check Backend & AI Engine	Run Backend Tests	2026-07-27T13:28:13.7427241Z   duration_ms: 0.084449
Check Backend & AI Engine	Run Backend Tests	2026-07-27T13:28:13.7427450Z   ...
Check Backend & AI Engine	Run Backend Tests	2026-07-27T13:28:13.7427832Z # Subtest: notebookParser: formatNotebookFindings adds cellContext to each finding
Check Backend & AI Engine	Run Backend Tests	2026-07-27T13:28:13.7428398Z ok 567 - notebookParser: formatNotebookFindings adds cellContext to each finding
Check Backend & AI Engine	Run Backend Tests	2026-07-27T13:28:13.7428749Z   ---
Check Backend & AI Engine	Run Backend Tests	2026-07-27T13:28:13.7428943Z   duration_ms: 0.132417
Check Backend & AI Engine	Run Backend Tests	2026-07-27T13:28:13.7429156Z   ...
Check Backend & AI Engine	Run Backend Tests	2026-07-27T13:28:13.7429617Z # Subtest: notebookParser: stripMagicCommands removes indented magics but preserves %s format specifiers
Check Backend & AI Engine	Run Backend Tests	2026-07-27T13:28:13.7430492Z ok 568 - notebookParser: stripMagicCommands removes indented magics but preserves %s format specifiers
Check Backend & AI Engine	Run Backend Tests	2026-07-27T13:28:13.7430920Z   ---
Check Backend & AI Engine	Run Backend Tests	2026-07-27T13:28:13.7431108Z   duration_ms: 0.119644
Check Backend & AI Engine	Run Backend Tests	2026-07-27T13:28:13.7431314Z   ...
Check Backend & AI Engine	Run Backend Tests	2026-07-27T13:28:13.8099010Z # Subtest: returns 400 with error when question is missing from body
Check Backend & AI Engine	Run Backend Tests	2026-07-27T13:28:13.8100792Z ok 569 - returns 400 with error when question is missing from body
Check Backend & AI Engine	Run Backend Tests	2026-07-27T13:28:13.8101191Z   ---
Check Backend & AI Engine	Run Backend Tests	2026-07-27T13:28:13.8101603Z   duration_ms: 1.384962
Check Backend & AI Engine	Run Backend Tests	2026-07-27T13:28:13.8101969Z   ...
Check Backend & AI Engine	Run Backend Tests	2026-07-27T13:28:13.8111914Z # Subtest: returns 400 when question is null
Check Backend & AI Engine	Run Backend Tests	2026-07-27T13:28:13.8112428Z ok 570 - returns 400 when question is null
Check Backend & AI Engine	Run Backend Tests	2026-07-27T13:28:13.8112784Z   ---
Check Backend & AI Engine	Run Backend Tests	2026-07-27T13:28:13.8113039Z   duration_ms: 0.173414
Check Backend & AI Engine	Run Backend Tests	2026-07-27T13:28:13.8113323Z   ...
Check Backend & AI Engine	Run Backend Tests	2026-07-27T13:28:13.8113681Z # Subtest: returns 400 when question is undefined
Check Backend & AI Engine	Run Backend Tests	2026-07-27T13:28:13.8114214Z ok 571 - returns 400 when question is undefined
Check Backend & AI Engine	Run Backend Tests	2026-07-27T13:28:13.8114480Z   ---
Check Backend & AI Engine	Run Backend Tests	2026-07-27T13:28:13.8114672Z   duration_ms: 0.134291
Check Backend & AI Engine	Run Backend Tests	2026-07-27T13:28:13.8114881Z   ...
Check Backend & AI Engine	Run Backend Tests	2026-07-27T13:28:13.8115156Z # Subtest: returns 400 when question is empty string
Check Backend & AI Engine	Run Backend Tests	2026-07-27T13:28:13.8115522Z ok 572 - returns 400 when question is empty string
Check Backend & AI Engine	Run Backend Tests	2026-07-27T13:28:13.8115797Z   ---
Check Backend & AI Engine	Run Backend Tests	2026-07-27T13:28:13.8115989Z   duration_ms: 0.110629
Check Backend & AI Engine	Run Backend Tests	2026-07-27T13:28:13.8116196Z   ...
Check Backend & AI Engine	Run Backend Tests	2026-07-27T13:28:13.8117122Z # Subtest: proceeds when question is provided with valid string
Check Backend & AI Engine	Run Backend Tests	2026-07-27T13:28:13.8119186Z ok 573 - proceeds when question is provided with valid string
Check Backend & AI Engine	Run Backend Tests	2026-07-27T13:28:13.8119525Z   ---
Check Backend & AI Engine	Run Backend Tests	2026-07-27T13:28:13.8119771Z   duration_ms: 0.1149
Check Backend & AI Engine	Run Backend Tests	2026-07-27T13:28:13.8120478Z   ...
Check Backend & AI Engine	Run Backend Tests	2026-07-27T13:28:13.8121153Z # Subtest: proceeds when question is a non-empty string (whitespace passes)
Check Backend & AI Engine	Run Backend Tests	2026-07-27T13:28:13.8122796Z ok 574 - proceeds when question is a non-empty string (whitespace passes)
Check Backend & AI Engine	Run Backend Tests	2026-07-27T13:28:13.8123452Z   ---
Check Backend & AI Engine	Run Backend Tests	2026-07-27T13:28:13.8123736Z   duration_ms: 0.088192
Check Backend & AI Engine	Run Backend Tests	2026-07-27T13:28:13.8124025Z   ...
Check Backend & AI Engine	Run Backend Tests	2026-07-27T13:28:13.8128507Z # Subtest: returns 400 when sessionId is missing
Check Backend & AI Engine	Run Backend Tests	2026-07-27T13:28:13.8131632Z ok 575 - returns 400 when sessionId is missing
Check Backend & AI Engine	Run Backend Tests	2026-07-27T13:28:13.8132247Z   ---
Check Backend & AI Engine	Run Backend Tests	2026-07-27T13:28:13.8132682Z   duration_ms: 0.088858
Check Backend & AI Engine	Run Backend Tests	2026-07-27T13:28:13.8133535Z   ...
Check Backend & AI Engine	Run Backend Tests	2026-07-27T13:28:13.8134364Z # Subtest: URL normalization strips trailing slash from AI_ENGINE_URL
Check Backend & AI Engine	Run Backend Tests	2026-07-27T13:28:13.8136341Z ok 576 - URL normalization strips trailing slash from AI_ENGINE_URL
Check Backend & AI Engine	Run Backend Tests	2026-07-27T13:28:13.8137040Z   ---
Check Backend & AI Engine	Run Backend Tests	2026-07-27T13:28:13.8137459Z   duration_ms: 0.159478
Check Backend & AI Engine	Run Backend Tests	2026-07-27T13:28:13.8137929Z   ...
Check Backend & AI Engine	Run Backend Tests	2026-07-27T13:28:13.8154179Z # Subtest: URL normalization handles multiple trailing slashes
Check Backend & AI Engine	Run Backend Tests	2026-07-27T13:28:13.8155178Z ok 577 - URL normalization handles multiple trailing slashes
Check Backend & AI Engine	Run Backend Tests	2026-07-27T13:28:13.8155894Z   ---
Check Backend & AI Engine	Run Backend Tests	2026-07-27T13:28:13.8156319Z   duration_ms: 0.101638
Check Backend & AI Engine	Run Backend Tests	2026-07-27T13:28:13.8156760Z   ...
Check Backend & AI Engine	Run Backend Tests	2026-07-27T13:28:13.8157502Z # Subtest: URL normalization with path in AI_ENGINE_URL duplicates the path segment
Check Backend & AI Engine	Run Backend Tests	2026-07-27T13:28:13.8158455Z ok 578 - URL normalization with path in AI_ENGINE_URL duplicates the path segment
Check Backend & AI Engine	Run Backend Tests	2026-07-27T13:28:13.8159146Z   ---
Check Backend & AI Engine	Run Backend Tests	2026-07-27T13:28:13.8159556Z   duration_ms: 0.115865
Check Backend & AI Engine	Run Backend Tests	2026-07-27T13:28:13.8160219Z   ...
Check Backend & AI Engine	Run Backend Tests	2026-07-27T13:28:13.8161077Z # Subtest: URL normalization preserves default localhost fallback
Check Backend & AI Engine	Run Backend Tests	2026-07-27T13:28:13.8162318Z ok 579 - URL normalization preserves default localhost fallback
Check Backend & AI Engine	Run Backend Tests	2026-07-27T13:28:13.8163091Z   ---
Check Backend & AI Engine	Run Backend Tests	2026-07-27T13:28:13.8163555Z   duration_ms: 0.165457
Check Backend & AI Engine	Run Backend Tests	2026-07-27T13:28:13.8164068Z   ...
Check Backend & AI Engine	Run Backend Tests	2026-07-27T13:28:13.8165110Z # Subtest: question is forwarded to /api/rag/query endpoint path
Check Backend & AI Engine	Run Backend Tests	2026-07-27T13:28:13.8165965Z ok 580 - question is forwarded to /api/rag/query endpoint path
Check Backend & AI Engine	Run Backend Tests	2026-07-27T13:28:13.8166498Z   ---
Check Backend & AI Engine	Run Backend Tests	2026-07-27T13:28:13.8166942Z   duration_ms: 0.103993
Check Backend & AI Engine	Run Backend Tests	2026-07-27T13:28:13.8167273Z   ...
Check Backend & AI Engine	Run Backend Tests	2026-07-27T13:28:13.8169780Z # Subtest: 502 error is thrown when AI engine returns non-ok status
Check Backend & AI Engine	Run Backend Tests	2026-07-27T13:28:13.8181728Z ok 581 - 502 error is thrown when AI engine returns non-ok status
Check Backend & AI Engine	Run Backend Tests	2026-07-27T13:28:13.8182496Z   ---
Check Backend & AI Engine	Run Backend Tests	2026-07-27T13:28:13.8182828Z   duration_ms: 0.135619
Check Backend & AI Engine	Run Backend Tests	2026-07-27T13:28:13.8183191Z   ...
Check Backend & AI Engine	Run Backend Tests	2026-07-27T13:28:13.8183860Z # Subtest: 502 error is thrown when AI engine is unreachable (fetch throws)
Check Backend & AI Engine	Run Backend Tests	2026-07-27T13:28:13.8184553Z ok 582 - 502 error is thrown when AI engine is unreachable (fetch throws)
Check Backend & AI Engine	Run Backend Tests	2026-07-27T13:28:13.8185045Z   ---
Check Backend & AI Engine	Run Backend Tests	2026-07-27T13:28:13.8185286Z   duration_ms: 0.108631
Check Backend & AI Engine	Run Backend Tests	2026-07-27T13:28:13.8185523Z   ...
Check Backend & AI Engine	Run Backend Tests	2026-07-27T13:28:13.8185925Z # Subtest: response structure is correct when AI engine succeeds
Check Backend & AI Engine	Run Backend Tests	2026-07-27T13:28:13.8186576Z ok 583 - response structure is correct when AI engine succeeds
Check Backend & AI Engine	Run Backend Tests	2026-07-27T13:28:13.8187127Z   ---
Check Backend & AI Engine	Run Backend Tests	2026-07-27T13:28:13.8187445Z   duration_ms: 0.511736
Check Backend & AI Engine	Run Backend Tests	2026-07-27T13:28:13.8187823Z   ...
Check Backend & AI Engine	Run Backend Tests	2026-07-27T13:28:13.8801040Z # Subtest: uses req.ip as the rate limit key (direct connection, no proxy)
Check Backend & AI Engine	Run Backend Tests	2026-07-27T13:28:13.8803106Z ok 584 - uses req.ip as the rate limit key (direct connection, no proxy)
Check Backend & AI Engine	Run Backend Tests	2026-07-27T13:28:13.8803621Z   ---
Check Backend & AI Engine	Run Backend Tests	2026-07-27T13:28:13.8803883Z   duration_ms: 1.360852
Check Backend & AI Engine	Run Backend Tests	2026-07-27T13:28:13.8804252Z   ...
Check Backend & AI Engine	Run Backend Tests	2026-07-27T13:28:13.8805041Z # Subtest: uses req.ip as the rate limit key even when X-Forwarded-For header is present
Check Backend & AI Engine	Run Backend Tests	2026-07-27T13:28:13.8806359Z ok 585 - uses req.ip as the rate limit key even when X-Forwarded-For header is present
Check Backend & AI Engine	Run Backend Tests	2026-07-27T13:28:13.8806974Z   ---
Check Backend & AI Engine	Run Backend Tests	2026-07-27T13:28:13.8807177Z   duration_ms: 0.178243
Check Backend & AI Engine	Run Backend Tests	2026-07-27T13:28:13.8807395Z   ...
Check Backend & AI Engine	Run Backend Tests	2026-07-27T13:28:13.8809476Z # Subtest: uses req.ip for IPv6 addresses
Check Backend & AI Engine	Run Backend Tests	2026-07-27T13:28:13.8811813Z ok 586 - uses req.ip for IPv6 addresses
Check Backend & AI Engine	Run Backend Tests	2026-07-27T13:28:13.8812252Z   ---
Check Backend & AI Engine	Run Backend Tests	2026-07-27T13:28:13.8812613Z   duration_ms: 0.895716
Check Backend & AI Engine	Run Backend Tests	2026-07-27T13:28:13.8812945Z   ...
Check Backend & AI Engine	Run Backend Tests	2026-07-27T13:28:13.8814928Z # Subtest: uses req.ip when X-Forwarded-For header is absent
Check Backend & AI Engine	Run Backend Tests	2026-07-27T13:28:13.8816592Z ok 587 - uses req.ip when X-Forwarded-For header is absent
Check Backend & AI Engine	Run Backend Tests	2026-07-27T13:28:13.8817055Z   ---
Check Backend & AI Engine	Run Backend Tests	2026-07-27T13:28:13.8817324Z   duration_ms: 0.131154
Check Backend & AI Engine	Run Backend Tests	2026-07-27T13:28:13.8817605Z   ...
Check Backend & AI Engine	Run Backend Tests	2026-07-27T13:28:13.8820682Z # Subtest: uses req.ip when X-Forwarded-For header is an array (some middleware behaviour)
Check Backend & AI Engine	Run Backend Tests	2026-07-27T13:28:13.8830123Z ok 588 - uses req.ip when X-Forwarded-For header is an array (some middleware behaviour)
Check Backend & AI Engine	Run Backend Tests	2026-07-27T13:28:13.8830616Z   ---
Check Backend & AI Engine	Run Backend Tests	2026-07-27T13:28:13.8830883Z   duration_ms: 0.114543
Check Backend & AI Engine	Run Backend Tests	2026-07-27T13:28:13.8831165Z   ...
Check Backend & AI Engine	Run Backend Tests	2026-07-27T13:28:13.8835252Z # Subtest: security: rate limit key is NOT derived from the raw X-Forwarded-For header
Check Backend & AI Engine	Run Backend Tests	2026-07-27T13:28:13.8837658Z ok 589 - security: rate limit key is NOT derived from the raw X-Forwarded-For header
Check Backend & AI Engine	Run Backend Tests	2026-07-27T13:28:13.8838177Z   ---
Check Backend & AI Engine	Run Backend Tests	2026-07-27T13:28:13.8838484Z   duration_ms: 0.18143
Check Backend & AI Engine	Run Backend Tests	2026-07-27T13:28:13.8838706Z   ...
Check Backend & AI Engine	Run Backend Tests	2026-07-27T13:28:13.9444262Z # Subtest: sanitizeRedisKey returns _empty_ for null input
Check Backend & AI Engine	Run Backend Tests	2026-07-27T13:28:13.9447384Z ok 590 - sanitizeRedisKey returns _empty_ for null input
Check Backend & AI Engine	Run Backend Tests	2026-07-27T13:28:13.9448105Z   ---
Check Backend & AI Engine	Run Backend Tests	2026-07-27T13:28:13.9448535Z   duration_ms: 6.450408
Check Backend & AI Engine	Run Backend Tests	2026-07-27T13:28:13.9448989Z   ...
Check Backend & AI Engine	Run Backend Tests	2026-07-27T13:28:13.9451208Z # Subtest: sanitizeRedisKey returns _empty_ for undefined input
Check Backend & AI Engine	Run Backend Tests	2026-07-27T13:28:13.9453459Z ok 591 - sanitizeRedisKey returns _empty_ for undefined input
Check Backend & AI Engine	Run Backend Tests	2026-07-27T13:28:13.9454353Z   ---
Check Backend & AI Engine	Run Backend Tests	2026-07-27T13:28:13.9454696Z   duration_ms: 0.26286
Check Backend & AI Engine	Run Backend Tests	2026-07-27T13:28:13.9455040Z   ...
Check Backend & AI Engine	Run Backend Tests	2026-07-27T13:28:13.9464774Z # Subtest: sanitizeRedisKey returns _empty_ for empty string
Check Backend & AI Engine	Run Backend Tests	2026-07-27T13:28:13.9465881Z ok 592 - sanitizeRedisKey returns _empty_ for empty string
Check Backend & AI Engine	Run Backend Tests	2026-07-27T13:28:13.9466556Z   ---
Check Backend & AI Engine	Run Backend Tests	2026-07-27T13:28:13.9467015Z   duration_ms: 0.158857
Check Backend & AI Engine	Run Backend Tests	2026-07-27T13:28:13.9467514Z   ...
Check Backend & AI Engine	Run Backend Tests	2026-07-27T13:28:13.9468206Z # Subtest: sanitizeRedisKey removes carriage return and newline
Check Backend & AI Engine	Run Backend Tests	2026-07-27T13:28:13.9469073Z ok 593 - sanitizeRedisKey removes carriage return and newline
Check Backend & AI Engine	Run Backend Tests	2026-07-27T13:28:13.9469694Z   ---
Check Backend & AI Engine	Run Backend Tests	2026-07-27T13:28:13.9470277Z   duration_ms: 0.266639
Check Backend & AI Engine	Run Backend Tests	2026-07-27T13:28:13.9470714Z   ...
Check Backend & AI Engine	Run Backend Tests	2026-07-27T13:28:13.9471241Z # Subtest: sanitizeRedisKey removes null bytes
Check Backend & AI Engine	Run Backend Tests	2026-07-27T13:28:13.9471891Z ok 594 - sanitizeRedisKey removes null bytes
Check Backend & AI Engine	Run Backend Tests	2026-07-27T13:28:13.9472396Z   ---
Check Backend & AI Engine	Run Backend Tests	2026-07-27T13:28:13.9472796Z   duration_ms: 0.188054
Check Backend & AI Engine	Run Backend Tests	2026-07-27T13:28:13.9473218Z   ...
Check Backend & AI Engine	Run Backend Tests	2026-07-27T13:28:13.9479707Z # Subtest: sanitizeRedisKey removes control characters
Check Backend & AI Engine	Run Backend Tests	2026-07-27T13:28:13.9483180Z ok 595 - sanitizeRedisKey removes control characters
Check Backend & AI Engine	Run Backend Tests	2026-07-27T13:28:13.9483822Z   ---
Check Backend & AI Engine	Run Backend Tests	2026-07-27T13:28:13.9484259Z   duration_ms: 0.131566
Check Backend & AI Engine	Run Backend Tests	2026-07-27T13:28:13.9484720Z   ...
Check Backend & AI Engine	Run Backend Tests	2026-07-27T13:28:13.9485374Z # Subtest: sanitizeRedisKey replaces spaces with underscores
Check Backend & AI Engine	Run Backend Tests	2026-07-27T13:28:13.9486295Z ok 596 - sanitizeRedisKey replaces spaces with underscores
Check Backend & AI Engine	Run Backend Tests	2026-07-27T13:28:13.9486909Z   ---
Check Backend & AI Engine	Run Backend Tests	2026-07-27T13:28:13.9487342Z   duration_ms: 0.175621
Check Backend & AI Engine	Run Backend Tests	2026-07-27T13:28:13.9487777Z   ...
Check Backend & AI Engine	Run Backend Tests	2026-07-27T13:28:13.9491636Z # Subtest: sanitizeRedisKey replaces non-word characters except colon dash dot
Check Backend & AI Engine	Run Backend Tests	2026-07-27T13:28:13.9492728Z ok 597 - sanitizeRedisKey replaces non-word characters except colon dash dot
Check Backend & AI Engine	Run Backend Tests	2026-07-27T13:28:13.9493456Z   ---
Check Backend & AI Engine	Run Backend Tests	2026-07-27T13:28:13.9493881Z   duration_ms: 0.127084
Check Backend & AI Engine	Run Backend Tests	2026-07-27T13:28:13.9494294Z   ...
Check Backend & AI Engine	Run Backend Tests	2026-07-27T13:28:13.9494915Z # Subtest: sanitizeRedisKey preserves colons dashes and dots
Check Backend & AI Engine	Run Backend Tests	2026-07-27T13:28:13.9502935Z ok 598 - sanitizeRedisKey preserves colons dashes and dots
Check Backend & AI Engine	Run Backend Tests	2026-07-27T13:28:13.9503702Z   ---
Check Backend & AI Engine	Run Backend Tests	2026-07-27T13:28:13.9504124Z   duration_ms: 0.217908
Check Backend & AI Engine	Run Backend Tests	2026-07-27T13:28:13.9504640Z   ...
Check Backend & AI Engine	Run Backend Tests	2026-07-27T13:28:13.9506259Z # Subtest: sanitizeRedisKey prefixes keys starting with colon
Check Backend & AI Engine	Run Backend Tests	2026-07-27T13:28:13.9525833Z ok 599 - sanitizeRedisKey prefixes keys starting with colon
Check Backend & AI Engine	Run Backend Tests	2026-07-27T13:28:13.9540997Z   ---
Check Backend & AI Engine	Run Backend Tests	2026-07-27T13:28:13.9541758Z   duration_ms: 0.135943
Check Backend & AI Engine	Run Backend Tests	2026-07-27T13:28:13.9542348Z   ...
Check Backend & AI Engine	Run Backend Tests	2026-07-27T13:28:13.9543259Z # Subtest: sanitizeRedisKey prefixes keys starting with dash
Check Backend & AI Engine	Run Backend Tests	2026-07-27T13:28:13.9544171Z ok 600 - sanitizeRedisKey prefixes keys starting with dash
Check Backend & AI Engine	Run Backend Tests	2026-07-27T13:28:13.9544805Z   ---
Check Backend & AI Engine	Run Backend Tests	2026-07-27T13:28:13.9545231Z   duration_ms: 0.120713
Check Backend & AI Engine	Run Backend Tests	2026-07-27T13:28:13.9545675Z   ...
Check Backend & AI Engine	Run Backend Tests	2026-07-27T13:28:13.9546238Z # Subtest: sanitizeRedisKey truncates to maxLength
Check Backend & AI Engine	Run Backend Tests	2026-07-27T13:28:13.9546937Z ok 601 - sanitizeRedisKey truncates to maxLength
Check Backend & AI Engine	Run Backend Tests	2026-07-27T13:28:13.9547491Z   ---
Check Backend & AI Engine	Run Backend Tests	2026-07-27T13:28:13.9547977Z   duration_ms: 0.133362
Check Backend & AI Engine	Run Backend Tests	2026-07-27T13:28:13.9548413Z   ...
Check Backend & AI Engine	Run Backend Tests	2026-07-27T13:28:13.9549153Z # Subtest: sanitizeRedisKey truncates at default 128 when maxLength not provided
Check Backend & AI Engine	Run Backend Tests	2026-07-27T13:28:13.9549775Z ok 602 - sanitizeRedisKey truncates at default 128 when maxLength not provided
Check Backend & AI Engine	Run Backend Tests	2026-07-27T13:28:13.9550340Z   ---
Check Backend & AI Engine	Run Backend Tests	2026-07-27T13:28:13.9550541Z   duration_ms: 0.131113
Check Backend & AI Engine	Run Backend Tests	2026-07-27T13:28:13.9550748Z   ...
Check Backend & AI Engine	Run Backend Tests	2026-07-27T13:28:13.9551119Z # Subtest: sanitizeRedisKey colons are replaced with underscores then prefixed
Check Backend & AI Engine	Run Backend Tests	2026-07-27T13:28:13.9551670Z ok 603 - sanitizeRedisKey colons are replaced with underscores then prefixed
Check Backend & AI Engine	Run Backend Tests	2026-07-27T13:28:13.9552014Z   ---
Check Backend & AI Engine	Run Backend Tests	2026-07-27T13:28:13.9552204Z   duration_ms: 0.127312
Check Backend & AI Engine	Run Backend Tests	2026-07-27T13:28:13.9552414Z   ...
Check Backend & AI Engine	Run Backend Tests	2026-07-27T13:28:14.0828935Z # Subtest: REPO_READER_DEFAULTS contains all expected cap fields
Check Backend & AI Engine	Run Backend Tests	2026-07-27T13:28:14.0829767Z ok 604 - REPO_READER_DEFAULTS contains all expected cap fields
Check Backend & AI Engine	Run Backend Tests	2026-07-27T13:28:14.0830647Z   ---
Check Backend & AI Engine	Run Backend Tests	2026-07-27T13:28:14.0830893Z   duration_ms: 2.019176
Check Backend & AI Engine	Run Backend Tests	2026-07-27T13:28:14.0831194Z   ...
Check Backend & AI Engine	Run Backend Tests	2026-07-27T13:28:14.0834401Z # Subtest: REPO_READER_DEFAULTS.maxFiles is a positive integer
Check Backend & AI Engine	Run Backend Tests	2026-07-27T13:28:14.0835319Z ok 605 - REPO_READER_DEFAULTS.maxFiles is a positive integer
Check Backend & AI Engine	Run Backend Tests	2026-07-27T13:28:14.0835629Z   ---
Check Backend & AI Engine	Run Backend Tests	2026-07-27T13:28:14.0835911Z   duration_ms: 0.151968
Check Backend & AI Engine	Run Backend Tests	2026-07-27T13:28:14.0836210Z   ...
Check Backend & AI Engine	Run Backend Tests	2026-07-27T13:28:14.0844720Z # Subtest: REPO_READER_DEFAULTS.maxDepth is a positive integer
Check Backend & AI Engine	Run Backend Tests	2026-07-27T13:28:14.0845799Z ok 606 - REPO_READER_DEFAULTS.maxDepth is a positive integer
Check Backend & AI Engine	Run Backend Tests	2026-07-27T13:28:14.0846656Z   ---
Check Backend & AI Engine	Run Backend Tests	2026-07-27T13:28:14.0847265Z   duration_ms: 0.105328
Check Backend & AI Engine	Run Backend Tests	2026-07-27T13:28:14.0847751Z   ...
Check Backend & AI Engine	Run Backend Tests	2026-07-27T13:28:14.0848418Z # Subtest: REPO_READER_DEFAULTS.maxBytes is at least 1MB
Check Backend & AI Engine	Run Backend Tests	2026-07-27T13:28:14.0849365Z ok 607 - REPO_READER_DEFAULTS.maxBytes is at least 1MB
Check Backend & AI Engine	Run Backend Tests	2026-07-27T13:28:14.0850165Z   ---
Check Backend & AI Engine	Run Backend Tests	2026-07-27T13:28:14.0850660Z   duration_ms: 0.097135
Check Backend & AI Engine	Run Backend Tests	2026-07-27T13:28:14.0851167Z   ...
Check Backend & AI Engine	Run Backend Tests	2026-07-27T13:28:14.0851969Z # Subtest: readCodeFilesFromLocalDir returns an array with the expected shape
Check Backend & AI Engine	Run Backend Tests	2026-07-27T13:28:14.0852990Z ok 608 - readCodeFilesFromLocalDir returns an array with the expected shape
Check Backend & AI Engine	Run Backend Tests	2026-07-27T13:28:14.0870443Z   ---
Check Backend & AI Engine	Run Backend Tests	2026-07-27T13:28:14.0890676Z   duration_ms: 3.613898
Check Backend & AI Engine	Run Backend Tests	2026-07-27T13:28:14.0891238Z   ...
Check Backend & AI Engine	Run Backend Tests	2026-07-27T13:28:14.0892062Z # Subtest: readCodeFilesFromLocalDir filters to .js, .py, .ts by default
Check Backend & AI Engine	Run Backend Tests	2026-07-27T13:28:14.0893104Z ok 609 - readCodeFilesFromLocalDir filters to .js, .py, .ts by default
Check Backend & AI Engine	Run Backend Tests	2026-07-27T13:28:14.0893709Z   ---
Check Backend & AI Engine	Run Backend Tests	2026-07-27T13:28:14.0894038Z   duration_ms: 0.755619
Check Backend & AI Engine	Run Backend Tests	2026-07-27T13:28:14.0894420Z   ...
Check Backend & AI Engine	Run Backend Tests	2026-07-27T13:28:14.0895120Z # Subtest: readCodeFilesFromLocalDir skips node_modules and .git directories
Check Backend & AI Engine	Run Backend Tests	2026-07-27T13:28:14.0896169Z ok 610 - readCodeFilesFromLocalDir skips node_modules and .git directories
Check Backend & AI Engine	Run Backend Tests	2026-07-27T13:28:14.0896800Z   ---
Check Backend & AI Engine	Run Backend Tests	2026-07-27T13:28:14.0897122Z   duration_ms: 0.714375
Check Backend & AI Engine	Run Backend Tests	2026-07-27T13:28:14.0897507Z   ...
Check Backend & AI Engine	Run Backend Tests	2026-07-27T13:28:14.0898042Z # Subtest: readCodeFilesFromLocalDir honors .reposageignore
Check Backend & AI Engine	Run Backend Tests	2026-07-27T13:28:14.0898834Z ok 611 - readCodeFilesFromLocalDir honors .reposageignore
Check Backend & AI Engine	Run Backend Tests	2026-07-27T13:28:14.0899353Z   ---
Check Backend & AI Engine	Run Backend Tests	2026-07-27T13:28:14.0899656Z   duration_ms: 1.101112
Check Backend & AI Engine	Run Backend Tests	2026-07-27T13:28:14.0900190Z   ...
Check Backend & AI Engine	Run Backend Tests	2026-07-27T13:28:14.0900874Z # Subtest: readCodeFilesFromLocalDir populates language labels from extension
Check Backend & AI Engine	Run Backend Tests	2026-07-27T13:28:14.0901850Z ok 612 - readCodeFilesFromLocalDir populates language labels from extension
Check Backend & AI Engine	Run Backend Tests	2026-07-27T13:28:14.0902514Z   ---
Check Backend & AI Engine	Run Backend Tests	2026-07-27T13:28:14.0902833Z   duration_ms: 0.689125
Check Backend & AI Engine	Run Backend Tests	2026-07-27T13:28:14.0903170Z   ...
Check Backend & AI Engine	Run Backend Tests	2026-07-27T13:28:14.0917042Z # Subtest: readCodeFilesFromLocalDir respects an explicit extensions override
Check Backend & AI Engine	Run Backend Tests	2026-07-27T13:28:14.0918009Z ok 613 - readCodeFilesFromLocalDir respects an explicit extensions override
Check Backend & AI Engine	Run Backend Tests	2026-07-27T13:28:14.0918587Z   ---
Check Backend & AI Engine	Run Backend Tests	2026-07-27T13:28:14.0918880Z   duration_ms: 0.531133
Check Backend & AI Engine	Run Backend Tests	2026-07-27T13:28:14.0919184Z   ...
Check Backend & AI Engine	Run Backend Tests	2026-07-27T13:28:14.0919693Z # Subtest: readCodeFilesFromLocalDir respects the maxFiles cap
Check Backend & AI Engine	Run Backend Tests	2026-07-27T13:28:14.0924453Z ok 614 - readCodeFilesFromLocalDir respects the maxFiles cap
Check Backend & AI Engine	Run Backend Tests	2026-07-27T13:28:14.0924980Z   ---
Check Backend & AI Engine	Run Backend Tests	2026-07-27T13:28:14.0925273Z   duration_ms: 0.386038
Check Backend & AI Engine	Run Backend Tests	2026-07-27T13:28:14.0925586Z   ...
Check Backend & AI Engine	Run Backend Tests	2026-07-27T13:28:14.0926032Z # Subtest: readCodeFilesFromLocalDir respects the maxDepth cap
Check Backend & AI Engine	Run Backend Tests	2026-07-27T13:28:14.0926740Z ok 615 - readCodeFilesFromLocalDir respects the maxDepth cap
Check Backend & AI Engine	Run Backend Tests	2026-07-27T13:28:14.0927207Z   ---
Check Backend & AI Engine	Run Backend Tests	2026-07-27T13:28:14.0927480Z   duration_ms: 0.236502
Check Backend & AI Engine	Run Backend Tests	2026-07-27T13:28:14.0927758Z   ...
Check Backend & AI Engine	Run Backend Tests	2026-07-27T13:28:14.0928277Z # Subtest: readCodeFilesFromLocalDir skips files exceeding maxBytes
Check Backend & AI Engine	Run Backend Tests	2026-07-27T13:28:14.0929035Z ok 616 - readCodeFilesFromLocalDir skips files exceeding maxBytes
Check Backend & AI Engine	Run Backend Tests	2026-07-27T13:28:14.0929521Z   ---
Check Backend & AI Engine	Run Backend Tests	2026-07-27T13:28:14.0929978Z   duration_ms: 0.461507
Check Backend & AI Engine	Run Backend Tests	2026-07-27T13:28:14.0930306Z   ...
Check Backend & AI Engine	Run Backend Tests	2026-07-27T13:28:14.0930918Z # Subtest: readCodeFilesFromLocalDir handles a non-existent directory gracefully
Check Backend & AI Engine	Run Backend Tests	2026-07-27T13:28:14.0931824Z ok 617 - readCodeFilesFromLocalDir handles a non-existent directory gracefully
Check Backend & AI Engine	Run Backend Tests	2026-07-27T13:28:14.0932386Z   ---
Check Backend & AI Engine	Run Backend Tests	2026-07-27T13:28:14.0932665Z   duration_ms: 0.13784
Check Backend & AI Engine	Run Backend Tests	2026-07-27T13:28:14.0932966Z   ...
Check Backend & AI Engine	Run Backend Tests	2026-07-27T13:28:14.0933540Z # Subtest: readCodeFilesFromLocalDir handles extensions without leading dot
Check Backend & AI Engine	Run Backend Tests	2026-07-27T13:28:14.0934661Z ok 618 - readCodeFilesFromLocalDir handles extensions without leading dot
Check Backend & AI Engine	Run Backend Tests	2026-07-27T13:28:14.0935211Z   ---
Check Backend & AI Engine	Run Backend Tests	2026-07-27T13:28:14.0935485Z   duration_ms: 0.836565
Check Backend & AI Engine	Run Backend Tests	2026-07-27T13:28:14.0935795Z   ...
Check Backend & AI Engine	Run Backend Tests	2026-07-27T13:28:14.0936352Z # Subtest: readCodeFilesFromLocalDir extensions option is case-insensitive
Check Backend & AI Engine	Run Backend Tests	2026-07-27T13:28:14.0959195Z ok 619 - readCodeFilesFromLocalDir extensions option is case-insensitive
Check Backend & AI Engine	Run Backend Tests	2026-07-27T13:28:14.0959620Z   ---
Check Backend & AI Engine	Run Backend Tests	2026-07-27T13:28:14.0960021Z   duration_ms: 1.626819
Check Backend & AI Engine	Run Backend Tests	2026-07-27T13:28:14.0960290Z   ...
Check Backend & AI Engine	Run Backend Tests	2026-07-27T13:28:14.0960661Z # Subtest: readCodeFilesFromLocalDir populates correct sizeBytes
Check Backend & AI Engine	Run Backend Tests	2026-07-27T13:28:14.0961150Z ok 620 - readCodeFilesFromLocalDir populates correct sizeBytes
Check Backend & AI Engine	Run Backend Tests	2026-07-27T13:28:14.0961480Z   ---
Check Backend & AI Engine	Run Backend Tests	2026-07-27T13:28:14.0961679Z   duration_ms: 0.890483
Check Backend & AI Engine	Run Backend Tests	2026-07-27T13:28:14.0961900Z   ...
Check Backend & AI Engine	Run Backend Tests	2026-07-27T13:28:14.4345963Z # Subtest: readCodeFilesFromRepo clones a public repo and returns a JSON-serializable array
Check Backend & AI Engine	Run Backend Tests	2026-07-27T13:28:14.4347442Z ok 621 - readCodeFilesFromRepo clones a public repo and returns a JSON-serializable array
Check Backend & AI Engine	Run Backend Tests	2026-07-27T13:28:14.4348198Z   ---
Check Backend & AI Engine	Run Backend Tests	2026-07-27T13:28:14.4348645Z   duration_ms: 363.788192
Check Backend & AI Engine	Run Backend Tests	2026-07-27T13:28:14.4348975Z   ...
Check Backend & AI Engine	Run Backend Tests	2026-07-27T13:28:14.4349574Z # Subtest: readCodeFilesFromRepo rejects malformed URLs with a clear error
Check Backend & AI Engine	Run Backend Tests	2026-07-27T13:28:14.4350677Z ok 622 - readCodeFilesFromRepo rejects malformed URLs with a clear error
Check Backend & AI Engine	Run Backend Tests	2026-07-27T13:28:14.4351260Z   ---
Check Backend & AI Engine	Run Backend Tests	2026-07-27T13:28:14.4351478Z   duration_ms: 0.872822
Check Backend & AI Engine	Run Backend Tests	2026-07-27T13:28:14.4351699Z   ...
Check Backend & AI Engine	Run Backend Tests	2026-07-27T13:28:14.4352113Z # Subtest: readCodeFilesFromRepo cleans up the temp clone even on URL validation failure
Check Backend & AI Engine	Run Backend Tests	2026-07-27T13:28:14.4352700Z ok 623 - readCodeFilesFromRepo cleans up the temp clone even on URL validation failure
Check Backend & AI Engine	Run Backend Tests	2026-07-27T13:28:14.4353082Z   ---
Check Backend & AI Engine	Run Backend Tests	2026-07-27T13:28:14.4353273Z   duration_ms: 0.245271
Check Backend & AI Engine	Run Backend Tests	2026-07-27T13:28:14.4353484Z   ...
Check Backend & AI Engine	Run Backend Tests	2026-07-27T13:28:14.6099077Z # Subtest: REPO_READER_DEFAULTS is exported and is an object
Check Backend & AI Engine	Run Backend Tests	2026-07-27T13:28:14.6111310Z ok 624 - REPO_READER_DEFAULTS is exported and is an object
Check Backend & AI Engine	Run Backend Tests	2026-07-27T13:28:14.6112198Z   ---
Check Backend & AI Engine	Run Backend Tests	2026-07-27T13:28:14.6112794Z   duration_ms: 1.356104
Check Backend & AI Engine	Run Backend Tests	2026-07-27T13:28:14.6113318Z   ...
Check Backend & AI Engine	Run Backend Tests	2026-07-27T13:28:14.6113995Z # Subtest: REPO_READER_DEFAULTS is frozen (Object.freeze)
Check Backend & AI Engine	Run Backend Tests	2026-07-27T13:28:14.6114851Z ok 625 - REPO_READER_DEFAULTS is frozen (Object.freeze)
Check Backend & AI Engine	Run Backend Tests	2026-07-27T13:28:14.6115861Z   ---
Check Backend & AI Engine	Run Backend Tests	2026-07-27T13:28:14.6116317Z   duration_ms: 0.149199
Check Backend & AI Engine	Run Backend Tests	2026-07-27T13:28:14.6116798Z   ...
Check Backend & AI Engine	Run Backend Tests	2026-07-27T13:28:14.6117388Z # Subtest: REPO_READER_DEFAULTS has extensions property
Check Backend & AI Engine	Run Backend Tests	2026-07-27T13:28:14.6118149Z ok 626 - REPO_READER_DEFAULTS has extensions property
Check Backend & AI Engine	Run Backend Tests	2026-07-27T13:28:14.6151804Z   ---
Check Backend & AI Engine	Run Backend Tests	2026-07-27T13:28:14.6158211Z   duration_ms: 0.133202
Check Backend & AI Engine	Run Backend Tests	2026-07-27T13:28:14.6158890Z   ...
Check Backend & AI Engine	Run Backend Tests	2026-07-27T13:28:14.6160180Z # Subtest: REPO_READER_DEFAULTS.extensions contains .js, .py, .ts
Check Backend & AI Engine	Run Backend Tests	2026-07-27T13:28:14.6161117Z ok 627 - REPO_READER_DEFAULTS.extensions contains .js, .py, .ts
Check Backend & AI Engine	Run Backend Tests	2026-07-27T13:28:14.6161696Z   ---
Check Backend & AI Engine	Run Backend Tests	2026-07-27T13:28:14.6162068Z   duration_ms: 0.116919
Check Backend & AI Engine	Run Backend Tests	2026-07-27T13:28:14.6162489Z   ...
Check Backend & AI Engine	Run Backend Tests	2026-07-27T13:28:14.6163350Z # Subtest: REPO_READER_DEFAULTS.extensions does not include non-code extensions by default
Check Backend & AI Engine	Run Backend Tests	2026-07-27T13:28:14.6164502Z ok 628 - REPO_READER_DEFAULTS.extensions does not include non-code extensions by default
Check Backend & AI Engine	Run Backend Tests	2026-07-27T13:28:14.6165205Z   ---
Check Backend & AI Engine	Run Backend Tests	2026-07-27T13:28:14.6165540Z   duration_ms: 0.11304
Check Backend & AI Engine	Run Backend Tests	2026-07-27T13:28:14.6165952Z   ...
Check Backend & AI Engine	Run Backend Tests	2026-07-27T13:28:14.6166421Z # Subtest: REPO_READER_DEFAULTS has maxFiles property
Check Backend & AI Engine	Run Backend Tests	2026-07-27T13:28:14.6167039Z ok 629 - REPO_READER_DEFAULTS has maxFiles property
Check Backend & AI Engine	Run Backend Tests	2026-07-27T13:28:14.6167487Z   ---
Check Backend & AI Engine	Run Backend Tests	2026-07-27T13:28:14.6167781Z   duration_ms: 0.097932
Check Backend & AI Engine	Run Backend Tests	2026-07-27T13:28:14.6168117Z   ...
Check Backend & AI Engine	Run Backend Tests	2026-07-27T13:28:14.6168556Z # Subtest: REPO_READER_DEFAULTS has maxDepth property
Check Backend & AI Engine	Run Backend Tests	2026-07-27T13:28:14.6169178Z ok 630 - REPO_READER_DEFAULTS has maxDepth property
Check Backend & AI Engine	Run Backend Tests	2026-07-27T13:28:14.6169614Z   ---
Check Backend & AI Engine	Run Backend Tests	2026-07-27T13:28:14.6170072Z   duration_ms: 0.095214
Check Backend & AI Engine	Run Backend Tests	2026-07-27T13:28:14.6170419Z   ...
Check Backend & AI Engine	Run Backend Tests	2026-07-27T13:28:14.6170865Z # Subtest: REPO_READER_DEFAULTS has maxBytes property
Check Backend & AI Engine	Run Backend Tests	2026-07-27T13:28:14.6171714Z ok 631 - REPO_READER_DEFAULTS has maxBytes property
Check Backend & AI Engine	Run Backend Tests	2026-07-27T13:28:14.6172158Z   ---
Check Backend & AI Engine	Run Backend Tests	2026-07-27T13:28:14.6172453Z   duration_ms: 0.097301
Check Backend & AI Engine	Run Backend Tests	2026-07-27T13:28:14.6172784Z   ...
Check Backend & AI Engine	Run Backend Tests	2026-07-27T13:28:14.6173263Z # Subtest: REPO_READER_DEFAULTS.maxBytes defaults to 1MB
Check Backend & AI Engine	Run Backend Tests	2026-07-27T13:28:14.6173925Z ok 632 - REPO_READER_DEFAULTS.maxBytes defaults to 1MB
Check Backend & AI Engine	Run Backend Tests	2026-07-27T13:28:14.6174385Z   ---
Check Backend & AI Engine	Run Backend Tests	2026-07-27T13:28:14.6174678Z   duration_ms: 0.080522
Check Backend & AI Engine	Run Backend Tests	2026-07-27T13:28:14.6175008Z   ...
Check Backend & AI Engine	Run Backend Tests	2026-07-27T13:28:14.6175474Z # Subtest: REPO_READER_DEFAULTS.maxFiles defaults to 500
Check Backend & AI Engine	Run Backend Tests	2026-07-27T13:28:14.6176129Z ok 633 - REPO_READER_DEFAULTS.maxFiles defaults to 500
Check Backend & AI Engine	Run Backend Tests	2026-07-27T13:28:14.6176579Z   ---
Check Backend & AI Engine	Run Backend Tests	2026-07-27T13:28:14.6176874Z   duration_ms: 0.078071
Check Backend & AI Engine	Run Backend Tests	2026-07-27T13:28:14.6177200Z   ...
Check Backend & AI Engine	Run Backend Tests	2026-07-27T13:28:14.6177731Z # Subtest: REPO_READER_DEFAULTS.maxDepth defaults to 10
Check Backend & AI Engine	Run Backend Tests	2026-07-27T13:28:14.6178374Z ok 634 - REPO_READER_DEFAULTS.maxDepth defaults to 10
Check Backend & AI Engine	Run Backend Tests	2026-07-27T13:28:14.6178831Z   ---
Check Backend & AI Engine	Run Backend Tests	2026-07-27T13:28:14.6179128Z   duration_ms: 0.090903
Check Backend & AI Engine	Run Backend Tests	2026-07-27T13:28:14.6179431Z   ...
Check Backend & AI Engine	Run Backend Tests	2026-07-27T13:28:14.6190417Z # Subtest: readCodeFilesFromLocalDir assigns language javascript to .js files
Check Backend & AI Engine	Run Backend Tests	2026-07-27T13:28:14.6192751Z ok 635 - readCodeFilesFromLocalDir assigns language javascript to .js files
Check Backend & AI Engine	Run Backend Tests	2026-07-27T13:28:14.6193312Z   ---
Check Backend & AI Engine	Run Backend Tests	2026-07-27T13:28:14.6193615Z   duration_ms: 3.548393
Check Backend & AI Engine	Run Backend Tests	2026-07-27T13:28:14.6193924Z   ...
Check Backend & AI Engine	Run Backend Tests	2026-07-27T13:28:14.6194493Z # Subtest: readCodeFilesFromLocalDir assigns language python to .py files
Check Backend & AI Engine	Run Backend Tests	2026-07-27T13:28:14.6195298Z ok 636 - readCodeFilesFromLocalDir assigns language python to .py files
Check Backend & AI Engine	Run Backend Tests	2026-07-27T13:28:14.6195843Z   ---
Check Backend & AI Engine	Run Backend Tests	2026-07-27T13:28:14.6196120Z   duration_ms: 0.727789
Check Backend & AI Engine	Run Backend Tests	2026-07-27T13:28:14.6196408Z   ...
Check Backend & AI Engine	Run Backend Tests	2026-07-27T13:28:14.6197000Z # Subtest: readCodeFilesFromLocalDir assigns language typescript to .ts files
Check Backend & AI Engine	Run Backend Tests	2026-07-27T13:28:14.6197842Z ok 637 - readCodeFilesFromLocalDir assigns language typescript to .ts files
Check Backend & AI Engine	Run Backend Tests	2026-07-27T13:28:14.6198353Z   ---
Check Backend & AI Engine	Run Backend Tests	2026-07-27T13:28:14.6198632Z   duration_ms: 0.618548
Check Backend & AI Engine	Run Backend Tests	2026-07-27T13:28:14.6198929Z   ...
Check Backend & AI Engine	Run Backend Tests	2026-07-27T13:28:14.6199377Z # Subtest: readCodeFilesFromLocalDir skips .md files by default
Check Backend & AI Engine	Run Backend Tests	2026-07-27T13:28:14.6200293Z ok 638 - readCodeFilesFromLocalDir skips .md files by default
Check Backend & AI Engine	Run Backend Tests	2026-07-27T13:28:14.6200772Z   ---
Check Backend & AI Engine	Run Backend Tests	2026-07-27T13:28:14.6201047Z   duration_ms: 1.006881
Check Backend & AI Engine	Run Backend Tests	2026-07-27T13:28:14.6201580Z   ...
Check Backend & AI Engine	Run Backend Tests	2026-07-27T13:28:14.6202124Z # Subtest: readCodeFilesFromLocalDir allows .md when explicitly requested
Check Backend & AI Engine	Run Backend Tests	2026-07-27T13:28:14.6202932Z ok 639 - readCodeFilesFromLocalDir allows .md when explicitly requested
Check Backend & AI Engine	Run Backend Tests	2026-07-27T13:28:14.6203454Z   ---
Check Backend & AI Engine	Run Backend Tests	2026-07-27T13:28:14.6203715Z   duration_ms: 0.540212
Check Backend & AI Engine	Run Backend Tests	2026-07-27T13:28:14.6203996Z   ...
Check Backend & AI Engine	Run Backend Tests	2026-07-27T13:28:14.6204471Z # Subtest: readCodeFilesFromLocalDir returns language as a string for each entry
Check Backend & AI Engine	Run Backend Tests	2026-07-27T13:28:14.6205033Z ok 640 - readCodeFilesFromLocalDir returns language as a string for each entry
Check Backend & AI Engine	Run Backend Tests	2026-07-27T13:28:14.6205386Z   ---
Check Backend & AI Engine	Run Backend Tests	2026-07-27T13:28:14.6205579Z   duration_ms: 0.604072
Check Backend & AI Engine	Run Backend Tests	2026-07-27T13:28:14.6205798Z   ...
Check Backend & AI Engine	Run Backend Tests	2026-07-27T13:28:14.6206144Z # Subtest: readCodeFilesFromLocalDir applies .reposageignore patterns
Check Backend & AI Engine	Run Backend Tests	2026-07-27T13:28:14.6206639Z ok 641 - readCodeFilesFromLocalDir applies .reposageignore patterns
Check Backend & AI Engine	Run Backend Tests	2026-07-27T13:28:14.6206961Z   ---
Check Backend & AI Engine	Run Backend Tests	2026-07-27T13:28:14.6207151Z   duration_ms: 0.565741
Check Backend & AI Engine	Run Backend Tests	2026-07-27T13:28:14.6207376Z   ...
Check Backend & AI Engine	Run Backend Tests	2026-07-27T13:28:14.6207814Z # Subtest: readCodeFilesFromLocalDir returns empty language for unknown extensions when extended
Check Backend & AI Engine	Run Backend Tests	2026-07-27T13:28:14.6208458Z ok 642 - readCodeFilesFromLocalDir returns empty language for unknown extensions when extended
Check Backend & AI Engine	Run Backend Tests	2026-07-27T13:28:14.6208865Z   ---
Check Backend & AI Engine	Run Backend Tests	2026-07-27T13:28:14.6209055Z   duration_ms: 1.445829
Check Backend & AI Engine	Run Backend Tests	2026-07-27T13:28:14.6209263Z   ...
Check Backend & AI Engine	Run Backend Tests	2026-07-27T13:28:14.6209608Z # Subtest: REPO_READER_DEFAULTS clone is not affected by mutation attempts
Check Backend & AI Engine	Run Backend Tests	2026-07-27T13:28:14.6210378Z ok 643 - REPO_READER_DEFAULTS clone is not affected by mutation attempts
Check Backend & AI Engine	Run Backend Tests	2026-07-27T13:28:14.6210839Z   ---
Check Backend & AI Engine	Run Backend Tests	2026-07-27T13:28:14.6211097Z   duration_ms: 0.151175
Check Backend & AI Engine	Run Backend Tests	2026-07-27T13:28:14.6211508Z   ...
Check Backend & AI Engine	Run Backend Tests	2026-07-27T13:28:14.6211879Z # Subtest: readCodeFilesFromLocalDir returns empty array for empty directory
Check Backend & AI Engine	Run Backend Tests	2026-07-27T13:28:14.6212399Z ok 644 - readCodeFilesFromLocalDir returns empty array for empty directory
Check Backend & AI Engine	Run Backend Tests	2026-07-27T13:28:14.6212733Z   ---
Check Backend & AI Engine	Run Backend Tests	2026-07-27T13:28:14.6212922Z   duration_ms: 1.463068
Check Backend & AI Engine	Run Backend Tests	2026-07-27T13:28:14.6213131Z   ...
Check Backend & AI Engine	Run Backend Tests	2026-07-27T13:28:14.6213571Z # Subtest: readCodeFilesFromLocalDir returns empty array when only unsupported file types exist
Check Backend & AI Engine	Run Backend Tests	2026-07-27T13:28:14.6214209Z ok 645 - readCodeFilesFromLocalDir returns empty array when only unsupported file types exist
Check Backend & AI Engine	Run Backend Tests	2026-07-27T13:28:14.6214599Z   ---
Check Backend & AI Engine	Run Backend Tests	2026-07-27T13:28:14.6214785Z   duration_ms: 1.568236
Check Backend & AI Engine	Run Backend Tests	2026-07-27T13:28:14.6214992Z   ...
Check Backend & AI Engine	Run Backend Tests	2026-07-27T13:28:14.6215433Z # Subtest: readCodeFilesFromLocalDir returns files when extension filter includes unsupported types
Check Backend & AI Engine	Run Backend Tests	2026-07-27T13:28:14.6216182Z ok 646 - readCodeFilesFromLocalDir returns files when extension filter includes unsupported types
Check Backend & AI Engine	Run Backend Tests	2026-07-27T13:28:14.6216597Z   ---
Check Backend & AI Engine	Run Backend Tests	2026-07-27T13:28:14.6216791Z   duration_ms: 0.861161
Check Backend & AI Engine	Run Backend Tests	2026-07-27T13:28:14.6217000Z   ...
Check Backend & AI Engine	Run Backend Tests	2026-07-27T13:28:14.6217404Z # Subtest: REPO_READER_DEFAULTS cloneTimeoutMs is a positive integer in milliseconds
Check Backend & AI Engine	Run Backend Tests	2026-07-27T13:28:14.6217970Z ok 647 - REPO_READER_DEFAULTS cloneTimeoutMs is a positive integer in milliseconds
Check Backend & AI Engine	Run Backend Tests	2026-07-27T13:28:14.6218327Z   ---
Check Backend & AI Engine	Run Backend Tests	2026-07-27T13:28:14.6218523Z   duration_ms: 0.12288
Check Backend & AI Engine	Run Backend Tests	2026-07-27T13:28:14.6218736Z   ...
Check Backend & AI Engine	Run Backend Tests	2026-07-27T13:28:14.7383756Z # Subtest: repoReader module imports successfully with filesystem dependencies available
Check Backend & AI Engine	Run Backend Tests	2026-07-27T13:28:14.7386493Z ok 648 - repoReader module imports successfully with filesystem dependencies available
Check Backend & AI Engine	Run Backend Tests	2026-07-27T13:28:14.7387386Z   ---
Check Backend & AI Engine	Run Backend Tests	2026-07-27T13:28:14.7387819Z   duration_ms: 51.374527
Check Backend & AI Engine	Run Backend Tests	2026-07-27T13:28:14.7388237Z   ...
Check Backend & AI Engine	Run Backend Tests	2026-07-27T13:28:14.8121368Z # Subtest: sanitizeFilename: normal repository names pass through unchanged
Check Backend & AI Engine	Run Backend Tests	2026-07-27T13:28:14.8123070Z ok 649 - sanitizeFilename: normal repository names pass through unchanged
Check Backend & AI Engine	Run Backend Tests	2026-07-27T13:28:14.8123475Z   ---
Check Backend & AI Engine	Run Backend Tests	2026-07-27T13:28:14.8123691Z   duration_ms: 1.639166
Check Backend & AI Engine	Run Backend Tests	2026-07-27T13:28:14.8123915Z   ...
Check Backend & AI Engine	Run Backend Tests	2026-07-27T13:28:14.8126896Z # Subtest: sanitizeFilename: rejects directory traversal with ../ sequences
Check Backend & AI Engine	Run Backend Tests	2026-07-27T13:28:14.8128554Z ok 650 - sanitizeFilename: rejects directory traversal with ../ sequences
Check Backend & AI Engine	Run Backend Tests	2026-07-27T13:28:14.8129170Z   ---
Check Backend & AI Engine	Run Backend Tests	2026-07-27T13:28:14.8129553Z   duration_ms: 0.272712
Check Backend & AI Engine	Run Backend Tests	2026-07-27T13:28:14.8129770Z   ...
Check Backend & AI Engine	Run Backend Tests	2026-07-27T13:28:14.8131808Z # Subtest: sanitizeFilename: rejects directory traversal with ..\\ (Windows-style)
Check Backend & AI Engine	Run Backend Tests	2026-07-27T13:28:14.8133919Z ok 651 - sanitizeFilename: rejects directory traversal with ..\\ (Windows-style)
Check Backend & AI Engine	Run Backend Tests	2026-07-27T13:28:14.8134305Z   ---
Check Backend & AI Engine	Run Backend Tests	2026-07-27T13:28:14.8134508Z   duration_ms: 0.130596
Check Backend & AI Engine	Run Backend Tests	2026-07-27T13:28:14.8134727Z   ...
Check Backend & AI Engine	Run Backend Tests	2026-07-27T13:28:14.8136999Z # Subtest: sanitizeFilename: neutralizes null bytes and encoded variants
Check Backend & AI Engine	Run Backend Tests	2026-07-27T13:28:14.8138136Z ok 652 - sanitizeFilename: neutralizes null bytes and encoded variants
Check Backend & AI Engine	Run Backend Tests	2026-07-27T13:28:14.8138700Z   ---
Check Backend & AI Engine	Run Backend Tests	2026-07-27T13:28:14.8138908Z   duration_ms: 0.135712
Check Backend & AI Engine	Run Backend Tests	2026-07-27T13:28:14.8139134Z   ...
Check Backend & AI Engine	Run Backend Tests	2026-07-27T13:28:14.8152897Z # Subtest: sanitizeFilename: decodes URL-encoded path traversal sequences
Check Backend & AI Engine	Run Backend Tests	2026-07-27T13:28:14.8153905Z ok 653 - sanitizeFilename: decodes URL-encoded path traversal sequences
Check Backend & AI Engine	Run Backend Tests	2026-07-27T13:28:14.8154598Z   ---
Check Backend & AI Engine	Run Backend Tests	2026-07-27T13:28:14.8155022Z   duration_ms: 0.109821
Check Backend & AI Engine	Run Backend Tests	2026-07-27T13:28:14.8155478Z   ...
Check Backend & AI Engine	Run Backend Tests	2026-07-27T13:28:14.8156177Z # Subtest: sanitizeFilename: neutralizes Unicode homoglyph path traversal
Check Backend & AI Engine	Run Backend Tests	2026-07-27T13:28:14.8157144Z ok 654 - sanitizeFilename: neutralizes Unicode homoglyph path traversal
Check Backend & AI Engine	Run Backend Tests	2026-07-27T13:28:14.8157772Z   ---
Check Backend & AI Engine	Run Backend Tests	2026-07-27T13:28:14.8158170Z   duration_ms: 0.187285
Check Backend & AI Engine	Run Backend Tests	2026-07-27T13:28:14.8158599Z   ...
Check Backend & AI Engine	Run Backend Tests	2026-07-27T13:28:14.8159342Z # Subtest: sanitizeFilename: prevents header injection via carriage return and newline
Check Backend & AI Engine	Run Backend Tests	2026-07-27T13:28:14.8160751Z ok 655 - sanitizeFilename: prevents header injection via carriage return and newline
Check Backend & AI Engine	Run Backend Tests	2026-07-27T13:28:14.8161467Z   ---
Check Backend & AI Engine	Run Backend Tests	2026-07-27T13:28:14.8162064Z   duration_ms: 0.13049
Check Backend & AI Engine	Run Backend Tests	2026-07-27T13:28:14.8162487Z   ...
Check Backend & AI Engine	Run Backend Tests	2026-07-27T13:28:14.8163205Z # Subtest: sanitizeFilename: preserves legitimate hyphens and dots in filenames
Check Backend & AI Engine	Run Backend Tests	2026-07-27T13:28:14.8164222Z ok 656 - sanitizeFilename: preserves legitimate hyphens and dots in filenames
Check Backend & AI Engine	Run Backend Tests	2026-07-27T13:28:14.8164899Z   ---
Check Backend & AI Engine	Run Backend Tests	2026-07-27T13:28:14.8165308Z   duration_ms: 0.095606
Check Backend & AI Engine	Run Backend Tests	2026-07-27T13:28:14.8165764Z   ...
Check Backend & AI Engine	Run Backend Tests	2026-07-27T13:28:14.8166407Z # Subtest: sanitizeFilename: handles edge case of empty string
Check Backend & AI Engine	Run Backend Tests	2026-07-27T13:28:14.8167217Z ok 657 - sanitizeFilename: handles edge case of empty string
Check Backend & AI Engine	Run Backend Tests	2026-07-27T13:28:14.8167800Z   ---
Check Backend & AI Engine	Run Backend Tests	2026-07-27T13:28:14.8168191Z   duration_ms: 0.087597
Check Backend & AI Engine	Run Backend Tests	2026-07-27T13:28:14.8168622Z   ...
Check Backend & AI Engine	Run Backend Tests	2026-07-27T13:28:14.8169294Z # Subtest: sanitizeFilename: handles edge case of only special characters
Check Backend & AI Engine	Run Backend Tests	2026-07-27T13:28:14.8170456Z ok 658 - sanitizeFilename: handles edge case of only special characters
Check Backend & AI Engine	Run Backend Tests	2026-07-27T13:28:14.8171226Z   ---
Check Backend & AI Engine	Run Backend Tests	2026-07-27T13:28:14.8171637Z   duration_ms: 0.092835
Check Backend & AI Engine	Run Backend Tests	2026-07-27T13:28:14.8172076Z   ...
Check Backend & AI Engine	Run Backend Tests	2026-07-27T13:28:14.8174223Z # Subtest: sanitizeFilename: handles unicode characters by replacing them with underscores
Check Backend & AI Engine	Run Backend Tests	2026-07-27T13:28:14.8176460Z ok 659 - sanitizeFilename: handles unicode characters by replacing them with underscores
Check Backend & AI Engine	Run Backend Tests	2026-07-27T13:28:14.8177195Z   ---
Check Backend & AI Engine	Run Backend Tests	2026-07-27T13:28:14.8177609Z   duration_ms: 0.099464
Check Backend & AI Engine	Run Backend Tests	2026-07-27T13:28:14.8178044Z   ...
Check Backend & AI Engine	Run Backend Tests	2026-07-27T13:28:14.8183554Z # Subtest: sanitizeFilename: Result when prefixed to a path results in an invalid/safe path
Check Backend & AI Engine	Run Backend Tests	2026-07-27T13:28:14.8185399Z ok 660 - sanitizeFilename: Result when prefixed to a path results in an invalid/safe path
Check Backend & AI Engine	Run Backend Tests	2026-07-27T13:28:14.8186169Z   ---
Check Backend & AI Engine	Run Backend Tests	2026-07-27T13:28:14.8186595Z   duration_ms: 0.098268
Check Backend & AI Engine	Run Backend Tests	2026-07-27T13:28:14.8187022Z   ...
Check Backend & AI Engine	Run Backend Tests	2026-07-27T13:28:14.8192750Z # Subtest: sanitizeFilename: concatenated filenames in Content-Disposition headers are safe
Check Backend & AI Engine	Run Backend Tests	2026-07-27T13:28:14.8194651Z ok 661 - sanitizeFilename: concatenated filenames in Content-Disposition headers are safe
Check Backend & AI Engine	Run Backend Tests	2026-07-27T13:28:14.8195435Z   ---
Check Backend & AI Engine	Run Backend Tests	2026-07-27T13:28:14.8195874Z   duration_ms: 0.133101
Check Backend & AI Engine	Run Backend Tests	2026-07-27T13:28:14.8196320Z   ...
Check Backend & AI Engine	Run Backend Tests	2026-07-27T13:28:14.8925126Z # Failed to write JSON report: EEXIST: file already exists, mkdir '/tmp/test-file-dir-json-1785158894891.txt'
Check Backend & AI Engine	Run Backend Tests	2026-07-27T13:28:14.9072719Z # Failed to write HTML report: EEXIST: file already exists, mkdir '/tmp/test-file-dir-html-1785158894906.txt'
Check Backend & AI Engine	Run Backend Tests	2026-07-27T13:28:14.9110632Z # Subtest: reportGenerator: SCHEMA_VERSION is exported and is a non-empty string
Check Backend & AI Engine	Run Backend Tests	2026-07-27T13:28:14.9122878Z ok 662 - reportGenerator: SCHEMA_VERSION is exported and is a non-empty string
Check Backend & AI Engine	Run Backend Tests	2026-07-27T13:28:14.9123425Z   ---
Check Backend & AI Engine	Run Backend Tests	2026-07-27T13:28:14.9123846Z   duration_ms: 1.380173
Check Backend & AI Engine	Run Backend Tests	2026-07-27T13:28:14.9124269Z   ...
Check Backend & AI Engine	Run Backend Tests	2026-07-27T13:28:14.9125100Z # Subtest: reportGenerator: getReportPath returns correct extension for json format
Check Backend & AI Engine	Run Backend Tests	2026-07-27T13:28:14.9125972Z ok 663 - reportGenerator: getReportPath returns correct extension for json format
Check Backend & AI Engine	Run Backend Tests	2026-07-27T13:28:14.9126398Z   ---
Check Backend & AI Engine	Run Backend Tests	2026-07-27T13:28:14.9126679Z   duration_ms: 0.311256
Check Backend & AI Engine	Run Backend Tests	2026-07-27T13:28:14.9126974Z   ...
Check Backend & AI Engine	Run Backend Tests	2026-07-27T13:28:14.9127596Z # Subtest: reportGenerator: getReportPath returns correct extension for html format
Check Backend & AI Engine	Run Backend Tests	2026-07-27T13:28:14.9128498Z ok 664 - reportGenerator: getReportPath returns correct extension for html format
Check Backend & AI Engine	Run Backend Tests	2026-07-27T13:28:14.9129032Z   ---
Check Backend & AI Engine	Run Backend Tests	2026-07-27T13:28:14.9129436Z   duration_ms: 0.141336
Check Backend & AI Engine	Run Backend Tests	2026-07-27T13:28:14.9129722Z   ...
Check Backend & AI Engine	Run Backend Tests	2026-07-27T13:28:14.9130444Z # Subtest: reportGenerator: getReportPath defaults to json when format is unknown
Check Backend & AI Engine	Run Backend Tests	2026-07-27T13:28:14.9130992Z ok 665 - reportGenerator: getReportPath defaults to json when format is unknown
Check Backend & AI Engine	Run Backend Tests	2026-07-27T13:28:14.9131347Z   ---
Check Backend & AI Engine	Run Backend Tests	2026-07-27T13:28:14.9131540Z   duration_ms: 0.1243
Check Backend & AI Engine	Run Backend Tests	2026-07-27T13:28:14.9131752Z   ...
Check Backend & AI Engine	Run Backend Tests	2026-07-27T13:28:14.9132142Z # Subtest: reportGenerator: generateJSONReport writes valid JSON with correct schema
Check Backend & AI Engine	Run Backend Tests	2026-07-27T13:28:14.9132714Z ok 666 - reportGenerator: generateJSONReport writes valid JSON with correct schema
Check Backend & AI Engine	Run Backend Tests	2026-07-27T13:28:14.9133062Z   ---
Check Backend & AI Engine	Run Backend Tests	2026-07-27T13:28:14.9133250Z   duration_ms: 1.090873
Check Backend & AI Engine	Run Backend Tests	2026-07-27T13:28:14.9133690Z   ...
Check Backend & AI Engine	Run Backend Tests	2026-07-27T13:28:14.9134097Z # Subtest: reportGenerator: generateJSONReport returns success:false when write fails
Check Backend & AI Engine	Run Backend Tests	2026-07-27T13:28:14.9143561Z ok 667 - reportGenerator: generateJSONReport returns success:false when write fails
Check Backend & AI Engine	Run Backend Tests	2026-07-27T13:28:14.9160541Z   ---
Check Backend & AI Engine	Run Backend Tests	2026-07-27T13:28:14.9172404Z   duration_ms: 1.349027
Check Backend & AI Engine	Run Backend Tests	2026-07-27T13:28:14.9173095Z   ...
Check Backend & AI Engine	Run Backend Tests	2026-07-27T13:28:14.9173880Z # Subtest: reportGenerator: generateJSONReport handles null reviewResult gracefully
Check Backend & AI Engine	Run Backend Tests	2026-07-27T13:28:14.9175023Z ok 668 - reportGenerator: generateJSONReport handles null reviewResult gracefully
Check Backend & AI Engine	Run Backend Tests	2026-07-27T13:28:14.9175789Z   ---
Check Backend & AI Engine	Run Backend Tests	2026-07-27T13:28:14.9176260Z   duration_ms: 0.266842
Check Backend & AI Engine	Run Backend Tests	2026-07-27T13:28:14.9176739Z   ...
Check Backend & AI Engine	Run Backend Tests	2026-07-27T13:28:14.9177548Z # Subtest: reportGenerator: generateJSONReport handles fileReviews with no issues
Check Backend & AI Engine	Run Backend Tests	2026-07-27T13:28:14.9178678Z ok 669 - reportGenerator: generateJSONReport handles fileReviews with no issues
Check Backend & AI Engine	Run Backend Tests	2026-07-27T13:28:14.9179391Z   ---
Check Backend & AI Engine	Run Backend Tests	2026-07-27T13:28:14.9179952Z   duration_ms: 0.269436
Check Backend & AI Engine	Run Backend Tests	2026-07-27T13:28:14.9180410Z   ...
Check Backend & AI Engine	Run Backend Tests	2026-07-27T13:28:14.9181113Z # Subtest: reportGenerator: generateHTMLReport writes valid HTML with finding rows
Check Backend & AI Engine	Run Backend Tests	2026-07-27T13:28:14.9182068Z ok 670 - reportGenerator: generateHTMLReport writes valid HTML with finding rows
Check Backend & AI Engine	Run Backend Tests	2026-07-27T13:28:14.9182717Z   ---
Check Backend & AI Engine	Run Backend Tests	2026-07-27T13:28:14.9183105Z   duration_ms: 13.120412
Check Backend & AI Engine	Run Backend Tests	2026-07-27T13:28:14.9183535Z   ...
Check Backend & AI Engine	Run Backend Tests	2026-07-27T13:28:14.9184450Z # Subtest: reportGenerator: generateHTMLReport handles custom or unknown severities in sorting without throwing
Check Backend & AI Engine	Run Backend Tests	2026-07-27T13:28:14.9185760Z ok 671 - reportGenerator: generateHTMLReport handles custom or unknown severities in sorting without throwing
Check Backend & AI Engine	Run Backend Tests	2026-07-27T13:28:14.9186549Z   ---
Check Backend & AI Engine	Run Backend Tests	2026-07-27T13:28:14.9186948Z   duration_ms: 0.384522
Check Backend & AI Engine	Run Backend Tests	2026-07-27T13:28:14.9187371Z   ...
Check Backend & AI Engine	Run Backend Tests	2026-07-27T13:28:14.9188085Z # Subtest: reportGenerator: generateHTMLReport returns success:false when write fails
Check Backend & AI Engine	Run Backend Tests	2026-07-27T13:28:14.9189109Z ok 672 - reportGenerator: generateHTMLReport returns success:false when write fails
Check Backend & AI Engine	Run Backend Tests	2026-07-27T13:28:14.9189779Z   ---
Check Backend & AI Engine	Run Backend Tests	2026-07-27T13:28:14.9190325Z   duration_ms: 0.408799
Check Backend & AI Engine	Run Backend Tests	2026-07-27T13:28:14.9190741Z   ...
Check Backend & AI Engine	Run Backend Tests	2026-07-27T13:28:14.9191495Z # Subtest: reportGenerator: generateHTMLReport handles empty reviewResult with no findings
Check Backend & AI Engine	Run Backend Tests	2026-07-27T13:28:14.9192621Z ok 673 - reportGenerator: generateHTMLReport handles empty reviewResult with no findings
Check Backend & AI Engine	Run Backend Tests	2026-07-27T13:28:14.9193555Z   ---
Check Backend & AI Engine	Run Backend Tests	2026-07-27T13:28:14.9193930Z   duration_ms: 0.338744
Check Backend & AI Engine	Run Backend Tests	2026-07-27T13:28:14.9194347Z   ...
Check Backend & AI Engine	Run Backend Tests	2026-07-27T13:28:14.9195059Z # Subtest: reportGenerator: supports both rule and rule_id properties in input findings
Check Backend & AI Engine	Run Backend Tests	2026-07-27T13:28:14.9196036Z ok 674 - reportGenerator: supports both rule and rule_id properties in input findings
Check Backend & AI Engine	Run Backend Tests	2026-07-27T13:28:14.9196713Z   ---
Check Backend & AI Engine	Run Backend Tests	2026-07-27T13:28:14.9197080Z   duration_ms: 0.470266
Check Backend & AI Engine	Run Backend Tests	2026-07-27T13:28:14.9197496Z   ...
Check Backend & AI Engine	Run Backend Tests	2026-07-27T13:28:15.0050875Z # Subtest: missing repoName returns 400
Check Backend & AI Engine	Run Backend Tests	2026-07-27T13:28:15.0052091Z ok 675 - missing repoName returns 400
Check Backend & AI Engine	Run Backend Tests	2026-07-27T13:28:15.0053034Z   ---
Check Backend & AI Engine	Run Backend Tests	2026-07-27T13:28:15.0053620Z   duration_ms: 14.254355
Check Backend & AI Engine	Run Backend Tests	2026-07-27T13:28:15.0054258Z   ...
Check Backend & AI Engine	Run Backend Tests	2026-07-27T13:28:15.0054901Z # Subtest: missing analysis returns 400
Check Backend & AI Engine	Run Backend Tests	2026-07-27T13:28:15.0055724Z ok 676 - missing analysis returns 400
Check Backend & AI Engine	Run Backend Tests	2026-07-27T13:28:15.0056274Z   ---
Check Backend & AI Engine	Run Backend Tests	2026-07-27T13:28:15.0056596Z   duration_ms: 0.255281
Check Backend & AI Engine	Run Backend Tests	2026-07-27T13:28:15.0057017Z   ...
Check Backend & AI Engine	Run Backend Tests	2026-07-27T13:28:15.0057835Z # Subtest: empty fileReviews renders the no-issues row
Check Backend & AI Engine	Run Backend Tests	2026-07-27T13:28:15.0058548Z ok 677 - empty fileReviews renders the no-issues row
Check Backend & AI Engine	Run Backend Tests	2026-07-27T13:28:15.0058947Z   ---
Check Backend & AI Engine	Run Backend Tests	2026-07-27T13:28:15.0059268Z   duration_ms: 0.174644
Check Backend & AI Engine	Run Backend Tests	2026-07-27T13:28:15.0059494Z   ...
Check Backend & AI Engine	Run Backend Tests	2026-07-27T13:28:15.0062801Z # Subtest: file with bug findings renders bug badge and details
Check Backend & AI Engine	Run Backend Tests	2026-07-27T13:28:15.0064744Z ok 678 - file with bug findings renders bug badge and details
Check Backend & AI Engine	Run Backend Tests	2026-07-27T13:28:15.0065193Z   ---
Check Backend & AI Engine	Run Backend Tests	2026-07-27T13:28:15.0065515Z   duration_ms: 0.289927
Check Backend & AI Engine	Run Backend Tests	2026-07-27T13:28:15.0065733Z   ...
Check Backend & AI Engine	Run Backend Tests	2026-07-27T13:28:15.0066877Z # Subtest: file with security findings renders security badge
Check Backend & AI Engine	Run Backend Tests	2026-07-27T13:28:15.0068278Z ok 679 - file with security findings renders security badge
Check Backend & AI Engine	Run Backend Tests	2026-07-27T13:28:15.0068702Z   ---
Check Backend & AI Engine	Run Backend Tests	2026-07-27T13:28:15.0068983Z   duration_ms: 0.169392
Check Backend & AI Engine	Run Backend Tests	2026-07-27T13:28:15.0069207Z   ...
Check Backend & AI Engine	Run Backend Tests	2026-07-27T13:28:15.0072482Z # Subtest: file with optimization findings renders optimization badge
Check Backend & AI Engine	Run Backend Tests	2026-07-27T13:28:15.0082316Z ok 680 - file with optimization findings renders optimization badge
Check Backend & AI Engine	Run Backend Tests	2026-07-27T13:28:15.0083069Z   ---
Check Backend & AI Engine	Run Backend Tests	2026-07-27T13:28:15.0083508Z   duration_ms: 0.14467
Check Backend & AI Engine	Run Backend Tests	2026-07-27T13:28:15.0083919Z   ...
Check Backend & AI Engine	Run Backend Tests	2026-07-27T13:28:15.0084494Z # Subtest: file with styling findings renders styling badge
Check Backend & AI Engine	Run Backend Tests	2026-07-27T13:28:15.0085293Z ok 681 - file with styling findings renders styling badge
Check Backend & AI Engine	Run Backend Tests	2026-07-27T13:28:15.0085879Z   ---
Check Backend & AI Engine	Run Backend Tests	2026-07-27T13:28:15.0086285Z   duration_ms: 0.134468
Check Backend & AI Engine	Run Backend Tests	2026-07-27T13:28:15.0086653Z   ...
Check Backend & AI Engine	Run Backend Tests	2026-07-27T13:28:15.0087242Z # Subtest: all four finding types for same file render correctly
Check Backend & AI Engine	Run Backend Tests	2026-07-27T13:28:15.0088051Z ok 682 - all four finding types for same file render correctly
Check Backend & AI Engine	Run Backend Tests	2026-07-27T13:28:15.0088618Z   ---
Check Backend & AI Engine	Run Backend Tests	2026-07-27T13:28:15.0088960Z   duration_ms: 0.148888
Check Backend & AI Engine	Run Backend Tests	2026-07-27T13:28:15.0089339Z   ...
Check Backend & AI Engine	Run Backend Tests	2026-07-27T13:28:15.0100937Z # Subtest: XSS content is escaped via escapeHtml
Check Backend & AI Engine	Run Backend Tests	2026-07-27T13:28:15.0101943Z ok 683 - XSS content is escaped via escapeHtml
Check Backend & AI Engine	Run Backend Tests	2026-07-27T13:28:15.0102811Z   ---
Check Backend & AI Engine	Run Backend Tests	2026-07-27T13:28:15.0103185Z   duration_ms: 1.087863
Check Backend & AI Engine	Run Backend Tests	2026-07-27T13:28:15.0103609Z   ...
Check Backend & AI Engine	Run Backend Tests	2026-07-27T13:28:15.0104194Z # Subtest: repoName is placed in the title and meta section
Check Backend & AI Engine	Run Backend Tests	2026-07-27T13:28:15.0104938Z ok 684 - repoName is placed in the title and meta section
Check Backend & AI Engine	Run Backend Tests	2026-07-27T13:28:15.0105456Z   ---
Check Backend & AI Engine	Run Backend Tests	2026-07-27T13:28:15.0105821Z   duration_ms: 0.170369
Check Backend & AI Engine	Run Backend Tests	2026-07-27T13:28:15.0106217Z   ...
Check Backend & AI Engine	Run Backend Tests	2026-07-27T13:28:15.0116902Z # Subtest: html output includes doctype, html, head, body tags
Check Backend & AI Engine	Run Backend Tests	2026-07-27T13:28:15.0119393Z ok 685 - html output includes doctype, html, head, body tags
Check Backend & AI Engine	Run Backend Tests	2026-07-27T13:28:15.0120013Z   ---
Check Backend & AI Engine	Run Backend Tests	2026-07-27T13:28:15.0120340Z   duration_ms: 0.140695
Check Backend & AI Engine	Run Backend Tests	2026-07-27T13:28:15.0120683Z   ...
Check Backend & AI Engine	Run Backend Tests	2026-07-27T13:28:15.0122459Z # Subtest: repoName appears in page meta section
Check Backend & AI Engine	Run Backend Tests	2026-07-27T13:28:15.0123719Z ok 686 - repoName appears in page meta section
Check Backend & AI Engine	Run Backend Tests	2026-07-27T13:28:15.0124292Z   ---
Check Backend & AI Engine	Run Backend Tests	2026-07-27T13:28:15.0124702Z   duration_ms: 0.15077
Check Backend & AI Engine	Run Backend Tests	2026-07-27T13:28:15.0125235Z   ...
Check Backend & AI Engine	Run Backend Tests	2026-07-27T13:28:15.0127393Z # Subtest: multiple files each render correctly
Check Backend & AI Engine	Run Backend Tests	2026-07-27T13:28:15.0128373Z ok 687 - multiple files each render correctly
Check Backend & AI Engine	Run Backend Tests	2026-07-27T13:28:15.0129115Z   ---
Check Backend & AI Engine	Run Backend Tests	2026-07-27T13:28:15.0129520Z   duration_ms: 0.142867
Check Backend & AI Engine	Run Backend Tests	2026-07-27T13:28:15.0130096Z   ...
Check Backend & AI Engine	Run Backend Tests	2026-07-27T13:28:15.0755061Z # Subtest: returns 400 when repoName is missing from body
Check Backend & AI Engine	Run Backend Tests	2026-07-27T13:28:15.0755853Z ok 688 - returns 400 when repoName is missing from body
Check Backend & AI Engine	Run Backend Tests	2026-07-27T13:28:15.0756388Z   ---
Check Backend & AI Engine	Run Backend Tests	2026-07-27T13:28:15.0756737Z   duration_ms: 2.300282
Check Backend & AI Engine	Run Backend Tests	2026-07-27T13:28:15.0757118Z   ...
Check Backend & AI Engine	Run Backend Tests	2026-07-27T13:28:15.0760632Z # Subtest: returns 400 when analysis is missing from body
Check Backend & AI Engine	Run Backend Tests	2026-07-27T13:28:15.0761414Z ok 689 - returns 400 when analysis is missing from body
Check Backend & AI Engine	Run Backend Tests	2026-07-27T13:28:15.0761950Z   ---
Check Backend & AI Engine	Run Backend Tests	2026-07-27T13:28:15.0762185Z   duration_ms: 0.209719
Check Backend & AI Engine	Run Backend Tests	2026-07-27T13:28:15.0762430Z   ...
Check Backend & AI Engine	Run Backend Tests	2026-07-27T13:28:15.0763902Z # Subtest: returns 400 when repoName is null
Check Backend & AI Engine	Run Backend Tests	2026-07-27T13:28:15.0765908Z ok 690 - returns 400 when repoName is null
Check Backend & AI Engine	Run Backend Tests	2026-07-27T13:28:15.0766424Z   ---
Check Backend & AI Engine	Run Backend Tests	2026-07-27T13:28:15.0766923Z   duration_ms: 0.126832
Check Backend & AI Engine	Run Backend Tests	2026-07-27T13:28:15.0767404Z   ...
Check Backend & AI Engine	Run Backend Tests	2026-07-27T13:28:15.0783203Z # Subtest: returns 400 when repoName is undefined
Check Backend & AI Engine	Run Backend Tests	2026-07-27T13:28:15.0784070Z ok 691 - returns 400 when repoName is undefined
Check Backend & AI Engine	Run Backend Tests	2026-07-27T13:28:15.0784463Z   ---
Check Backend & AI Engine	Run Backend Tests	2026-07-27T13:28:15.0784718Z   duration_ms: 0.115945
Check Backend & AI Engine	Run Backend Tests	2026-07-27T13:28:15.0785002Z   ...
Check Backend & AI Engine	Run Backend Tests	2026-07-27T13:28:15.0785345Z # Subtest: returns 400 when analysis is null
Check Backend & AI Engine	Run Backend Tests	2026-07-27T13:28:15.0785819Z ok 692 - returns 400 when analysis is null
Check Backend & AI Engine	Run Backend Tests	2026-07-27T13:28:15.0786175Z   ---
Check Backend & AI Engine	Run Backend Tests	2026-07-27T13:28:15.0786541Z   duration_ms: 0.105897
Check Backend & AI Engine	Run Backend Tests	2026-07-27T13:28:15.0786771Z   ...
Check Backend & AI Engine	Run Backend Tests	2026-07-27T13:28:15.0787105Z # Subtest: returns 400 when analysis is undefined
Check Backend & AI Engine	Run Backend Tests	2026-07-27T13:28:15.0787774Z ok 693 - returns 400 when analysis is undefined
Check Backend & AI Engine	Run Backend Tests	2026-07-27T13:28:15.0788226Z   ---
Check Backend & AI Engine	Run Backend Tests	2026-07-27T13:28:15.0788423Z   duration_ms: 0.130697
Check Backend & AI Engine	Run Backend Tests	2026-07-27T13:28:15.0788694Z   ...
Check Backend & AI Engine	Run Backend Tests	2026-07-27T13:28:15.0789066Z # Subtest: returns 400 when repoName is empty string
Check Backend & AI Engine	Run Backend Tests	2026-07-27T13:28:15.0789655Z ok 694 - returns 400 when repoName is empty string
Check Backend & AI Engine	Run Backend Tests	2026-07-27T13:28:15.0790178Z   ---
Check Backend & AI Engine	Run Backend Tests	2026-07-27T13:28:15.0790481Z   duration_ms: 0.09244
Check Backend & AI Engine	Run Backend Tests	2026-07-27T13:28:15.0790769Z   ...
Check Backend & AI Engine	Run Backend Tests	2026-07-27T13:28:15.0791245Z # Subtest: returns 400 when analysis is empty object with no fileReviews
Check Backend & AI Engine	Run Backend Tests	2026-07-27T13:28:15.0791975Z ok 695 - returns 400 when analysis is empty object with no fileReviews
Check Backend & AI Engine	Run Backend Tests	2026-07-27T13:28:15.0792441Z   ---
Check Backend & AI Engine	Run Backend Tests	2026-07-27T13:28:15.0792675Z   duration_ms: 0.627377
Check Backend & AI Engine	Run Backend Tests	2026-07-27T13:28:15.0792955Z   ...
Check Backend & AI Engine	Run Backend Tests	2026-07-27T13:28:15.0793411Z # Subtest: returns 400 when both repoName and analysis are missing
Check Backend & AI Engine	Run Backend Tests	2026-07-27T13:28:15.0800871Z ok 696 - returns 400 when both repoName and analysis are missing
Check Backend & AI Engine	Run Backend Tests	2026-07-27T13:28:15.0801598Z   ---
Check Backend & AI Engine	Run Backend Tests	2026-07-27T13:28:15.0801896Z   duration_ms: 0.140707
Check Backend & AI Engine	Run Backend Tests	2026-07-27T13:28:15.0802213Z   ...
Check Backend & AI Engine	Run Backend Tests	2026-07-27T13:28:15.0802620Z # Subtest: proceeds when both repoName and analysis are provided
Check Backend & AI Engine	Run Backend Tests	2026-07-27T13:28:15.0803139Z ok 697 - proceeds when both repoName and analysis are provided
Check Backend & AI Engine	Run Backend Tests	2026-07-27T13:28:15.0803517Z   ---
Check Backend & AI Engine	Run Backend Tests	2026-07-27T13:28:15.0803794Z   duration_ms: 0.117381
Check Backend & AI Engine	Run Backend Tests	2026-07-27T13:28:15.0804077Z   ...
Check Backend & AI Engine	Run Backend Tests	2026-07-27T13:28:15.0820982Z # Subtest: proceeds with analysis containing all finding categories
Check Backend & AI Engine	Run Backend Tests	2026-07-27T13:28:15.0824098Z ok 698 - proceeds with analysis containing all finding categories
Check Backend & AI Engine	Run Backend Tests	2026-07-27T13:28:15.0824862Z   ---
Check Backend & AI Engine	Run Backend Tests	2026-07-27T13:28:15.0825280Z   duration_ms: 0.127199
Check Backend & AI Engine	Run Backend Tests	2026-07-27T13:28:15.0825740Z   ...
Check Backend & AI Engine	Run Backend Tests	2026-07-27T13:28:15.0826396Z # Subtest: proceeds with empty analysis object (clean report)
Check Backend & AI Engine	Run Backend Tests	2026-07-27T13:28:15.0827411Z ok 699 - proceeds with empty analysis object (clean report)
Check Backend & AI Engine	Run Backend Tests	2026-07-27T13:28:15.0828012Z   ---
Check Backend & AI Engine	Run Backend Tests	2026-07-27T13:28:15.0828618Z   duration_ms: 0.089208
Check Backend & AI Engine	Run Backend Tests	2026-07-27T13:28:15.0829082Z   ...
Check Backend & AI Engine	Run Backend Tests	2026-07-27T13:28:15.1584399Z # Subtest: loadIgnorePatterns returns empty array when no .reposageignore file exists
Check Backend & AI Engine	Run Backend Tests	2026-07-27T13:28:15.1586023Z ok 700 - loadIgnorePatterns returns empty array when no .reposageignore file exists
Check Backend & AI Engine	Run Backend Tests	2026-07-27T13:28:15.1586601Z   ---
Check Backend & AI Engine	Run Backend Tests	2026-07-27T13:28:15.1587038Z   duration_ms: 1.923192
Check Backend & AI Engine	Run Backend Tests	2026-07-27T13:28:15.1587512Z   ...
Check Backend & AI Engine	Run Backend Tests	2026-07-27T13:28:15.1622294Z # Subtest: loadIgnorePatterns strips comment lines and blank lines
Check Backend & AI Engine	Run Backend Tests	2026-07-27T13:28:15.1623880Z ok 701 - loadIgnorePatterns strips comment lines and blank lines
Check Backend & AI Engine	Run Backend Tests	2026-07-27T13:28:15.1624544Z   ---
Check Backend & AI Engine	Run Backend Tests	2026-07-27T13:28:15.1625312Z   duration_ms: 6.423072
Check Backend & AI Engine	Run Backend Tests	2026-07-27T13:28:15.1625714Z   ...
Check Backend & AI Engine	Run Backend Tests	2026-07-27T13:28:15.1641681Z # Subtest: loadIgnorePatterns trims whitespace
Check Backend & AI Engine	Run Backend Tests	2026-07-27T13:28:15.1652640Z ok 702 - loadIgnorePatterns trims whitespace
Check Backend & AI Engine	Run Backend Tests	2026-07-27T13:28:15.1652968Z   ---
Check Backend & AI Engine	Run Backend Tests	2026-07-27T13:28:15.1653338Z   duration_ms: 1.765577
Check Backend & AI Engine	Run Backend Tests	2026-07-27T13:28:15.1653636Z   ...
Check Backend & AI Engine	Run Backend Tests	2026-07-27T13:28:15.1654102Z # Subtest: isIgnored returns false for empty or invalid patterns
Check Backend & AI Engine	Run Backend Tests	2026-07-27T13:28:15.1654904Z ok 703 - isIgnored returns false for empty or invalid patterns
Check Backend & AI Engine	Run Backend Tests	2026-07-27T13:28:15.1655239Z   ---
Check Backend & AI Engine	Run Backend Tests	2026-07-27T13:28:15.1655440Z   duration_ms: 0.293242
Check Backend & AI Engine	Run Backend Tests	2026-07-27T13:28:15.1655661Z   ...
Check Backend & AI Engine	Run Backend Tests	2026-07-27T13:28:15.1693378Z # Subtest: isIgnored matches trailing-slash directory patterns
Check Backend & AI Engine	Run Backend Tests	2026-07-27T13:28:15.1695788Z ok 704 - isIgnored matches trailing-slash directory patterns
Check Backend & AI Engine	Run Backend Tests	2026-07-27T13:28:15.1696590Z   ---
Check Backend & AI Engine	Run Backend Tests	2026-07-27T13:28:15.1697062Z   duration_ms: 5.005983
Check Backend & AI Engine	Run Backend Tests	2026-07-27T13:28:15.1697564Z   ...
Check Backend & AI Engine	Run Backend Tests	2026-07-27T13:28:15.1707318Z # Subtest: isIgnored matches glob extension patterns
Check Backend & AI Engine	Run Backend Tests	2026-07-27T13:28:15.1708161Z ok 705 - isIgnored matches glob extension patterns
Check Backend & AI Engine	Run Backend Tests	2026-07-27T13:28:15.1708747Z   ---
Check Backend & AI Engine	Run Backend Tests	2026-07-27T13:28:15.1709175Z   duration_ms: 1.386326
Check Backend & AI Engine	Run Backend Tests	2026-07-27T13:28:15.1709641Z   ...
Check Backend & AI Engine	Run Backend Tests	2026-07-27T13:28:15.1721062Z # Subtest: isIgnored matches double-star glob patterns
Check Backend & AI Engine	Run Backend Tests	2026-07-27T13:28:15.1728838Z ok 706 - isIgnored matches double-star glob patterns
Check Backend & AI Engine	Run Backend Tests	2026-07-27T13:28:15.1729456Z   ---
Check Backend & AI Engine	Run Backend Tests	2026-07-27T13:28:15.1730195Z   duration_ms: 1.3147
Check Backend & AI Engine	Run Backend Tests	2026-07-27T13:28:15.1730807Z   ...
Check Backend & AI Engine	Run Backend Tests	2026-07-27T13:28:15.1758579Z # Subtest: isIgnored matches literal path patterns
Check Backend & AI Engine	Run Backend Tests	2026-07-27T13:28:15.1761154Z ok 707 - isIgnored matches literal path patterns
Check Backend & AI Engine	Run Backend Tests	2026-07-27T13:28:15.1761741Z   ---
Check Backend & AI Engine	Run Backend Tests	2026-07-27T13:28:15.1762257Z   duration_ms: 3.652695
Check Backend & AI Engine	Run Backend Tests	2026-07-27T13:28:15.1762774Z   ...
Check Backend & AI Engine	Run Backend Tests	2026-07-27T13:28:15.1779534Z # Subtest: isIgnored matches single-asterisk wildcard patterns
Check Backend & AI Engine	Run Backend Tests	2026-07-27T13:28:15.1780589Z ok 708 - isIgnored matches single-asterisk wildcard patterns
Check Backend & AI Engine	Run Backend Tests	2026-07-27T13:28:15.1781112Z   ---
Check Backend & AI Engine	Run Backend Tests	2026-07-27T13:28:15.1781440Z   duration_ms: 1.800301
Check Backend & AI Engine	Run Backend Tests	2026-07-27T13:28:15.1781775Z   ...
Check Backend & AI Engine	Run Backend Tests	2026-07-27T13:28:15.1793116Z # Subtest: isIgnored returns false for non-matching paths
Check Backend & AI Engine	Run Backend Tests	2026-07-27T13:28:15.1802614Z ok 709 - isIgnored returns false for non-matching paths
Check Backend & AI Engine	Run Backend Tests	2026-07-27T13:28:15.1803096Z   ---
Check Backend & AI Engine	Run Backend Tests	2026-07-27T13:28:15.1803464Z   duration_ms: 1.511378
Check Backend & AI Engine	Run Backend Tests	2026-07-27T13:28:15.1803690Z   ...
Check Backend & AI Engine	Run Backend Tests	2026-07-27T13:28:15.1824842Z # Subtest: isIgnored handles mixed patterns from a single ignore file
Check Backend & AI Engine	Run Backend Tests	2026-07-27T13:28:15.1827170Z ok 710 - isIgnored handles mixed patterns from a single ignore file
Check Backend & AI Engine	Run Backend Tests	2026-07-27T13:28:15.1827958Z   ---
Check Backend & AI Engine	Run Backend Tests	2026-07-27T13:28:15.1828418Z   duration_ms: 3.163505
Check Backend & AI Engine	Run Backend Tests	2026-07-27T13:28:15.1828877Z   ...
Check Backend & AI Engine	Run Backend Tests	2026-07-27T13:28:15.1839118Z # Subtest: isIgnored normalizes backslashes to forward slashes
Check Backend & AI Engine	Run Backend Tests	2026-07-27T13:28:15.1840515Z ok 711 - isIgnored normalizes backslashes to forward slashes
Check Backend & AI Engine	Run Backend Tests	2026-07-27T13:28:15.1841284Z   ---
Check Backend & AI Engine	Run Backend Tests	2026-07-27T13:28:15.1841766Z   duration_ms: 1.312387
Check Backend & AI Engine	Run Backend Tests	2026-07-27T13:28:15.1842372Z   ...
Check Backend & AI Engine	Run Backend Tests	2026-07-27T13:28:15.1861547Z # Subtest: loadIgnorePatterns and isIgnored work together end-to-end
Check Backend & AI Engine	Run Backend Tests	2026-07-27T13:28:15.1862453Z ok 712 - loadIgnorePatterns and isIgnored work together end-to-end
Check Backend & AI Engine	Run Backend Tests	2026-07-27T13:28:15.1863189Z   ---
Check Backend & AI Engine	Run Backend Tests	2026-07-27T13:28:15.1863653Z   duration_ms: 2.342214
Check Backend & AI Engine	Run Backend Tests	2026-07-27T13:28:15.1863981Z   ...
Check Backend & AI Engine	Run Backend Tests	2026-07-27T13:28:15.2350536Z # Running repositoryAnalyzer tests...
Check Backend & AI Engine	Run Backend Tests	2026-07-27T13:28:15.2359475Z # ✅ All repositoryAnalyzer tests passed!
Check Backend & AI Engine	Run Backend Tests	2026-07-27T13:28:15.2463046Z # Subtest: /home/runner/work/ai-code-reviewer/ai-code-reviewer/backend/tests/repositoryAnalyzer.test.js
Check Backend & AI Engine	Run Backend Tests	2026-07-27T13:28:15.2464273Z ok 59 - /home/runner/work/ai-code-reviewer/ai-code-reviewer/backend/tests/repositoryAnalyzer.test.js
Check Backend & AI Engine	Run Backend Tests	2026-07-27T13:28:15.2464728Z   ---
Check Backend & AI Engine	Run Backend Tests	2026-07-27T13:28:15.2464979Z   duration_ms: 40.876261
Check Backend & AI Engine	Run Backend Tests	2026-07-27T13:28:15.2465236Z   ...
Check Backend & AI Engine	Run Backend Tests	2026-07-27T13:28:15.2927130Z # Subtest: reviewHistoryListHandler returns up to 20 records
Check Backend & AI Engine	Run Backend Tests	2026-07-27T13:28:15.2929245Z ok 714 - reviewHistoryListHandler returns up to 20 records
Check Backend & AI Engine	Run Backend Tests	2026-07-27T13:28:15.2930058Z   ---
Check Backend & AI Engine	Run Backend Tests	2026-07-27T13:28:15.2930452Z   duration_ms: 2.36498
Check Backend & AI Engine	Run Backend Tests	2026-07-27T13:28:15.2930833Z   ...
Check Backend & AI Engine	Run Backend Tests	2026-07-27T13:28:15.2931225Z # Subtest: reviewHistoryListHandler returns empty array when no records exist
Check Backend & AI Engine	Run Backend Tests	2026-07-27T13:28:15.2933549Z ok 715 - reviewHistoryListHandler returns empty array when no records exist
Check Backend & AI Engine	Run Backend Tests	2026-07-27T13:28:15.2934257Z   ---
Check Backend & AI Engine	Run Backend Tests	2026-07-27T13:28:15.2934612Z   duration_ms: 0.667598
Check Backend & AI Engine	Run Backend Tests	2026-07-27T13:28:15.2935009Z   ...
Check Backend & AI Engine	Run Backend Tests	2026-07-27T13:28:15.2938055Z # Subtest: reviewHistoryListHandler throws when find() errors
Check Backend & AI Engine	Run Backend Tests	2026-07-27T13:28:15.2939135Z ok 716 - reviewHistoryListHandler throws when find() errors
Check Backend & AI Engine	Run Backend Tests	2026-07-27T13:28:15.2939607Z   ---
Check Backend & AI Engine	Run Backend Tests	2026-07-27T13:28:15.2939988Z   duration_ms: 0.456789
Check Backend & AI Engine	Run Backend Tests	2026-07-27T13:28:15.2940308Z   ...
Check Backend & AI Engine	Run Backend Tests	2026-07-27T13:28:15.2943373Z # Subtest: reviewHistoryRepoHandler returns records for the specified repo
Check Backend & AI Engine	Run Backend Tests	2026-07-27T13:28:15.2945970Z ok 717 - reviewHistoryRepoHandler returns records for the specified repo
Check Backend & AI Engine	Run Backend Tests	2026-07-27T13:28:15.2946791Z   ---
Check Backend & AI Engine	Run Backend Tests	2026-07-27T13:28:15.2947240Z   duration_ms: 0.199626
Check Backend & AI Engine	Run Backend Tests	2026-07-27T13:28:15.2947721Z   ...
Check Backend & AI Engine	Run Backend Tests	2026-07-27T13:28:15.2948527Z # Subtest: reviewHistoryRepoHandler returns empty array for unknown repo
Check Backend & AI Engine	Run Backend Tests	2026-07-27T13:28:15.2949541Z ok 718 - reviewHistoryRepoHandler returns empty array for unknown repo
Check Backend & AI Engine	Run Backend Tests	2026-07-27T13:28:15.2950391Z   ---
Check Backend & AI Engine	Run Backend Tests	2026-07-27T13:28:15.2950697Z   duration_ms: 0.138428
Check Backend & AI Engine	Run Backend Tests	2026-07-27T13:28:15.2951036Z   ...
Check Backend & AI Engine	Run Backend Tests	2026-07-27T13:28:15.2951579Z # Subtest: reviewHistoryRepoHandler throws when find() errors
Check Backend & AI Engine	Run Backend Tests	2026-07-27T13:28:15.2952562Z ok 719 - reviewHistoryRepoHandler throws when find() errors
Check Backend & AI Engine	Run Backend Tests	2026-07-27T13:28:15.2953282Z   ---
Check Backend & AI Engine	Run Backend Tests	2026-07-27T13:28:15.2953563Z   duration_ms: 0.126371
Check Backend & AI Engine	Run Backend Tests	2026-07-27T13:28:15.2953875Z   ...
Check Backend & AI Engine	Run Backend Tests	2026-07-27T13:28:15.2956184Z # Subtest: reviewHistoryCompareHandler returns previous, current, and computed difference
Check Backend & AI Engine	Run Backend Tests	2026-07-27T13:28:15.2957435Z ok 720 - reviewHistoryCompareHandler returns previous, current, and computed difference
Check Backend & AI Engine	Run Backend Tests	2026-07-27T13:28:15.2958048Z   ---
Check Backend & AI Engine	Run Backend Tests	2026-07-27T13:28:15.2958456Z   duration_ms: 0.297273
Check Backend & AI Engine	Run Backend Tests	2026-07-27T13:28:15.2959001Z   ...
Check Backend & AI Engine	Run Backend Tests	2026-07-27T13:28:15.2963365Z # Subtest: reviewHistoryCompareHandler returns 404 when first review not found
Check Backend & AI Engine	Run Backend Tests	2026-07-27T13:28:15.2983628Z ok 721 - reviewHistoryCompareHandler returns 404 when first review not found
Check Backend & AI Engine	Run Backend Tests	2026-07-27T13:28:15.2984592Z   ---
Check Backend & AI Engine	Run Backend Tests	2026-07-27T13:28:15.2985372Z   duration_ms: 0.25308
Check Backend & AI Engine	Run Backend Tests	2026-07-27T13:28:15.2985933Z   ...
Check Backend & AI Engine	Run Backend Tests	2026-07-27T13:28:15.2986833Z # Subtest: reviewHistoryCompareHandler returns 404 when second review not found
Check Backend & AI Engine	Run Backend Tests	2026-07-27T13:28:15.2988023Z ok 722 - reviewHistoryCompareHandler returns 404 when second review not found
Check Backend & AI Engine	Run Backend Tests	2026-07-27T13:28:15.2988827Z   ---
Check Backend & AI Engine	Run Backend Tests	2026-07-27T13:28:15.2989305Z   duration_ms: 0.174457
Check Backend & AI Engine	Run Backend Tests	2026-07-27T13:28:15.2989935Z   ...
Check Backend & AI Engine	Run Backend Tests	2026-07-27T13:28:15.2990872Z # Subtest: reviewHistoryCompareHandler returns 404 when both reviews not found
Check Backend & AI Engine	Run Backend Tests	2026-07-27T13:28:15.2992451Z ok 723 - reviewHistoryCompareHandler returns 404 when both reviews not found
Check Backend & AI Engine	Run Backend Tests	2026-07-27T13:28:15.2993245Z   ---
Check Backend & AI Engine	Run Backend Tests	2026-07-27T13:28:15.2993712Z   duration_ms: 0.134568
Check Backend & AI Engine	Run Backend Tests	2026-07-27T13:28:15.2994212Z   ...
Check Backend & AI Engine	Run Backend Tests	2026-07-27T13:28:15.2994977Z # Subtest: reviewHistoryCompareHandler throws when findById errors
Check Backend & AI Engine	Run Backend Tests	2026-07-27T13:28:15.2995864Z ok 724 - reviewHistoryCompareHandler throws when findById errors
Check Backend & AI Engine	Run Backend Tests	2026-07-27T13:28:15.2996564Z   ---
Check Backend & AI Engine	Run Backend Tests	2026-07-27T13:28:15.2997114Z   duration_ms: 0.308929
Check Backend & AI Engine	Run Backend Tests	2026-07-27T13:28:15.2997637Z   ...
Check Backend & AI Engine	Run Backend Tests	2026-07-27T13:28:15.2998170Z # Subtest: reviewHistoryCompareHandler computes zero difference when scores are equal
Check Backend & AI Engine	Run Backend Tests	2026-07-27T13:28:15.2998863Z ok 725 - reviewHistoryCompareHandler computes zero difference when scores are equal
Check Backend & AI Engine	Run Backend Tests	2026-07-27T13:28:15.2999341Z   ---
Check Backend & AI Engine	Run Backend Tests	2026-07-27T13:28:15.2999649Z   duration_ms: 0.158121
Check Backend & AI Engine	Run Backend Tests	2026-07-27T13:28:15.3000133Z   ...
Check Backend & AI Engine	Run Backend Tests	2026-07-27T13:28:15.4094027Z # Subtest: ReviewQueue lock separation
Check Backend & AI Engine	Run Backend Tests	2026-07-27T13:28:15.4094981Z     # Subtest: enqueue and runExclusive should not interfere with separate keys
Check Backend & AI Engine	Run Backend Tests	2026-07-27T13:28:15.4096319Z     ok 1 - enqueue and runExclusive should not interfere with separate keys
Check Backend & AI Engine	Run Backend Tests	2026-07-27T13:28:15.4096850Z       ---
Check Backend & AI Engine	Run Backend Tests	2026-07-27T13:28:15.4097154Z       duration_ms: 51.444094
Check Backend & AI Engine	Run Backend Tests	2026-07-27T13:28:15.4097503Z       ...
Check Backend & AI Engine	Run Backend Tests	2026-07-27T13:28:15.4599733Z     # Subtest: enqueue and runExclusive on same key should serialize independently
Check Backend & AI Engine	Run Backend Tests	2026-07-27T13:28:15.4600873Z     ok 2 - enqueue and runExclusive on same key should serialize independently
Check Backend & AI Engine	Run Backend Tests	2026-07-27T13:28:15.4601483Z       ---
Check Backend & AI Engine	Run Backend Tests	2026-07-27T13:28:15.4601890Z       duration_ms: 50.428311
Check Backend & AI Engine	Run Backend Tests	2026-07-27T13:28:15.4602172Z       ...
Check Backend & AI Engine	Run Backend Tests	2026-07-27T13:28:15.4603528Z     # Subtest: _queueLocks and _exclusiveLocks should be separate maps
Check Backend & AI Engine	Run Backend Tests	2026-07-27T13:28:15.4605618Z     ok 3 - _queueLocks and _exclusiveLocks should be separate maps
Check Backend & AI Engine	Run Backend Tests	2026-07-27T13:28:15.4606177Z       ---
Check Backend & AI Engine	Run Backend Tests	2026-07-27T13:28:15.4606698Z       duration_ms: 0.28244
Check Backend & AI Engine	Run Backend Tests	2026-07-27T13:28:15.4607043Z       ...
Check Backend & AI Engine	Run Backend Tests	2026-07-27T13:28:15.4607673Z     1..3
Check Backend & AI Engine	Run Backend Tests	2026-07-27T13:28:15.4609279Z ok 726 - ReviewQueue lock separation
Check Backend & AI Engine	Run Backend Tests	2026-07-27T13:28:15.4609664Z   ---
Check Backend & AI Engine	Run Backend Tests	2026-07-27T13:28:15.4610312Z   duration_ms: 103.415371
Check Backend & AI Engine	Run Backend Tests	2026-07-27T13:28:15.4610644Z   type: 'suite'
Check Backend & AI Engine	Run Backend Tests	2026-07-27T13:28:15.4610925Z   ...
Check Backend & AI Engine	Run Backend Tests	2026-07-27T13:28:15.5255634Z # ReviewQueue: retry 1/3 for "key1" in 1000ms: processor failed
Check Backend & AI Engine	Run Backend Tests	2026-07-27T13:28:15.5287834Z # Subtest: ReviewQueue constructor initializes empty queues and locks
Check Backend & AI Engine	Run Backend Tests	2026-07-27T13:28:15.5289496Z ok 727 - ReviewQueue constructor initializes empty queues and locks
Check Backend & AI Engine	Run Backend Tests	2026-07-27T13:28:15.5290148Z   ---
Check Backend & AI Engine	Run Backend Tests	2026-07-27T13:28:15.5290648Z   duration_ms: 1.980082
Check Backend & AI Engine	Run Backend Tests	2026-07-27T13:28:15.5290925Z   ...
Check Backend & AI Engine	Run Backend Tests	2026-07-27T13:28:15.5292175Z # Subtest: enqueue creates a queue for a new key and stores the item
Check Backend & AI Engine	Run Backend Tests	2026-07-27T13:28:15.5293603Z ok 728 - enqueue creates a queue for a new key and stores the item
Check Backend & AI Engine	Run Backend Tests	2026-07-27T13:28:15.5294101Z   ---
Check Backend & AI Engine	Run Backend Tests	2026-07-27T13:28:15.5294368Z   duration_ms: 1.418221
Check Backend & AI Engine	Run Backend Tests	2026-07-27T13:28:15.5294670Z   ...
Check Backend & AI Engine	Run Backend Tests	2026-07-27T13:28:15.5298770Z # Subtest: enqueue returns a promise that resolves after processing
Check Backend & AI Engine	Run Backend Tests	2026-07-27T13:28:15.5300520Z ok 729 - enqueue returns a promise that resolves after processing
Check Backend & AI Engine	Run Backend Tests	2026-07-27T13:28:15.5300870Z   ---
Check Backend & AI Engine	Run Backend Tests	2026-07-27T13:28:15.5301079Z   duration_ms: 0.349424
Check Backend & AI Engine	Run Backend Tests	2026-07-27T13:28:15.5301307Z   ...
Check Backend & AI Engine	Run Backend Tests	2026-07-27T13:28:15.5306216Z # Subtest: enqueue creates a queue entry for a new key
Check Backend & AI Engine	Run Backend Tests	2026-07-27T13:28:15.5307886Z ok 730 - enqueue creates a queue entry for a new key
Check Backend & AI Engine	Run Backend Tests	2026-07-27T13:28:15.5308558Z   ---
Check Backend & AI Engine	Run Backend Tests	2026-07-27T13:28:15.5308983Z   duration_ms: 0.26029
Check Backend & AI Engine	Run Backend Tests	2026-07-27T13:28:15.5309478Z   ...
Check Backend & AI Engine	Run Backend Tests	2026-07-27T13:28:15.5322656Z # Subtest: items for the same key are processed sequentially
Check Backend & AI Engine	Run Backend Tests	2026-07-27T13:28:15.5323750Z ok 731 - items for the same key are processed sequentially
Check Backend & AI Engine	Run Backend Tests	2026-07-27T13:28:15.5324085Z   ---
Check Backend & AI Engine	Run Backend Tests	2026-07-27T13:28:15.5324303Z   duration_ms: 1.182475
Check Backend & AI Engine	Run Backend Tests	2026-07-27T13:28:15.5324533Z   ...
Check Backend & AI Engine	Run Backend Tests	2026-07-27T13:28:15.5324833Z # Subtest: different keys can be processed independently
Check Backend & AI Engine	Run Backend Tests	2026-07-27T13:28:15.5325296Z ok 732 - different keys can be processed independently
Check Backend & AI Engine	Run Backend Tests	2026-07-27T13:28:15.5325715Z   ---
Check Backend & AI Engine	Run Backend Tests	2026-07-27T13:28:15.5325990Z   duration_ms: 0.375869
Check Backend & AI Engine	Run Backend Tests	2026-07-27T13:28:15.5326609Z   ...
Check Backend & AI Engine	Run Backend Tests	2026-07-27T13:28:15.5330253Z # Subtest: multiple enqueue calls for the same key are processed sequentially
Check Backend & AI Engine	Run Backend Tests	2026-07-27T13:28:15.5331182Z ok 733 - multiple enqueue calls for the same key are processed sequentially
Check Backend & AI Engine	Run Backend Tests	2026-07-27T13:28:15.5331836Z   ---
Check Backend & AI Engine	Run Backend Tests	2026-07-27T13:28:15.5332234Z   duration_ms: 0.325707
Check Backend & AI Engine	Run Backend Tests	2026-07-27T13:28:15.5332660Z   ...
Check Backend & AI Engine	Run Backend Tests	2026-07-27T13:28:15.5344037Z # Subtest: enqueue for different keys processes in parallel
Check Backend & AI Engine	Run Backend Tests	2026-07-27T13:28:15.5345131Z ok 734 - enqueue for different keys processes in parallel
Check Backend & AI Engine	Run Backend Tests	2026-07-27T13:28:15.5345790Z   ---
Check Backend & AI Engine	Run Backend Tests	2026-07-27T13:28:15.5346145Z   duration_ms: 0.26809
Check Backend & AI Engine	Run Backend Tests	2026-07-27T13:28:15.5346512Z   ...
Check Backend & AI Engine	Run Backend Tests	2026-07-27T13:28:15.5346983Z # Subtest: processor errors do not break the queue
Check Backend & AI Engine	Run Backend Tests	2026-07-27T13:28:15.5347533Z ok 735 - processor errors do not break the queue
Check Backend & AI Engine	Run Backend Tests	2026-07-27T13:28:15.5347951Z   ---
Check Backend & AI Engine	Run Backend Tests	2026-07-27T13:28:15.5348459Z   duration_ms: 0.346731
Check Backend & AI Engine	Run Backend Tests	2026-07-27T13:28:15.5348996Z   ...
Check Backend & AI Engine	Run Backend Tests	2026-07-27T13:28:16.5274640Z # ReviewQueue: retry 2/3 for "key1" in 2000ms: processor failed
Check Backend & AI Engine	Run Backend Tests	2026-07-27T13:28:18.5298349Z # ReviewQueue: retry 3/3 for "key1" in 4000ms: processor failed
Check Backend & AI Engine	Run Backend Tests	2026-07-27T13:28:22.5358501Z # ReviewQueue: item permanently failed for "key1" after 4 attempts: Error: processor failed
Check Backend & AI Engine	Run Backend Tests	2026-07-27T13:28:22.5359764Z #     at processor (file:///home/runner/work/ai-code-reviewer/ai-code-reviewer/backend/tests/reviewQueue.test.js:131:31)
Check Backend & AI Engine	Run Backend Tests	2026-07-27T13:28:22.5360805Z #     at file:///home/runner/work/ai-code-reviewer/ai-code-reviewer/backend/utils/reviewQueue.js:92:47
Check Backend & AI Engine	Run Backend Tests	2026-07-27T13:28:22.5361710Z #     at CircuitBreaker.call (file:///home/runner/work/ai-code-reviewer/ai-code-reviewer/backend/utils/circuitBreaker.js:62:42)
Check Backend & AI Engine	Run Backend Tests	2026-07-27T13:28:22.5362603Z #     at file:///home/runner/work/ai-code-reviewer/ai-code-reviewer/backend/utils/reviewQueue.js:92:36
Check Backend & AI Engine	Run Backend Tests	2026-07-27T13:28:22.5379063Z # Subtest: processor error is caught and logged without breaking the queue
Check Backend & AI Engine	Run Backend Tests	2026-07-27T13:28:22.5382376Z ok 736 - processor error is caught and logged without breaking the queue
Check Backend & AI Engine	Run Backend Tests	2026-07-27T13:28:22.5382989Z   ---
Check Backend & AI Engine	Run Backend Tests	2026-07-27T13:28:22.5383211Z   duration_ms: 7011.456498
Check Backend & AI Engine	Run Backend Tests	2026-07-27T13:28:22.5383443Z   ...
Check Backend & AI Engine	Run Backend Tests	2026-07-27T13:28:22.5386153Z # Subtest: _processNext clears queue and locks after draining
Check Backend & AI Engine	Run Backend Tests	2026-07-27T13:28:22.5388864Z ok 737 - _processNext clears queue and locks after draining
Check Backend & AI Engine	Run Backend Tests	2026-07-27T13:28:22.5389462Z   ---
Check Backend & AI Engine	Run Backend Tests	2026-07-27T13:28:22.5389761Z   duration_ms: 0.525803
Check Backend & AI Engine	Run Backend Tests	2026-07-27T13:28:22.5390252Z   ...
Check Backend & AI Engine	Run Backend Tests	2026-07-27T13:28:22.5398181Z # Subtest: enqueue on an already-processing key appends to the queue
Check Backend & AI Engine	Run Backend Tests	2026-07-27T13:28:22.5398882Z ok 738 - enqueue on an already-processing key appends to the queue
Check Backend & AI Engine	Run Backend Tests	2026-07-27T13:28:22.5399322Z   ---
Check Backend & AI Engine	Run Backend Tests	2026-07-27T13:28:22.5399954Z   duration_ms: 0.287997
Check Backend & AI Engine	Run Backend Tests	2026-07-27T13:28:22.5400200Z   ...
Check Backend & AI Engine	Run Backend Tests	2026-07-27T13:28:22.5400493Z # Subtest: enqueue with empty item list does not crash
Check Backend & AI Engine	Run Backend Tests	2026-07-27T13:28:22.5400867Z ok 739 - enqueue with empty item list does not crash
Check Backend & AI Engine	Run Backend Tests	2026-07-27T13:28:22.5401144Z   ---
Check Backend & AI Engine	Run Backend Tests	2026-07-27T13:28:22.5401355Z   duration_ms: 0.253762
Check Backend & AI Engine	Run Backend Tests	2026-07-27T13:28:22.5401572Z   ...
Check Backend & AI Engine	Run Backend Tests	2026-07-27T13:28:22.6387131Z # Subtest: items are processed in FIFO order
Check Backend & AI Engine	Run Backend Tests	2026-07-27T13:28:22.6388476Z ok 740 - items are processed in FIFO order
Check Backend & AI Engine	Run Backend Tests	2026-07-27T13:28:22.6388983Z   ---
Check Backend & AI Engine	Run Backend Tests	2026-07-27T13:28:22.6389457Z   duration_ms: 101.163349
Check Backend & AI Engine	Run Backend Tests	2026-07-27T13:28:22.6390061Z   ...
Check Backend & AI Engine	Run Backend Tests	2026-07-27T13:28:22.7032656Z # ⚠️ Invalid JSON in review tracker for key webhook:lastReview:acme/widgets/\#1
Check Backend & AI Engine	Run Backend Tests	2026-07-27T13:28:22.7061483Z # ⚠️ Could not delete superseded review comment 1: comment 1 already deleted
Check Backend & AI Engine	Run Backend Tests	2026-07-27T13:28:22.7065730Z # ⚠️ Could not supersede prior review 999 on PR \#7: Not Found
Check Backend & AI Engine	Run Backend Tests	2026-07-27T13:28:22.7093717Z # Subtest: reviewTrackerKey builds a stable, namespaced key
Check Backend & AI Engine	Run Backend Tests	2026-07-27T13:28:22.7095180Z ok 741 - reviewTrackerKey builds a stable, namespaced key
Check Backend & AI Engine	Run Backend Tests	2026-07-27T13:28:22.7095719Z   ---
Check Backend & AI Engine	Run Backend Tests	2026-07-27T13:28:22.7096054Z   duration_ms: 1.397007
Check Backend & AI Engine	Run Backend Tests	2026-07-27T13:28:22.7096421Z   ...
Check Backend & AI Engine	Run Backend Tests	2026-07-27T13:28:22.7097819Z # Subtest: getPriorReviewIds returns [] when nothing stored
Check Backend & AI Engine	Run Backend Tests	2026-07-27T13:28:22.7099585Z ok 742 - getPriorReviewIds returns [] when nothing stored
Check Backend & AI Engine	Run Backend Tests	2026-07-27T13:28:22.7100453Z   ---
Check Backend & AI Engine	Run Backend Tests	2026-07-27T13:28:22.7100790Z   duration_ms: 0.776687
Check Backend & AI Engine	Run Backend Tests	2026-07-27T13:28:22.7101149Z   ...
Check Backend & AI Engine	Run Backend Tests	2026-07-27T13:28:22.7102306Z # Subtest: storeReviewIds then getPriorReviewIds round-trips the array
Check Backend & AI Engine	Run Backend Tests	2026-07-27T13:28:22.7103561Z ok 743 - storeReviewIds then getPriorReviewIds round-trips the array
Check Backend & AI Engine	Run Backend Tests	2026-07-27T13:28:22.7104202Z   ---
Check Backend & AI Engine	Run Backend Tests	2026-07-27T13:28:22.7104422Z   duration_ms: 0.338126
Check Backend & AI Engine	Run Backend Tests	2026-07-27T13:28:22.7104698Z   ...
Check Backend & AI Engine	Run Backend Tests	2026-07-27T13:28:22.7108223Z # Subtest: storeReviewIds overwrites whatever was stored before
Check Backend & AI Engine	Run Backend Tests	2026-07-27T13:28:22.7109056Z ok 744 - storeReviewIds overwrites whatever was stored before
Check Backend & AI Engine	Run Backend Tests	2026-07-27T13:28:22.7109596Z   ---
Check Backend & AI Engine	Run Backend Tests	2026-07-27T13:28:22.7110048Z   duration_ms: 0.235758
Check Backend & AI Engine	Run Backend Tests	2026-07-27T13:28:22.7110387Z   ...
Check Backend & AI Engine	Run Backend Tests	2026-07-27T13:28:22.7112687Z # Subtest: getPriorReviewIds tolerates corrupted JSON by returning []
Check Backend & AI Engine	Run Backend Tests	2026-07-27T13:28:22.7113527Z ok 745 - getPriorReviewIds tolerates corrupted JSON by returning []
Check Backend & AI Engine	Run Backend Tests	2026-07-27T13:28:22.7114049Z   ---
Check Backend & AI Engine	Run Backend Tests	2026-07-27T13:28:22.7114580Z   duration_ms: 1.203939
Check Backend & AI Engine	Run Backend Tests	2026-07-27T13:28:22.7114911Z   ...
Check Backend & AI Engine	Run Backend Tests	2026-07-27T13:28:22.7115725Z # Subtest: clearReviewIds removes the stored entry
Check Backend & AI Engine	Run Backend Tests	2026-07-27T13:28:22.7120225Z ok 746 - clearReviewIds removes the stored entry
Check Backend & AI Engine	Run Backend Tests	2026-07-27T13:28:22.7121120Z   ---
Check Backend & AI Engine	Run Backend Tests	2026-07-27T13:28:22.7121416Z   duration_ms: 0.218034
Check Backend & AI Engine	Run Backend Tests	2026-07-27T13:28:22.7122337Z   ...
Check Backend & AI Engine	Run Backend Tests	2026-07-27T13:28:22.7123182Z # Subtest: different PR numbers on the same repo do not collide
Check Backend & AI Engine	Run Backend Tests	2026-07-27T13:28:22.7125829Z ok 747 - different PR numbers on the same repo do not collide
Check Backend & AI Engine	Run Backend Tests	2026-07-27T13:28:22.7126589Z   ---
Check Backend & AI Engine	Run Backend Tests	2026-07-27T13:28:22.7144379Z   duration_ms: 0.166041
Check Backend & AI Engine	Run Backend Tests	2026-07-27T13:28:22.7145115Z   ...
Check Backend & AI Engine	Run Backend Tests	2026-07-27T13:28:22.7145944Z # Subtest: supersedePriorReviews deletes every comment on each prior review
Check Backend & AI Engine	Run Backend Tests	2026-07-27T13:28:22.7181080Z ok 748 - supersedePriorReviews deletes every comment on each prior review
Check Backend & AI Engine	Run Backend Tests	2026-07-27T13:28:22.7182116Z   ---
Check Backend & AI Engine	Run Backend Tests	2026-07-27T13:28:22.7182860Z   duration_ms: 0.520288
Check Backend & AI Engine	Run Backend Tests	2026-07-27T13:28:22.7183365Z   ...
Check Backend & AI Engine	Run Backend Tests	2026-07-27T13:28:22.7184155Z # Subtest: supersedePriorReviews appends a superseded note to each old review body
Check Backend & AI Engine	Run Backend Tests	2026-07-27T13:28:22.7185234Z ok 749 - supersedePriorReviews appends a superseded note to each old review body
Check Backend & AI Engine	Run Backend Tests	2026-07-27T13:28:22.7185888Z   ---
Check Backend & AI Engine	Run Backend Tests	2026-07-27T13:28:22.7186366Z   duration_ms: 0.268944
Check Backend & AI Engine	Run Backend Tests	2026-07-27T13:28:22.7186775Z   ...
Check Backend & AI Engine	Run Backend Tests	2026-07-27T13:28:22.7187446Z # Subtest: supersedePriorReviews is a no-op for an empty prior-ids list
Check Backend & AI Engine	Run Backend Tests	2026-07-27T13:28:22.7188321Z ok 750 - supersedePriorReviews is a no-op for an empty prior-ids list
Check Backend & AI Engine	Run Backend Tests	2026-07-27T13:28:22.7188874Z   ---
Check Backend & AI Engine	Run Backend Tests	2026-07-27T13:28:22.7189203Z   duration_ms: 0.84473
Check Backend & AI Engine	Run Backend Tests	2026-07-27T13:28:22.7189595Z   ...
Check Backend & AI Engine	Run Backend Tests	2026-07-27T13:28:22.7190252Z # Subtest: supersedePriorReviews continues past a comment that fails to delete
Check Backend & AI Engine	Run Backend Tests	2026-07-27T13:28:22.7191307Z ok 751 - supersedePriorReviews continues past a comment that fails to delete
Check Backend & AI Engine	Run Backend Tests	2026-07-27T13:28:22.7191674Z   ---
Check Backend & AI Engine	Run Backend Tests	2026-07-27T13:28:22.7191883Z   duration_ms: 0.543194
Check Backend & AI Engine	Run Backend Tests	2026-07-27T13:28:22.7192101Z   ...
Check Backend & AI Engine	Run Backend Tests	2026-07-27T13:28:22.7192541Z # Subtest: supersedePriorReviews continues to the next review if one review id is entirely invalid
Check Backend & AI Engine	Run Backend Tests	2026-07-27T13:28:22.7193195Z ok 752 - supersedePriorReviews continues to the next review if one review id is entirely invalid
Check Backend & AI Engine	Run Backend Tests	2026-07-27T13:28:22.7193585Z   ---
Check Backend & AI Engine	Run Backend Tests	2026-07-27T13:28:22.7193785Z   duration_ms: 0.35049
Check Backend & AI Engine	Run Backend Tests	2026-07-27T13:28:22.7193992Z   ...
Check Backend & AI Engine	Run Backend Tests	2026-07-27T13:28:22.7854282Z # Subtest: sanitizeFileContent returns empty string for non-string input
Check Backend & AI Engine	Run Backend Tests	2026-07-27T13:28:22.7855325Z ok 753 - sanitizeFileContent returns empty string for non-string input
Check Backend & AI Engine	Run Backend Tests	2026-07-27T13:28:22.7855836Z   ---
Check Backend & AI Engine	Run Backend Tests	2026-07-27T13:28:22.7856111Z   duration_ms: 8.785266
Check Backend & AI Engine	Run Backend Tests	2026-07-27T13:28:22.7856444Z   ...
Check Backend & AI Engine	Run Backend Tests	2026-07-27T13:28:22.7861510Z # Subtest: sanitizeFileContent wraps content in read-only markers
Check Backend & AI Engine	Run Backend Tests	2026-07-27T13:28:22.7862616Z ok 754 - sanitizeFileContent wraps content in read-only markers
Check Backend & AI Engine	Run Backend Tests	2026-07-27T13:28:22.7863167Z   ---
Check Backend & AI Engine	Run Backend Tests	2026-07-27T13:28:22.7863375Z   duration_ms: 0.959824
Check Backend & AI Engine	Run Backend Tests	2026-07-27T13:28:22.7863730Z   ...
Check Backend & AI Engine	Run Backend Tests	2026-07-27T13:28:22.7865537Z # Subtest: sanitizeFileContent neutralizes dangerous patterns
Check Backend & AI Engine	Run Backend Tests	2026-07-27T13:28:22.7866742Z ok 755 - sanitizeFileContent neutralizes dangerous patterns
Check Backend & AI Engine	Run Backend Tests	2026-07-27T13:28:22.7867247Z   ---
Check Backend & AI Engine	Run Backend Tests	2026-07-27T13:28:22.7867517Z   duration_ms: 0.710539
Check Backend & AI Engine	Run Backend Tests	2026-07-27T13:28:22.7867802Z   ...
Check Backend & AI Engine	Run Backend Tests	2026-07-27T13:28:22.7881099Z # Subtest: sanitizeFileContent neutralizes dangerous patterns case-insensitively
Check Backend & AI Engine	Run Backend Tests	2026-07-27T13:28:22.7882253Z ok 756 - sanitizeFileContent neutralizes dangerous patterns case-insensitively
Check Backend & AI Engine	Run Backend Tests	2026-07-27T13:28:22.7882935Z   ---
Check Backend & AI Engine	Run Backend Tests	2026-07-27T13:28:22.7883315Z   duration_ms: 0.21201
Check Backend & AI Engine	Run Backend Tests	2026-07-27T13:28:22.7883696Z   ...
Check Backend & AI Engine	Run Backend Tests	2026-07-27T13:28:22.7884364Z # Subtest: sanitizeFileContent truncates long lines to 500 chars
Check Backend & AI Engine	Run Backend Tests	2026-07-27T13:28:22.7885190Z ok 757 - sanitizeFileContent truncates long lines to 500 chars
Check Backend & AI Engine	Run Backend Tests	2026-07-27T13:28:22.7885734Z   ---
Check Backend & AI Engine	Run Backend Tests	2026-07-27T13:28:22.7886086Z   duration_ms: 0.33077
Check Backend & AI Engine	Run Backend Tests	2026-07-27T13:28:22.7886463Z   ...
Check Backend & AI Engine	Run Backend Tests	2026-07-27T13:28:22.7904514Z # Subtest: sanitizeFileContent handles empty content
Check Backend & AI Engine	Run Backend Tests	2026-07-27T13:28:22.7905168Z ok 758 - sanitizeFileContent handles empty content
Check Backend & AI Engine	Run Backend Tests	2026-07-27T13:28:22.7905851Z   ---
Check Backend & AI Engine	Run Backend Tests	2026-07-27T13:28:22.7906153Z   duration_ms: 0.18191
Check Backend & AI Engine	Run Backend Tests	2026-07-27T13:28:22.7906431Z   ...
Check Backend & AI Engine	Run Backend Tests	2026-07-27T13:28:22.7906984Z # Subtest: scanFileContentForWarnings returns empty array for non-string input
Check Backend & AI Engine	Run Backend Tests	2026-07-27T13:28:22.7907885Z ok 759 - scanFileContentForWarnings returns empty array for non-string input
Check Backend & AI Engine	Run Backend Tests	2026-07-27T13:28:22.7908420Z   ---
Check Backend & AI Engine	Run Backend Tests	2026-07-27T13:28:22.7908728Z   duration_ms: 0.770269
Check Backend & AI Engine	Run Backend Tests	2026-07-27T13:28:22.7909041Z   ...
Check Backend & AI Engine	Run Backend Tests	2026-07-27T13:28:22.7909640Z # Subtest: scanFileContentForWarnings returns empty array for safe content
Check Backend & AI Engine	Run Backend Tests	2026-07-27T13:28:22.7910981Z ok 760 - scanFileContentForWarnings returns empty array for safe content
Check Backend & AI Engine	Run Backend Tests	2026-07-27T13:28:22.7911845Z   ---
Check Backend & AI Engine	Run Backend Tests	2026-07-27T13:28:22.7912512Z   duration_ms: 0.205512
Check Backend & AI Engine	Run Backend Tests	2026-07-27T13:28:22.7913179Z   ...
Check Backend & AI Engine	Run Backend Tests	2026-07-27T13:28:22.7922734Z # Subtest: scanFileContentForWarnings detects dangerous patterns
Check Backend & AI Engine	Run Backend Tests	2026-07-27T13:28:22.7925673Z ok 761 - scanFileContentForWarnings detects dangerous patterns
Check Backend & AI Engine	Run Backend Tests	2026-07-27T13:28:22.7926543Z   ---
Check Backend & AI Engine	Run Backend Tests	2026-07-27T13:28:22.7926935Z   duration_ms: 0.18994
Check Backend & AI Engine	Run Backend Tests	2026-07-27T13:28:22.7927287Z   ...
Check Backend & AI Engine	Run Backend Tests	2026-07-27T13:28:22.7927803Z # Subtest: scanFileContentForWarnings is case-insensitive
Check Backend & AI Engine	Run Backend Tests	2026-07-27T13:28:22.7928515Z ok 762 - scanFileContentForWarnings is case-insensitive
Check Backend & AI Engine	Run Backend Tests	2026-07-27T13:28:22.7928999Z   ---
Check Backend & AI Engine	Run Backend Tests	2026-07-27T13:28:22.7929293Z   duration_ms: 0.161018
Check Backend & AI Engine	Run Backend Tests	2026-07-27T13:28:22.7929606Z   ...
Check Backend & AI Engine	Run Backend Tests	2026-07-27T13:28:22.7930471Z # Subtest: scanFileContentForWarnings returns multiple warnings for multiple patterns
Check Backend & AI Engine	Run Backend Tests	2026-07-27T13:28:22.7931508Z ok 763 - scanFileContentForWarnings returns multiple warnings for multiple patterns
Check Backend & AI Engine	Run Backend Tests	2026-07-27T13:28:22.7932127Z   ---
Check Backend & AI Engine	Run Backend Tests	2026-07-27T13:28:22.7932642Z   duration_ms: 0.166321
Check Backend & AI Engine	Run Backend Tests	2026-07-27T13:28:22.7932972Z   ...
Check Backend & AI Engine	Run Backend Tests	2026-07-27T13:28:22.8578831Z # Subtest: scrubRepositoryPayload: redacts AWS Access Key ID (AKIA prefix)
Check Backend & AI Engine	Run Backend Tests	2026-07-27T13:28:22.8579784Z ok 764 - scrubRepositoryPayload: redacts AWS Access Key ID (AKIA prefix)
Check Backend & AI Engine	Run Backend Tests	2026-07-27T13:28:22.8580509Z   ---
Check Backend & AI Engine	Run Backend Tests	2026-07-27T13:28:22.8580763Z   duration_ms: 1.871479
Check Backend & AI Engine	Run Backend Tests	2026-07-27T13:28:22.8581043Z   ...
Check Backend & AI Engine	Run Backend Tests	2026-07-27T13:28:22.8583141Z # Subtest: scrubRepositoryPayload: redacts GitHub PAT (ghp_ prefix)
Check Backend & AI Engine	Run Backend Tests	2026-07-27T13:28:22.8585011Z ok 765 - scrubRepositoryPayload: redacts GitHub PAT (ghp_ prefix)
Check Backend & AI Engine	Run Backend Tests	2026-07-27T13:28:22.8585553Z   ---
Check Backend & AI Engine	Run Backend Tests	2026-07-27T13:28:22.8585824Z   duration_ms: 0.171068
Check Backend & AI Engine	Run Backend Tests	2026-07-27T13:28:22.8586069Z   ...
Check Backend & AI Engine	Run Backend Tests	2026-07-27T13:28:22.8589031Z # Subtest: scrubRepositoryPayload: redacts GitHub OAuth token (gho_ prefix)
Check Backend & AI Engine	Run Backend Tests	2026-07-27T13:28:22.8594672Z ok 766 - scrubRepositoryPayload: redacts GitHub OAuth token (gho_ prefix)
Check Backend & AI Engine	Run Backend Tests	2026-07-27T13:28:22.8595233Z   ---
Check Backend & AI Engine	Run Backend Tests	2026-07-27T13:28:22.8595557Z   duration_ms: 0.157786
Check Backend & AI Engine	Run Backend Tests	2026-07-27T13:28:22.8595798Z   ...
Check Backend & AI Engine	Run Backend Tests	2026-07-27T13:28:22.8602292Z # Subtest: scrubRepositoryPayload: redacts JWT (eyJ header)
Check Backend & AI Engine	Run Backend Tests	2026-07-27T13:28:22.8603117Z ok 767 - scrubRepositoryPayload: redacts JWT (eyJ header)
Check Backend & AI Engine	Run Backend Tests	2026-07-27T13:28:22.8603583Z   ---
Check Backend & AI Engine	Run Backend Tests	2026-07-27T13:28:22.8603850Z   duration_ms: 0.129794
Check Backend & AI Engine	Run Backend Tests	2026-07-27T13:28:22.8604146Z   ...
Check Backend & AI Engine	Run Backend Tests	2026-07-27T13:28:22.8604769Z # Subtest: scrubRepositoryPayload: redacts generic api_key assignment with 20+ char values
Check Backend & AI Engine	Run Backend Tests	2026-07-27T13:28:22.8605754Z ok 768 - scrubRepositoryPayload: redacts generic api_key assignment with 20+ char values
Check Backend & AI Engine	Run Backend Tests	2026-07-27T13:28:22.8606336Z   ---
Check Backend & AI Engine	Run Backend Tests	2026-07-27T13:28:22.8606596Z   duration_ms: 0.108993
Check Backend & AI Engine	Run Backend Tests	2026-07-27T13:28:22.8606907Z   ...
Check Backend & AI Engine	Run Backend Tests	2026-07-27T13:28:22.8607556Z # Subtest: scrubRepositoryPayload: redacts *** tokens
Check Backend & AI Engine	Run Backend Tests	2026-07-27T13:28:22.8608014Z ok 769 - scrubRepositoryPayload: redacts *** tokens
Check Backend & AI Engine	Run Backend Tests	2026-07-27T13:28:22.8608304Z   ---
Check Backend & AI Engine	Run Backend Tests	2026-07-27T13:28:22.8608494Z   duration_ms: 0.100036
Check Backend & AI Engine	Run Backend Tests	2026-07-27T13:28:22.8608708Z   ...
Check Backend & AI Engine	Run Backend Tests	2026-07-27T13:28:22.8612129Z # Subtest: scrubRepositoryPayload: returns input unchanged when no secrets present
Check Backend & AI Engine	Run Backend Tests	2026-07-27T13:28:22.8613202Z ok 770 - scrubRepositoryPayload: returns input unchanged when no secrets present
Check Backend & AI Engine	Run Backend Tests	2026-07-27T13:28:22.8613799Z   ---
Check Backend & AI Engine	Run Backend Tests	2026-07-27T13:28:22.8614112Z   duration_ms: 0.120697
Check Backend & AI Engine	Run Backend Tests	2026-07-27T13:28:22.8614436Z   ...
Check Backend & AI Engine	Run Backend Tests	2026-07-27T13:28:22.8614936Z # Subtest: scrubRepositoryPayload: returns non-string input unchanged
Check Backend & AI Engine	Run Backend Tests	2026-07-27T13:28:22.8615974Z ok 771 - scrubRepositoryPayload: returns non-string input unchanged
Check Backend & AI Engine	Run Backend Tests	2026-07-27T13:28:22.8616347Z   ---
Check Backend & AI Engine	Run Backend Tests	2026-07-27T13:28:22.8616555Z   duration_ms: 0.086309
Check Backend & AI Engine	Run Backend Tests	2026-07-27T13:28:22.8616769Z   ...
Check Backend & AI Engine	Run Backend Tests	2026-07-27T13:28:22.8617147Z # Subtest: scrubRepositoryPayload: redacts multiple secrets in same input
Check Backend & AI Engine	Run Backend Tests	2026-07-27T13:28:22.8617674Z ok 772 - scrubRepositoryPayload: redacts multiple secrets in same input
Check Backend & AI Engine	Run Backend Tests	2026-07-27T13:28:22.8618081Z   ---
Check Backend & AI Engine	Run Backend Tests	2026-07-27T13:28:22.8618335Z   duration_ms: 0.105926
Check Backend & AI Engine	Run Backend Tests	2026-07-27T13:28:22.8618616Z   ...
Check Backend & AI Engine	Run Backend Tests	2026-07-27T13:28:22.8619217Z # Subtest: scrubRepositoryPayload: does not flag short strings as generic API keys
Check Backend & AI Engine	Run Backend Tests	2026-07-27T13:28:22.8620703Z ok 773 - scrubRepositoryPayload: does not flag short strings as generic API keys
Check Backend & AI Engine	Run Backend Tests	2026-07-27T13:28:22.8622408Z   ---
Check Backend & AI Engine	Run Backend Tests	2026-07-27T13:28:22.8622887Z   duration_ms: 0.113171
Check Backend & AI Engine	Run Backend Tests	2026-07-27T13:28:22.8623345Z   ...
Check Backend & AI Engine	Run Backend Tests	2026-07-27T13:28:22.9383136Z # Secret scan truncated: line 1 exceeds max length of 50 chars. Subsequent long lines also skipped.
Check Backend & AI Engine	Run Backend Tests	2026-07-27T13:28:22.9421105Z # Subtest: scanSecrets returns empty array for null input
Check Backend & AI Engine	Run Backend Tests	2026-07-27T13:28:22.9433179Z ok 774 - scanSecrets returns empty array for null input
Check Backend & AI Engine	Run Backend Tests	2026-07-27T13:28:22.9433726Z   ---
Check Backend & AI Engine	Run Backend Tests	2026-07-27T13:28:22.9434065Z   duration_ms: 8.091064
Check Backend & AI Engine	Run Backend Tests	2026-07-27T13:28:22.9434438Z   ...
Check Backend & AI Engine	Run Backend Tests	2026-07-27T13:28:22.9435182Z # Subtest: scanSecrets returns empty array for undefined input
Check Backend & AI Engine	Run Backend Tests	2026-07-27T13:28:22.9436013Z ok 775 - scanSecrets returns empty array for undefined input
Check Backend & AI Engine	Run Backend Tests	2026-07-27T13:28:22.9436482Z   ---
Check Backend & AI Engine	Run Backend Tests	2026-07-27T13:28:22.9436884Z   duration_ms: 0.271121
Check Backend & AI Engine	Run Backend Tests	2026-07-27T13:28:22.9461316Z   ...
Check Backend & AI Engine	Run Backend Tests	2026-07-27T13:28:22.9461940Z # Subtest: scanSecrets returns empty array for number input
Check Backend & AI Engine	Run Backend Tests	2026-07-27T13:28:22.9462990Z ok 776 - scanSecrets returns empty array for number input
Check Backend & AI Engine	Run Backend Tests	2026-07-27T13:28:22.9463445Z   ---
Check Backend & AI Engine	Run Backend Tests	2026-07-27T13:28:22.9463744Z   duration_ms: 0.216644
Check Backend & AI Engine	Run Backend Tests	2026-07-27T13:28:22.9464096Z   ...
Check Backend & AI Engine	Run Backend Tests	2026-07-27T13:28:22.9464594Z # Subtest: scanSecrets returns empty array for object input
Check Backend & AI Engine	Run Backend Tests	2026-07-27T13:28:22.9465319Z ok 777 - scanSecrets returns empty array for object input
Check Backend & AI Engine	Run Backend Tests	2026-07-27T13:28:22.9465804Z   ---
Check Backend & AI Engine	Run Backend Tests	2026-07-27T13:28:22.9466110Z   duration_ms: 0.170476
Check Backend & AI Engine	Run Backend Tests	2026-07-27T13:28:22.9466443Z   ...
Check Backend & AI Engine	Run Backend Tests	2026-07-27T13:28:22.9466921Z # Subtest: scanSecrets returns empty array for empty string
Check Backend & AI Engine	Run Backend Tests	2026-07-27T13:28:22.9467582Z ok 778 - scanSecrets returns empty array for empty string
Check Backend & AI Engine	Run Backend Tests	2026-07-27T13:28:22.9468034Z   ---
Check Backend & AI Engine	Run Backend Tests	2026-07-27T13:28:22.9468320Z   duration_ms: 2.528024
Check Backend & AI Engine	Run Backend Tests	2026-07-27T13:28:22.9468633Z   ...
Check Backend & AI Engine	Run Backend Tests	2026-07-27T13:28:22.9469187Z # Subtest: scanSecrets returns empty array when no secrets are present
Check Backend & AI Engine	Run Backend Tests	2026-07-27T13:28:22.9470374Z ok 779 - scanSecrets returns empty array when no secrets are present
Check Backend & AI Engine	Run Backend Tests	2026-07-27T13:28:22.9470881Z   ---
Check Backend & AI Engine	Run Backend Tests	2026-07-27T13:28:22.9471128Z   duration_ms: 0.940452
Check Backend & AI Engine	Run Backend Tests	2026-07-27T13:28:22.9471543Z   ...
Check Backend & AI Engine	Run Backend Tests	2026-07-27T13:28:22.9471923Z # Subtest: scanSecrets detects AWS Access Key
Check Backend & AI Engine	Run Backend Tests	2026-07-27T13:28:22.9472432Z ok 780 - scanSecrets detects AWS Access Key
Check Backend & AI Engine	Run Backend Tests	2026-07-27T13:28:22.9472821Z   ---
Check Backend & AI Engine	Run Backend Tests	2026-07-27T13:28:22.9473109Z   duration_ms: 0.415947
Check Backend & AI Engine	Run Backend Tests	2026-07-27T13:28:22.9473417Z   ...
Check Backend & AI Engine	Run Backend Tests	2026-07-27T13:28:22.9473847Z # Subtest: scanSecrets detects Google Cloud API key
Check Backend & AI Engine	Run Backend Tests	2026-07-27T13:28:22.9474452Z ok 781 - scanSecrets detects Google Cloud API key
Check Backend & AI Engine	Run Backend Tests	2026-07-27T13:28:22.9474891Z   ---
Check Backend & AI Engine	Run Backend Tests	2026-07-27T13:28:22.9475182Z   duration_ms: 0.210235
Check Backend & AI Engine	Run Backend Tests	2026-07-27T13:28:22.9475508Z   ...
Check Backend & AI Engine	Run Backend Tests	2026-07-27T13:28:22.9476092Z # Subtest: scanSecrets detects database connection string with credentials
Check Backend & AI Engine	Run Backend Tests	2026-07-27T13:28:22.9476943Z ok 782 - scanSecrets detects database connection string with credentials
Check Backend & AI Engine	Run Backend Tests	2026-07-27T13:28:22.9477478Z   ---
Check Backend & AI Engine	Run Backend Tests	2026-07-27T13:28:22.9477772Z   duration_ms: 0.173219
Check Backend & AI Engine	Run Backend Tests	2026-07-27T13:28:22.9478100Z   ...
Check Backend & AI Engine	Run Backend Tests	2026-07-27T13:28:22.9478528Z # Subtest: scanSecrets detects generic private key
Check Backend & AI Engine	Run Backend Tests	2026-07-27T13:28:22.9479124Z ok 783 - scanSecrets detects generic private key
Check Backend & AI Engine	Run Backend Tests	2026-07-27T13:28:22.9479554Z   ---
Check Backend & AI Engine	Run Backend Tests	2026-07-27T13:28:22.9481590Z   duration_ms: 0.159126
Check Backend & AI Engine	Run Backend Tests	2026-07-27T13:28:22.9481939Z   ...
Check Backend & AI Engine	Run Backend Tests	2026-07-27T13:28:22.9482465Z # Subtest: scanSecrets detects hardcoded password assignment
Check Backend & AI Engine	Run Backend Tests	2026-07-27T13:28:22.9483480Z ok 784 - scanSecrets detects hardcoded password assignment
Check Backend & AI Engine	Run Backend Tests	2026-07-27T13:28:22.9483993Z   ---
Check Backend & AI Engine	Run Backend Tests	2026-07-27T13:28:22.9484306Z   duration_ms: 0.378185
Check Backend & AI Engine	Run Backend Tests	2026-07-27T13:28:22.9484649Z   ...
Check Backend & AI Engine	Run Backend Tests	2026-07-27T13:28:22.9485171Z # Subtest: scanSecrets detects hardcoded secret_key assignment
Check Backend & AI Engine	Run Backend Tests	2026-07-27T13:28:22.9485879Z ok 785 - scanSecrets detects hardcoded secret_key assignment
Check Backend & AI Engine	Run Backend Tests	2026-07-27T13:28:22.9486312Z   ---
Check Backend & AI Engine	Run Backend Tests	2026-07-27T13:28:22.9486613Z   duration_ms: 0.178271
Check Backend & AI Engine	Run Backend Tests	2026-07-27T13:28:22.9486939Z   ...
Check Backend & AI Engine	Run Backend Tests	2026-07-27T13:28:22.9487368Z # Subtest: scanSecrets detects JWT token
Check Backend & AI Engine	Run Backend Tests	2026-07-27T13:28:22.9487888Z ok 786 - scanSecrets detects JWT token
Check Backend & AI Engine	Run Backend Tests	2026-07-27T13:28:22.9488301Z   ---
Check Backend & AI Engine	Run Backend Tests	2026-07-27T13:28:22.9488589Z   duration_ms: 0.153781
Check Backend & AI Engine	Run Backend Tests	2026-07-27T13:28:22.9488907Z   ...
Check Backend & AI Engine	Run Backend Tests	2026-07-27T13:28:22.9489347Z # Subtest: scanSecrets detects auth_token assignment
Check Backend & AI Engine	Run Backend Tests	2026-07-27T13:28:22.9490336Z ok 787 - scanSecrets detects auth_token assignment
Check Backend & AI Engine	Run Backend Tests	2026-07-27T13:28:22.9490920Z   ---
Check Backend & AI Engine	Run Backend Tests	2026-07-27T13:28:22.9491210Z   duration_ms: 0.148066
Check Backend & AI Engine	Run Backend Tests	2026-07-27T13:28:22.9491566Z   ...
Check Backend & AI Engine	Run Backend Tests	2026-07-27T13:28:22.9491983Z # Subtest: scanSecrets detects Slack Token Check
Check Backend & AI Engine	Run Backend Tests	2026-07-27T13:28:22.9492561Z ok 788 - scanSecrets detects Slack Token Check
Check Backend & AI Engine	Run Backend Tests	2026-07-27T13:28:22.9492983Z   ---
Check Backend & AI Engine	Run Backend Tests	2026-07-27T13:28:22.9493273Z   duration_ms: 0.182269
Check Backend & AI Engine	Run Backend Tests	2026-07-27T13:28:22.9493604Z   ...
Check Backend & AI Engine	Run Backend Tests	2026-07-27T13:28:22.9494105Z # Subtest: scanSecrets detects Discord Bot Token
Check Backend & AI Engine	Run Backend Tests	2026-07-27T13:28:22.9494562Z ok 789 - scanSecrets detects Discord Bot Token
Check Backend & AI Engine	Run Backend Tests	2026-07-27T13:28:22.9494928Z   ---
Check Backend & AI Engine	Run Backend Tests	2026-07-27T13:28:22.9495178Z   duration_ms: 0.150429
Check Backend & AI Engine	Run Backend Tests	2026-07-27T13:28:22.9495492Z   ...
Check Backend & AI Engine	Run Backend Tests	2026-07-27T13:28:22.9495968Z # Subtest: scanSecrets returns findings with expected shape
Check Backend & AI Engine	Run Backend Tests	2026-07-27T13:28:22.9496741Z ok 790 - scanSecrets returns findings with expected shape
Check Backend & AI Engine	Run Backend Tests	2026-07-27T13:28:22.9497167Z   ---
Check Backend & AI Engine	Run Backend Tests	2026-07-27T13:28:22.9497436Z   duration_ms: 0.147344
Check Backend & AI Engine	Run Backend Tests	2026-07-27T13:28:22.9497730Z   ...
Check Backend & AI Engine	Run Backend Tests	2026-07-27T13:28:22.9498213Z # Subtest: scanSecrets skips lines longer than maxLineLength
Check Backend & AI Engine	Run Backend Tests	2026-07-27T13:28:22.9498816Z ok 791 - scanSecrets skips lines longer than maxLineLength
Check Backend & AI Engine	Run Backend Tests	2026-07-27T13:28:22.9499229Z   ---
Check Backend & AI Engine	Run Backend Tests	2026-07-27T13:28:22.9499503Z   duration_ms: 0.79021
Check Backend & AI Engine	Run Backend Tests	2026-07-27T13:28:22.9499953Z   ...
Check Backend & AI Engine	Run Backend Tests	2026-07-27T13:28:22.9500442Z # Subtest: scanSecrets uses default maxLineLength of 2000
Check Backend & AI Engine	Run Backend Tests	2026-07-27T13:28:22.9501350Z ok 792 - scanSecrets uses default maxLineLength of 2000
Check Backend & AI Engine	Run Backend Tests	2026-07-27T13:28:22.9501799Z   ---
Check Backend & AI Engine	Run Backend Tests	2026-07-27T13:28:22.9502074Z   duration_ms: 0.470128
Check Backend & AI Engine	Run Backend Tests	2026-07-27T13:28:22.9502373Z   ...
Check Backend & AI Engine	Run Backend Tests	2026-07-27T13:28:22.9502882Z # Subtest: scanSecrets returns findings at correct line numbers
Check Backend & AI Engine	Run Backend Tests	2026-07-27T13:28:22.9503573Z ok 793 - scanSecrets returns findings at correct line numbers
Check Backend & AI Engine	Run Backend Tests	2026-07-27T13:28:22.9504036Z   ---
Check Backend & AI Engine	Run Backend Tests	2026-07-27T13:28:22.9504319Z   duration_ms: 0.42177
Check Backend & AI Engine	Run Backend Tests	2026-07-27T13:28:22.9504634Z   ...
Check Backend & AI Engine	Run Backend Tests	2026-07-27T13:28:22.9505165Z # Subtest: scanSecrets finds multiple secrets on same line
Check Backend & AI Engine	Run Backend Tests	2026-07-27T13:28:22.9510484Z ok 794 - scanSecrets finds multiple secrets on same line
Check Backend & AI Engine	Run Backend Tests	2026-07-27T13:28:22.9511129Z   ---
Check Backend & AI Engine	Run Backend Tests	2026-07-27T13:28:22.9511583Z   duration_ms: 0.276756
Check Backend & AI Engine	Run Backend Tests	2026-07-27T13:28:22.9521131Z   ...
Check Backend & AI Engine	Run Backend Tests	2026-07-27T13:28:22.9522009Z # Subtest: scanSecrets handles multiline content
Check Backend & AI Engine	Run Backend Tests	2026-07-27T13:28:22.9530870Z ok 795 - scanSecrets handles multiline content
Check Backend & AI Engine	Run Backend Tests	2026-07-27T13:28:22.9531336Z   ---
Check Backend & AI Engine	Run Backend Tests	2026-07-27T13:28:22.9531612Z   duration_ms: 0.973352
Check Backend & AI Engine	Run Backend Tests	2026-07-27T13:28:22.9531892Z   ...
Check Backend & AI Engine	Run Backend Tests	2026-07-27T13:28:22.9532255Z # Subtest: scanSecrets detects multiple credentials on different lines
Check Backend & AI Engine	Run Backend Tests	2026-07-27T13:28:22.9532748Z ok 796 - scanSecrets detects multiple credentials on different lines
Check Backend & AI Engine	Run Backend Tests	2026-07-27T13:28:22.9533074Z   ---
Check Backend & AI Engine	Run Backend Tests	2026-07-27T13:28:22.9533268Z   duration_ms: 0.305662
Check Backend & AI Engine	Run Backend Tests	2026-07-27T13:28:22.9533479Z   ...
Check Backend & AI Engine	Run Backend Tests	2026-07-27T13:28:22.9533834Z # Subtest: scanSecrets detects variable-length Slack Incoming Webhooks
Check Backend & AI Engine	Run Backend Tests	2026-07-27T13:28:22.9534314Z ok 797 - scanSecrets detects variable-length Slack Incoming Webhooks
Check Backend & AI Engine	Run Backend Tests	2026-07-27T13:28:22.9534635Z   ---
Check Backend & AI Engine	Run Backend Tests	2026-07-27T13:28:22.9534822Z   duration_ms: 0.319654
Check Backend & AI Engine	Run Backend Tests	2026-07-27T13:28:22.9535029Z   ...
Check Backend & AI Engine	Run Backend Tests	2026-07-27T13:28:23.0190604Z # Subtest: scanSecrets returns empty array for invalid inputs
Check Backend & AI Engine	Run Backend Tests	2026-07-27T13:28:23.0192047Z ok 798 - scanSecrets returns empty array for invalid inputs
Check Backend & AI Engine	Run Backend Tests	2026-07-27T13:28:23.0192650Z   ---
Check Backend & AI Engine	Run Backend Tests	2026-07-27T13:28:23.0193466Z   duration_ms: 2.016822
Check Backend & AI Engine	Run Backend Tests	2026-07-27T13:28:23.0193920Z   ...
Check Backend & AI Engine	Run Backend Tests	2026-07-27T13:28:23.0195482Z # Subtest: scanSecretsInChanges returns empty results for invalid inputs
Check Backend & AI Engine	Run Backend Tests	2026-07-27T13:28:23.0196375Z ok 799 - scanSecretsInChanges returns empty results for invalid inputs
Check Backend & AI Engine	Run Backend Tests	2026-07-27T13:28:23.0196802Z   ---
Check Backend & AI Engine	Run Backend Tests	2026-07-27T13:28:23.0197005Z   duration_ms: 0.429904
Check Backend & AI Engine	Run Backend Tests	2026-07-27T13:28:23.0197298Z   ...
Check Backend & AI Engine	Run Backend Tests	2026-07-27T13:28:23.0199245Z # Subtest: scanSecretsInChanges handles invalid change objects gracefully
Check Backend & AI Engine	Run Backend Tests	2026-07-27T13:28:23.0200771Z ok 800 - scanSecretsInChanges handles invalid change objects gracefully
Check Backend & AI Engine	Run Backend Tests	2026-07-27T13:28:23.0201116Z   ---
Check Backend & AI Engine	Run Backend Tests	2026-07-27T13:28:23.0201329Z   duration_ms: 2.59618
Check Backend & AI Engine	Run Backend Tests	2026-07-27T13:28:23.0201562Z   ...
Check Backend & AI Engine	Run Backend Tests	2026-07-27T13:28:23.0864969Z # Subtest: scanSecretsInChanges detects GitHub Personal Access Token
Check Backend & AI Engine	Run Backend Tests	2026-07-27T13:28:23.0866077Z ok 801 - scanSecretsInChanges detects GitHub Personal Access Token
Check Backend & AI Engine	Run Backend Tests	2026-07-27T13:28:23.0866682Z   ---
Check Backend & AI Engine	Run Backend Tests	2026-07-27T13:28:23.0867079Z   duration_ms: 4.066927
Check Backend & AI Engine	Run Backend Tests	2026-07-27T13:28:23.0867347Z   ...
Check Backend & AI Engine	Run Backend Tests	2026-07-27T13:28:23.0868926Z # Subtest: scanSecretsInChanges detects AWS Access Key
Check Backend & AI Engine	Run Backend Tests	2026-07-27T13:28:23.0870237Z ok 802 - scanSecretsInChanges detects AWS Access Key
Check Backend & AI Engine	Run Backend Tests	2026-07-27T13:28:23.0870856Z   ---
Check Backend & AI Engine	Run Backend Tests	2026-07-27T13:28:23.0871147Z   duration_ms: 0.889393
Check Backend & AI Engine	Run Backend Tests	2026-07-27T13:28:23.0871525Z   ...
Check Backend & AI Engine	Run Backend Tests	2026-07-27T13:28:23.0882118Z # Subtest: scanSecretsInChanges detects Common Environment Credential
Check Backend & AI Engine	Run Backend Tests	2026-07-27T13:28:23.0882874Z ok 803 - scanSecretsInChanges detects Common Environment Credential
Check Backend & AI Engine	Run Backend Tests	2026-07-27T13:28:23.0883449Z   ---
Check Backend & AI Engine	Run Backend Tests	2026-07-27T13:28:23.0883658Z   duration_ms: 0.172478
Check Backend & AI Engine	Run Backend Tests	2026-07-27T13:28:23.0883876Z   ...
Check Backend & AI Engine	Run Backend Tests	2026-07-27T13:28:23.0884275Z # Subtest: scanSecretsInChanges detects Google Cloud API Key
Check Backend & AI Engine	Run Backend Tests	2026-07-27T13:28:23.0884695Z ok 804 - scanSecretsInChanges detects Google Cloud API Key
Check Backend & AI Engine	Run Backend Tests	2026-07-27T13:28:23.0885061Z   ---
Check Backend & AI Engine	Run Backend Tests	2026-07-27T13:28:23.0885519Z   duration_ms: 0.171428
Check Backend & AI Engine	Run Backend Tests	2026-07-27T13:28:23.0885826Z   ...
Check Backend & AI Engine	Run Backend Tests	2026-07-27T13:28:23.0886114Z # Subtest: scanSecretsInChanges detects JWT Token
Check Backend & AI Engine	Run Backend Tests	2026-07-27T13:28:23.0886478Z ok 805 - scanSecretsInChanges detects JWT Token
Check Backend & AI Engine	Run Backend Tests	2026-07-27T13:28:23.0886753Z   ---
Check Backend & AI Engine	Run Backend Tests	2026-07-27T13:28:23.0886941Z   duration_ms: 0.157277
Check Backend & AI Engine	Run Backend Tests	2026-07-27T13:28:23.0887146Z   ...
Check Backend & AI Engine	Run Backend Tests	2026-07-27T13:28:23.0888765Z # Subtest: scanSecretsInChanges detects Generic API Key
Check Backend & AI Engine	Run Backend Tests	2026-07-27T13:28:23.0889962Z ok 806 - scanSecretsInChanges detects Generic API Key
Check Backend & AI Engine	Run Backend Tests	2026-07-27T13:28:23.0890372Z   ---
Check Backend & AI Engine	Run Backend Tests	2026-07-27T13:28:23.0890615Z   duration_ms: 0.145038
Check Backend & AI Engine	Run Backend Tests	2026-07-27T13:28:23.0890823Z   ...
Check Backend & AI Engine	Run Backend Tests	2026-07-27T13:28:23.0892982Z # Subtest: scanSecretsInChanges detects Private Key
Check Backend & AI Engine	Run Backend Tests	2026-07-27T13:28:23.0911195Z ok 807 - scanSecretsInChanges detects Private Key
Check Backend & AI Engine	Run Backend Tests	2026-07-27T13:28:23.0912148Z   ---
Check Backend & AI Engine	Run Backend Tests	2026-07-27T13:28:23.0912723Z   duration_ms: 0.131084
Check Backend & AI Engine	Run Backend Tests	2026-07-27T13:28:23.0913292Z   ...
Check Backend & AI Engine	Run Backend Tests	2026-07-27T13:28:23.0914158Z # Subtest: scanSecretsInChanges detects multiple secrets in same change
Check Backend & AI Engine	Run Backend Tests	2026-07-27T13:28:23.0915291Z ok 808 - scanSecretsInChanges detects multiple secrets in same change
Check Backend & AI Engine	Run Backend Tests	2026-07-27T13:28:23.0916067Z   ---
Check Backend & AI Engine	Run Backend Tests	2026-07-27T13:28:23.0916554Z   duration_ms: 0.743752
Check Backend & AI Engine	Run Backend Tests	2026-07-27T13:28:23.0917089Z   ...
Check Backend & AI Engine	Run Backend Tests	2026-07-27T13:28:23.0917833Z # Subtest: scanSecretsInChanges returns empty for clean changes
Check Backend & AI Engine	Run Backend Tests	2026-07-27T13:28:23.0918784Z ok 809 - scanSecretsInChanges returns empty for clean changes
Check Backend & AI Engine	Run Backend Tests	2026-07-27T13:28:23.0919455Z   ---
Check Backend & AI Engine	Run Backend Tests	2026-07-27T13:28:23.0920243Z   duration_ms: 0.156752
Check Backend & AI Engine	Run Backend Tests	2026-07-27T13:28:23.0920726Z   ...
Check Backend & AI Engine	Run Backend Tests	2026-07-27T13:28:23.0943628Z # Subtest: scanSecretsInChanges returns at least one finding for any secret pattern
Check Backend & AI Engine	Run Backend Tests	2026-07-27T13:28:23.0947865Z ok 810 - scanSecretsInChanges returns at least one finding for any secret pattern
Check Backend & AI Engine	Run Backend Tests	2026-07-27T13:28:23.0948784Z   ---
Check Backend & AI Engine	Run Backend Tests	2026-07-27T13:28:23.0949366Z   duration_ms: 0.119755
Check Backend & AI Engine	Run Backend Tests	2026-07-27T13:28:23.0950145Z   ...
Check Backend & AI Engine	Run Backend Tests	2026-07-27T13:28:23.0950924Z # Subtest: scanSecretsInChanges handles missing content key gracefully
Check Backend & AI Engine	Run Backend Tests	2026-07-27T13:28:23.0952135Z ok 811 - scanSecretsInChanges handles missing content key gracefully
Check Backend & AI Engine	Run Backend Tests	2026-07-27T13:28:23.0952792Z   ---
Check Backend & AI Engine	Run Backend Tests	2026-07-27T13:28:23.0953207Z   duration_ms: 0.228378
Check Backend & AI Engine	Run Backend Tests	2026-07-27T13:28:23.0953663Z   ...
Check Backend & AI Engine	Run Backend Tests	2026-07-27T13:28:23.0954300Z # Subtest: scanSecretsInChanges result type is always security
Check Backend & AI Engine	Run Backend Tests	2026-07-27T13:28:23.0955122Z ok 812 - scanSecretsInChanges result type is always security
Check Backend & AI Engine	Run Backend Tests	2026-07-27T13:28:23.0955697Z   ---
Check Backend & AI Engine	Run Backend Tests	2026-07-27T13:28:23.0956089Z   duration_ms: 0.125702
Check Backend & AI Engine	Run Backend Tests	2026-07-27T13:28:23.0956486Z   ...
Check Backend & AI Engine	Run Backend Tests	2026-07-27T13:28:23.1657551Z # Subtest: IPv4: does NOT flag private network IPs in code (192.168.x.x)
Check Backend & AI Engine	Run Backend Tests	2026-07-27T13:28:23.1665653Z ok 813 - IPv4: does NOT flag private network IPs in code (192.168.x.x)
Check Backend & AI Engine	Run Backend Tests	2026-07-27T13:28:23.1666506Z   ---
Check Backend & AI Engine	Run Backend Tests	2026-07-27T13:28:23.1667037Z   duration_ms: 3.927567
Check Backend & AI Engine	Run Backend Tests	2026-07-27T13:28:23.1667540Z   ...
Check Backend & AI Engine	Run Backend Tests	2026-07-27T13:28:23.1668150Z # Subtest: IPv4: does NOT flag 10.x.x.x range IPs
Check Backend & AI Engine	Run Backend Tests	2026-07-27T13:28:23.1668936Z ok 814 - IPv4: does NOT flag 10.x.x.x range IPs
Check Backend & AI Engine	Run Backend Tests	2026-07-27T13:28:23.1669544Z   ---
Check Backend & AI Engine	Run Backend Tests	2026-07-27T13:28:23.1670165Z   duration_ms: 0.871755
Check Backend & AI Engine	Run Backend Tests	2026-07-27T13:28:23.1670661Z   ...
Check Backend & AI Engine	Run Backend Tests	2026-07-27T13:28:23.1671950Z # Subtest: IPv4: does NOT flag loopback 127.0.0.1
Check Backend & AI Engine	Run Backend Tests	2026-07-27T13:28:23.1672952Z ok 815 - IPv4: does NOT flag loopback 127.0.0.1
Check Backend & AI Engine	Run Backend Tests	2026-07-27T13:28:23.1673505Z   ---
Check Backend & AI Engine	Run Backend Tests	2026-07-27T13:28:23.1673895Z   duration_ms: 0.183714
Check Backend & AI Engine	Run Backend Tests	2026-07-27T13:28:23.1674571Z   ...
Check Backend & AI Engine	Run Backend Tests	2026-07-27T13:28:23.1699307Z # Subtest: IPv4: does NOT flag 127.x.x.x range
Check Backend & AI Engine	Run Backend Tests	2026-07-27T13:28:23.1706452Z ok 816 - IPv4: does NOT flag 127.x.x.x range
Check Backend & AI Engine	Run Backend Tests	2026-07-27T13:28:23.1707113Z   ---
Check Backend & AI Engine	Run Backend Tests	2026-07-27T13:28:23.1708347Z   duration_ms: 0.139432
Check Backend & AI Engine	Run Backend Tests	2026-07-27T13:28:23.1709321Z   ...
Check Backend & AI Engine	Run Backend Tests	2026-07-27T13:28:23.1711527Z # Subtest: IPv4: does NOT flag 0.0.0.0
Check Backend & AI Engine	Run Backend Tests	2026-07-27T13:28:23.1712187Z ok 817 - IPv4: does NOT flag 0.0.0.0
Check Backend & AI Engine	Run Backend Tests	2026-07-27T13:28:23.1712661Z   ---
Check Backend & AI Engine	Run Backend Tests	2026-07-27T13:28:23.1713008Z   duration_ms: 0.12369
Check Backend & AI Engine	Run Backend Tests	2026-07-27T13:28:23.1713374Z   ...
Check Backend & AI Engine	Run Backend Tests	2026-07-27T13:28:23.1713923Z # Subtest: IPv4: does NOT flag broadcast 255.255.255.255
Check Backend & AI Engine	Run Backend Tests	2026-07-27T13:28:23.1714957Z ok 818 - IPv4: does NOT flag broadcast 255.255.255.255
Check Backend & AI Engine	Run Backend Tests	2026-07-27T13:28:23.1715495Z   ---
Check Backend & AI Engine	Run Backend Tests	2026-07-27T13:28:23.1715824Z   duration_ms: 0.111047
Check Backend & AI Engine	Run Backend Tests	2026-07-27T13:28:23.1716394Z   ...
Check Backend & AI Engine	Run Backend Tests	2026-07-27T13:28:23.1716898Z # Subtest: IPv4: detects public IP addresses
Check Backend & AI Engine	Run Backend Tests	2026-07-27T13:28:23.1717495Z ok 819 - IPv4: detects public IP addresses
Check Backend & AI Engine	Run Backend Tests	2026-07-27T13:28:23.1717904Z   ---
Check Backend & AI Engine	Run Backend Tests	2026-07-27T13:28:23.1718186Z   duration_ms: 1.088218
Check Backend & AI Engine	Run Backend Tests	2026-07-27T13:28:23.1718466Z   ...
Check Backend & AI Engine	Run Backend Tests	2026-07-27T13:28:23.1718833Z # Subtest: IPv4: reports correct line number
Check Backend & AI Engine	Run Backend Tests	2026-07-27T13:28:23.1719315Z ok 820 - IPv4: reports correct line number
Check Backend & AI Engine	Run Backend Tests	2026-07-27T13:28:23.1719765Z   ---
Check Backend & AI Engine	Run Backend Tests	2026-07-27T13:28:23.1720233Z   duration_ms: 0.173968
Check Backend & AI Engine	Run Backend Tests	2026-07-27T13:28:23.1720676Z   ...
Check Backend & AI Engine	Run Backend Tests	2026-07-27T13:28:23.1721117Z # Subtest: ETH: detects valid Ethereum wallet address
Check Backend & AI Engine	Run Backend Tests	2026-07-27T13:28:23.1721724Z ok 821 - ETH: detects valid Ethereum wallet address
Check Backend & AI Engine	Run Backend Tests	2026-07-27T13:28:23.1722170Z   ---
Check Backend & AI Engine	Run Backend Tests	2026-07-27T13:28:23.1722460Z   duration_ms: 0.122581
Check Backend & AI Engine	Run Backend Tests	2026-07-27T13:28:23.1722779Z   ...
Check Backend & AI Engine	Run Backend Tests	2026-07-27T13:28:23.1723216Z # Subtest: ETH: does NOT flag short hex strings
Check Backend & AI Engine	Run Backend Tests	2026-07-27T13:28:23.1723770Z ok 822 - ETH: does NOT flag short hex strings
Check Backend & AI Engine	Run Backend Tests	2026-07-27T13:28:23.1724185Z   ---
Check Backend & AI Engine	Run Backend Tests	2026-07-27T13:28:23.1724471Z   duration_ms: 0.13452
Check Backend & AI Engine	Run Backend Tests	2026-07-27T13:28:23.1724784Z   ...
Check Backend & AI Engine	Run Backend Tests	2026-07-27T13:28:23.1725237Z # Subtest: ETH: does NOT flag 0x with fewer than 40 hex chars
Check Backend & AI Engine	Run Backend Tests	2026-07-27T13:28:23.1725913Z ok 823 - ETH: does NOT flag 0x with fewer than 40 hex chars
Check Backend & AI Engine	Run Backend Tests	2026-07-27T13:28:23.1726361Z   ---
Check Backend & AI Engine	Run Backend Tests	2026-07-27T13:28:23.1726646Z   duration_ms: 0.103756
Check Backend & AI Engine	Run Backend Tests	2026-07-27T13:28:23.1726958Z   ...
Check Backend & AI Engine	Run Backend Tests	2026-07-27T13:28:23.1727414Z # Subtest: ETH: description contains Network/Crypto Leak
Check Backend & AI Engine	Run Backend Tests	2026-07-27T13:28:23.1739047Z ok 824 - ETH: description contains Network/Crypto Leak
Check Backend & AI Engine	Run Backend Tests	2026-07-27T13:28:23.1739747Z   ---
Check Backend & AI Engine	Run Backend Tests	2026-07-27T13:28:23.1740274Z   duration_ms: 0.099052
Check Backend & AI Engine	Run Backend Tests	2026-07-27T13:28:23.1740708Z   ...
Check Backend & AI Engine	Run Backend Tests	2026-07-27T13:28:23.1741246Z # Subtest: BTC: detects P2PKH address (starts with 1)
Check Backend & AI Engine	Run Backend Tests	2026-07-27T13:28:23.1741937Z ok 825 - BTC: detects P2PKH address (starts with 1)
Check Backend & AI Engine	Run Backend Tests	2026-07-27T13:28:23.1742505Z   ---
Check Backend & AI Engine	Run Backend Tests	2026-07-27T13:28:23.1743119Z   duration_ms: 0.109053
Check Backend & AI Engine	Run Backend Tests	2026-07-27T13:28:23.1743506Z   ...
Check Backend & AI Engine	Run Backend Tests	2026-07-27T13:28:23.1744010Z # Subtest: BTC: detects P2SH address (starts with 3)
Check Backend & AI Engine	Run Backend Tests	2026-07-27T13:28:23.1744561Z ok 826 - BTC: detects P2SH address (starts with 3)
Check Backend & AI Engine	Run Backend Tests	2026-07-27T13:28:23.1745054Z   ---
Check Backend & AI Engine	Run Backend Tests	2026-07-27T13:28:23.1745426Z   duration_ms: 0.098429
Check Backend & AI Engine	Run Backend Tests	2026-07-27T13:28:23.1745822Z   ...
Check Backend & AI Engine	Run Backend Tests	2026-07-27T13:28:23.1746283Z # Subtest: BTC: detects Bech32 address (starts with bc1)
Check Backend & AI Engine	Run Backend Tests	2026-07-27T13:28:23.1746832Z ok 827 - BTC: detects Bech32 address (starts with bc1)
Check Backend & AI Engine	Run Backend Tests	2026-07-27T13:28:23.1747297Z   ---
Check Backend & AI Engine	Run Backend Tests	2026-07-27T13:28:23.1747578Z   duration_ms: 0.100214
Check Backend & AI Engine	Run Backend Tests	2026-07-27T13:28:23.1747861Z   ...
Check Backend & AI Engine	Run Backend Tests	2026-07-27T13:28:23.1748522Z # Subtest: BTC: does NOT flag short strings starting with 1 or 3
Check Backend & AI Engine	Run Backend Tests	2026-07-27T13:28:23.1749380Z ok 828 - BTC: does NOT flag short strings starting with 1 or 3
Check Backend & AI Engine	Run Backend Tests	2026-07-27T13:28:23.1749939Z   ---
Check Backend & AI Engine	Run Backend Tests	2026-07-27T13:28:23.1750208Z   duration_ms: 0.090402
Check Backend & AI Engine	Run Backend Tests	2026-07-27T13:28:23.1750487Z   ...
Check Backend & AI Engine	Run Backend Tests	2026-07-27T13:28:23.1750790Z # Subtest: BTC: description contains Network/Crypto Leak
Check Backend & AI Engine	Run Backend Tests	2026-07-27T13:28:23.1751189Z ok 829 - BTC: description contains Network/Crypto Leak
Check Backend & AI Engine	Run Backend Tests	2026-07-27T13:28:23.1751461Z   ---
Check Backend & AI Engine	Run Backend Tests	2026-07-27T13:28:23.1751653Z   duration_ms: 0.087661
Check Backend & AI Engine	Run Backend Tests	2026-07-27T13:28:23.1751865Z   ...
Check Backend & AI Engine	Run Backend Tests	2026-07-27T13:28:23.1752178Z # Subtest: scanSecrets: detects IPv4 and ETH wallet in same file
Check Backend & AI Engine	Run Backend Tests	2026-07-27T13:28:23.1752615Z ok 830 - scanSecrets: detects IPv4 and ETH wallet in same file
Check Backend & AI Engine	Run Backend Tests	2026-07-27T13:28:23.1752943Z   ---
Check Backend & AI Engine	Run Backend Tests	2026-07-27T13:28:23.1753208Z   duration_ms: 0.145579
Check Backend & AI Engine	Run Backend Tests	2026-07-27T13:28:23.1753487Z   ...
Check Backend & AI Engine	Run Backend Tests	2026-07-27T13:28:23.1754001Z # Subtest: scanSecrets: detects all three new types in one file
Check Backend & AI Engine	Run Backend Tests	2026-07-27T13:28:23.1754651Z ok 831 - scanSecrets: detects all three new types in one file
Check Backend & AI Engine	Run Backend Tests	2026-07-27T13:28:23.1755086Z   ---
Check Backend & AI Engine	Run Backend Tests	2026-07-27T13:28:23.1755352Z   duration_ms: 0.126725
Check Backend & AI Engine	Run Backend Tests	2026-07-27T13:28:23.1755649Z   ...
Check Backend & AI Engine	Run Backend Tests	2026-07-27T13:28:23.1756159Z # Subtest: scanSecretsInChanges: detects IPv4 in PR diff changes
Check Backend & AI Engine	Run Backend Tests	2026-07-27T13:28:23.1756756Z ok 832 - scanSecretsInChanges: detects IPv4 in PR diff changes
Check Backend & AI Engine	Run Backend Tests	2026-07-27T13:28:23.1757109Z   ---
Check Backend & AI Engine	Run Backend Tests	2026-07-27T13:28:23.1757302Z   duration_ms: 0.342427
Check Backend & AI Engine	Run Backend Tests	2026-07-27T13:28:23.1757603Z   ...
Check Backend & AI Engine	Run Backend Tests	2026-07-27T13:28:23.1758194Z # Subtest: scanSecretsInChanges: detects ETH wallet in PR diff changes
Check Backend & AI Engine	Run Backend Tests	2026-07-27T13:28:23.1759234Z ok 833 - scanSecretsInChanges: detects ETH wallet in PR diff changes
Check Backend & AI Engine	Run Backend Tests	2026-07-27T13:28:23.1759701Z   ---
Check Backend & AI Engine	Run Backend Tests	2026-07-27T13:28:23.1760091Z   duration_ms: 0.147193
Check Backend & AI Engine	Run Backend Tests	2026-07-27T13:28:23.1760380Z   ...
Check Backend & AI Engine	Run Backend Tests	2026-07-27T13:28:23.1773461Z # Subtest: scanSecretsInChanges: detects BTC wallet in PR diff changes
Check Backend & AI Engine	Run Backend Tests	2026-07-27T13:28:23.1774350Z ok 834 - scanSecretsInChanges: detects BTC wallet in PR diff changes
Check Backend & AI Engine	Run Backend Tests	2026-07-27T13:28:23.1774795Z   ---
Check Backend & AI Engine	Run Backend Tests	2026-07-27T13:28:23.1775014Z   duration_ms: 0.127578
Check Backend & AI Engine	Run Backend Tests	2026-07-27T13:28:23.1775246Z   ...
Check Backend & AI Engine	Run Backend Tests	2026-07-27T13:28:23.1775591Z # Subtest: scanSecretsInChanges: does NOT flag loopback IP in changes
Check Backend & AI Engine	Run Backend Tests	2026-07-27T13:28:23.1776073Z ok 835 - scanSecretsInChanges: does NOT flag loopback IP in changes
Check Backend & AI Engine	Run Backend Tests	2026-07-27T13:28:23.1776388Z   ---
Check Backend & AI Engine	Run Backend Tests	2026-07-27T13:28:23.1776586Z   duration_ms: 0.130228
Check Backend & AI Engine	Run Backend Tests	2026-07-27T13:28:23.1776800Z   ...
Check Backend & AI Engine	Run Backend Tests	2026-07-27T13:28:23.1777138Z # Subtest: all 3 new rules have Network/Crypto Leak in their description
Check Backend & AI Engine	Run Backend Tests	2026-07-27T13:28:23.1777609Z ok 836 - all 3 new rules have Network/Crypto Leak in their description
Check Backend & AI Engine	Run Backend Tests	2026-07-27T13:28:23.1777917Z   ---
Check Backend & AI Engine	Run Backend Tests	2026-07-27T13:28:23.1778108Z   duration_ms: 0.125409
Check Backend & AI Engine	Run Backend Tests	2026-07-27T13:28:23.1778318Z   ...
Check Backend & AI Engine	Run Backend Tests	2026-07-27T13:28:23.2450311Z # Subtest: scanSecrets detects standard JWT token format
Check Backend & AI Engine	Run Backend Tests	2026-07-27T13:28:23.2451338Z ok 837 - scanSecrets detects standard JWT token format
Check Backend & AI Engine	Run Backend Tests	2026-07-27T13:28:23.2452015Z   ---
Check Backend & AI Engine	Run Backend Tests	2026-07-27T13:28:23.2452529Z   duration_ms: 3.949087
Check Backend & AI Engine	Run Backend Tests	2026-07-27T13:28:23.2453041Z   ...
Check Backend & AI Engine	Run Backend Tests	2026-07-27T13:28:23.2454539Z # Subtest: scanSecrets detects generic api keys and tokens
Check Backend & AI Engine	Run Backend Tests	2026-07-27T13:28:23.2455705Z ok 838 - scanSecrets detects generic api keys and tokens
Check Backend & AI Engine	Run Backend Tests	2026-07-27T13:28:23.2456229Z   ---
Check Backend & AI Engine	Run Backend Tests	2026-07-27T13:28:23.2456566Z   duration_ms: 1.016129
Check Backend & AI Engine	Run Backend Tests	2026-07-27T13:28:23.2456908Z   ...
Check Backend & AI Engine	Run Backend Tests	2026-07-27T13:28:23.2459228Z # Subtest: scanSecrets does not flag standard normal strings
Check Backend & AI Engine	Run Backend Tests	2026-07-27T13:28:23.2460622Z ok 839 - scanSecrets does not flag standard normal strings
Check Backend & AI Engine	Run Backend Tests	2026-07-27T13:28:23.2461096Z   ---
Check Backend & AI Engine	Run Backend Tests	2026-07-27T13:28:23.2461401Z   duration_ms: 0.145028
Check Backend & AI Engine	Run Backend Tests	2026-07-27T13:28:23.2461731Z   ...
Check Backend & AI Engine	Run Backend Tests	2026-07-27T13:28:23.2464182Z # Subtest: scanSecrets flags same secret on multiple lines with correct line numbers
Check Backend & AI Engine	Run Backend Tests	2026-07-27T13:28:23.2466362Z ok 840 - scanSecrets flags same secret on multiple lines with correct line numbers
Check Backend & AI Engine	Run Backend Tests	2026-07-27T13:28:23.2466977Z   ---
Check Backend & AI Engine	Run Backend Tests	2026-07-27T13:28:23.2467267Z   duration_ms: 0.160505
Check Backend & AI Engine	Run Backend Tests	2026-07-27T13:28:23.2467583Z   ...
Check Backend & AI Engine	Run Backend Tests	2026-07-27T13:28:23.2470391Z # Subtest: scanSecrets detects multiple different secrets in same content
Check Backend & AI Engine	Run Backend Tests	2026-07-27T13:28:23.2474443Z ok 841 - scanSecrets detects multiple different secrets in same content
Check Backend & AI Engine	Run Backend Tests	2026-07-27T13:28:23.2475169Z   ---
Check Backend & AI Engine	Run Backend Tests	2026-07-27T13:28:23.2475584Z   duration_ms: 0.1723
Check Backend & AI Engine	Run Backend Tests	2026-07-27T13:28:23.2475883Z   ...
Check Backend & AI Engine	Run Backend Tests	2026-07-27T13:28:23.2476454Z # Subtest: scanSecrets returns empty array when content has no secrets
Check Backend & AI Engine	Run Backend Tests	2026-07-27T13:28:23.2476957Z ok 842 - scanSecrets returns empty array when content has no secrets
Check Backend & AI Engine	Run Backend Tests	2026-07-27T13:28:23.2477273Z   ---
Check Backend & AI Engine	Run Backend Tests	2026-07-27T13:28:23.2477470Z   duration_ms: 0.142414
Check Backend & AI Engine	Run Backend Tests	2026-07-27T13:28:23.2477694Z   ...
Check Backend & AI Engine	Run Backend Tests	2026-07-27T13:28:23.2478515Z # Subtest: scanSecrets findings always include suggestion and description fields
Check Backend & AI Engine	Run Backend Tests	2026-07-27T13:28:23.2480116Z ok 843 - scanSecrets findings always include suggestion and description fields
Check Backend & AI Engine	Run Backend Tests	2026-07-27T13:28:23.2480702Z   ---
Check Backend & AI Engine	Run Backend Tests	2026-07-27T13:28:23.2481042Z   duration_ms: 0.143234
Check Backend & AI Engine	Run Backend Tests	2026-07-27T13:28:23.2481255Z   ...
Check Backend & AI Engine	Run Backend Tests	2026-07-27T13:28:23.2483176Z # Subtest: scanSecrets detects secrets mixed with normal code across many lines
Check Backend & AI Engine	Run Backend Tests	2026-07-27T13:28:23.2492146Z ok 844 - scanSecrets detects secrets mixed with normal code across many lines
Check Backend & AI Engine	Run Backend Tests	2026-07-27T13:28:23.2492688Z   ---
Check Backend & AI Engine	Run Backend Tests	2026-07-27T13:28:23.2492931Z   duration_ms: 0.196326
Check Backend & AI Engine	Run Backend Tests	2026-07-27T13:28:23.2493146Z   ...
Check Backend & AI Engine	Run Backend Tests	2026-07-27T13:28:23.3183062Z # Subtest: rules is an array with at least one entry
Check Backend & AI Engine	Run Backend Tests	2026-07-27T13:28:23.3191172Z ok 845 - rules is an array with at least one entry
Check Backend & AI Engine	Run Backend Tests	2026-07-27T13:28:23.3191951Z   ---
Check Backend & AI Engine	Run Backend Tests	2026-07-27T13:28:23.3192396Z   duration_ms: 1.463245
Check Backend & AI Engine	Run Backend Tests	2026-07-27T13:28:23.3192711Z   ...
Check Backend & AI Engine	Run Backend Tests	2026-07-27T13:28:23.3194527Z # Subtest: rules has exactly 17 entries
Check Backend & AI Engine	Run Backend Tests	2026-07-27T13:28:23.3196389Z ok 846 - rules has exactly 17 entries
Check Backend & AI Engine	Run Backend Tests	2026-07-27T13:28:23.3196911Z   ---
Check Backend & AI Engine	Run Backend Tests	2026-07-27T13:28:23.3197291Z   duration_ms: 0.175882
Check Backend & AI Engine	Run Backend Tests	2026-07-27T13:28:23.3197611Z   ...
Check Backend & AI Engine	Run Backend Tests	2026-07-27T13:28:23.3199043Z # Subtest: every rule has a type string
Check Backend & AI Engine	Run Backend Tests	2026-07-27T13:28:23.3199691Z ok 847 - every rule has a type string
Check Backend & AI Engine	Run Backend Tests	2026-07-27T13:28:23.3200289Z   ---
Check Backend & AI Engine	Run Backend Tests	2026-07-27T13:28:23.3200698Z   duration_ms: 0.144579
Check Backend & AI Engine	Run Backend Tests	2026-07-27T13:28:23.3201192Z   ...
Check Backend & AI Engine	Run Backend Tests	2026-07-27T13:28:23.3215658Z # Subtest: every rule has a regex field that is a RegExp
Check Backend & AI Engine	Run Backend Tests	2026-07-27T13:28:23.3216647Z ok 848 - every rule has a regex field that is a RegExp
Check Backend & AI Engine	Run Backend Tests	2026-07-27T13:28:23.3217239Z   ---
Check Backend & AI Engine	Run Backend Tests	2026-07-27T13:28:23.3217678Z   duration_ms: 0.179124
Check Backend & AI Engine	Run Backend Tests	2026-07-27T13:28:23.3218122Z   ...
Check Backend & AI Engine	Run Backend Tests	2026-07-27T13:28:23.3218668Z # Subtest: every rule has a description string
Check Backend & AI Engine	Run Backend Tests	2026-07-27T13:28:23.3219344Z ok 849 - every rule has a description string
Check Backend & AI Engine	Run Backend Tests	2026-07-27T13:28:23.3220004Z   ---
Check Backend & AI Engine	Run Backend Tests	2026-07-27T13:28:23.3220455Z   duration_ms: 0.131203
Check Backend & AI Engine	Run Backend Tests	2026-07-27T13:28:23.3220926Z   ...
Check Backend & AI Engine	Run Backend Tests	2026-07-27T13:28:23.3221603Z # Subtest: AWS Access Key Check rule exists and matches AWS key format
Check Backend & AI Engine	Run Backend Tests	2026-07-27T13:28:23.3222480Z ok 850 - AWS Access Key Check rule exists and matches AWS key format
Check Backend & AI Engine	Run Backend Tests	2026-07-27T13:28:23.3223096Z   ---
Check Backend & AI Engine	Run Backend Tests	2026-07-27T13:28:23.3223515Z   duration_ms: 0.18378
Check Backend & AI Engine	Run Backend Tests	2026-07-27T13:28:23.3223951Z   ...
Check Backend & AI Engine	Run Backend Tests	2026-07-27T13:28:23.3226044Z # Subtest: GitHub Personal Access Token rule exists and matches GitHub PAT format
Check Backend & AI Engine	Run Backend Tests	2026-07-27T13:28:23.3229167Z ok 851 - GitHub Personal Access Token rule exists and matches GitHub PAT format
Check Backend & AI Engine	Run Backend Tests	2026-07-27T13:28:23.3229938Z   ---
Check Backend & AI Engine	Run Backend Tests	2026-07-27T13:28:23.3237358Z   duration_ms: 0.143898
Check Backend & AI Engine	Run Backend Tests	2026-07-27T13:28:23.3238164Z   ...
Check Backend & AI Engine	Run Backend Tests	2026-07-27T13:28:23.3239320Z # Subtest: Stripe Secret API Key rule exists and matches sk_live format
Check Backend & AI Engine	Run Backend Tests	2026-07-27T13:28:23.3240672Z ok 852 - Stripe Secret API Key rule exists and matches sk_live format
Check Backend & AI Engine	Run Backend Tests	2026-07-27T13:28:23.3241296Z   ---
Check Backend & AI Engine	Run Backend Tests	2026-07-27T13:28:23.3241657Z   duration_ms: 0.966476
Check Backend & AI Engine	Run Backend Tests	2026-07-27T13:28:23.3242002Z   ...
Check Backend & AI Engine	Run Backend Tests	2026-07-27T13:28:23.3242649Z # Subtest: Google Cloud API Key rule exists and matches AIza format
Check Backend & AI Engine	Run Backend Tests	2026-07-27T13:28:23.3251038Z ok 853 - Google Cloud API Key rule exists and matches AIza format
Check Backend & AI Engine	Run Backend Tests	2026-07-27T13:28:23.3251617Z   ---
Check Backend & AI Engine	Run Backend Tests	2026-07-27T13:28:23.3251925Z   duration_ms: 0.212214
Check Backend & AI Engine	Run Backend Tests	2026-07-27T13:28:23.3252241Z   ...
Check Backend & AI Engine	Run Backend Tests	2026-07-27T13:28:23.3281072Z # Subtest: Database Connection Credentials rule exists and matches mongodb URL
Check Backend & AI Engine	Run Backend Tests	2026-07-27T13:28:23.3311010Z ok 854 - Database Connection Credentials rule exists and matches mongodb URL
Check Backend & AI Engine	Run Backend Tests	2026-07-27T13:28:23.3311775Z   ---
Check Backend & AI Engine	Run Backend Tests	2026-07-27T13:28:23.3312153Z   duration_ms: 0.320696
Check Backend & AI Engine	Run Backend Tests	2026-07-27T13:28:23.3312527Z   ...
Check Backend & AI Engine	Run Backend Tests	2026-07-27T13:28:23.3313119Z # Subtest: Slack Webhook rule exists and matches Slack URL format
Check Backend & AI Engine	Run Backend Tests	2026-07-27T13:28:23.3313929Z ok 855 - Slack Webhook rule exists and matches Slack URL format
Check Backend & AI Engine	Run Backend Tests	2026-07-27T13:28:23.3314434Z   ---
Check Backend & AI Engine	Run Backend Tests	2026-07-27T13:28:23.3314761Z   duration_ms: 0.170072
Check Backend & AI Engine	Run Backend Tests	2026-07-27T13:28:23.3315093Z   ...
Check Backend & AI Engine	Run Backend Tests	2026-07-27T13:28:23.3315688Z # Subtest: Generic Private Key rule exists and matches PEM key format
Check Backend & AI Engine	Run Backend Tests	2026-07-27T13:28:23.3316546Z ok 856 - Generic Private Key rule exists and matches PEM key format
Check Backend & AI Engine	Run Backend Tests	2026-07-27T13:28:23.3317097Z   ---
Check Backend & AI Engine	Run Backend Tests	2026-07-27T13:28:23.3317418Z   duration_ms: 0.295724
Check Backend & AI Engine	Run Backend Tests	2026-07-27T13:28:23.3317780Z   ...
Check Backend & AI Engine	Run Backend Tests	2026-07-27T13:28:23.3318245Z # Subtest: Common Environment Credential rule exists
Check Backend & AI Engine	Run Backend Tests	2026-07-27T13:28:23.3318847Z ok 857 - Common Environment Credential rule exists
Check Backend & AI Engine	Run Backend Tests	2026-07-27T13:28:23.3319507Z   ---
Check Backend & AI Engine	Run Backend Tests	2026-07-27T13:28:23.3319947Z   duration_ms: 0.318637
Check Backend & AI Engine	Run Backend Tests	2026-07-27T13:28:23.3320308Z   ...
Check Backend & AI Engine	Run Backend Tests	2026-07-27T13:28:23.3320887Z # Subtest: Twilio Account SID rule exists and matches AC prefix format
Check Backend & AI Engine	Run Backend Tests	2026-07-27T13:28:23.3321682Z ok 858 - Twilio Account SID rule exists and matches AC prefix format
Check Backend & AI Engine	Run Backend Tests	2026-07-27T13:28:23.3322193Z   ---
Check Backend & AI Engine	Run Backend Tests	2026-07-27T13:28:23.3322478Z   duration_ms: 0.139019
Check Backend & AI Engine	Run Backend Tests	2026-07-27T13:28:23.3322802Z   ...
Check Backend & AI Engine	Run Backend Tests	2026-07-27T13:28:23.3323187Z # Subtest: Twilio Auth Token rule exists
Check Backend & AI Engine	Run Backend Tests	2026-07-27T13:28:23.3323682Z ok 859 - Twilio Auth Token rule exists
Check Backend & AI Engine	Run Backend Tests	2026-07-27T13:28:23.3324066Z   ---
Check Backend & AI Engine	Run Backend Tests	2026-07-27T13:28:23.3324349Z   duration_ms: 0.163478
Check Backend & AI Engine	Run Backend Tests	2026-07-27T13:28:23.3324663Z   ...
Check Backend & AI Engine	Run Backend Tests	2026-07-27T13:28:23.3325145Z # Subtest: JWT Token Check rule exists and matches JWT format
Check Backend & AI Engine	Run Backend Tests	2026-07-27T13:28:23.3325830Z ok 860 - JWT Token Check rule exists and matches JWT format
Check Backend & AI Engine	Run Backend Tests	2026-07-27T13:28:23.3326291Z   ---
Check Backend & AI Engine	Run Backend Tests	2026-07-27T13:28:23.3326581Z   duration_ms: 0.152479
Check Backend & AI Engine	Run Backend Tests	2026-07-27T13:28:23.3326909Z   ...
Check Backend & AI Engine	Run Backend Tests	2026-07-27T13:28:23.3327307Z # Subtest: Generic API Key / Token rule exists
Check Backend & AI Engine	Run Backend Tests	2026-07-27T13:28:23.3327847Z ok 861 - Generic API Key / Token rule exists
Check Backend & AI Engine	Run Backend Tests	2026-07-27T13:28:23.3328251Z   ---
Check Backend & AI Engine	Run Backend Tests	2026-07-27T13:28:23.3328536Z   duration_ms: 0.185826
Check Backend & AI Engine	Run Backend Tests	2026-07-27T13:28:23.3328862Z   ...
Check Backend & AI Engine	Run Backend Tests	2026-07-27T13:28:23.3329261Z # Subtest: all expected rule types are present
Check Backend & AI Engine	Run Backend Tests	2026-07-27T13:28:23.3329924Z ok 862 - all expected rule types are present
Check Backend & AI Engine	Run Backend Tests	2026-07-27T13:28:23.3330358Z   ---
Check Backend & AI Engine	Run Backend Tests	2026-07-27T13:28:23.3330646Z   duration_ms: 0.113804
Check Backend & AI Engine	Run Backend Tests	2026-07-27T13:28:23.3330968Z   ...
Check Backend & AI Engine	Run Backend Tests	2026-07-27T13:28:23.3331493Z # Subtest: rules export covers at least 10 distinct secret categories
Check Backend & AI Engine	Run Backend Tests	2026-07-27T13:28:23.3332343Z ok 863 - rules export covers at least 10 distinct secret categories
Check Backend & AI Engine	Run Backend Tests	2026-07-27T13:28:23.3332852Z   ---
Check Backend & AI Engine	Run Backend Tests	2026-07-27T13:28:23.3333139Z   duration_ms: 0.150658
Check Backend & AI Engine	Run Backend Tests	2026-07-27T13:28:23.3333461Z   ...
Check Backend & AI Engine	Run Backend Tests	2026-07-27T13:28:23.3334020Z # Subtest: Hardcoded IPv4 Address rule exists and matches non-loopback IPs
Check Backend & AI Engine	Run Backend Tests	2026-07-27T13:28:23.3334815Z ok 864 - Hardcoded IPv4 Address rule exists and matches non-loopback IPs
Check Backend & AI Engine	Run Backend Tests	2026-07-27T13:28:23.3335354Z   ---
Check Backend & AI Engine	Run Backend Tests	2026-07-27T13:28:23.3335671Z   duration_ms: 2.002027
Check Backend & AI Engine	Run Backend Tests	2026-07-27T13:28:23.3336016Z   ...
Check Backend & AI Engine	Run Backend Tests	2026-07-27T13:28:23.3336614Z # Subtest: Ethereum (ETH) Wallet Address rule exists and matches ETH format
Check Backend & AI Engine	Run Backend Tests	2026-07-27T13:28:23.3337462Z ok 865 - Ethereum (ETH) Wallet Address rule exists and matches ETH format
Check Backend & AI Engine	Run Backend Tests	2026-07-27T13:28:23.3338016Z   ---
Check Backend & AI Engine	Run Backend Tests	2026-07-27T13:28:23.3338535Z   duration_ms: 0.218478
Check Backend & AI Engine	Run Backend Tests	2026-07-27T13:28:23.3338878Z   ...
Check Backend & AI Engine	Run Backend Tests	2026-07-27T13:28:23.3339421Z # Subtest: Bitcoin (BTC) Wallet Address rule exists and matches BTC formats
Check Backend & AI Engine	Run Backend Tests	2026-07-27T13:28:23.3340425Z ok 866 - Bitcoin (BTC) Wallet Address rule exists and matches BTC formats
Check Backend & AI Engine	Run Backend Tests	2026-07-27T13:28:23.3340948Z   ---
Check Backend & AI Engine	Run Backend Tests	2026-07-27T13:28:23.3341248Z   duration_ms: 0.214019
Check Backend & AI Engine	Run Backend Tests	2026-07-27T13:28:23.3341569Z   ...
Check Backend & AI Engine	Run Backend Tests	2026-07-27T13:28:23.3341972Z # Subtest: each rule regex source is non-empty
Check Backend & AI Engine	Run Backend Tests	2026-07-27T13:28:23.3342553Z ok 867 - each rule regex source is non-empty
Check Backend & AI Engine	Run Backend Tests	2026-07-27T13:28:23.3342882Z   ---
Check Backend & AI Engine	Run Backend Tests	2026-07-27T13:28:23.3343090Z   duration_ms: 0.119482
Check Backend & AI Engine	Run Backend Tests	2026-07-27T13:28:23.3343318Z   ...
Check Backend & AI Engine	Run Backend Tests	2026-07-27T13:28:23.3343627Z # Subtest: scanSecrets uses the rules array to detect secrets
Check Backend & AI Engine	Run Backend Tests	2026-07-27T13:28:23.3344051Z ok 868 - scanSecrets uses the rules array to detect secrets
Check Backend & AI Engine	Run Backend Tests	2026-07-27T13:28:23.3344348Z   ---
Check Backend & AI Engine	Run Backend Tests	2026-07-27T13:28:23.3344547Z   duration_ms: 0.618929
Check Backend & AI Engine	Run Backend Tests	2026-07-27T13:28:23.3344758Z   ...
Check Backend & AI Engine	Run Backend Tests	2026-07-27T13:28:23.3968746Z # Unauthorized request attempt to /api/session
Check Backend & AI Engine	Run Backend Tests	2026-07-27T13:28:23.3973595Z # Unauthorized request attempt to /api/session
Check Backend & AI Engine	Run Backend Tests	2026-07-27T13:28:23.4040551Z # Subtest: requireApiKey calls next() when valid API key is provided
Check Backend & AI Engine	Run Backend Tests	2026-07-27T13:28:23.4041572Z ok 869 - requireApiKey calls next() when valid API key is provided
Check Backend & AI Engine	Run Backend Tests	2026-07-27T13:28:23.4042189Z   ---
Check Backend & AI Engine	Run Backend Tests	2026-07-27T13:28:23.4042431Z   duration_ms: 2.345105
Check Backend & AI Engine	Run Backend Tests	2026-07-27T13:28:23.4042685Z   ...
Check Backend & AI Engine	Run Backend Tests	2026-07-27T13:28:23.4043022Z # Subtest: requireApiKey returns 401 when API key is missing
Check Backend & AI Engine	Run Backend Tests	2026-07-27T13:28:23.4043641Z ok 870 - requireApiKey returns 401 when API key is missing
Check Backend & AI Engine	Run Backend Tests	2026-07-27T13:28:23.4044107Z   ---
Check Backend & AI Engine	Run Backend Tests	2026-07-27T13:28:23.4044640Z   duration_ms: 1.206206
Check Backend & AI Engine	Run Backend Tests	2026-07-27T13:28:23.4045034Z   ...
Check Backend & AI Engine	Run Backend Tests	2026-07-27T13:28:23.4045379Z # Subtest: requireApiKey returns 401 when API key is invalid
Check Backend & AI Engine	Run Backend Tests	2026-07-27T13:28:23.4045980Z ok 871 - requireApiKey returns 401 when API key is invalid
Check Backend & AI Engine	Run Backend Tests	2026-07-27T13:28:23.4055987Z   ---
Check Backend & AI Engine	Run Backend Tests	2026-07-27T13:28:23.4056427Z   duration_ms: 0.315458
Check Backend & AI Engine	Run Backend Tests	2026-07-27T13:28:23.4056755Z   ...
Check Backend & AI Engine	Run Backend Tests	2026-07-27T13:28:23.4057250Z # Subtest: requireApiKey accepts session cookie as alternative auth
Check Backend & AI Engine	Run Backend Tests	2026-07-27T13:28:23.4057713Z ok 872 - requireApiKey accepts session cookie as alternative auth
Check Backend & AI Engine	Run Backend Tests	2026-07-27T13:28:23.4058024Z   ---
Check Backend & AI Engine	Run Backend Tests	2026-07-27T13:28:23.4058219Z   duration_ms: 0.934514
Check Backend & AI Engine	Run Backend Tests	2026-07-27T13:28:23.4058436Z   ...
Check Backend & AI Engine	Run Backend Tests	2026-07-27T13:28:23.4058857Z # Subtest: createFrontendSessionCookie returns a non-empty cookieHeader with valid API key
Check Backend & AI Engine	Run Backend Tests	2026-07-27T13:28:23.4059962Z ok 873 - createFrontendSessionCookie returns a non-empty cookieHeader with valid API key
Check Backend & AI Engine	Run Backend Tests	2026-07-27T13:28:23.4060583Z   ---
Check Backend & AI Engine	Run Backend Tests	2026-07-27T13:28:23.4060866Z   duration_ms: 0.881691
Check Backend & AI Engine	Run Backend Tests	2026-07-27T13:28:23.4061191Z   ...
Check Backend & AI Engine	Run Backend Tests	2026-07-27T13:28:23.4061670Z # Subtest: createFrontendSessionCookie includes HttpOnly flag
Check Backend & AI Engine	Run Backend Tests	2026-07-27T13:28:23.4062365Z ok 874 - createFrontendSessionCookie includes HttpOnly flag
Check Backend & AI Engine	Run Backend Tests	2026-07-27T13:28:23.4062807Z   ---
Check Backend & AI Engine	Run Backend Tests	2026-07-27T13:28:23.4070837Z   duration_ms: 0.164665
Check Backend & AI Engine	Run Backend Tests	2026-07-27T13:28:23.4071195Z   ...
Check Backend & AI Engine	Run Backend Tests	2026-07-27T13:28:23.4071844Z # Subtest: createFrontendSessionCookie includes SameSite=Strict
Check Backend & AI Engine	Run Backend Tests	2026-07-27T13:28:23.4072684Z ok 875 - createFrontendSessionCookie includes SameSite=Strict
Check Backend & AI Engine	Run Backend Tests	2026-07-27T13:28:23.4073204Z   ---
Check Backend & AI Engine	Run Backend Tests	2026-07-27T13:28:23.4073628Z   duration_ms: 0.121856
Check Backend & AI Engine	Run Backend Tests	2026-07-27T13:28:23.4074049Z   ...
Check Backend & AI Engine	Run Backend Tests	2026-07-27T13:28:23.4074529Z # Subtest: createFrontendSessionCookie includes Path=/
Check Backend & AI Engine	Run Backend Tests	2026-07-27T13:28:23.4075272Z ok 876 - createFrontendSessionCookie includes Path=/
Check Backend & AI Engine	Run Backend Tests	2026-07-27T13:28:23.4075824Z   ---
Check Backend & AI Engine	Run Backend Tests	2026-07-27T13:28:23.4076210Z   duration_ms: 0.10813
Check Backend & AI Engine	Run Backend Tests	2026-07-27T13:28:23.4076601Z   ...
Check Backend & AI Engine	Run Backend Tests	2026-07-27T13:28:23.4082642Z # Subtest: createFrontendSessionCookie includes Max-Age
Check Backend & AI Engine	Run Backend Tests	2026-07-27T13:28:23.4084575Z ok 877 - createFrontendSessionCookie includes Max-Age
Check Backend & AI Engine	Run Backend Tests	2026-07-27T13:28:23.4085046Z   ---
Check Backend & AI Engine	Run Backend Tests	2026-07-27T13:28:23.4085349Z   duration_ms: 0.10346
Check Backend & AI Engine	Run Backend Tests	2026-07-27T13:28:23.4085695Z   ...
Check Backend & AI Engine	Run Backend Tests	2026-07-27T13:28:23.4110868Z # Subtest: createFrontendSessionCookie includes rps_v1_session name prefix
Check Backend & AI Engine	Run Backend Tests	2026-07-27T13:28:23.4121755Z ok 878 - createFrontendSessionCookie includes rps_v1_session name prefix
Check Backend & AI Engine	Run Backend Tests	2026-07-27T13:28:23.4122632Z   ---
Check Backend & AI Engine	Run Backend Tests	2026-07-27T13:28:23.4123340Z   duration_ms: 0.109999
Check Backend & AI Engine	Run Backend Tests	2026-07-27T13:28:23.4123824Z   ...
Check Backend & AI Engine	Run Backend Tests	2026-07-27T13:28:23.4124549Z # Subtest: createFrontendSessionCookie value has payload.signature format
Check Backend & AI Engine	Run Backend Tests	2026-07-27T13:28:23.4125583Z ok 879 - createFrontendSessionCookie value has payload.signature format
Check Backend & AI Engine	Run Backend Tests	2026-07-27T13:28:23.4126227Z   ---
Check Backend & AI Engine	Run Backend Tests	2026-07-27T13:28:23.4126579Z   duration_ms: 0.132428
Check Backend & AI Engine	Run Backend Tests	2026-07-27T13:28:23.4126975Z   ...
Check Backend & AI Engine	Run Backend Tests	2026-07-27T13:28:23.4127607Z # Subtest: createFrontendSessionCookie payload is valid base64url
Check Backend & AI Engine	Run Backend Tests	2026-07-27T13:28:23.4128475Z ok 880 - createFrontendSessionCookie payload is valid base64url
Check Backend & AI Engine	Run Backend Tests	2026-07-27T13:28:23.4129056Z   ---
Check Backend & AI Engine	Run Backend Tests	2026-07-27T13:28:23.4129372Z   duration_ms: 0.155448
Check Backend & AI Engine	Run Backend Tests	2026-07-27T13:28:23.4129728Z   ...
Check Backend & AI Engine	Run Backend Tests	2026-07-27T13:28:23.4130332Z # Subtest: requireApiKey is exported as a function
Check Backend & AI Engine	Run Backend Tests	2026-07-27T13:28:23.4130924Z ok 881 - requireApiKey is exported as a function
Check Backend & AI Engine	Run Backend Tests	2026-07-27T13:28:23.4131343Z   ---
Check Backend & AI Engine	Run Backend Tests	2026-07-27T13:28:23.4131643Z   duration_ms: 0.08049
Check Backend & AI Engine	Run Backend Tests	2026-07-27T13:28:23.4131963Z   ...
Check Backend & AI Engine	Run Backend Tests	2026-07-27T13:28:23.4132509Z # Subtest: createFrontendSessionCookie is exported as a function
Check Backend & AI Engine	Run Backend Tests	2026-07-27T13:28:23.4133239Z ok 882 - createFrontendSessionCookie is exported as a function
Check Backend & AI Engine	Run Backend Tests	2026-07-27T13:28:23.4133711Z   ---
Check Backend & AI Engine	Run Backend Tests	2026-07-27T13:28:23.4134009Z   duration_ms: 0.077092
Check Backend & AI Engine	Run Backend Tests	2026-07-27T13:28:23.4134334Z   ...
Check Backend & AI Engine	Run Backend Tests	2026-07-27T13:28:23.6990172Z # Subtest: Session model is a valid Mongoose model
Check Backend & AI Engine	Run Backend Tests	2026-07-27T13:28:23.6990894Z ok 883 - Session model is a valid Mongoose model
Check Backend & AI Engine	Run Backend Tests	2026-07-27T13:28:23.6991320Z   ---
Check Backend & AI Engine	Run Backend Tests	2026-07-27T13:28:23.6991659Z   duration_ms: 1.389639
Check Backend & AI Engine	Run Backend Tests	2026-07-27T13:28:23.6992036Z   ...
Check Backend & AI Engine	Run Backend Tests	2026-07-27T13:28:23.6993121Z # Subtest: Session schema requires sessionId
Check Backend & AI Engine	Run Backend Tests	2026-07-27T13:28:23.6995239Z ok 884 - Session schema requires sessionId
Check Backend & AI Engine	Run Backend Tests	2026-07-27T13:28:23.6995785Z   ---
Check Backend & AI Engine	Run Backend Tests	2026-07-27T13:28:23.6996147Z   duration_ms: 0.155257
Check Backend & AI Engine	Run Backend Tests	2026-07-27T13:28:23.6996454Z   ...
Check Backend & AI Engine	Run Backend Tests	2026-07-27T13:28:23.6997937Z # Subtest: Session schema requires repoUrl
Check Backend & AI Engine	Run Backend Tests	2026-07-27T13:28:23.7000378Z ok 885 - Session schema requires repoUrl
Check Backend & AI Engine	Run Backend Tests	2026-07-27T13:28:23.7000952Z   ---
Check Backend & AI Engine	Run Backend Tests	2026-07-27T13:28:23.7001328Z   duration_ms: 0.114783
Check Backend & AI Engine	Run Backend Tests	2026-07-27T13:28:23.7001728Z   ...
Check Backend & AI Engine	Run Backend Tests	2026-07-27T13:28:23.7002572Z # Subtest: Session schema requires repoName
Check Backend & AI Engine	Run Backend Tests	2026-07-27T13:28:23.7003964Z ok 886 - Session schema requires repoName
Check Backend & AI Engine	Run Backend Tests	2026-07-27T13:28:23.7004576Z   ---
Check Backend & AI Engine	Run Backend Tests	2026-07-27T13:28:23.7005030Z   duration_ms: 0.103611
Check Backend & AI Engine	Run Backend Tests	2026-07-27T13:28:23.7005539Z   ...
Check Backend & AI Engine	Run Backend Tests	2026-07-27T13:28:23.7010005Z # Subtest: Session schema has files array with default empty array
Check Backend & AI Engine	Run Backend Tests	2026-07-27T13:28:23.7011094Z ok 887 - Session schema has files array with default empty array
Check Backend & AI Engine	Run Backend Tests	2026-07-27T13:28:23.7011625Z   ---
Check Backend & AI Engine	Run Backend Tests	2026-07-27T13:28:23.7011955Z   duration_ms: 0.11058
Check Backend & AI Engine	Run Backend Tests	2026-07-27T13:28:23.7012280Z   ...
Check Backend & AI Engine	Run Backend Tests	2026-07-27T13:28:23.7014590Z # Subtest: Session schema has createdAt Date field
Check Backend & AI Engine	Run Backend Tests	2026-07-27T13:28:23.7015508Z ok 888 - Session schema has createdAt Date field
Check Backend & AI Engine	Run Backend Tests	2026-07-27T13:28:23.7015986Z   ---
Check Backend & AI Engine	Run Backend Tests	2026-07-27T13:28:23.7016204Z   duration_ms: 0.086776
Check Backend & AI Engine	Run Backend Tests	2026-07-27T13:28:23.7016487Z   ...
Check Backend & AI Engine	Run Backend Tests	2026-07-27T13:28:23.7018082Z # Subtest: Session schema has TTL index on absoluteExpiry for sliding-window expiry
Check Backend & AI Engine	Run Backend Tests	2026-07-27T13:28:23.7019109Z ok 889 - Session schema has TTL index on absoluteExpiry for sliding-window expiry
Check Backend & AI Engine	Run Backend Tests	2026-07-27T13:28:23.7019649Z   ---
Check Backend & AI Engine	Run Backend Tests	2026-07-27T13:28:23.7020040Z   duration_ms: 0.57264
Check Backend & AI Engine	Run Backend Tests	2026-07-27T13:28:23.7020346Z   ...
Check Backend & AI Engine	Run Backend Tests	2026-07-27T13:28:23.7022011Z # Subtest: Session schema has unique index on sessionId
Check Backend & AI Engine	Run Backend Tests	2026-07-27T13:28:23.7023174Z ok 890 - Session schema has unique index on sessionId
Check Backend & AI Engine	Run Backend Tests	2026-07-27T13:28:23.7023605Z   ---
Check Backend & AI Engine	Run Backend Tests	2026-07-27T13:28:23.7024096Z   duration_ms: 0.089344
Check Backend & AI Engine	Run Backend Tests	2026-07-27T13:28:23.7024559Z   ...
Check Backend & AI Engine	Run Backend Tests	2026-07-27T13:28:23.8067084Z # Subtest: categorizeFinding returns security for security-related keywords in message
Check Backend & AI Engine	Run Backend Tests	2026-07-27T13:28:23.8068557Z ok 891 - categorizeFinding returns security for security-related keywords in message
Check Backend & AI Engine	Run Backend Tests	2026-07-27T13:28:23.8069494Z   ---
Check Backend & AI Engine	Run Backend Tests	2026-07-27T13:28:23.8070302Z   duration_ms: 1.428077
Check Backend & AI Engine	Run Backend Tests	2026-07-27T13:28:23.8070859Z   ...
Check Backend & AI Engine	Run Backend Tests	2026-07-27T13:28:23.8072512Z # Subtest: categorizeFinding returns security for security-related keywords in rule_id
Check Backend & AI Engine	Run Backend Tests	2026-07-27T13:28:23.8074088Z ok 892 - categorizeFinding returns security for security-related keywords in rule_id
Check Backend & AI Engine	Run Backend Tests	2026-07-27T13:28:23.8074905Z   ---
Check Backend & AI Engine	Run Backend Tests	2026-07-27T13:28:23.8075357Z   duration_ms: 0.177829
Check Backend & AI Engine	Run Backend Tests	2026-07-27T13:28:23.8075788Z   ...
Check Backend & AI Engine	Run Backend Tests	2026-07-27T13:28:23.8079223Z # Subtest: categorizeFinding returns performance for performance-related keywords
Check Backend & AI Engine	Run Backend Tests	2026-07-27T13:28:23.8081793Z ok 893 - categorizeFinding returns performance for performance-related keywords
Check Backend & AI Engine	Run Backend Tests	2026-07-27T13:28:23.8082411Z   ---
Check Backend & AI Engine	Run Backend Tests	2026-07-27T13:28:23.8082734Z   duration_ms: 0.115866
Check Backend & AI Engine	Run Backend Tests	2026-07-27T13:28:23.8083053Z   ...
Check Backend & AI Engine	Run Backend Tests	2026-07-27T13:28:23.8085012Z # Subtest: categorizeFinding returns performance for cache and optimization keywords
Check Backend & AI Engine	Run Backend Tests	2026-07-27T13:28:23.8086357Z ok 894 - categorizeFinding returns performance for cache and optimization keywords
Check Backend & AI Engine	Run Backend Tests	2026-07-27T13:28:23.8087088Z   ---
Check Backend & AI Engine	Run Backend Tests	2026-07-27T13:28:23.8087420Z   duration_ms: 0.883387
Check Backend & AI Engine	Run Backend Tests	2026-07-27T13:28:23.8087760Z   ...
Check Backend & AI Engine	Run Backend Tests	2026-07-27T13:28:23.8108593Z # Subtest: categorizeFinding returns style for style-related keywords
Check Backend & AI Engine	Run Backend Tests	2026-07-27T13:28:23.8110009Z ok 895 - categorizeFinding returns style for style-related keywords
Check Backend & AI Engine	Run Backend Tests	2026-07-27T13:28:23.8110743Z   ---
Check Backend & AI Engine	Run Backend Tests	2026-07-27T13:28:23.8111380Z   duration_ms: 0.134979
Check Backend & AI Engine	Run Backend Tests	2026-07-27T13:28:23.8112114Z   ...
Check Backend & AI Engine	Run Backend Tests	2026-07-27T13:28:23.8112850Z # Subtest: categorizeFinding returns other for unrecognized content
Check Backend & AI Engine	Run Backend Tests	2026-07-27T13:28:23.8113779Z ok 896 - categorizeFinding returns other for unrecognized content
Check Backend & AI Engine	Run Backend Tests	2026-07-27T13:28:23.8114322Z   ---
Check Backend & AI Engine	Run Backend Tests	2026-07-27T13:28:23.8114669Z   duration_ms: 0.099568
Check Backend & AI Engine	Run Backend Tests	2026-07-27T13:28:23.8115070Z   ...
Check Backend & AI Engine	Run Backend Tests	2026-07-27T13:28:23.8115725Z # Subtest: categorizeFinding handles missing message and rule_id fields
Check Backend & AI Engine	Run Backend Tests	2026-07-27T13:28:23.8116859Z ok 897 - categorizeFinding handles missing message and rule_id fields
Check Backend & AI Engine	Run Backend Tests	2026-07-27T13:28:23.8117433Z   ---
Check Backend & AI Engine	Run Backend Tests	2026-07-27T13:28:23.8117754Z   duration_ms: 0.117561
Check Backend & AI Engine	Run Backend Tests	2026-07-27T13:28:23.8118098Z   ...
Check Backend & AI Engine	Run Backend Tests	2026-07-27T13:28:23.8118785Z # Subtest: filterByMinimumSeverity returns findings equal to or more severe than error
Check Backend & AI Engine	Run Backend Tests	2026-07-27T13:28:23.8119934Z ok 898 - filterByMinimumSeverity returns findings equal to or more severe than error
Check Backend & AI Engine	Run Backend Tests	2026-07-27T13:28:23.8120564Z   ---
Check Backend & AI Engine	Run Backend Tests	2026-07-27T13:28:23.8120861Z   duration_ms: 0.16342
Check Backend & AI Engine	Run Backend Tests	2026-07-27T13:28:23.8121181Z   ...
Check Backend & AI Engine	Run Backend Tests	2026-07-27T13:28:23.8121771Z # Subtest: filterByMinimumSeverity with warning returns error and warning
Check Backend & AI Engine	Run Backend Tests	2026-07-27T13:28:23.8122581Z ok 899 - filterByMinimumSeverity with warning returns error and warning
Check Backend & AI Engine	Run Backend Tests	2026-07-27T13:28:23.8123109Z   ---
Check Backend & AI Engine	Run Backend Tests	2026-07-27T13:28:23.8123396Z   duration_ms: 0.112014
Check Backend & AI Engine	Run Backend Tests	2026-07-27T13:28:23.8123709Z   ...
Check Backend & AI Engine	Run Backend Tests	2026-07-27T13:28:23.8136947Z # Subtest: filterByMinimumSeverity with info returns all three severities
Check Backend & AI Engine	Run Backend Tests	2026-07-27T13:28:23.8137875Z ok 900 - filterByMinimumSeverity with info returns all three severities
Check Backend & AI Engine	Run Backend Tests	2026-07-27T13:28:23.8138353Z   ---
Check Backend & AI Engine	Run Backend Tests	2026-07-27T13:28:23.8138827Z   duration_ms: 0.150301
Check Backend & AI Engine	Run Backend Tests	2026-07-27T13:28:23.8139304Z   ...
Check Backend & AI Engine	Run Backend Tests	2026-07-27T13:28:23.8140282Z # Subtest: filterByMinimumSeverity with unknown minimum severity falls back to error
Check Backend & AI Engine	Run Backend Tests	2026-07-27T13:28:23.8141187Z ok 901 - filterByMinimumSeverity with unknown minimum severity falls back to error
Check Backend & AI Engine	Run Backend Tests	2026-07-27T13:28:23.8141652Z   ---
Check Backend & AI Engine	Run Backend Tests	2026-07-27T13:28:23.8142140Z   duration_ms: 0.097689
Check Backend & AI Engine	Run Backend Tests	2026-07-27T13:28:23.8142612Z   ...
Check Backend & AI Engine	Run Backend Tests	2026-07-27T13:28:23.8143572Z # Subtest: filterByMinimumSeverity handles findings with unknown severity values (treated as highest severity)
Check Backend & AI Engine	Run Backend Tests	2026-07-27T13:28:23.8144949Z ok 902 - filterByMinimumSeverity handles findings with unknown severity values (treated as highest severity)
Check Backend & AI Engine	Run Backend Tests	2026-07-27T13:28:23.8148067Z   ---
Check Backend & AI Engine	Run Backend Tests	2026-07-27T13:28:23.8148387Z   duration_ms: 0.088209
Check Backend & AI Engine	Run Backend Tests	2026-07-27T13:28:23.8148702Z   ...
Check Backend & AI Engine	Run Backend Tests	2026-07-27T13:28:23.8149226Z # Subtest: filterByMinimumSeverity handles empty findings array
Check Backend & AI Engine	Run Backend Tests	2026-07-27T13:28:23.8150049Z ok 903 - filterByMinimumSeverity handles empty findings array
Check Backend & AI Engine	Run Backend Tests	2026-07-27T13:28:23.8150518Z   ---
Check Backend & AI Engine	Run Backend Tests	2026-07-27T13:28:23.8150792Z   duration_ms: 0.651849
Check Backend & AI Engine	Run Backend Tests	2026-07-27T13:28:23.8151123Z   ...
Check Backend & AI Engine	Run Backend Tests	2026-07-27T13:28:23.8151605Z # Subtest: validateConfig returns valid for correct config
Check Backend & AI Engine	Run Backend Tests	2026-07-27T13:28:23.8152509Z ok 904 - validateConfig returns valid for correct config
Check Backend & AI Engine	Run Backend Tests	2026-07-27T13:28:23.8152972Z   ---
Check Backend & AI Engine	Run Backend Tests	2026-07-27T13:28:23.8153261Z   duration_ms: 0.192985
Check Backend & AI Engine	Run Backend Tests	2026-07-27T13:28:23.8153582Z   ...
Check Backend & AI Engine	Run Backend Tests	2026-07-27T13:28:23.8154132Z # Subtest: validateConfig returns invalid for unknown severity values
Check Backend & AI Engine	Run Backend Tests	2026-07-27T13:28:23.8154934Z ok 905 - validateConfig returns invalid for unknown severity values
Check Backend & AI Engine	Run Backend Tests	2026-07-27T13:28:23.8155446Z   ---
Check Backend & AI Engine	Run Backend Tests	2026-07-27T13:28:23.8155738Z   duration_ms: 0.172703
Check Backend & AI Engine	Run Backend Tests	2026-07-27T13:28:23.8156061Z   ...
Check Backend & AI Engine	Run Backend Tests	2026-07-27T13:28:23.8175250Z # Subtest: validateConfig returns invalid when suppress is not an array
Check Backend & AI Engine	Run Backend Tests	2026-07-27T13:28:23.8176725Z ok 906 - validateConfig returns invalid when suppress is not an array
Check Backend & AI Engine	Run Backend Tests	2026-07-27T13:28:23.8179211Z   ---
Check Backend & AI Engine	Run Backend Tests	2026-07-27T13:28:23.8180080Z   duration_ms: 0.113299
Check Backend & AI Engine	Run Backend Tests	2026-07-27T13:28:23.8180555Z   ...
Check Backend & AI Engine	Run Backend Tests	2026-07-27T13:28:23.8181250Z # Subtest: validateConfig handles missing severity object gracefully
Check Backend & AI Engine	Run Backend Tests	2026-07-27T13:28:23.8182123Z ok 907 - validateConfig handles missing severity object gracefully
Check Backend & AI Engine	Run Backend Tests	2026-07-27T13:28:23.8182669Z   ---
Check Backend & AI Engine	Run Backend Tests	2026-07-27T13:28:23.8183013Z   duration_ms: 0.131108
Check Backend & AI Engine	Run Backend Tests	2026-07-27T13:28:23.8183375Z   ...
Check Backend & AI Engine	Run Backend Tests	2026-07-27T13:28:23.8183984Z # Subtest: validateConfig reports multiple errors for multiple invalid severities
Check Backend & AI Engine	Run Backend Tests	2026-07-27T13:28:23.8184845Z ok 908 - validateConfig reports multiple errors for multiple invalid severities
Check Backend & AI Engine	Run Backend Tests	2026-07-27T13:28:23.8185415Z   ---
Check Backend & AI Engine	Run Backend Tests	2026-07-27T13:28:23.8185730Z   duration_ms: 0.094976
Check Backend & AI Engine	Run Backend Tests	2026-07-27T13:28:23.8186104Z   ...
Check Backend & AI Engine	Run Backend Tests	2026-07-27T13:28:23.8186540Z # Subtest: DEFAULT_CONFIG has expected structure
Check Backend & AI Engine	Run Backend Tests	2026-07-27T13:28:23.8187084Z ok 909 - DEFAULT_CONFIG has expected structure
Check Backend & AI Engine	Run Backend Tests	2026-07-27T13:28:23.8187717Z   ---
Check Backend & AI Engine	Run Backend Tests	2026-07-27T13:28:23.8187996Z   duration_ms: 0.223065
Check Backend & AI Engine	Run Backend Tests	2026-07-27T13:28:23.8188309Z   ...
Check Backend & AI Engine	Run Backend Tests	2026-07-27T13:28:23.8188983Z # Subtest: categorizeFinding: handles null, undefined, and alternate fields description/rule
Check Backend & AI Engine	Run Backend Tests	2026-07-27T13:28:23.8190469Z ok 910 - categorizeFinding: handles null, undefined, and alternate fields description/rule
Check Backend & AI Engine	Run Backend Tests	2026-07-27T13:28:23.8191097Z   ---
Check Backend & AI Engine	Run Backend Tests	2026-07-27T13:28:23.8191354Z   duration_ms: 0.104192
Check Backend & AI Engine	Run Backend Tests	2026-07-27T13:28:23.8191664Z   ...
Check Backend & AI Engine	Run Backend Tests	2026-07-27T13:28:23.8999240Z # Subtest: detectShebangLanguage detects python from \#!/usr/bin/env python3
Check Backend & AI Engine	Run Backend Tests	2026-07-27T13:28:23.9001976Z ok 911 - detectShebangLanguage detects python from \#!/usr/bin/env python3
Check Backend & AI Engine	Run Backend Tests	2026-07-27T13:28:23.9002656Z   ---
Check Backend & AI Engine	Run Backend Tests	2026-07-27T13:28:23.9002893Z   duration_ms: 1.413915
Check Backend & AI Engine	Run Backend Tests	2026-07-27T13:28:23.9003136Z   ...
Check Backend & AI Engine	Run Backend Tests	2026-07-27T13:28:23.9004902Z # Subtest: detectShebangLanguage detects python from \#!/usr/bin/python
Check Backend & AI Engine	Run Backend Tests	2026-07-27T13:28:23.9007150Z ok 912 - detectShebangLanguage detects python from \#!/usr/bin/python
Check Backend & AI Engine	Run Backend Tests	2026-07-27T13:28:23.9007567Z   ---
Check Backend & AI Engine	Run Backend Tests	2026-07-27T13:28:23.9007772Z   duration_ms: 0.226659
Check Backend & AI Engine	Run Backend Tests	2026-07-27T13:28:23.9007990Z   ...
Check Backend & AI Engine	Run Backend Tests	2026-07-27T13:28:23.9022370Z # Subtest: detectShebangLanguage detects javascript from \#!/usr/bin/env node
Check Backend & AI Engine	Run Backend Tests	2026-07-27T13:28:23.9030920Z ok 913 - detectShebangLanguage detects javascript from \#!/usr/bin/env node
Check Backend & AI Engine	Run Backend Tests	2026-07-27T13:28:23.9031675Z   ---
Check Backend & AI Engine	Run Backend Tests	2026-07-27T13:28:23.9050647Z   duration_ms: 0.152334
Check Backend & AI Engine	Run Backend Tests	2026-07-27T13:28:23.9053009Z   ...
Check Backend & AI Engine	Run Backend Tests	2026-07-27T13:28:23.9053730Z # Subtest: detectShebangLanguage detects shell from \#!/bin/bash
Check Backend & AI Engine	Run Backend Tests	2026-07-27T13:28:23.9054641Z ok 914 - detectShebangLanguage detects shell from \#!/bin/bash
Check Backend & AI Engine	Run Backend Tests	2026-07-27T13:28:23.9055269Z   ---
Check Backend & AI Engine	Run Backend Tests	2026-07-27T13:28:23.9055670Z   duration_ms: 0.178381
Check Backend & AI Engine	Run Backend Tests	2026-07-27T13:28:23.9056105Z   ...
Check Backend & AI Engine	Run Backend Tests	2026-07-27T13:28:23.9056719Z # Subtest: detectShebangLanguage detects shell from \#!/bin/sh
Check Backend & AI Engine	Run Backend Tests	2026-07-27T13:28:23.9057550Z ok 915 - detectShebangLanguage detects shell from \#!/bin/sh
Check Backend & AI Engine	Run Backend Tests	2026-07-27T13:28:23.9058139Z   ---
Check Backend & AI Engine	Run Backend Tests	2026-07-27T13:28:23.9058542Z   duration_ms: 0.125629
Check Backend & AI Engine	Run Backend Tests	2026-07-27T13:28:23.9058996Z   ...
Check Backend & AI Engine	Run Backend Tests	2026-07-27T13:28:23.9059654Z # Subtest: detectShebangLanguage detects ruby from \#!/usr/bin/env ruby
Check Backend & AI Engine	Run Backend Tests	2026-07-27T13:28:23.9060769Z ok 916 - detectShebangLanguage detects ruby from \#!/usr/bin/env ruby
Check Backend & AI Engine	Run Backend Tests	2026-07-27T13:28:23.9061418Z   ---
Check Backend & AI Engine	Run Backend Tests	2026-07-27T13:28:23.9061834Z   duration_ms: 0.106751
Check Backend & AI Engine	Run Backend Tests	2026-07-27T13:28:23.9062270Z   ...
Check Backend & AI Engine	Run Backend Tests	2026-07-27T13:28:23.9063205Z # Subtest: detectShebangLanguage returns null for content with no shebang
Check Backend & AI Engine	Run Backend Tests	2026-07-27T13:28:23.9064224Z ok 917 - detectShebangLanguage returns null for content with no shebang
Check Backend & AI Engine	Run Backend Tests	2026-07-27T13:28:23.9064887Z   ---
Check Backend & AI Engine	Run Backend Tests	2026-07-27T13:28:23.9065294Z   duration_ms: 0.081594
Check Backend & AI Engine	Run Backend Tests	2026-07-27T13:28:23.9065731Z   ...
Check Backend & AI Engine	Run Backend Tests	2026-07-27T13:28:23.9066478Z # Subtest: detectShebangLanguage returns null for unrecognized shebang interpreter
Check Backend & AI Engine	Run Backend Tests	2026-07-27T13:28:23.9067562Z ok 918 - detectShebangLanguage returns null for unrecognized shebang interpreter
Check Backend & AI Engine	Run Backend Tests	2026-07-27T13:28:23.9068275Z   ---
Check Backend & AI Engine	Run Backend Tests	2026-07-27T13:28:23.9068668Z   duration_ms: 0.145722
Check Backend & AI Engine	Run Backend Tests	2026-07-27T13:28:23.9069101Z   ...
Check Backend & AI Engine	Run Backend Tests	2026-07-27T13:28:23.9069942Z # Subtest: detectShebangLanguage returns null for empty or non-string input
Check Backend & AI Engine	Run Backend Tests	2026-07-27T13:28:23.9070966Z ok 919 - detectShebangLanguage returns null for empty or non-string input
Check Backend & AI Engine	Run Backend Tests	2026-07-27T13:28:23.9071637Z   ---
Check Backend & AI Engine	Run Backend Tests	2026-07-27T13:28:23.9072050Z   duration_ms: 0.083866
Check Backend & AI Engine	Run Backend Tests	2026-07-27T13:28:23.9072480Z   ...
Check Backend & AI Engine	Run Backend Tests	2026-07-27T13:28:23.9073259Z # Subtest: detectShebangLanguage only inspects the first line, ignoring content after it
Check Backend & AI Engine	Run Backend Tests	2026-07-27T13:28:23.9074389Z ok 920 - detectShebangLanguage only inspects the first line, ignoring content after it
Check Backend & AI Engine	Run Backend Tests	2026-07-27T13:28:23.9075125Z   ---
Check Backend & AI Engine	Run Backend Tests	2026-07-27T13:28:23.9075535Z   duration_ms: 0.086318
Check Backend & AI Engine	Run Backend Tests	2026-07-27T13:28:23.9075969Z   ...
Check Backend & AI Engine	Run Backend Tests	2026-07-27T13:28:23.9076706Z # Subtest: readFilesRecursively includes an extensionless file with a recognized shebang
Check Backend & AI Engine	Run Backend Tests	2026-07-27T13:28:23.9077807Z ok 921 - readFilesRecursively includes an extensionless file with a recognized shebang
Check Backend & AI Engine	Run Backend Tests	2026-07-27T13:28:23.9078535Z   ---
Check Backend & AI Engine	Run Backend Tests	2026-07-27T13:28:23.9078938Z   duration_ms: 2.016926
Check Backend & AI Engine	Run Backend Tests	2026-07-27T13:28:23.9079609Z   ...
Check Backend & AI Engine	Run Backend Tests	2026-07-27T13:28:23.9080584Z # Subtest: readFilesRecursively skips an extensionless file with no shebang (unchanged behavior)
Check Backend & AI Engine	Run Backend Tests	2026-07-27T13:28:23.9081809Z ok 922 - readFilesRecursively skips an extensionless file with no shebang (unchanged behavior)
Check Backend & AI Engine	Run Backend Tests	2026-07-27T13:28:23.9082582Z   ---
Check Backend & AI Engine	Run Backend Tests	2026-07-27T13:28:23.9082968Z   duration_ms: 0.477181
Check Backend & AI Engine	Run Backend Tests	2026-07-27T13:28:23.9083413Z   ...
Check Backend & AI Engine	Run Backend Tests	2026-07-27T13:28:23.9084112Z # Subtest: readFilesRecursively includes multiple shebang languages in the same directory
Check Backend & AI Engine	Run Backend Tests	2026-07-27T13:28:23.9085113Z ok 923 - readFilesRecursively includes multiple shebang languages in the same directory
Check Backend & AI Engine	Run Backend Tests	2026-07-27T13:28:23.9085734Z   ---
Check Backend & AI Engine	Run Backend Tests	2026-07-27T13:28:23.9086193Z   duration_ms: 0.579008
Check Backend & AI Engine	Run Backend Tests	2026-07-27T13:28:23.9086536Z   ...
Check Backend & AI Engine	Run Backend Tests	2026-07-27T13:28:23.9089325Z # Subtest: readFilesRecursively does not add a detectedLanguage field for files with a real extension
Check Backend & AI Engine	Run Backend Tests	2026-07-27T13:28:23.9090550Z ok 924 - readFilesRecursively does not add a detectedLanguage field for files with a real extension
Check Backend & AI Engine	Run Backend Tests	2026-07-27T13:28:23.9091191Z   ---
Check Backend & AI Engine	Run Backend Tests	2026-07-27T13:28:23.9091464Z   duration_ms: 0.425865
Check Backend & AI Engine	Run Backend Tests	2026-07-27T13:28:23.9091765Z   ...
Check Backend & AI Engine	Run Backend Tests	2026-07-27T13:28:23.9791887Z # Subtest: verifyWebhookSignature should validate signatures correctly
Check Backend & AI Engine	Run Backend Tests	2026-07-27T13:28:23.9793427Z ok 925 - verifyWebhookSignature should validate signatures correctly
Check Backend & AI Engine	Run Backend Tests	2026-07-27T13:28:23.9794235Z   ---
Check Backend & AI Engine	Run Backend Tests	2026-07-27T13:28:23.9794698Z   duration_ms: 1.931879
Check Backend & AI Engine	Run Backend Tests	2026-07-27T13:28:23.9795190Z   ...
Check Backend & AI Engine	Run Backend Tests	2026-07-27T13:28:23.9795958Z # Subtest: verifyWebhookSignature should fail on invalid signature
Check Backend & AI Engine	Run Backend Tests	2026-07-27T13:28:23.9797018Z ok 926 - verifyWebhookSignature should fail on invalid signature
Check Backend & AI Engine	Run Backend Tests	2026-07-27T13:28:23.9797729Z   ---
Check Backend & AI Engine	Run Backend Tests	2026-07-27T13:28:23.9798142Z   duration_ms: 0.177443
Check Backend & AI Engine	Run Backend Tests	2026-07-27T13:28:23.9798590Z   ...
Check Backend & AI Engine	Run Backend Tests	2026-07-27T13:28:23.9801334Z # Subtest: verifyWebhookSignature should fail on missing signature or secret
Check Backend & AI Engine	Run Backend Tests	2026-07-27T13:28:23.9823080Z ok 927 - verifyWebhookSignature should fail on missing signature or secret
Check Backend & AI Engine	Run Backend Tests	2026-07-27T13:28:23.9823927Z   ---
Check Backend & AI Engine	Run Backend Tests	2026-07-27T13:28:23.9824463Z   duration_ms: 0.120546
Check Backend & AI Engine	Run Backend Tests	2026-07-27T13:28:23.9824940Z   ...
Check Backend & AI Engine	Run Backend Tests	2026-07-27T13:28:23.9825733Z # Subtest: verifyWebhookSignature should handle unicode body content correctly
Check Backend & AI Engine	Run Backend Tests	2026-07-27T13:28:23.9826877Z ok 928 - verifyWebhookSignature should handle unicode body content correctly
Check Backend & AI Engine	Run Backend Tests	2026-07-27T13:28:23.9827662Z   ---
Check Backend & AI Engine	Run Backend Tests	2026-07-27T13:28:23.9828129Z   duration_ms: 0.172947
Check Backend & AI Engine	Run Backend Tests	2026-07-27T13:28:23.9828853Z   ...
Check Backend & AI Engine	Run Backend Tests	2026-07-27T13:28:23.9829594Z # Subtest: verifyWebhookSignature should handle very long body strings
Check Backend & AI Engine	Run Backend Tests	2026-07-27T13:28:23.9830852Z ok 929 - verifyWebhookSignature should handle very long body strings
Check Backend & AI Engine	Run Backend Tests	2026-07-27T13:28:23.9831552Z   ---
Check Backend & AI Engine	Run Backend Tests	2026-07-27T13:28:23.9831982Z   duration_ms: 0.18248
Check Backend & AI Engine	Run Backend Tests	2026-07-27T13:28:23.9832436Z   ...
Check Backend & AI Engine	Run Backend Tests	2026-07-27T13:28:23.9833211Z # Subtest: verifyWebhookSignature should work with signature without sha256= prefix
Check Backend & AI Engine	Run Backend Tests	2026-07-27T13:28:23.9834330Z ok 930 - verifyWebhookSignature should work with signature without sha256= prefix
Check Backend & AI Engine	Run Backend Tests	2026-07-27T13:28:23.9835059Z   ---
Check Backend & AI Engine	Run Backend Tests	2026-07-27T13:28:23.9835469Z   duration_ms: 0.149649
Check Backend & AI Engine	Run Backend Tests	2026-07-27T13:28:23.9835948Z   ...
Check Backend & AI Engine	Run Backend Tests	2026-07-27T13:28:23.9836604Z # Subtest: verifyWebhookSignature should handle empty string body
Check Backend & AI Engine	Run Backend Tests	2026-07-27T13:28:23.9837402Z ok 931 - verifyWebhookSignature should handle empty string body
Check Backend & AI Engine	Run Backend Tests	2026-07-27T13:28:23.9837984Z   ---
Check Backend & AI Engine	Run Backend Tests	2026-07-27T13:28:23.9838386Z   duration_ms: 0.120282
Check Backend & AI Engine	Run Backend Tests	2026-07-27T13:28:23.9838781Z   ...
Check Backend & AI Engine	Run Backend Tests	2026-07-27T13:28:23.9839491Z # Subtest: verifyWebhookSignature should handle null/undefined body gracefully
Check Backend & AI Engine	Run Backend Tests	2026-07-27T13:28:23.9840630Z ok 932 - verifyWebhookSignature should handle null/undefined body gracefully
Check Backend & AI Engine	Run Backend Tests	2026-07-27T13:28:23.9841322Z   ---
Check Backend & AI Engine	Run Backend Tests	2026-07-27T13:28:23.9841685Z   duration_ms: 0.260525
Check Backend & AI Engine	Run Backend Tests	2026-07-27T13:28:23.9842053Z   ...
Check Backend & AI Engine	Run Backend Tests	2026-07-27T13:28:23.9842726Z # Subtest: verifyWebhookSignature should return false for non-string body types
Check Backend & AI Engine	Run Backend Tests	2026-07-27T13:28:23.9843764Z ok 933 - verifyWebhookSignature should return false for non-string body types
Check Backend & AI Engine	Run Backend Tests	2026-07-27T13:28:23.9844401Z   ---
Check Backend & AI Engine	Run Backend Tests	2026-07-27T13:28:23.9844764Z   duration_ms: 0.157625
Check Backend & AI Engine	Run Backend Tests	2026-07-27T13:28:23.9845365Z   ...
Check Backend & AI Engine	Run Backend Tests	2026-07-27T13:28:23.9846116Z # Subtest: verifyWebhookSignature should return false when signature is only whitespace
Check Backend & AI Engine	Run Backend Tests	2026-07-27T13:28:23.9847130Z ok 934 - verifyWebhookSignature should return false when signature is only whitespace
Check Backend & AI Engine	Run Backend Tests	2026-07-27T13:28:23.9847795Z   ---
Check Backend & AI Engine	Run Backend Tests	2026-07-27T13:28:23.9848192Z   duration_ms: 0.098944
Check Backend & AI Engine	Run Backend Tests	2026-07-27T13:28:23.9848628Z   ...
Check Backend & AI Engine	Run Backend Tests	2026-07-27T13:28:23.9849319Z # Subtest: verifyWebhookSignature should return false for null signature
Check Backend & AI Engine	Run Backend Tests	2026-07-27T13:28:23.9850400Z ok 935 - verifyWebhookSignature should return false for null signature
Check Backend & AI Engine	Run Backend Tests	2026-07-27T13:28:23.9851056Z   ---
Check Backend & AI Engine	Run Backend Tests	2026-07-27T13:28:23.9851437Z   duration_ms: 0.07825
Check Backend & AI Engine	Run Backend Tests	2026-07-27T13:28:23.9851858Z   ...
Check Backend & AI Engine	Run Backend Tests	2026-07-27T13:28:23.9853834Z # Subtest: verifyWebhookSignature should return false for null secret
Check Backend & AI Engine	Run Backend Tests	2026-07-27T13:28:23.9872688Z ok 936 - verifyWebhookSignature should return false for null secret
Check Backend & AI Engine	Run Backend Tests	2026-07-27T13:28:23.9874541Z   ---
Check Backend & AI Engine	Run Backend Tests	2026-07-27T13:28:23.9874832Z   duration_ms: 0.07932
Check Backend & AI Engine	Run Backend Tests	2026-07-27T13:28:23.9875130Z   ...
Check Backend & AI Engine	Run Backend Tests	2026-07-27T13:28:23.9875680Z # Subtest: verifyWebhookSignature should return false for mismatched digest lengths
Check Backend & AI Engine	Run Backend Tests	2026-07-27T13:28:23.9876284Z ok 937 - verifyWebhookSignature should return false for mismatched digest lengths
Check Backend & AI Engine	Run Backend Tests	2026-07-27T13:28:23.9876830Z   ---
Check Backend & AI Engine	Run Backend Tests	2026-07-27T13:28:23.9877118Z   duration_ms: 0.127494
Check Backend & AI Engine	Run Backend Tests	2026-07-27T13:28:23.9877435Z   ...
Check Backend & AI Engine	Run Backend Tests	2026-07-27T13:28:24.0506883Z # Subtest: HARD_SKIP_DIRS is a Set
Check Backend & AI Engine	Run Backend Tests	2026-07-27T13:28:24.0522878Z ok 938 - HARD_SKIP_DIRS is a Set
Check Backend & AI Engine	Run Backend Tests	2026-07-27T13:28:24.0523417Z   ---
Check Backend & AI Engine	Run Backend Tests	2026-07-27T13:28:24.0523916Z   duration_ms: 5.874672
Check Backend & AI Engine	Run Backend Tests	2026-07-27T13:28:24.0524390Z   ...
Check Backend & AI Engine	Run Backend Tests	2026-07-27T13:28:24.0524975Z # Subtest: HARD_SKIP_DIRS contains node_modules
Check Backend & AI Engine	Run Backend Tests	2026-07-27T13:28:24.0525517Z ok 939 - HARD_SKIP_DIRS contains node_modules
Check Backend & AI Engine	Run Backend Tests	2026-07-27T13:28:24.0526018Z   ---
Check Backend & AI Engine	Run Backend Tests	2026-07-27T13:28:24.0526298Z   duration_ms: 0.289032
Check Backend & AI Engine	Run Backend Tests	2026-07-27T13:28:24.0526582Z   ...
Check Backend & AI Engine	Run Backend Tests	2026-07-27T13:28:24.0526904Z # Subtest: HARD_SKIP_DIRS contains .git
Check Backend & AI Engine	Run Backend Tests	2026-07-27T13:28:24.0527336Z ok 940 - HARD_SKIP_DIRS contains .git
Check Backend & AI Engine	Run Backend Tests	2026-07-27T13:28:24.0527675Z   ---
Check Backend & AI Engine	Run Backend Tests	2026-07-27T13:28:24.0527935Z   duration_ms: 0.218926
Check Backend & AI Engine	Run Backend Tests	2026-07-27T13:28:24.0528378Z   ...
Check Backend & AI Engine	Run Backend Tests	2026-07-27T13:28:24.0528736Z # Subtest: HARD_SKIP_DIRS contains dist
Check Backend & AI Engine	Run Backend Tests	2026-07-27T13:28:24.0529144Z ok 941 - HARD_SKIP_DIRS contains dist
Check Backend & AI Engine	Run Backend Tests	2026-07-27T13:28:24.0529460Z   ---
Check Backend & AI Engine	Run Backend Tests	2026-07-27T13:28:24.0529756Z   duration_ms: 0.165772
Check Backend & AI Engine	Run Backend Tests	2026-07-27T13:28:24.0530177Z   ...
Check Backend & AI Engine	Run Backend Tests	2026-07-27T13:28:24.0530719Z # Subtest: HARD_SKIP_DIRS contains build
Check Backend & AI Engine	Run Backend Tests	2026-07-27T13:28:24.0531158Z ok 942 - HARD_SKIP_DIRS contains build
Check Backend & AI Engine	Run Backend Tests	2026-07-27T13:28:24.0531402Z   ---
Check Backend & AI Engine	Run Backend Tests	2026-07-27T13:28:24.0531662Z   duration_ms: 0.150343
Check Backend & AI Engine	Run Backend Tests	2026-07-27T13:28:24.0531953Z   ...
Check Backend & AI Engine	Run Backend Tests	2026-07-27T13:28:24.0532291Z # Subtest: HARD_SKIP_DIRS contains .venv
Check Backend & AI Engine	Run Backend Tests	2026-07-27T13:28:24.0532741Z ok 943 - HARD_SKIP_DIRS contains .venv
Check Backend & AI Engine	Run Backend Tests	2026-07-27T13:28:24.0532978Z   ---
Check Backend & AI Engine	Run Backend Tests	2026-07-27T13:28:24.0533169Z   duration_ms: 0.132272
Check Backend & AI Engine	Run Backend Tests	2026-07-27T13:28:24.0533473Z   ...
Check Backend & AI Engine	Run Backend Tests	2026-07-27T13:28:24.0533913Z # Subtest: HARD_SKIP_DIRS contains __pycache__
Check Backend & AI Engine	Run Backend Tests	2026-07-27T13:28:24.0534268Z ok 944 - HARD_SKIP_DIRS contains __pycache__
Check Backend & AI Engine	Run Backend Tests	2026-07-27T13:28:24.0534606Z   ---
Check Backend & AI Engine	Run Backend Tests	2026-07-27T13:28:24.0534943Z   duration_ms: 0.908228
Check Backend & AI Engine	Run Backend Tests	2026-07-27T13:28:24.0535153Z   ...
Check Backend & AI Engine	Run Backend Tests	2026-07-27T13:28:24.0537809Z # Subtest: HARD_SKIP_DIRS does not contain src
Check Backend & AI Engine	Run Backend Tests	2026-07-27T13:28:24.0553857Z ok 945 - HARD_SKIP_DIRS does not contain src
Check Backend & AI Engine	Run Backend Tests	2026-07-27T13:28:24.0556517Z   ---
Check Backend & AI Engine	Run Backend Tests	2026-07-27T13:28:24.0557060Z   duration_ms: 0.214439
Check Backend & AI Engine	Run Backend Tests	2026-07-27T13:28:24.0557454Z   ...
Check Backend & AI Engine	Run Backend Tests	2026-07-27T13:28:24.0557993Z # Subtest: HARD_SKIP_DIRS does not contain random directory name
Check Backend & AI Engine	Run Backend Tests	2026-07-27T13:28:24.0558751Z ok 946 - HARD_SKIP_DIRS does not contain random directory name
Check Backend & AI Engine	Run Backend Tests	2026-07-27T13:28:24.0559242Z   ---
Check Backend & AI Engine	Run Backend Tests	2026-07-27T13:28:24.0559537Z   duration_ms: 0.225552
Check Backend & AI Engine	Run Backend Tests	2026-07-27T13:28:24.0560009Z   ...
Check Backend & AI Engine	Run Backend Tests	2026-07-27T13:28:24.0560445Z # Subtest: HARD_SKIP_DIRS has exactly 6 entries
Check Backend & AI Engine	Run Backend Tests	2026-07-27T13:28:24.0561069Z ok 947 - HARD_SKIP_DIRS has exactly 6 entries
Check Backend & AI Engine	Run Backend Tests	2026-07-27T13:28:24.0561500Z   ---
Check Backend & AI Engine	Run Backend Tests	2026-07-27T13:28:24.0561797Z   duration_ms: 0.182879
Check Backend & AI Engine	Run Backend Tests	2026-07-27T13:28:24.0562122Z   ...
Check Backend & AI Engine	Run Backend Tests	2026-07-27T13:28:24.9175823Z # Subtest: streamReview
Check Backend & AI Engine	Run Backend Tests	2026-07-27T13:28:24.9176730Z     # Subtest: sets SSE headers on the response
Check Backend & AI Engine	Run Backend Tests	2026-07-27T13:28:24.9177414Z     ok 1 - sets SSE headers on the response
Check Backend & AI Engine	Run Backend Tests	2026-07-27T13:28:24.9177904Z       ---
Check Backend & AI Engine	Run Backend Tests	2026-07-27T13:28:24.9178240Z       duration_ms: 803.860999
Check Backend & AI Engine	Run Backend Tests	2026-07-27T13:28:24.9178604Z       ...
Check Backend & AI Engine	Run Backend Tests	2026-07-27T13:28:25.7205391Z     # Subtest: streams mock token data events and ends
Check Backend & AI Engine	Run Backend Tests	2026-07-27T13:28:25.7207452Z     ok 2 - streams mock token data events and ends
Check Backend & AI Engine	Run Backend Tests	2026-07-27T13:28:25.7208001Z       ---
Check Backend & AI Engine	Run Backend Tests	2026-07-27T13:28:25.7208405Z       duration_ms: 802.519126
Check Backend & AI Engine	Run Backend Tests	2026-07-27T13:28:25.7208831Z       ...
Check Backend & AI Engine	Run Backend Tests	2026-07-27T13:28:25.7210028Z     # Subtest: aborts and does not write error on req close
Check Backend & AI Engine	Run Backend Tests	2026-07-27T13:28:25.7211793Z     ok 3 - aborts and does not write error on req close
Check Backend & AI Engine	Run Backend Tests	2026-07-27T13:28:25.7212328Z       ---
Check Backend & AI Engine	Run Backend Tests	2026-07-27T13:28:25.7212715Z       duration_ms: 0.293342
Check Backend & AI Engine	Run Backend Tests	2026-07-27T13:28:25.7213125Z       ...
Check Backend & AI Engine	Run Backend Tests	2026-07-27T13:28:25.7222167Z     1..3
Check Backend & AI Engine	Run Backend Tests	2026-07-27T13:28:25.7222540Z ok 948 - streamReview
Check Backend & AI Engine	Run Backend Tests	2026-07-27T13:28:25.7222877Z   ---
Check Backend & AI Engine	Run Backend Tests	2026-07-27T13:28:25.7223149Z   duration_ms: 1607.979464
Check Backend & AI Engine	Run Backend Tests	2026-07-27T13:28:25.7223498Z   type: 'suite'
Check Backend & AI Engine	Run Backend Tests	2026-07-27T13:28:25.7223783Z   ...
Check Backend & AI Engine	Run Backend Tests	2026-07-27T13:28:25.7865210Z # Subtest: Batch Integration Tests
Check Backend & AI Engine	Run Backend Tests	2026-07-27T13:28:25.7865907Z     # Subtest: should parse batchSize from API payload
Check Backend & AI Engine	Run Backend Tests	2026-07-27T13:28:25.7871736Z     ok 1 - should parse batchSize from API payload
Check Backend & AI Engine	Run Backend Tests	2026-07-27T13:28:25.7872380Z       ---
Check Backend & AI Engine	Run Backend Tests	2026-07-27T13:28:25.7872610Z       duration_ms: 1.079903
Check Backend & AI Engine	Run Backend Tests	2026-07-27T13:28:25.7872903Z       ...
Check Backend & AI Engine	Run Backend Tests	2026-07-27T13:28:25.7873260Z     # Subtest: should fall back to default batchSize of 5 when not provided
Check Backend & AI Engine	Run Backend Tests	2026-07-27T13:28:25.7873747Z     ok 2 - should fall back to default batchSize of 5 when not provided
Check Backend & AI Engine	Run Backend Tests	2026-07-27T13:28:25.7874084Z       ---
Check Backend & AI Engine	Run Backend Tests	2026-07-27T13:28:25.7874282Z       duration_ms: 0.151008
Check Backend & AI Engine	Run Backend Tests	2026-07-27T13:28:25.7874511Z       ...
Check Backend & AI Engine	Run Backend Tests	2026-07-27T13:28:25.7880032Z     # Subtest: should fall back to default batchSize when explicitly set to 0
Check Backend & AI Engine	Run Backend Tests	2026-07-27T13:28:25.7881345Z     ok 3 - should fall back to default batchSize when explicitly set to 0
Check Backend & AI Engine	Run Backend Tests	2026-07-27T13:28:25.7881995Z       ---
Check Backend & AI Engine	Run Backend Tests	2026-07-27T13:28:25.7882394Z       duration_ms: 0.129959
Check Backend & AI Engine	Run Backend Tests	2026-07-27T13:28:25.7882822Z       ...
Check Backend & AI Engine	Run Backend Tests	2026-07-27T13:28:25.7887834Z     # Subtest: should fall back to default batchSize when negative
Check Backend & AI Engine	Run Backend Tests	2026-07-27T13:28:25.7888853Z     ok 4 - should fall back to default batchSize when negative
Check Backend & AI Engine	Run Backend Tests	2026-07-27T13:28:25.7890035Z       ---
Check Backend & AI Engine	Run Backend Tests	2026-07-27T13:28:25.7890730Z       duration_ms: 0.121274
Check Backend & AI Engine	Run Backend Tests	2026-07-27T13:28:25.7891149Z       ...
Check Backend & AI Engine	Run Backend Tests	2026-07-27T13:28:25.7891658Z     # Subtest: should fall back to default temperature of 0.7 when omitted
Check Backend & AI Engine	Run Backend Tests	2026-07-27T13:28:25.7920796Z     ok 5 - should fall back to default temperature of 0.7 when omitted
Check Backend & AI Engine	Run Backend Tests	2026-07-27T13:28:25.7930678Z       ---
Check Backend & AI Engine	Run Backend Tests	2026-07-27T13:28:25.7931386Z       duration_ms: 0.154165
Check Backend & AI Engine	Run Backend Tests	2026-07-27T13:28:25.7931977Z       ...
Check Backend & AI Engine	Run Backend Tests	2026-07-27T13:28:25.7932600Z     # Subtest: should use provided temperature value
Check Backend & AI Engine	Run Backend Tests	2026-07-27T13:28:25.7933655Z     ok 6 - should use provided temperature value
Check Backend & AI Engine	Run Backend Tests	2026-07-27T13:28:25.7934251Z       ---
Check Backend & AI Engine	Run Backend Tests	2026-07-27T13:28:25.7934618Z       duration_ms: 0.107142
Check Backend & AI Engine	Run Backend Tests	2026-07-27T13:28:25.7935013Z       ...
Check Backend & AI Engine	Run Backend Tests	2026-07-27T13:28:25.7935597Z     # Subtest: should fall back to default maxTokens of 2048 when omitted
Check Backend & AI Engine	Run Backend Tests	2026-07-27T13:28:25.7936418Z     ok 7 - should fall back to default maxTokens of 2048 when omitted
Check Backend & AI Engine	Run Backend Tests	2026-07-27T13:28:25.7936984Z       ---
Check Backend & AI Engine	Run Backend Tests	2026-07-27T13:28:25.7937327Z       duration_ms: 0.093056
Check Backend & AI Engine	Run Backend Tests	2026-07-27T13:28:25.7937726Z       ...
Check Backend & AI Engine	Run Backend Tests	2026-07-27T13:28:25.7938156Z     # Subtest: should use provided maxTokens value
Check Backend & AI Engine	Run Backend Tests	2026-07-27T13:28:25.7938712Z     ok 8 - should use provided maxTokens value
Check Backend & AI Engine	Run Backend Tests	2026-07-27T13:28:25.7939150Z       ---
Check Backend & AI Engine	Run Backend Tests	2026-07-27T13:28:25.7939455Z       duration_ms: 0.095583
Check Backend & AI Engine	Run Backend Tests	2026-07-27T13:28:25.7940041Z       ...
Check Backend & AI Engine	Run Backend Tests	2026-07-27T13:28:25.7940562Z     # Subtest: should fall back to default model of llama-3.3-70b-versatile when omitted
Check Backend & AI Engine	Run Backend Tests	2026-07-27T13:28:25.7941435Z     ok 9 - should fall back to default model of llama-3.3-70b-versatile when omitted
Check Backend & AI Engine	Run Backend Tests	2026-07-27T13:28:25.7941962Z       ---
Check Backend & AI Engine	Run Backend Tests	2026-07-27T13:28:25.7942512Z       duration_ms: 0.086136
Check Backend & AI Engine	Run Backend Tests	2026-07-27T13:28:25.7942847Z       ...
Check Backend & AI Engine	Run Backend Tests	2026-07-27T13:28:25.7943193Z     # Subtest: should use provided model value
Check Backend & AI Engine	Run Backend Tests	2026-07-27T13:28:25.7943870Z     ok 10 - should use provided model value
Check Backend & AI Engine	Run Backend Tests	2026-07-27T13:28:25.7944270Z       ---
Check Backend & AI Engine	Run Backend Tests	2026-07-27T13:28:25.7944559Z       duration_ms: 0.084424
Check Backend & AI Engine	Run Backend Tests	2026-07-27T13:28:25.7944878Z       ...
Check Backend & AI Engine	Run Backend Tests	2026-07-27T13:28:25.7945353Z     # Subtest: should fall back to default language of English when omitted
Check Backend & AI Engine	Run Backend Tests	2026-07-27T13:28:25.7946062Z     ok 11 - should fall back to default language of English when omitted
Check Backend & AI Engine	Run Backend Tests	2026-07-27T13:28:25.7946573Z       ---
Check Backend & AI Engine	Run Backend Tests	2026-07-27T13:28:25.7946861Z       duration_ms: 0.083386
Check Backend & AI Engine	Run Backend Tests	2026-07-27T13:28:25.7947180Z       ...
Check Backend & AI Engine	Run Backend Tests	2026-07-27T13:28:25.7947512Z     # Subtest: should use provided language value
Check Backend & AI Engine	Run Backend Tests	2026-07-27T13:28:25.7948025Z     ok 12 - should use provided language value
Check Backend & AI Engine	Run Backend Tests	2026-07-27T13:28:25.7948418Z       ---
Check Backend & AI Engine	Run Backend Tests	2026-07-27T13:28:25.7948701Z       duration_ms: 0.089354
Check Backend & AI Engine	Run Backend Tests	2026-07-27T13:28:25.7949011Z       ...
Check Backend & AI Engine	Run Backend Tests	2026-07-27T13:28:25.7949476Z     # Subtest: should fall back to default company of General when omitted
Check Backend & AI Engine	Run Backend Tests	2026-07-27T13:28:25.7950410Z     ok 13 - should fall back to default company of General when omitted
Check Backend & AI Engine	Run Backend Tests	2026-07-27T13:28:25.7951193Z       ---
Check Backend & AI Engine	Run Backend Tests	2026-07-27T13:28:25.7951491Z       duration_ms: 0.082347
Check Backend & AI Engine	Run Backend Tests	2026-07-27T13:28:25.7951808Z       ...
Check Backend & AI Engine	Run Backend Tests	2026-07-27T13:28:25.7952172Z     # Subtest: should use provided company value
Check Backend & AI Engine	Run Backend Tests	2026-07-27T13:28:25.7952650Z     ok 14 - should use provided company value
Check Backend & AI Engine	Run Backend Tests	2026-07-27T13:28:25.7953033Z       ---
Check Backend & AI Engine	Run Backend Tests	2026-07-27T13:28:25.7953310Z       duration_ms: 0.093838
Check Backend & AI Engine	Run Backend Tests	2026-07-27T13:28:25.7953779Z       ...
Check Backend & AI Engine	Run Backend Tests	2026-07-27T13:28:25.7954306Z     # Subtest: should fall back to empty string for systemPrompt when omitted
Check Backend & AI Engine	Run Backend Tests	2026-07-27T13:28:25.7955102Z     ok 15 - should fall back to empty string for systemPrompt when omitted
Check Backend & AI Engine	Run Backend Tests	2026-07-27T13:28:25.7955620Z       ---
Check Backend & AI Engine	Run Backend Tests	2026-07-27T13:28:25.7955914Z       duration_ms: 0.082767
Check Backend & AI Engine	Run Backend Tests	2026-07-27T13:28:25.7956224Z       ...
Check Backend & AI Engine	Run Backend Tests	2026-07-27T13:28:25.7960584Z     # Subtest: should use provided systemPrompt value
Check Backend & AI Engine	Run Backend Tests	2026-07-27T13:28:25.7961505Z     ok 16 - should use provided systemPrompt value
Check Backend & AI Engine	Run Backend Tests	2026-07-27T13:28:25.7962131Z       ---
Check Backend & AI Engine	Run Backend Tests	2026-07-27T13:28:25.7962600Z       duration_ms: 0.960827
Check Backend & AI Engine	Run Backend Tests	2026-07-27T13:28:25.7963505Z       ...
Check Backend & AI Engine	Run Backend Tests	2026-07-27T13:28:25.7964507Z     # Subtest: should require repoUrl (no default — route guard enforces presence)
Check Backend & AI Engine	Run Backend Tests	2026-07-27T13:28:25.7965492Z     ok 17 - should require repoUrl (no default — route guard enforces presence)
Check Backend & AI Engine	Run Backend Tests	2026-07-27T13:28:25.7966328Z       ---
Check Backend & AI Engine	Run Backend Tests	2026-07-27T13:28:25.7966657Z       duration_ms: 0.138138
Check Backend & AI Engine	Run Backend Tests	2026-07-27T13:28:25.7967009Z       ...
Check Backend & AI Engine	Run Backend Tests	2026-07-27T13:28:25.7978477Z     # Subtest: should handle all fields simultaneously with defaults
Check Backend & AI Engine	Run Backend Tests	2026-07-27T13:28:25.7979307Z     ok 18 - should handle all fields simultaneously with defaults
Check Backend & AI Engine	Run Backend Tests	2026-07-27T13:28:25.7979783Z       ---
Check Backend & AI Engine	Run Backend Tests	2026-07-27T13:28:25.7980228Z       duration_ms: 0.11691
Check Backend & AI Engine	Run Backend Tests	2026-07-27T13:28:25.7980543Z       ...
Check Backend & AI Engine	Run Backend Tests	2026-07-27T13:28:25.7980791Z     1..18
Check Backend & AI Engine	Run Backend Tests	2026-07-27T13:28:25.7981207Z ok 949 - Batch Integration Tests
Check Backend & AI Engine	Run Backend Tests	2026-07-27T13:28:25.7981476Z   ---
Check Backend & AI Engine	Run Backend Tests	2026-07-27T13:28:25.7981678Z   duration_ms: 5.352429
Check Backend & AI Engine	Run Backend Tests	2026-07-27T13:28:25.7981902Z   type: 'suite'
Check Backend & AI Engine	Run Backend Tests	2026-07-27T13:28:25.7982101Z   ...
Check Backend & AI Engine	Run Backend Tests	2026-07-27T13:28:25.8630436Z # Subtest: isValidGithubToken accepts valid token formats
Check Backend & AI Engine	Run Backend Tests	2026-07-27T13:28:25.8631583Z ok 950 - isValidGithubToken accepts valid token formats
Check Backend & AI Engine	Run Backend Tests	2026-07-27T13:28:25.8632473Z   ---
Check Backend & AI Engine	Run Backend Tests	2026-07-27T13:28:25.8632882Z   duration_ms: 1.499495
Check Backend & AI Engine	Run Backend Tests	2026-07-27T13:28:25.8633317Z   ...
Check Backend & AI Engine	Run Backend Tests	2026-07-27T13:28:25.8635958Z # Subtest: isValidGithubToken rejects invalid token formats
Check Backend & AI Engine	Run Backend Tests	2026-07-27T13:28:25.8637136Z ok 951 - isValidGithubToken rejects invalid token formats
Check Backend & AI Engine	Run Backend Tests	2026-07-27T13:28:25.8637808Z   ---
Check Backend & AI Engine	Run Backend Tests	2026-07-27T13:28:25.8638279Z   duration_ms: 0.158994
Check Backend & AI Engine	Run Backend Tests	2026-07-27T13:28:25.8638761Z   ...
Check Backend & AI Engine	Run Backend Tests	2026-07-27T13:28:25.8641676Z # Subtest: isValidGithubToken rejects overly long tokens to prevent catastrophic backtracking
Check Backend & AI Engine	Run Backend Tests	2026-07-27T13:28:25.8642834Z ok 952 - isValidGithubToken rejects overly long tokens to prevent catastrophic backtracking
Check Backend & AI Engine	Run Backend Tests	2026-07-27T13:28:25.8643564Z   ---
Check Backend & AI Engine	Run Backend Tests	2026-07-27T13:28:25.8644183Z   duration_ms: 0.117378
Check Backend & AI Engine	Run Backend Tests	2026-07-27T13:28:25.8644605Z   ...
Check Backend & AI Engine	Run Backend Tests	2026-07-27T13:28:35.9324086Z # Subtest: urlValidator: isSafeUrl rejects private and link-local IPv4 subnets
Check Backend & AI Engine	Run Backend Tests	2026-07-27T13:28:35.9325259Z ok 953 - urlValidator: isSafeUrl rejects private and link-local IPv4 subnets
Check Backend & AI Engine	Run Backend Tests	2026-07-27T13:28:35.9326906Z   ---
Check Backend & AI Engine	Run Backend Tests	2026-07-27T13:28:35.9327266Z   duration_ms: 10012.025937
Check Backend & AI Engine	Run Backend Tests	2026-07-27T13:28:35.9327647Z   ...
Check Backend & AI Engine	Run Backend Tests	2026-07-27T13:28:35.9328060Z # Subtest: urlValidator: isValidRepoUrl returns correct boolean
Check Backend & AI Engine	Run Backend Tests	2026-07-27T13:28:35.9328597Z ok 954 - urlValidator: isValidRepoUrl returns correct boolean
Check Backend & AI Engine	Run Backend Tests	2026-07-27T13:28:35.9328952Z   ---
Check Backend & AI Engine	Run Backend Tests	2026-07-27T13:28:35.9329167Z   duration_ms: 0.617677
Check Backend & AI Engine	Run Backend Tests	2026-07-27T13:28:35.9329381Z   ...
Check Backend & AI Engine	Run Backend Tests	2026-07-27T13:28:36.0115477Z # Subtest: isSafeUrl validates basic URL safety
Check Backend & AI Engine	Run Backend Tests	2026-07-27T13:28:36.0116504Z ok 955 - isSafeUrl validates basic URL safety
Check Backend & AI Engine	Run Backend Tests	2026-07-27T13:28:36.0117173Z   ---
Check Backend & AI Engine	Run Backend Tests	2026-07-27T13:28:36.0117674Z   duration_ms: 78.512767
Check Backend & AI Engine	Run Backend Tests	2026-07-27T13:28:36.0118187Z   ...
Check Backend & AI Engine	Run Backend Tests	2026-07-27T13:28:36.0146711Z # Subtest: isSafeUrl rejects domains resolving to at least one private IP (DNS round-robin / multi-IP)
Check Backend & AI Engine	Run Backend Tests	2026-07-27T13:28:36.0147877Z ok 956 - isSafeUrl rejects domains resolving to at least one private IP (DNS round-robin / multi-IP)
Check Backend & AI Engine	Run Backend Tests	2026-07-27T13:28:36.0148337Z   ---
Check Backend & AI Engine	Run Backend Tests	2026-07-27T13:28:36.0148582Z   duration_ms: 3.914684
Check Backend & AI Engine	Run Backend Tests	2026-07-27T13:28:36.0148824Z   ...
Check Backend & AI Engine	Run Backend Tests	2026-07-27T13:28:41.0517993Z # Subtest: missing X-Hub-Signature-256 header returns 401
Check Backend & AI Engine	Run Backend Tests	2026-07-27T13:28:41.0519067Z ok 957 - missing X-Hub-Signature-256 header returns 401
Check Backend & AI Engine	Run Backend Tests	2026-07-27T13:28:41.0519959Z   ---
Check Backend & AI Engine	Run Backend Tests	2026-07-27T13:28:41.0520645Z   duration_ms: 1.74232
Check Backend & AI Engine	Run Backend Tests	2026-07-27T13:28:41.0521318Z   ...
Check Backend & AI Engine	Run Backend Tests	2026-07-27T13:28:41.0521964Z # Subtest: invalid signature returns 401
Check Backend & AI Engine	Run Backend Tests	2026-07-27T13:28:41.0522700Z ok 958 - invalid signature returns 401
Check Backend & AI Engine	Run Backend Tests	2026-07-27T13:28:41.0523112Z   ---
Check Backend & AI Engine	Run Backend Tests	2026-07-27T13:28:41.0523622Z   duration_ms: 0.740171
Check Backend & AI Engine	Run Backend Tests	2026-07-27T13:28:41.0524136Z   ...
Check Backend & AI Engine	Run Backend Tests	2026-07-27T13:28:41.0525812Z # Subtest: WEBHOOK_SECRET not configured returns 500
Check Backend & AI Engine	Run Backend Tests	2026-07-27T13:28:41.0527815Z ok 959 - WEBHOOK_SECRET not configured returns 500
Check Backend & AI Engine	Run Backend Tests	2026-07-27T13:28:41.0528414Z   ---
Check Backend & AI Engine	Run Backend Tests	2026-07-27T13:28:41.0528899Z   duration_ms: 0.280514
Check Backend & AI Engine	Run Backend Tests	2026-07-27T13:28:41.0529391Z   ...
Check Backend & AI Engine	Run Backend Tests	2026-07-27T13:28:41.0531245Z # Subtest: ping event returns 200 without queuing review
Check Backend & AI Engine	Run Backend Tests	2026-07-27T13:28:41.0533896Z ok 960 - ping event returns 200 without queuing review
Check Backend & AI Engine	Run Backend Tests	2026-07-27T13:28:41.0534851Z   ---
Check Backend & AI Engine	Run Backend Tests	2026-07-27T13:28:41.0535258Z   duration_ms: 0.272195
Check Backend & AI Engine	Run Backend Tests	2026-07-27T13:28:41.0535668Z   ...
Check Backend & AI Engine	Run Backend Tests	2026-07-27T13:28:41.0547345Z # Subtest: pull_request opened action queues review via reviewQueue.enqueue
Check Backend & AI Engine	Run Backend Tests	2026-07-27T13:28:41.0548511Z ok 961 - pull_request opened action queues review via reviewQueue.enqueue
Check Backend & AI Engine	Run Backend Tests	2026-07-27T13:28:41.0549261Z   ---
Check Backend & AI Engine	Run Backend Tests	2026-07-27T13:28:41.0549578Z   duration_ms: 3.954776
Check Backend & AI Engine	Run Backend Tests	2026-07-27T13:28:41.0550484Z   ...
Check Backend & AI Engine	Run Backend Tests	2026-07-27T13:28:41.0550916Z # Subtest: pull_request synchronize action queues review
Check Backend & AI Engine	Run Backend Tests	2026-07-27T13:28:41.0551456Z ok 962 - pull_request synchronize action queues review
Check Backend & AI Engine	Run Backend Tests	2026-07-27T13:28:41.0551749Z   ---
Check Backend & AI Engine	Run Backend Tests	2026-07-27T13:28:41.0552017Z   duration_ms: 0.350674
Check Backend & AI Engine	Run Backend Tests	2026-07-27T13:28:41.0552452Z   ...
Check Backend & AI Engine	Run Backend Tests	2026-07-27T13:28:41.0552927Z # Subtest: duplicate delivery ID is skipped (deduplication)
Check Backend & AI Engine	Run Backend Tests	2026-07-27T13:28:41.0553583Z ok 963 - duplicate delivery ID is skipped (deduplication)
Check Backend & AI Engine	Run Backend Tests	2026-07-27T13:28:41.0553895Z   ---
Check Backend & AI Engine	Run Backend Tests	2026-07-27T13:28:41.0554101Z   duration_ms: 0.213901
Check Backend & AI Engine	Run Backend Tests	2026-07-27T13:28:41.0554341Z   ...
Check Backend & AI Engine	Run Backend Tests	2026-07-27T13:28:41.0554669Z # Subtest: duplicate SHA within same PR is skipped
Check Backend & AI Engine	Run Backend Tests	2026-07-27T13:28:41.0555039Z ok 964 - duplicate SHA within same PR is skipped
Check Backend & AI Engine	Run Backend Tests	2026-07-27T13:28:41.0555345Z   ---
Check Backend & AI Engine	Run Backend Tests	2026-07-27T13:28:41.0555547Z   duration_ms: 0.208884
Check Backend & AI Engine	Run Backend Tests	2026-07-27T13:28:41.0555761Z   ...
Check Backend & AI Engine	Run Backend Tests	2026-07-27T13:28:41.0561476Z # Subtest: closed pull_request action returns success without queuing
Check Backend & AI Engine	Run Backend Tests	2026-07-27T13:28:41.0567684Z ok 965 - closed pull_request action returns success without queuing
Check Backend & AI Engine	Run Backend Tests	2026-07-27T13:28:41.0568176Z   ---
Check Backend & AI Engine	Run Backend Tests	2026-07-27T13:28:41.0568682Z   duration_ms: 0.177404
Check Backend & AI Engine	Run Backend Tests	2026-07-27T13:28:41.0569066Z   ...
Check Backend & AI Engine	Run Backend Tests	2026-07-27T13:28:41.0569959Z # Subtest: non-pull_request event (push) returns success without queuing
Check Backend & AI Engine	Run Backend Tests	2026-07-27T13:28:41.0579069Z ok 966 - non-pull_request event (push) returns success without queuing
Check Backend & AI Engine	Run Backend Tests	2026-07-27T13:28:41.0579632Z   ---
Check Backend & AI Engine	Run Backend Tests	2026-07-27T13:28:41.0580077Z   duration_ms: 0.156818
Check Backend & AI Engine	Run Backend Tests	2026-07-27T13:28:41.0580436Z   ...
Check Backend & AI Engine	Run Backend Tests	2026-07-27T13:28:41.0766251Z 1..966
Check Backend & AI Engine	Run Backend Tests	2026-07-27T13:28:41.0766809Z # tests 1001
Check Backend & AI Engine	Run Backend Tests	2026-07-27T13:28:41.0767096Z # suites 5
Check Backend & AI Engine	Run Backend Tests	2026-07-27T13:28:41.0767321Z # pass 1001
Check Backend & AI Engine	Run Backend Tests	2026-07-27T13:28:41.0767550Z # fail 0
Check Backend & AI Engine	Run Backend Tests	2026-07-27T13:28:41.0767770Z # cancelled 0
Check Backend & AI Engine	Run Backend Tests	2026-07-27T13:28:41.0768017Z # skipped 0
Check Backend & AI Engine	Run Backend Tests	2026-07-27T13:28:41.0768229Z # todo 0
Check Backend & AI Engine	Run Backend Tests	2026-07-27T13:28:41.0771101Z # duration_ms 33573.964915
Check Backend & AI Engine	Run Backend Tests	2026-07-27T13:28:41.0808017Z 🎉 All Tests Passed Successfully!
Check Backend & AI Engine	Run Backend Tests	2026-07-27T13:28:42.0687901Z -----------------------------|---------|----------|---------|---------|-----------------------------
Check Backend & AI Engine	Run Backend Tests	2026-07-27T13:28:42.0689115Z File                         | % Stmts | % Branch | % Funcs | % Lines | Uncovered Line #s           
Check Backend & AI Engine	Run Backend Tests	2026-07-27T13:28:42.0690255Z -----------------------------|---------|----------|---------|---------|-----------------------------
Check Backend & AI Engine	Run Backend Tests	2026-07-27T13:28:42.0691936Z All files                    |   85.33 |    82.19 |   85.71 |   85.33 |                             
Check Backend & AI Engine	Run Backend Tests	2026-07-27T13:28:42.0692741Z  config                      |   80.58 |    45.45 |     100 |   80.58 |                             
Check Backend & AI Engine	Run Backend Tests	2026-07-27T13:28:42.0693593Z   db.js                      |   80.58 |    45.45 |     100 |   80.58 | ...-30,42,62-64,66-67,78-85 
Check Backend & AI Engine	Run Backend Tests	2026-07-27T13:28:42.0694818Z  controllers                 |   86.11 |    88.88 |     100 |   86.11 |                             
Check Backend & AI Engine	Run Backend Tests	2026-07-27T13:28:42.0696020Z   streamController.js        |   86.11 |    88.88 |     100 |   86.11 | 31-35                       
Check Backend & AI Engine	Run Backend Tests	2026-07-27T13:28:42.0696827Z  middleware                  |     100 |      100 |     100 |     100 |                             
Check Backend & AI Engine	Run Backend Tests	2026-07-27T13:28:42.0697554Z   rateLimiter.js             |     100 |      100 |     100 |     100 |                             
Check Backend & AI Engine	Run Backend Tests	2026-07-27T13:28:42.0698275Z  models                      |   92.03 |      100 |       0 |   92.03 |                             
Check Backend & AI Engine	Run Backend Tests	2026-07-27T13:28:42.0699040Z   Analytics.js               |     100 |      100 |     100 |     100 |                             
Check Backend & AI Engine	Run Backend Tests	2026-07-27T13:28:42.0699780Z   Session.js                 |   83.17 |      100 |       0 |   83.17 | 7-14,86-95                  
Check Backend & AI Engine	Run Backend Tests	2026-07-27T13:28:42.0700982Z  prompts                     |     100 |      100 |     100 |     100 |                             
Check Backend & AI Engine	Run Backend Tests	2026-07-27T13:28:42.0701738Z   deltaReviewPrompt.js       |     100 |      100 |     100 |     100 |                             
Check Backend & AI Engine	Run Backend Tests	2026-07-27T13:28:42.0702502Z  routes                      |     100 |      100 |     100 |     100 |                             
Check Backend & AI Engine	Run Backend Tests	2026-07-27T13:28:42.0703233Z   apiReference.js            |     100 |      100 |     100 |     100 |                             
Check Backend & AI Engine	Run Backend Tests	2026-07-27T13:28:42.0703981Z  services                    |   53.84 |      100 |       0 |   53.84 |                             
Check Backend & AI Engine	Run Backend Tests	2026-07-27T13:28:42.0704741Z   gitDeltaService.js         |   53.84 |      100 |       0 |   53.84 | 13-15,25-39                 
Check Backend & AI Engine	Run Backend Tests	2026-07-27T13:28:42.0705473Z  shared                      |   72.72 |       25 |     100 |   72.72 |                             
Check Backend & AI Engine	Run Backend Tests	2026-07-27T13:28:42.0706212Z   dangerousPhrases.js        |   72.72 |       25 |     100 |   72.72 | 13-18                       
Check Backend & AI Engine	Run Backend Tests	2026-07-27T13:28:42.0706960Z  utils                       |   85.21 |    83.05 |   87.85 |   85.21 |                             
Check Backend & AI Engine	Run Backend Tests	2026-07-27T13:28:42.0707707Z   analysisCache.js           |   69.32 |    74.54 |   72.22 |   69.32 | ...,295-298,346-347,393-394 
Check Backend & AI Engine	Run Backend Tests	2026-07-27T13:28:42.0708481Z   analyticsStore.js          |      90 |    77.77 |     100 |      90 | ...9-72,76-77,79-80,116-117 
Check Backend & AI Engine	Run Backend Tests	2026-07-27T13:28:42.0709247Z   authMiddleware.js          |    86.3 |       80 |      80 |    86.3 | 6-7,24-26,31-39,77-78,87-90 
Check Backend & AI Engine	Run Backend Tests	2026-07-27T13:28:42.0710166Z   circuitBreaker.js          |   88.46 |    93.54 |   85.71 |   88.46 | 45-48,57,91,98-103          
Check Backend & AI Engine	Run Backend Tests	2026-07-27T13:28:42.0711198Z   complexityAnalyzer.js      |    98.1 |    96.51 |     100 |    98.1 | 66-68,89                    
Check Backend & AI Engine	Run Backend Tests	2026-07-27T13:28:42.0711998Z   dedupStore.js              |   56.32 |    69.04 |   91.66 |   56.32 | ...,112-118,127-133,140-145 
Check Backend & AI Engine	Run Backend Tests	2026-07-27T13:28:42.0712749Z   diffParser.js              |     100 |    97.22 |     100 |     100 | 61                          
Check Backend & AI Engine	Run Backend Tests	2026-07-27T13:28:42.0713500Z   envVerifier.js             |     100 |      100 |     100 |     100 |                             
Check Backend & AI Engine	Run Backend Tests	2026-07-27T13:28:42.0714250Z   fileHelper.js              |      75 |       75 |     100 |      75 | ...2-43,51-58,87-88,104-105 
Check Backend & AI Engine	Run Backend Tests	2026-07-27T13:28:42.0715040Z   githubChecksIntegration.js |     100 |    92.85 |     100 |     100 | 14,23                       
Check Backend & AI Engine	Run Backend Tests	2026-07-27T13:28:42.0715854Z   globToRegex.js             |      70 |    66.66 |     100 |      70 | 7-9                         
Check Backend & AI Engine	Run Backend Tests	2026-07-27T13:28:42.0716613Z   ignoreHelper.js            |   96.47 |    86.15 |     100 |   96.47 | 100-101,124-125,164-165     
Check Backend & AI Engine	Run Backend Tests	2026-07-27T13:28:42.0717410Z   incrementalReviewer.js     |   65.71 |    84.21 |      75 |   65.71 | 56-57,60-82,93-94,109-129   
Check Backend & AI Engine	Run Backend Tests	2026-07-27T13:28:42.0718210Z   mockAIReview.js            |   94.06 |    74.19 |     100 |   94.06 | 70-76                       
Check Backend & AI Engine	Run Backend Tests	2026-07-27T13:28:42.0718985Z   nPlusOneDetector.js        |    14.7 |       50 |     100 |    14.7 | 5-33                        
Check Backend & AI Engine	Run Backend Tests	2026-07-27T13:28:42.0719751Z   notebookParser.js          |   93.52 |    84.84 |     100 |   93.52 | 64-66,83-84,93,116-118      
Check Backend & AI Engine	Run Backend Tests	2026-07-27T13:28:42.0720665Z   redisSafe.js               |     100 |      100 |     100 |     100 |                             
Check Backend & AI Engine	Run Backend Tests	2026-07-27T13:28:42.0721422Z   repoReader.js              |   92.24 |    87.03 |     100 |   92.24 | 90-91,115-116,211-226       
Check Backend & AI Engine	Run Backend Tests	2026-07-27T13:28:42.0722096Z   reportGenerator.js         |     100 |     87.5 |     100 |     100 | 38,95-99,122                
Check Backend & AI Engine	Run Backend Tests	2026-07-27T13:28:42.0722850Z   repositoryAnalyzer.js      |   82.81 |    71.42 |     100 |   82.81 | ...,60,64-65,71,73-74,84-85 
Check Backend & AI Engine	Run Backend Tests	2026-07-27T13:28:42.0723670Z   reviewQueue.js             |      70 |    81.25 |    62.5 |      70 | ...-113,140,152-154,169-177 
Check Backend & AI Engine	Run Backend Tests	2026-07-27T13:28:42.0724393Z   reviewTracker.js           |   97.87 |       85 |     100 |   97.87 | 41-42                       
Check Backend & AI Engine	Run Backend Tests	2026-07-27T13:28:42.0725192Z   sanitizeFileContent.js     |   76.31 |      100 |   66.66 |   76.31 | 30-38                       
Check Backend & AI Engine	Run Backend Tests	2026-07-27T13:28:42.0726176Z   secretScrubber.js          |    80.7 |       70 |      50 |    80.7 | 21-23,42,44-50              
Check Backend & AI Engine	Run Backend Tests	2026-07-27T13:28:42.0726928Z   secretsScanner.js          |   88.34 |    72.09 |     100 |   88.34 | ...,177-180,183-186,197-198 
Check Backend & AI Engine	Run Backend Tests	2026-07-27T13:28:42.0727555Z   severityConfig.js          |     100 |    98.11 |     100 |     100 | 20                          
Check Backend & AI Engine	Run Backend Tests	2026-07-27T13:28:42.0728304Z   signatureVerifier.js       |     100 |    91.66 |     100 |     100 | 9                           
Check Backend & AI Engine	Run Backend Tests	2026-07-27T13:28:42.0728831Z   skipConstants.js           |     100 |      100 |     100 |     100 |                             
Check Backend & AI Engine	Run Backend Tests	2026-07-27T13:28:42.0729692Z   tokenValidator.js          |     100 |      100 |     100 |     100 |                             
Check Backend & AI Engine	Run Backend Tests	2026-07-27T13:28:42.0730511Z   urlValidator.js            |   84.84 |    61.25 |   83.33 |   84.84 | ...9-60,70-74,93-94,125-132 
Check Backend & AI Engine	Run Backend Tests	2026-07-27T13:28:42.0731277Z -----------------------------|---------|----------|---------|---------|-----------------------------
Check Backend & AI Engine	Set up Python	﻿2026-07-27T13:28:42.0888514Z Node 20 is being deprecated. This workflow is running with Node 24 by default. If you need to temporarily use Node 20, you can set the ACTIONS_ALLOW_USE_UNSECURE_NODE_VERSION=true environment variable. For more information see: https://github.blog/changelog/2025-09-19-deprecation-of-node-20-on-github-actions-runners/
Check Backend & AI Engine	Set up Python	2026-07-27T13:28:42.0889593Z ##[group]Run actions/setup-python@v5
Check Backend & AI Engine	Set up Python	2026-07-27T13:28:42.0890593Z with:
Check Backend & AI Engine	Set up Python	2026-07-27T13:28:42.0890813Z   python-version: 3.11
Check Backend & AI Engine	Set up Python	2026-07-27T13:28:42.0891032Z   cache: pip
Check Backend & AI Engine	Set up Python	2026-07-27T13:28:42.0891283Z   cache-dependency-path: ai-engine/requirements.txt
Check Backend & AI Engine	Set up Python	2026-07-27T13:28:42.0891707Z   check-latest: false
Check Backend & AI Engine	Set up Python	2026-07-27T13:28:42.0894312Z   token: ***
Check Backend & AI Engine	Set up Python	2026-07-27T13:28:42.0894548Z   update-environment: true
Check Backend & AI Engine	Set up Python	2026-07-27T13:28:42.0894791Z   allow-prereleases: false
Check Backend & AI Engine	Set up Python	2026-07-27T13:28:42.0895018Z   freethreaded: false
Check Backend & AI Engine	Set up Python	2026-07-27T13:28:42.0895234Z ##[endgroup]
Check Backend & AI Engine	Set up Python	2026-07-27T13:28:42.2205259Z ##[group]Installed versions
Check Backend & AI Engine	Set up Python	2026-07-27T13:28:42.3854444Z (node:3624) [DEP0040] DeprecationWarning: The `punycode` module is deprecated. Please use a userland alternative instead.
Check Backend & AI Engine	Set up Python	2026-07-27T13:28:42.3855703Z (Use `node --trace-deprecation ...` to show where the warning was created)
Check Backend & AI Engine	Set up Python	2026-07-27T13:28:42.3856451Z Successfully set up CPython (3.11.15)
Check Backend & AI Engine	Set up Python	2026-07-27T13:28:42.3857149Z ##[endgroup]
Check Backend & AI Engine	Set up Python	2026-07-27T13:28:42.4196816Z [command]/opt/hostedtoolcache/Python/3.11.15/x64/bin/pip cache dir
Check Backend & AI Engine	Set up Python	2026-07-27T13:28:44.2079355Z /home/runner/.cache/pip
Check Backend & AI Engine	Set up Python	2026-07-27T13:28:44.3461058Z Cache hit for: setup-python-Linux-x64-24.04-Ubuntu-python-3.11.15-pip-9c5d31556c46e0ebdb91b7b6054fd6f4df377165f291de93f2a05db62e176a47
Check Backend & AI Engine	Set up Python	2026-07-27T13:28:44.3547086Z (node:3624) [DEP0169] DeprecationWarning: `url.parse()` behavior is not standardized and prone to errors that have security implications. Use the WHATWG URL API instead. CVEs are not issued for `url.parse()` vulnerabilities.
Check Backend & AI Engine	Set up Python	2026-07-27T13:28:45.4540099Z Received 173637346 of 173637346 (100.0%), 166.6 MBs/sec
Check Backend & AI Engine	Set up Python	2026-07-27T13:28:45.4542337Z Cache Size: ~166 MB (173637346 B)
Check Backend & AI Engine	Set up Python	2026-07-27T13:28:45.4600272Z [command]/usr/bin/tar -xf /home/runner/work/_temp/97db492c-5527-4fc8-90fc-f1fea3bdd6b3/cache.tzst -P -C /home/runner/work/ai-code-reviewer/ai-code-reviewer --use-compress-program unzstd
Check Backend & AI Engine	Set up Python	2026-07-27T13:28:45.6537689Z Cache restored successfully
Check Backend & AI Engine	Set up Python	2026-07-27T13:28:45.6605845Z Cache restored from key: setup-python-Linux-x64-24.04-Ubuntu-python-3.11.15-pip-9c5d31556c46e0ebdb91b7b6054fd6f4df377165f291de93f2a05db62e176a47
Check Backend & AI Engine	Install AI Engine Dependencies	﻿2026-07-27T13:28:45.6747970Z ##[group]Run cd ai-engine
Check Backend & AI Engine	Install AI Engine Dependencies	2026-07-27T13:28:45.6748279Z ^[[36;1mcd ai-engine^[[0m
Check Backend & AI Engine	Install AI Engine Dependencies	2026-07-27T13:28:45.6748655Z ^[[36;1mif [ -f requirements.txt ]; then pip install -r requirements.txt; fi^[[0m
Check Backend & AI Engine	Install AI Engine Dependencies	2026-07-27T13:28:45.6778314Z shell: /usr/bin/bash -e {0}
Check Backend & AI Engine	Install AI Engine Dependencies	2026-07-27T13:28:45.6778613Z env:
Check Backend & AI Engine	Install AI Engine Dependencies	2026-07-27T13:28:45.6778895Z   pythonLocation: /opt/hostedtoolcache/Python/3.11.15/x64
Check Backend & AI Engine	Install AI Engine Dependencies	2026-07-27T13:28:45.6779330Z   PKG_CONFIG_PATH: /opt/hostedtoolcache/Python/3.11.15/x64/lib/pkgconfig
Check Backend & AI Engine	Install AI Engine Dependencies	2026-07-27T13:28:45.6779740Z   Python_ROOT_DIR: /opt/hostedtoolcache/Python/3.11.15/x64
Check Backend & AI Engine	Install AI Engine Dependencies	2026-07-27T13:28:45.6780301Z   Python2_ROOT_DIR: /opt/hostedtoolcache/Python/3.11.15/x64
Check Backend & AI Engine	Install AI Engine Dependencies	2026-07-27T13:28:45.6780685Z   Python3_ROOT_DIR: /opt/hostedtoolcache/Python/3.11.15/x64
Check Backend & AI Engine	Install AI Engine Dependencies	2026-07-27T13:28:45.6781050Z   LD_LIBRARY_PATH: /opt/hostedtoolcache/Python/3.11.15/x64/lib
Check Backend & AI Engine	Install AI Engine Dependencies	2026-07-27T13:28:45.6781363Z ##[endgroup]
Check Backend & AI Engine	Install AI Engine Dependencies	2026-07-27T13:28:47.0413497Z Collecting fastapi==0.115.8 (from -r requirements.txt (line 1))
Check Backend & AI Engine	Install AI Engine Dependencies	2026-07-27T13:28:47.0425401Z   Using cached fastapi-0.115.8-py3-none-any.whl.metadata (27 kB)
Check Backend & AI Engine	Install AI Engine Dependencies	2026-07-27T13:28:47.0689637Z Collecting uvicorn==0.34.0 (from -r requirements.txt (line 2))
Check Backend & AI Engine	Install AI Engine Dependencies	2026-07-27T13:28:47.0702893Z   Using cached uvicorn-0.34.0-py3-none-any.whl.metadata (6.5 kB)
Check Backend & AI Engine	Install AI Engine Dependencies	2026-07-27T13:28:47.0810300Z Collecting groq==0.18.0 (from -r requirements.txt (line 3))
Check Backend & AI Engine	Install AI Engine Dependencies	2026-07-27T13:28:47.0823004Z   Using cached groq-0.18.0-py3-none-any.whl.metadata (14 kB)
Check Backend & AI Engine	Install AI Engine Dependencies	2026-07-27T13:28:47.0917749Z Collecting python-dotenv==1.0.1 (from -r requirements.txt (line 4))
Check Backend & AI Engine	Install AI Engine Dependencies	2026-07-27T13:28:47.0931244Z   Using cached python_dotenv-1.0.1-py3-none-any.whl.metadata (23 kB)
Check Backend & AI Engine	Install AI Engine Dependencies	2026-07-27T13:28:47.1639988Z Collecting pydantic==2.10.6 (from -r requirements.txt (line 5))
Check Backend & AI Engine	Install AI Engine Dependencies	2026-07-27T13:28:47.1651369Z   Using cached pydantic-2.10.6-py3-none-any.whl.metadata (30 kB)
Check Backend & AI Engine	Install AI Engine Dependencies	2026-07-27T13:28:47.1746498Z Collecting bleach==6.2.0 (from -r requirements.txt (line 6))
Check Backend & AI Engine	Install AI Engine Dependencies	2026-07-27T13:28:47.1759347Z   Using cached bleach-6.2.0-py3-none-any.whl.metadata (30 kB)
Check Backend & AI Engine	Install AI Engine Dependencies	2026-07-27T13:28:47.1845622Z Collecting tinycss2==1.4.0 (from -r requirements.txt (line 7))
Check Backend & AI Engine	Install AI Engine Dependencies	2026-07-27T13:28:47.1858000Z   Using cached tinycss2-1.4.0-py3-none-any.whl.metadata (3.0 kB)
Check Backend & AI Engine	Install AI Engine Dependencies	2026-07-27T13:28:47.2086157Z Collecting langchain-text-splitters==0.3.6 (from -r requirements.txt (line 8))
Check Backend & AI Engine	Install AI Engine Dependencies	2026-07-27T13:28:47.2098214Z   Using cached langchain_text_splitters-0.3.6-py3-none-any.whl.metadata (1.9 kB)
Check Backend & AI Engine	Install AI Engine Dependencies	2026-07-27T13:28:47.2285171Z Collecting chromadb==1.5.9 (from -r requirements.txt (line 9))
Check Backend & AI Engine	Install AI Engine Dependencies	2026-07-27T13:28:47.2297539Z   Using cached chromadb-1.5.9-cp39-abi3-manylinux_2_17_x86_64.manylinux2014_x86_64.whl.metadata (5.0 kB)
Check Backend & AI Engine	Install AI Engine Dependencies	2026-07-27T13:28:47.3609437Z Collecting numpy<2.0.0,>=1.22.5 (from -r requirements.txt (line 10))
Check Backend & AI Engine	Install AI Engine Dependencies	2026-07-27T13:28:47.3620899Z   Using cached numpy-1.26.4-cp311-cp311-manylinux_2_17_x86_64.manylinux2014_x86_64.whl.metadata (61 kB)
Check Backend & AI Engine	Install AI Engine Dependencies	2026-07-27T13:28:47.3849349Z Collecting pytest==8.3.4 (from -r requirements.txt (line 11))
Check Backend & AI Engine	Install AI Engine Dependencies	2026-07-27T13:28:47.3863010Z   Using cached pytest-8.3.4-py3-none-any.whl.metadata (7.5 kB)
Check Backend & AI Engine	Install AI Engine Dependencies	2026-07-27T13:28:47.3967026Z Collecting httpx==0.28.1 (from -r requirements.txt (line 12))
Check Backend & AI Engine	Install AI Engine Dependencies	2026-07-27T13:28:47.3978661Z   Using cached httpx-0.28.1-py3-none-any.whl.metadata (7.1 kB)
Check Backend & AI Engine	Install AI Engine Dependencies	2026-07-27T13:28:47.4068537Z Collecting pytest-cov==5.0.0 (from -r requirements.txt (line 13))
Check Backend & AI Engine	Install AI Engine Dependencies	2026-07-27T13:28:47.4080115Z   Using cached pytest_cov-5.0.0-py3-none-any.whl.metadata (27 kB)
Check Backend & AI Engine	Install AI Engine Dependencies	2026-07-27T13:28:47.4326258Z Collecting PyYAML==6.0.2 (from -r requirements.txt (line 14))
Check Backend & AI Engine	Install AI Engine Dependencies	2026-07-27T13:28:47.4337667Z   Using cached PyYAML-6.0.2-cp311-cp311-manylinux_2_17_x86_64.manylinux2014_x86_64.whl.metadata (2.1 kB)
Check Backend & AI Engine	Install AI Engine Dependencies	2026-07-27T13:28:47.4633842Z Collecting redis==5.2.1 (from -r requirements.txt (line 15))
Check Backend & AI Engine	Install AI Engine Dependencies	2026-07-27T13:28:47.4646910Z   Using cached redis-5.2.1-py3-none-any.whl.metadata (9.1 kB)
Check Backend & AI Engine	Install AI Engine Dependencies	2026-07-27T13:28:47.5030333Z Collecting tree-sitter==0.22.3 (from -r requirements.txt (line 16))
Check Backend & AI Engine	Install AI Engine Dependencies	2026-07-27T13:28:47.5040662Z   Using cached tree_sitter-0.22.3-cp311-cp311-manylinux_2_17_x86_64.manylinux2014_x86_64.whl.metadata (10 kB)
Check Backend & AI Engine	Install AI Engine Dependencies	2026-07-27T13:28:47.5129042Z Collecting tree-sitter-python==0.21.0 (from -r requirements.txt (line 17))
Check Backend & AI Engine	Install AI Engine Dependencies	2026-07-27T13:28:47.5141531Z   Using cached tree_sitter_python-0.21.0-cp38-abi3-manylinux_2_5_x86_64.manylinux1_x86_64.manylinux_2_17_x86_64.manylinux2014_x86_64.whl.metadata (1.8 kB)
Check Backend & AI Engine	Install AI Engine Dependencies	2026-07-27T13:28:47.5217417Z Collecting tree-sitter-javascript==0.21.2 (from -r requirements.txt (line 18))
Check Backend & AI Engine	Install AI Engine Dependencies	2026-07-27T13:28:47.5229785Z   Using cached tree_sitter_javascript-0.21.2-cp38-abi3-manylinux_2_5_x86_64.manylinux1_x86_64.manylinux_2_17_x86_64.manylinux2014_x86_64.whl.metadata (1.9 kB)
Check Backend & AI Engine	Install AI Engine Dependencies	2026-07-27T13:28:47.5488875Z Collecting langgraph>=0.2.0 (from -r requirements.txt (line 19))
Check Backend & AI Engine	Install AI Engine Dependencies	2026-07-27T13:28:47.5501964Z   Using cached langgraph-1.2.9-py3-none-any.whl.metadata (4.9 kB)
Check Backend & AI Engine	Install AI Engine Dependencies	2026-07-27T13:28:47.5647892Z Collecting starlette<0.46.0,>=0.40.0 (from fastapi==0.115.8->-r requirements.txt (line 1))
Check Backend & AI Engine	Install AI Engine Dependencies	2026-07-27T13:28:47.5660724Z   Using cached starlette-0.45.3-py3-none-any.whl.metadata (6.3 kB)
Check Backend & AI Engine	Install AI Engine Dependencies	2026-07-27T13:28:47.5776862Z Collecting typing-extensions>=4.8.0 (from fastapi==0.115.8->-r requirements.txt (line 1))
Check Backend & AI Engine	Install AI Engine Dependencies	2026-07-27T13:28:47.5789155Z   Using cached typing_extensions-4.16.0-py3-none-any.whl.metadata (3.3 kB)
Check Backend & AI Engine	Install AI Engine Dependencies	2026-07-27T13:28:47.5865010Z Collecting annotated-types>=0.6.0 (from pydantic==2.10.6->-r requirements.txt (line 5))
Check Backend & AI Engine	Install AI Engine Dependencies	2026-07-27T13:28:47.5877480Z   Using cached annotated_types-0.8.0-py3-none-any.whl.metadata (15 kB)
Check Backend & AI Engine	Install AI Engine Dependencies	2026-07-27T13:28:48.0416705Z Collecting pydantic-core==2.27.2 (from pydantic==2.10.6->-r requirements.txt (line 5))
Check Backend & AI Engine	Install AI Engine Dependencies	2026-07-27T13:28:48.0429067Z   Using cached pydantic_core-2.27.2-cp311-cp311-manylinux_2_17_x86_64.manylinux2014_x86_64.whl.metadata (6.6 kB)
Check Backend & AI Engine	Install AI Engine Dependencies	2026-07-27T13:28:48.0546060Z Collecting click>=7.0 (from uvicorn==0.34.0->-r requirements.txt (line 2))
Check Backend & AI Engine	Install AI Engine Dependencies	2026-07-27T13:28:48.0558983Z   Using cached click-8.4.2-py3-none-any.whl.metadata (2.6 kB)
Check Backend & AI Engine	Install AI Engine Dependencies	2026-07-27T13:28:48.0625960Z Collecting h11>=0.8 (from uvicorn==0.34.0->-r requirements.txt (line 2))
Check Backend & AI Engine	Install AI Engine Dependencies	2026-07-27T13:28:48.0638225Z   Using cached h11-0.16.0-py3-none-any.whl.metadata (8.3 kB)
Check Backend & AI Engine	Install AI Engine Dependencies	2026-07-27T13:28:48.0754948Z Collecting anyio<5,>=3.5.0 (from groq==0.18.0->-r requirements.txt (line 3))
Check Backend & AI Engine	Install AI Engine Dependencies	2026-07-27T13:28:48.0767445Z   Using cached anyio-4.14.2-py3-none-any.whl.metadata (4.6 kB)
Check Backend & AI Engine	Install AI Engine Dependencies	2026-07-27T13:28:48.0836405Z Collecting distro<2,>=1.7.0 (from groq==0.18.0->-r requirements.txt (line 3))
Check Backend & AI Engine	Install AI Engine Dependencies	2026-07-27T13:28:48.0848605Z   Using cached distro-1.9.0-py3-none-any.whl.metadata (6.8 kB)
Check Backend & AI Engine	Install AI Engine Dependencies	2026-07-27T13:28:48.0925908Z Collecting sniffio (from groq==0.18.0->-r requirements.txt (line 3))
Check Backend & AI Engine	Install AI Engine Dependencies	2026-07-27T13:28:48.0938027Z   Using cached sniffio-1.3.1-py3-none-any.whl.metadata (3.9 kB)
Check Backend & AI Engine	Install AI Engine Dependencies	2026-07-27T13:28:48.1065088Z Collecting certifi (from httpx==0.28.1->-r requirements.txt (line 12))
Check Backend & AI Engine	Install AI Engine Dependencies	2026-07-27T13:28:48.1077396Z   Using cached certifi-2026.7.22-py3-none-any.whl.metadata (2.5 kB)
Check Backend & AI Engine	Install AI Engine Dependencies	2026-07-27T13:28:48.1172746Z Collecting httpcore==1.* (from httpx==0.28.1->-r requirements.txt (line 12))
Check Backend & AI Engine	Install AI Engine Dependencies	2026-07-27T13:28:48.1184913Z   Using cached httpcore-1.0.9-py3-none-any.whl.metadata (21 kB)
Check Backend & AI Engine	Install AI Engine Dependencies	2026-07-27T13:28:48.1287214Z Collecting idna (from httpx==0.28.1->-r requirements.txt (line 12))
Check Backend & AI Engine	Install AI Engine Dependencies	2026-07-27T13:28:48.1299515Z   Using cached idna-3.18-py3-none-any.whl.metadata (6.1 kB)
Check Backend & AI Engine	Install AI Engine Dependencies	2026-07-27T13:28:48.1370546Z Collecting webencodings (from bleach==6.2.0->-r requirements.txt (line 6))
Check Backend & AI Engine	Install AI Engine Dependencies	2026-07-27T13:28:48.1382703Z   Using cached webencodings-0.5.1-py2.py3-none-any.whl.metadata (2.1 kB)
Check Backend & AI Engine	Install AI Engine Dependencies	2026-07-27T13:28:48.1637193Z Collecting langchain-core<1.0.0,>=0.3.34 (from langchain-text-splitters==0.3.6->-r requirements.txt (line 8))
Check Backend & AI Engine	Install AI Engine Dependencies	2026-07-27T13:28:48.1649344Z   Using cached langchain_core-0.3.86-py3-none-any.whl.metadata (3.2 kB)
Check Backend & AI Engine	Install AI Engine Dependencies	2026-07-27T13:28:48.1739490Z Collecting build>=1.0.3 (from chromadb==1.5.9->-r requirements.txt (line 9))
Check Backend & AI Engine	Install AI Engine Dependencies	2026-07-27T13:28:48.1752587Z   Using cached build-1.5.0-py3-none-any.whl.metadata (5.7 kB)
Check Backend & AI Engine	Install AI Engine Dependencies	2026-07-27T13:28:48.2026454Z Collecting pydantic-settings>=2.0 (from chromadb==1.5.9->-r requirements.txt (line 9))
Check Backend & AI Engine	Install AI Engine Dependencies	2026-07-27T13:28:48.2038147Z   Using cached pydantic_settings-2.14.2-py3-none-any.whl.metadata (3.4 kB)
Check Backend & AI Engine	Install AI Engine Dependencies	2026-07-27T13:28:48.2816964Z Collecting pybase64>=1.4.1 (from chromadb==1.5.9->-r requirements.txt (line 9))
Check Backend & AI Engine	Install AI Engine Dependencies	2026-07-27T13:28:48.2830394Z   Using cached pybase64-1.4.3-cp311-cp311-manylinux1_x86_64.manylinux2014_x86_64.manylinux_2_17_x86_64.manylinux_2_5_x86_64.whl.metadata (8.7 kB)
Check Backend & AI Engine	Install AI Engine Dependencies	2026-07-27T13:28:48.3278136Z Collecting onnxruntime>=1.14.1 (from chromadb==1.5.9->-r requirements.txt (line 9))
Check Backend & AI Engine	Install AI Engine Dependencies	2026-07-27T13:28:48.3291062Z   Using cached onnxruntime-1.28.0-cp311-cp311-manylinux_2_27_x86_64.manylinux_2_28_x86_64.whl.metadata (5.5 kB)
Check Backend & AI Engine	Install AI Engine Dependencies	2026-07-27T13:28:48.3422955Z Collecting opentelemetry-api>=1.2.0 (from chromadb==1.5.9->-r requirements.txt (line 9))
Check Backend & AI Engine	Install AI Engine Dependencies	2026-07-27T13:28:48.3435292Z   Using cached opentelemetry_api-1.44.0-py3-none-any.whl.metadata (1.4 kB)
Check Backend & AI Engine	Install AI Engine Dependencies	2026-07-27T13:28:48.3544515Z Collecting opentelemetry-exporter-otlp-proto-grpc>=1.2.0 (from chromadb==1.5.9->-r requirements.txt (line 9))
Check Backend & AI Engine	Install AI Engine Dependencies	2026-07-27T13:28:48.3558172Z   Using cached opentelemetry_exporter_otlp_proto_grpc-1.44.0-py3-none-any.whl.metadata (2.6 kB)
Check Backend & AI Engine	Install AI Engine Dependencies	2026-07-27T13:28:48.3682057Z Collecting opentelemetry-sdk>=1.2.0 (from chromadb==1.5.9->-r requirements.txt (line 9))
Check Backend & AI Engine	Install AI Engine Dependencies	2026-07-27T13:28:48.3694697Z   Using cached opentelemetry_sdk-1.44.0-py3-none-any.whl.metadata (1.6 kB)
Check Backend & AI Engine	Install AI Engine Dependencies	2026-07-27T13:28:48.4615304Z Collecting tokenizers>=0.13.2 (from chromadb==1.5.9->-r requirements.txt (line 9))
Check Backend & AI Engine	Install AI Engine Dependencies	2026-07-27T13:28:48.4628099Z   Using cached tokenizers-0.23.1-cp310-abi3-manylinux_2_17_x86_64.manylinux2014_x86_64.whl.metadata (9.8 kB)
Check Backend & AI Engine	Install AI Engine Dependencies	2026-07-27T13:28:48.4752041Z Collecting pypika>=0.48.9 (from chromadb==1.5.9->-r requirements.txt (line 9))
Check Backend & AI Engine	Install AI Engine Dependencies	2026-07-27T13:28:48.4764690Z   Using cached pypika-0.51.1-py2.py3-none-any.whl.metadata (51 kB)
Check Backend & AI Engine	Install AI Engine Dependencies	2026-07-27T13:28:48.4955967Z Collecting tqdm>=4.65.0 (from chromadb==1.5.9->-r requirements.txt (line 9))
Check Backend & AI Engine	Install AI Engine Dependencies	2026-07-27T13:28:48.5449536Z   Downloading tqdm-4.70.0-py3-none-any.whl.metadata (57 kB)
Check Backend & AI Engine	Install AI Engine Dependencies	2026-07-27T13:28:48.5738029Z Collecting overrides>=7.3.1 (from chromadb==1.5.9->-r requirements.txt (line 9))
Check Backend & AI Engine	Install AI Engine Dependencies	2026-07-27T13:28:48.5750174Z   Using cached overrides-7.7.0-py3-none-any.whl.metadata (5.8 kB)
Check Backend & AI Engine	Install AI Engine Dependencies	2026-07-27T13:28:48.5876456Z Collecting importlib-resources (from chromadb==1.5.9->-r requirements.txt (line 9))
Check Backend & AI Engine	Install AI Engine Dependencies	2026-07-27T13:28:48.5889224Z   Using cached importlib_resources-7.1.0-py3-none-any.whl.metadata (4.0 kB)
Check Backend & AI Engine	Install AI Engine Dependencies	2026-07-27T13:28:48.9334326Z Collecting grpcio>=1.58.0 (from chromadb==1.5.9->-r requirements.txt (line 9))
Check Backend & AI Engine	Install AI Engine Dependencies	2026-07-27T13:28:48.9347690Z   Using cached grpcio-1.83.0-cp311-cp311-manylinux2014_x86_64.manylinux_2_17_x86_64.whl.metadata (3.7 kB)
Check Backend & AI Engine	Install AI Engine Dependencies	2026-07-27T13:28:48.9698541Z Collecting bcrypt>=4.0.1 (from chromadb==1.5.9->-r requirements.txt (line 9))
Check Backend & AI Engine	Install AI Engine Dependencies	2026-07-27T13:28:48.9709648Z   Using cached bcrypt-5.0.0-cp39-abi3-manylinux_2_34_x86_64.whl.metadata (10 kB)
Check Backend & AI Engine	Install AI Engine Dependencies	2026-07-27T13:28:48.9839600Z Collecting typer>=0.9.0 (from chromadb==1.5.9->-r requirements.txt (line 9))
Check Backend & AI Engine	Install AI Engine Dependencies	2026-07-27T13:28:48.9852773Z   Using cached typer-0.27.0-py3-none-any.whl.metadata (15 kB)
Check Backend & AI Engine	Install AI Engine Dependencies	2026-07-27T13:28:48.9995941Z Collecting kubernetes>=28.1.0 (from chromadb==1.5.9->-r requirements.txt (line 9))
Check Backend & AI Engine	Install AI Engine Dependencies	2026-07-27T13:28:49.0008973Z   Using cached kubernetes-36.0.3-py2.py3-none-any.whl.metadata (1.8 kB)
Check Backend & AI Engine	Install AI Engine Dependencies	2026-07-27T13:28:49.0321523Z Collecting tenacity>=8.2.3 (from chromadb==1.5.9->-r requirements.txt (line 9))
Check Backend & AI Engine	Install AI Engine Dependencies	2026-07-27T13:28:49.0332718Z   Using cached tenacity-9.1.4-py3-none-any.whl.metadata (1.2 kB)
Check Backend & AI Engine	Install AI Engine Dependencies	2026-07-27T13:28:49.0638899Z Collecting mmh3>=4.0.1 (from chromadb==1.5.9->-r requirements.txt (line 9))
Check Backend & AI Engine	Install AI Engine Dependencies	2026-07-27T13:28:49.0650405Z   Using cached mmh3-5.2.1-cp311-cp311-manylinux1_x86_64.manylinux_2_28_x86_64.manylinux_2_5_x86_64.whl.metadata (14 kB)
Check Backend & AI Engine	Install AI Engine Dependencies	2026-07-27T13:28:49.2262381Z Collecting orjson>=3.9.12 (from chromadb==1.5.9->-r requirements.txt (line 9))
Check Backend & AI Engine	Install AI Engine Dependencies	2026-07-27T13:28:49.2275134Z   Using cached orjson-3.11.9-cp311-cp311-manylinux_2_17_x86_64.manylinux2014_x86_64.whl.metadata (41 kB)
Check Backend & AI Engine	Install AI Engine Dependencies	2026-07-27T13:28:49.2489406Z Collecting rich>=10.11.0 (from chromadb==1.5.9->-r requirements.txt (line 9))
Check Backend & AI Engine	Install AI Engine Dependencies	2026-07-27T13:28:49.2501776Z   Using cached rich-15.0.0-py3-none-any.whl.metadata (18 kB)
Check Backend & AI Engine	Install AI Engine Dependencies	2026-07-27T13:28:49.2636735Z Collecting jsonschema>=4.19.0 (from chromadb==1.5.9->-r requirements.txt (line 9))
Check Backend & AI Engine	Install AI Engine Dependencies	2026-07-27T13:28:49.2648573Z   Using cached jsonschema-4.26.0-py3-none-any.whl.metadata (7.6 kB)
Check Backend & AI Engine	Install AI Engine Dependencies	2026-07-27T13:28:49.2728088Z Collecting iniconfig (from pytest==8.3.4->-r requirements.txt (line 11))
Check Backend & AI Engine	Install AI Engine Dependencies	2026-07-27T13:28:49.2739943Z   Using cached iniconfig-2.3.0-py3-none-any.whl.metadata (2.5 kB)
Check Backend & AI Engine	Install AI Engine Dependencies	2026-07-27T13:28:49.2840473Z Collecting packaging (from pytest==8.3.4->-r requirements.txt (line 11))
Check Backend & AI Engine	Install AI Engine Dependencies	2026-07-27T13:28:49.2852524Z   Using cached packaging-26.2-py3-none-any.whl.metadata (3.5 kB)
Check Backend & AI Engine	Install AI Engine Dependencies	2026-07-27T13:28:49.2929248Z Collecting pluggy<2,>=1.5 (from pytest==8.3.4->-r requirements.txt (line 11))
Check Backend & AI Engine	Install AI Engine Dependencies	2026-07-27T13:28:49.2940934Z   Using cached pluggy-1.6.0-py3-none-any.whl.metadata (4.8 kB)
Check Backend & AI Engine	Install AI Engine Dependencies	2026-07-27T13:28:49.5829654Z Collecting coverage>=5.2.1 (from coverage[toml]>=5.2.1->pytest-cov==5.0.0->-r requirements.txt (line 13))
Check Backend & AI Engine	Install AI Engine Dependencies	2026-07-27T13:28:49.5843463Z   Using cached coverage-7.15.2-cp311-cp311-manylinux1_x86_64.manylinux_2_28_x86_64.manylinux_2_5_x86_64.whl.metadata (8.6 kB)
Check Backend & AI Engine	Install AI Engine Dependencies	2026-07-27T13:28:49.6468992Z Collecting langsmith<1.0.0,>=0.3.45 (from langchain-core<1.0.0,>=0.3.34->langchain-text-splitters==0.3.6->-r requirements.txt (line 8))
Check Backend & AI Engine	Install AI Engine Dependencies	2026-07-27T13:28:49.6480058Z   Using cached langsmith-0.10.10-py3-none-any.whl.metadata (22 kB)
Check Backend & AI Engine	Install AI Engine Dependencies	2026-07-27T13:28:49.6609040Z Collecting jsonpatch<2.0.0,>=1.33.0 (from langchain-core<1.0.0,>=0.3.34->langchain-text-splitters==0.3.6->-r requirements.txt (line 8))
Check Backend & AI Engine	Install AI Engine Dependencies	2026-07-27T13:28:49.6620777Z   Using cached jsonpatch-1.33-py2.py3-none-any.whl.metadata (3.0 kB)
Check Backend & AI Engine	Install AI Engine Dependencies	2026-07-27T13:28:49.6651389Z Collecting packaging (from pytest==8.3.4->-r requirements.txt (line 11))
Check Backend & AI Engine	Install AI Engine Dependencies	2026-07-27T13:28:49.6664099Z   Using cached packaging-25.0-py3-none-any.whl.metadata (3.3 kB)
Check Backend & AI Engine	Install AI Engine Dependencies	2026-07-27T13:28:49.7627522Z Collecting uuid-utils<1.0,>=0.12.0 (from langchain-core<1.0.0,>=0.3.34->langchain-text-splitters==0.3.6->-r requirements.txt (line 8))
Check Backend & AI Engine	Install AI Engine Dependencies	2026-07-27T13:28:49.7637740Z   Using cached uuid_utils-0.17.0-cp311-cp311-manylinux_2_17_x86_64.manylinux2014_x86_64.whl.metadata (6.4 kB)
Check Backend & AI Engine	Install AI Engine Dependencies	2026-07-27T13:28:49.7722110Z Collecting jsonpointer>=1.9 (from jsonpatch<2.0.0,>=1.33.0->langchain-core<1.0.0,>=0.3.34->langchain-text-splitters==0.3.6->-r requirements.txt (line 8))
Check Backend & AI Engine	Install AI Engine Dependencies	2026-07-27T13:28:49.7733769Z   Using cached jsonpointer-3.1.1-py3-none-any.whl.metadata (2.4 kB)
Check Backend & AI Engine	Install AI Engine Dependencies	2026-07-27T13:28:49.7839597Z Collecting requests-toolbelt>=1.0.0 (from langsmith<1.0.0,>=0.3.45->langchain-core<1.0.0,>=0.3.34->langchain-text-splitters==0.3.6->-r requirements.txt (line 8))
Check Backend & AI Engine	Install AI Engine Dependencies	2026-07-27T13:28:49.7851393Z   Using cached requests_toolbelt-1.0.0-py2.py3-none-any.whl.metadata (14 kB)
Check Backend & AI Engine	Install AI Engine Dependencies	2026-07-27T13:28:49.8027299Z Collecting requests>=2.0.0 (from langsmith<1.0.0,>=0.3.45->langchain-core<1.0.0,>=0.3.34->langchain-text-splitters==0.3.6->-r requirements.txt (line 8))
Check Backend & AI Engine	Install AI Engine Dependencies	2026-07-27T13:28:49.8038832Z   Using cached requests-2.34.2-py3-none-any.whl.metadata (4.8 kB)
Check Backend & AI Engine	Install AI Engine Dependencies	2026-07-27T13:28:49.8673539Z Collecting websockets>=15.0 (from langsmith<1.0.0,>=0.3.45->langchain-core<1.0.0,>=0.3.34->langchain-text-splitters==0.3.6->-r requirements.txt (line 8))
Check Backend & AI Engine	Install AI Engine Dependencies	2026-07-27T13:28:49.8684846Z   Using cached websockets-16.1.1-cp311-cp311-manylinux1_x86_64.manylinux_2_28_x86_64.manylinux_2_5_x86_64.whl.metadata (6.8 kB)
Check Backend & AI Engine	Install AI Engine Dependencies	2026-07-27T13:28:49.9441118Z Collecting xxhash>=3.0.0 (from langsmith<1.0.0,>=0.3.45->langchain-core<1.0.0,>=0.3.34->langchain-text-splitters==0.3.6->-r requirements.txt (line 8))
Check Backend & AI Engine	Install AI Engine Dependencies	2026-07-27T13:28:49.9451756Z   Using cached xxhash-3.8.1-cp311-cp311-manylinux2014_x86_64.manylinux_2_17_x86_64.manylinux_2_28_x86_64.whl.metadata (15 kB)
Check Backend & AI Engine	Install AI Engine Dependencies	2026-07-27T13:28:49.9888561Z Collecting zstandard>=0.23.0 (from langsmith<1.0.0,>=0.3.45->langchain-core<1.0.0,>=0.3.34->langchain-text-splitters==0.3.6->-r requirements.txt (line 8))
Check Backend & AI Engine	Install AI Engine Dependencies	2026-07-27T13:28:49.9898842Z   Using cached zstandard-0.25.0-cp311-cp311-manylinux2014_x86_64.manylinux_2_17_x86_64.whl.metadata (3.3 kB)
Check Backend & AI Engine	Install AI Engine Dependencies	2026-07-27T13:28:49.9980936Z INFO: pip is looking at multiple versions of langgraph to determine which version is compatible with other requirements. This could take a while.
Check Backend & AI Engine	Install AI Engine Dependencies	2026-07-27T13:28:49.9983874Z Collecting langgraph>=0.2.0 (from -r requirements.txt (line 19))
Check Backend & AI Engine	Install AI Engine Dependencies	2026-07-27T13:28:49.9996190Z   Using cached langgraph-1.2.8-py3-none-any.whl.metadata (4.9 kB)
Check Backend & AI Engine	Install AI Engine Dependencies	2026-07-27T13:28:50.0021086Z   Using cached langgraph-1.2.7-py3-none-any.whl.metadata (4.9 kB)
Check Backend & AI Engine	Install AI Engine Dependencies	2026-07-27T13:28:50.0044471Z   Using cached langgraph-1.2.6-py3-none-any.whl.metadata (4.9 kB)
Check Backend & AI Engine	Install AI Engine Dependencies	2026-07-27T13:28:50.0068684Z   Using cached langgraph-1.2.5-py3-none-any.whl.metadata (8.0 kB)
Check Backend & AI Engine	Install AI Engine Dependencies	2026-07-27T13:28:50.0094290Z   Using cached langgraph-1.2.4-py3-none-any.whl.metadata (8.0 kB)
Check Backend & AI Engine	Install AI Engine Dependencies	2026-07-27T13:28:50.0136178Z   Using cached langgraph-1.2.2-py3-none-any.whl.metadata (8.0 kB)
Check Backend & AI Engine	Install AI Engine Dependencies	2026-07-27T13:28:50.0161582Z   Using cached langgraph-1.2.1-py3-none-any.whl.metadata (8.0 kB)
Check Backend & AI Engine	Install AI Engine Dependencies	2026-07-27T13:28:50.0176440Z INFO: pip is still looking at multiple versions of langgraph to determine which version is compatible with other requirements. This could take a while.
Check Backend & AI Engine	Install AI Engine Dependencies	2026-07-27T13:28:50.0189629Z   Using cached langgraph-1.2.0-py3-none-any.whl.metadata (8.0 kB)
Check Backend & AI Engine	Install AI Engine Dependencies	2026-07-27T13:28:50.0215446Z   Using cached langgraph-1.1.10-py3-none-any.whl.metadata (8.0 kB)
Check Backend & AI Engine	Install AI Engine Dependencies	2026-07-27T13:28:50.0257336Z   Using cached langgraph-1.1.9-py3-none-any.whl.metadata (8.0 kB)
Check Backend & AI Engine	Install AI Engine Dependencies	2026-07-27T13:28:50.0282767Z   Using cached langgraph-1.1.8-py3-none-any.whl.metadata (8.0 kB)
Check Backend & AI Engine	Install AI Engine Dependencies	2026-07-27T13:28:50.0307954Z   Using cached langgraph-1.1.6-py3-none-any.whl.metadata (8.0 kB)
Check Backend & AI Engine	Install AI Engine Dependencies	2026-07-27T13:28:50.0439608Z Collecting langgraph-checkpoint<5.0.0,>=2.1.0 (from langgraph>=0.2.0->-r requirements.txt (line 19))
Check Backend & AI Engine	Install AI Engine Dependencies	2026-07-27T13:28:50.0452058Z   Using cached langgraph_checkpoint-4.1.1-py3-none-any.whl.metadata (5.2 kB)
Check Backend & AI Engine	Install AI Engine Dependencies	2026-07-27T13:28:50.0558727Z Collecting langgraph-prebuilt<1.1.0,>=1.0.9 (from langgraph>=0.2.0->-r requirements.txt (line 19))
Check Backend & AI Engine	Install AI Engine Dependencies	2026-07-27T13:28:50.0571687Z   Using cached langgraph_prebuilt-1.0.13-py3-none-any.whl.metadata (5.2 kB)
Check Backend & AI Engine	Install AI Engine Dependencies	2026-07-27T13:28:50.0694374Z Collecting langgraph-sdk<0.4.0,>=0.3.0 (from langgraph>=0.2.0->-r requirements.txt (line 19))
Check Backend & AI Engine	Install AI Engine Dependencies	2026-07-27T13:28:50.0706244Z   Using cached langgraph_sdk-0.3.15-py3-none-any.whl.metadata (1.7 kB)
Check Backend & AI Engine	Install AI Engine Dependencies	2026-07-27T13:28:50.1286772Z Collecting ormsgpack>=1.12.0 (from langgraph-checkpoint<5.0.0,>=2.1.0->langgraph>=0.2.0->-r requirements.txt (line 19))
Check Backend & AI Engine	Install AI Engine Dependencies	2026-07-27T13:28:50.1300645Z   Using cached ormsgpack-1.12.2-cp311-cp311-manylinux_2_17_x86_64.manylinux2014_x86_64.whl.metadata (3.2 kB)
Check Backend & AI Engine	Install AI Engine Dependencies	2026-07-27T13:28:50.1331480Z INFO: pip is looking at multiple versions of langgraph-prebuilt to determine which version is compatible with other requirements. This could take a while.
Check Backend & AI Engine	Install AI Engine Dependencies	2026-07-27T13:28:50.1334629Z Collecting langgraph-prebuilt<1.1.0,>=1.0.9 (from langgraph>=0.2.0->-r requirements.txt (line 19))
Check Backend & AI Engine	Install AI Engine Dependencies	2026-07-27T13:28:50.1346397Z   Using cached langgraph_prebuilt-1.0.12-py3-none-any.whl.metadata (5.2 kB)
Check Backend & AI Engine	Install AI Engine Dependencies	2026-07-27T13:28:50.1371275Z   Using cached langgraph_prebuilt-1.0.11-py3-none-any.whl.metadata (5.2 kB)
Check Backend & AI Engine	Install AI Engine Dependencies	2026-07-27T13:28:50.1395951Z   Using cached langgraph_prebuilt-1.0.10-py3-none-any.whl.metadata (5.2 kB)
Check Backend & AI Engine	Install AI Engine Dependencies	2026-07-27T13:28:50.1435504Z   Using cached langgraph_prebuilt-1.0.9-py3-none-any.whl.metadata (5.2 kB)
Check Backend & AI Engine	Install AI Engine Dependencies	2026-07-27T13:28:50.1452492Z Collecting langgraph-checkpoint<5.0.0,>=2.1.0 (from langgraph>=0.2.0->-r requirements.txt (line 19))
Check Backend & AI Engine	Install AI Engine Dependencies	2026-07-27T13:28:50.1464304Z   Using cached langgraph_checkpoint-4.1.0-py3-none-any.whl.metadata (5.2 kB)
Check Backend & AI Engine	Install AI Engine Dependencies	2026-07-27T13:28:50.1496744Z INFO: pip is still looking at multiple versions of langgraph-prebuilt to determine which version is compatible with other requirements. This could take a while.
Check Backend & AI Engine	Install AI Engine Dependencies	2026-07-27T13:28:50.1522262Z INFO: This is taking longer than usual. You might need to provide the dependency resolver with stricter constraints to reduce runtime. See https://pip.pypa.io/warnings/backtracking for guidance. If you want to abort this run, press Ctrl + C.
Check Backend & AI Engine	Install AI Engine Dependencies	2026-07-27T13:28:50.1543020Z Collecting langgraph>=0.2.0 (from -r requirements.txt (line 19))
Check Backend & AI Engine	Install AI Engine Dependencies	2026-07-27T13:28:50.1554739Z   Using cached langgraph-1.1.5-py3-none-any.whl.metadata (8.0 kB)
Check Backend & AI Engine	Install AI Engine Dependencies	2026-07-27T13:28:50.1580857Z INFO: This is taking longer than usual. You might need to provide the dependency resolver with stricter constraints to reduce runtime. See https://pip.pypa.io/warnings/backtracking for guidance. If you want to abort this run, press Ctrl + C.
Check Backend & AI Engine	Install AI Engine Dependencies	2026-07-27T13:28:50.1619523Z   Using cached langgraph-1.1.4-py3-none-any.whl.metadata (7.4 kB)
Check Backend & AI Engine	Install AI Engine Dependencies	2026-07-27T13:28:50.1656076Z Collecting langgraph-prebuilt<1.1.0,>=1.0.8 (from langgraph>=0.2.0->-r requirements.txt (line 19))
Check Backend & AI Engine	Install AI Engine Dependencies	2026-07-27T13:28:50.1667910Z   Using cached langgraph_prebuilt-1.0.8-py3-none-any.whl.metadata (5.2 kB)
Check Backend & AI Engine	Install AI Engine Dependencies	2026-07-27T13:28:50.1704946Z Collecting langgraph>=0.2.0 (from -r requirements.txt (line 19))
Check Backend & AI Engine	Install AI Engine Dependencies	2026-07-27T13:28:50.1716881Z   Using cached langgraph-1.1.3-py3-none-any.whl.metadata (7.4 kB)
Check Backend & AI Engine	Install AI Engine Dependencies	2026-07-27T13:28:50.1781535Z   Using cached langgraph-1.1.2-py3-none-any.whl.metadata (7.4 kB)
Check Backend & AI Engine	Install AI Engine Dependencies	2026-07-27T13:28:50.1845456Z   Using cached langgraph-1.1.1-py3-none-any.whl.metadata (7.4 kB)
Check Backend & AI Engine	Install AI Engine Dependencies	2026-07-27T13:28:50.1909482Z   Using cached langgraph-1.1.0-py3-none-any.whl.metadata (7.4 kB)
Check Backend & AI Engine	Install AI Engine Dependencies	2026-07-27T13:28:50.1973879Z   Using cached langgraph-1.0.10-py3-none-any.whl.metadata (7.4 kB)
Check Backend & AI Engine	Install AI Engine Dependencies	2026-07-27T13:28:50.2038667Z   Using cached langgraph-1.0.9-py3-none-any.whl.metadata (7.4 kB)
Check Backend & AI Engine	Install AI Engine Dependencies	2026-07-27T13:28:50.2102898Z   Using cached langgraph-1.0.8-py3-none-any.whl.metadata (7.4 kB)
Check Backend & AI Engine	Install AI Engine Dependencies	2026-07-27T13:28:50.2141585Z Collecting langgraph-prebuilt<1.1.0,>=1.0.7 (from langgraph>=0.2.0->-r requirements.txt (line 19))
Check Backend & AI Engine	Install AI Engine Dependencies	2026-07-27T13:28:50.2153510Z   Using cached langgraph_prebuilt-1.0.7-py3-none-any.whl.metadata (5.2 kB)
Check Backend & AI Engine	Install AI Engine Dependencies	2026-07-27T13:28:50.2191331Z Collecting langgraph>=0.2.0 (from -r requirements.txt (line 19))
Check Backend & AI Engine	Install AI Engine Dependencies	2026-07-27T13:28:50.2204375Z   Using cached langgraph-1.0.7-py3-none-any.whl.metadata (7.4 kB)
Check Backend & AI Engine	Install AI Engine Dependencies	2026-07-27T13:28:50.2270397Z   Using cached langgraph-1.0.6-py3-none-any.whl.metadata (7.4 kB)
Check Backend & AI Engine	Install AI Engine Dependencies	2026-07-27T13:28:50.2312168Z Collecting langgraph-prebuilt<1.1.0,>=1.0.2 (from langgraph>=0.2.0->-r requirements.txt (line 19))
Check Backend & AI Engine	Install AI Engine Dependencies	2026-07-27T13:28:50.2324152Z   Using cached langgraph_prebuilt-1.0.6-py3-none-any.whl.metadata (5.2 kB)
Check Backend & AI Engine	Install AI Engine Dependencies	2026-07-27T13:28:50.2348225Z   Using cached langgraph_prebuilt-1.0.5-py3-none-any.whl.metadata (5.2 kB)
Check Backend & AI Engine	Install AI Engine Dependencies	2026-07-27T13:28:50.2373418Z   Using cached langgraph_prebuilt-1.0.4-py3-none-any.whl.metadata (5.2 kB)
Check Backend & AI Engine	Install AI Engine Dependencies	2026-07-27T13:28:50.2397383Z   Using cached langgraph_prebuilt-1.0.3-py3-none-any.whl.metadata (5.2 kB)
Check Backend & AI Engine	Install AI Engine Dependencies	2026-07-27T13:28:50.2422647Z   Using cached langgraph_prebuilt-1.0.2-py3-none-any.whl.metadata (5.0 kB)
Check Backend & AI Engine	Install AI Engine Dependencies	2026-07-27T13:28:50.2460786Z Collecting langgraph>=0.2.0 (from -r requirements.txt (line 19))
Check Backend & AI Engine	Install AI Engine Dependencies	2026-07-27T13:28:50.2472767Z   Using cached langgraph-1.0.5-py3-none-any.whl.metadata (7.4 kB)
Check Backend & AI Engine	Install AI Engine Dependencies	2026-07-27T13:28:50.2493566Z Collecting langgraph-checkpoint<4.0.0,>=2.1.0 (from langgraph>=0.2.0->-r requirements.txt (line 19))
Check Backend & AI Engine	Install AI Engine Dependencies	2026-07-27T13:28:50.2505703Z   Using cached langgraph_checkpoint-3.0.1-py3-none-any.whl.metadata (4.7 kB)
Check Backend & AI Engine	Install AI Engine Dependencies	2026-07-27T13:28:50.2566372Z Collecting langgraph>=0.2.0 (from -r requirements.txt (line 19))
Check Backend & AI Engine	Install AI Engine Dependencies	2026-07-27T13:28:50.2578407Z   Using cached langgraph-1.0.4-py3-none-any.whl.metadata (7.8 kB)
Check Backend & AI Engine	Install AI Engine Dependencies	2026-07-27T13:28:50.2605690Z Collecting langgraph-sdk<0.3.0,>=0.2.2 (from langgraph>=0.2.0->-r requirements.txt (line 19))
Check Backend & AI Engine	Install AI Engine Dependencies	2026-07-27T13:28:50.2617927Z   Using cached langgraph_sdk-0.2.15-py3-none-any.whl.metadata (1.6 kB)
Check Backend & AI Engine	Install AI Engine Dependencies	2026-07-27T13:28:50.2676958Z Collecting langgraph>=0.2.0 (from -r requirements.txt (line 19))
Check Backend & AI Engine	Install AI Engine Dependencies	2026-07-27T13:28:50.2689230Z   Using cached langgraph-1.0.3-py3-none-any.whl.metadata (7.8 kB)
Check Backend & AI Engine	Install AI Engine Dependencies	2026-07-27T13:28:50.2764699Z   Using cached langgraph-1.0.2-py3-none-any.whl.metadata (7.4 kB)
Check Backend & AI Engine	Install AI Engine Dependencies	2026-07-27T13:28:50.2840249Z   Using cached langgraph-1.0.1-py3-none-any.whl.metadata (7.4 kB)
Check Backend & AI Engine	Install AI Engine Dependencies	2026-07-27T13:28:50.2889542Z Collecting langgraph-prebuilt<1.1.0,>=1.0.0 (from langgraph>=0.2.0->-r requirements.txt (line 19))
Check Backend & AI Engine	Install AI Engine Dependencies	2026-07-27T13:28:50.2901683Z   Using cached langgraph_prebuilt-1.0.1-py3-none-any.whl.metadata (5.0 kB)
Check Backend & AI Engine	Install AI Engine Dependencies	2026-07-27T13:28:50.3079035Z Collecting pyproject_hooks (from build>=1.0.3->chromadb==1.5.9->-r requirements.txt (line 9))
Check Backend & AI Engine	Install AI Engine Dependencies	2026-07-27T13:28:50.3090666Z   Using cached pyproject_hooks-1.2.0-py3-none-any.whl.metadata (1.3 kB)
Check Backend & AI Engine	Install AI Engine Dependencies	2026-07-27T13:28:50.3224992Z Collecting attrs>=22.2.0 (from jsonschema>=4.19.0->chromadb==1.5.9->-r requirements.txt (line 9))
Check Backend & AI Engine	Install AI Engine Dependencies	2026-07-27T13:28:50.3237643Z   Using cached attrs-26.1.0-py3-none-any.whl.metadata (8.8 kB)
Check Backend & AI Engine	Install AI Engine Dependencies	2026-07-27T13:28:50.3528534Z Collecting jsonschema-specifications>=2023.03.6 (from jsonschema>=4.19.0->chromadb==1.5.9->-r requirements.txt (line 9))
Check Backend & AI Engine	Install AI Engine Dependencies	2026-07-27T13:28:50.3540408Z   Using cached jsonschema_specifications-2025.9.1-py3-none-any.whl.metadata (2.9 kB)
Check Backend & AI Engine	Install AI Engine Dependencies	2026-07-27T13:28:50.3666496Z Collecting referencing>=0.28.4 (from jsonschema>=4.19.0->chromadb==1.5.9->-r requirements.txt (line 9))
Check Backend & AI Engine	Install AI Engine Dependencies	2026-07-27T13:28:50.3678582Z   Using cached referencing-0.37.0-py3-none-any.whl.metadata (2.8 kB)
Check Backend & AI Engine	Install AI Engine Dependencies	2026-07-27T13:28:50.5767499Z Collecting rpds-py>=0.25.0 (from jsonschema>=4.19.0->chromadb==1.5.9->-r requirements.txt (line 9))
Check Backend & AI Engine	Install AI Engine Dependencies	2026-07-27T13:28:50.5780052Z   Using cached rpds_py-2026.6.3-cp311-cp311-manylinux_2_17_x86_64.manylinux2014_x86_64.whl.metadata (4.1 kB)
Check Backend & AI Engine	Install AI Engine Dependencies	2026-07-27T13:28:50.6014180Z Collecting six>=1.9.0 (from kubernetes>=28.1.0->chromadb==1.5.9->-r requirements.txt (line 9))
Check Backend & AI Engine	Install AI Engine Dependencies	2026-07-27T13:28:50.6026069Z   Using cached six-1.17.0-py2.py3-none-any.whl.metadata (1.7 kB)
Check Backend & AI Engine	Install AI Engine Dependencies	2026-07-27T13:28:50.6104717Z Collecting python-dateutil>=2.5.3 (from kubernetes>=28.1.0->chromadb==1.5.9->-r requirements.txt (line 9))
Check Backend & AI Engine	Install AI Engine Dependencies	2026-07-27T13:28:50.6116549Z   Using cached python_dateutil-2.9.0.post0-py2.py3-none-any.whl.metadata (8.4 kB)
Check Backend & AI Engine	Install AI Engine Dependencies	2026-07-27T13:28:50.6133716Z INFO: pip is looking at multiple versions of kubernetes to determine which version is compatible with other requirements. This could take a while.
Check Backend & AI Engine	Install AI Engine Dependencies	2026-07-27T13:28:50.6137031Z Collecting kubernetes>=28.1.0 (from chromadb==1.5.9->-r requirements.txt (line 9))
Check Backend & AI Engine	Install AI Engine Dependencies	2026-07-27T13:28:50.6149016Z   Using cached kubernetes-36.0.2-py2.py3-none-any.whl.metadata (1.8 kB)
Check Backend & AI Engine	Install AI Engine Dependencies	2026-07-27T13:28:50.6175760Z   Using cached kubernetes-36.0.1-py2.py3-none-any.whl.metadata (1.8 kB)
Check Backend & AI Engine	Install AI Engine Dependencies	2026-07-27T13:28:50.6202949Z   Using cached kubernetes-36.0.0-py2.py3-none-any.whl.metadata (1.8 kB)
Check Backend & AI Engine	Install AI Engine Dependencies	2026-07-27T13:28:50.6327781Z Collecting websocket-client!=0.40.0,!=0.41.*,!=0.42.*,>=0.32.0 (from kubernetes>=28.1.0->chromadb==1.5.9->-r requirements.txt (line 9))
Check Backend & AI Engine	Install AI Engine Dependencies	2026-07-27T13:28:50.6340372Z   Using cached websocket_client-1.9.0-py3-none-any.whl.metadata (8.3 kB)
Check Backend & AI Engine	Install AI Engine Dependencies	2026-07-27T13:28:50.6424733Z Collecting requests-oauthlib (from kubernetes>=28.1.0->chromadb==1.5.9->-r requirements.txt (line 9))
Check Backend & AI Engine	Install AI Engine Dependencies	2026-07-27T13:28:50.6437662Z   Using cached requests_oauthlib-2.0.0-py2.py3-none-any.whl.metadata (11 kB)
Check Backend & AI Engine	Install AI Engine Dependencies	2026-07-27T13:28:50.6581518Z Collecting urllib3!=2.6.0,>=1.24.2 (from kubernetes>=28.1.0->chromadb==1.5.9->-r requirements.txt (line 9))
Check Backend & AI Engine	Install AI Engine Dependencies	2026-07-27T13:28:50.6593371Z   Using cached urllib3-2.7.0-py3-none-any.whl.metadata (6.9 kB)
Check Backend & AI Engine	Install AI Engine Dependencies	2026-07-27T13:28:50.6667070Z Collecting durationpy>=0.7 (from kubernetes>=28.1.0->chromadb==1.5.9->-r requirements.txt (line 9))
Check Backend & AI Engine	Install AI Engine Dependencies	2026-07-27T13:28:50.6678668Z   Using cached durationpy-0.10-py3-none-any.whl.metadata (340 bytes)
Check Backend & AI Engine	Install AI Engine Dependencies	2026-07-27T13:28:51.0398227Z Collecting aiohttp<4.0.0,>=3.9.0 (from kubernetes>=28.1.0->chromadb==1.5.9->-r requirements.txt (line 9))
Check Backend & AI Engine	Install AI Engine Dependencies	2026-07-27T13:28:51.0410022Z   Using cached aiohttp-3.14.3-cp311-cp311-manylinux2014_x86_64.manylinux_2_17_x86_64.manylinux_2_28_x86_64.whl.metadata (8.3 kB)
Check Backend & AI Engine	Install AI Engine Dependencies	2026-07-27T13:28:51.0521729Z Collecting aiohappyeyeballs>=2.5.0 (from aiohttp<4.0.0,>=3.9.0->kubernetes>=28.1.0->chromadb==1.5.9->-r requirements.txt (line 9))
Check Backend & AI Engine	Install AI Engine Dependencies	2026-07-27T13:28:51.0533481Z   Using cached aiohappyeyeballs-2.7.1-py3-none-any.whl.metadata (5.9 kB)
Check Backend & AI Engine	Install AI Engine Dependencies	2026-07-27T13:28:51.0599664Z Collecting aiosignal>=1.4.0 (from aiohttp<4.0.0,>=3.9.0->kubernetes>=28.1.0->chromadb==1.5.9->-r requirements.txt (line 9))
Check Backend & AI Engine	Install AI Engine Dependencies	2026-07-27T13:28:51.0612828Z   Using cached aiosignal-1.4.0-py3-none-any.whl.metadata (3.7 kB)
Check Backend & AI Engine	Install AI Engine Dependencies	2026-07-27T13:28:51.1071477Z Collecting frozenlist>=1.1.1 (from aiohttp<4.0.0,>=3.9.0->kubernetes>=28.1.0->chromadb==1.5.9->-r requirements.txt (line 9))
Check Backend & AI Engine	Install AI Engine Dependencies	2026-07-27T13:28:51.1081789Z   Using cached frozenlist-1.8.0-cp311-cp311-manylinux1_x86_64.manylinux_2_28_x86_64.manylinux_2_5_x86_64.whl.metadata (20 kB)
Check Backend & AI Engine	Install AI Engine Dependencies	2026-07-27T13:28:51.2530368Z Collecting multidict<7.0,>=4.5 (from aiohttp<4.0.0,>=3.9.0->kubernetes>=28.1.0->chromadb==1.5.9->-r requirements.txt (line 9))
Check Backend & AI Engine	Install AI Engine Dependencies	2026-07-27T13:28:51.2542067Z   Using cached multidict-6.7.1-cp311-cp311-manylinux2014_x86_64.manylinux_2_17_x86_64.manylinux_2_28_x86_64.whl.metadata (5.3 kB)
Check Backend & AI Engine	Install AI Engine Dependencies	2026-07-27T13:28:51.3296114Z Collecting propcache>=0.2.0 (from aiohttp<4.0.0,>=3.9.0->kubernetes>=28.1.0->chromadb==1.5.9->-r requirements.txt (line 9))
Check Backend & AI Engine	Install AI Engine Dependencies	2026-07-27T13:28:51.3308522Z   Using cached propcache-0.5.2-cp311-cp311-manylinux2014_x86_64.manylinux_2_17_x86_64.manylinux_2_28_x86_64.whl.metadata (16 kB)
Check Backend & AI Engine	Install AI Engine Dependencies	2026-07-27T13:28:51.5014246Z Collecting yarl<2.0,>=1.17.0 (from aiohttp<4.0.0,>=3.9.0->kubernetes>=28.1.0->chromadb==1.5.9->-r requirements.txt (line 9))
Check Backend & AI Engine	Install AI Engine Dependencies	2026-07-27T13:28:51.5025873Z   Using cached yarl-1.24.5-cp311-cp311-manylinux2014_x86_64.manylinux_2_17_x86_64.manylinux_2_28_x86_64.whl.metadata (103 kB)
Check Backend & AI Engine	Install AI Engine Dependencies	2026-07-27T13:28:51.5272418Z Collecting flatbuffers (from onnxruntime>=1.14.1->chromadb==1.5.9->-r requirements.txt (line 9))
Check Backend & AI Engine	Install AI Engine Dependencies	2026-07-27T13:28:51.5283949Z   Using cached flatbuffers-25.12.19-py2.py3-none-any.whl.metadata (1.0 kB)
Check Backend & AI Engine	Install AI Engine Dependencies	2026-07-27T13:28:51.6261760Z Collecting protobuf>=4.25.8 (from onnxruntime>=1.14.1->chromadb==1.5.9->-r requirements.txt (line 9))
Check Backend & AI Engine	Install AI Engine Dependencies	2026-07-27T13:28:51.6274843Z   Using cached protobuf-7.35.1-cp310-abi3-manylinux2014_x86_64.whl.metadata (595 bytes)
Check Backend & AI Engine	Install AI Engine Dependencies	2026-07-27T13:28:51.6406050Z Collecting googleapis-common-protos~=1.57 (from opentelemetry-exporter-otlp-proto-grpc>=1.2.0->chromadb==1.5.9->-r requirements.txt (line 9))
Check Backend & AI Engine	Install AI Engine Dependencies	2026-07-27T13:28:51.6418888Z   Using cached googleapis_common_protos-1.75.0-py3-none-any.whl.metadata (8.6 kB)
Check Backend & AI Engine	Install AI Engine Dependencies	2026-07-27T13:28:51.6550769Z Collecting opentelemetry-exporter-otlp-proto-common==1.44.0 (from opentelemetry-exporter-otlp-proto-grpc>=1.2.0->chromadb==1.5.9->-r requirements.txt (line 9))
Check Backend & AI Engine	Install AI Engine Dependencies	2026-07-27T13:28:51.6563097Z   Using cached opentelemetry_exporter_otlp_proto_common-1.44.0-py3-none-any.whl.metadata (1.8 kB)
Check Backend & AI Engine	Install AI Engine Dependencies	2026-07-27T13:28:51.6664922Z Collecting opentelemetry-proto==1.44.0 (from opentelemetry-exporter-otlp-proto-grpc>=1.2.0->chromadb==1.5.9->-r requirements.txt (line 9))
Check Backend & AI Engine	Install AI Engine Dependencies	2026-07-27T13:28:51.6678235Z   Using cached opentelemetry_proto-1.44.0-py3-none-any.whl.metadata (2.3 kB)
Check Backend & AI Engine	Install AI Engine Dependencies	2026-07-27T13:28:51.6870773Z Collecting opentelemetry-semantic-conventions==0.65b0 (from opentelemetry-sdk>=1.2.0->chromadb==1.5.9->-r requirements.txt (line 9))
Check Backend & AI Engine	Install AI Engine Dependencies	2026-07-27T13:28:51.6882514Z   Using cached opentelemetry_semantic_conventions-0.65b0-py3-none-any.whl.metadata (2.4 kB)
Check Backend & AI Engine	Install AI Engine Dependencies	2026-07-27T13:28:51.7015862Z Collecting typing-inspection>=0.4.0 (from pydantic-settings>=2.0->chromadb==1.5.9->-r requirements.txt (line 9))
Check Backend & AI Engine	Install AI Engine Dependencies	2026-07-27T13:28:51.7027509Z   Using cached typing_inspection-0.4.2-py3-none-any.whl.metadata (2.6 kB)
Check Backend & AI Engine	Install AI Engine Dependencies	2026-07-27T13:28:51.8185754Z Collecting charset_normalizer<4,>=2 (from requests>=2.0.0->langsmith<1.0.0,>=0.3.45->langchain-core<1.0.0,>=0.3.34->langchain-text-splitters==0.3.6->-r requirements.txt (line 8))
Check Backend & AI Engine	Install AI Engine Dependencies	2026-07-27T13:28:51.8197886Z   Using cached charset_normalizer-3.4.9-cp311-cp311-manylinux2014_x86_64.manylinux_2_17_x86_64.manylinux_2_28_x86_64.whl.metadata (41 kB)
Check Backend & AI Engine	Install AI Engine Dependencies	2026-07-27T13:28:51.8420488Z Collecting markdown-it-py>=2.2.0 (from rich>=10.11.0->chromadb==1.5.9->-r requirements.txt (line 9))
Check Backend & AI Engine	Install AI Engine Dependencies	2026-07-27T13:28:51.8433127Z   Using cached markdown_it_py-4.2.0-py3-none-any.whl.metadata (7.4 kB)
Check Backend & AI Engine	Install AI Engine Dependencies	2026-07-27T13:28:51.8566235Z Collecting pygments<3.0.0,>=2.13.0 (from rich>=10.11.0->chromadb==1.5.9->-r requirements.txt (line 9))
Check Backend & AI Engine	Install AI Engine Dependencies	2026-07-27T13:28:51.8578865Z   Using cached pygments-2.20.0-py3-none-any.whl.metadata (2.5 kB)
Check Backend & AI Engine	Install AI Engine Dependencies	2026-07-27T13:28:51.8660766Z Collecting mdurl~=0.1 (from markdown-it-py>=2.2.0->rich>=10.11.0->chromadb==1.5.9->-r requirements.txt (line 9))
Check Backend & AI Engine	Install AI Engine Dependencies	2026-07-27T13:28:51.8673311Z   Using cached mdurl-0.1.2-py3-none-any.whl.metadata (1.6 kB)
Check Backend & AI Engine	Install AI Engine Dependencies	2026-07-27T13:28:51.9017232Z Collecting huggingface-hub<2.0,>=0.16.4 (from tokenizers>=0.13.2->chromadb==1.5.9->-r requirements.txt (line 9))
Check Backend & AI Engine	Install AI Engine Dependencies	2026-07-27T13:28:51.9051747Z   Downloading huggingface_hub-1.25.1-py3-none-any.whl.metadata (16 kB)
Check Backend & AI Engine	Install AI Engine Dependencies	2026-07-27T13:28:51.9294538Z Collecting filelock>=3.10.0 (from huggingface-hub<2.0,>=0.16.4->tokenizers>=0.13.2->chromadb==1.5.9->-r requirements.txt (line 9))
Check Backend & AI Engine	Install AI Engine Dependencies	2026-07-27T13:28:51.9306823Z   Using cached filelock-3.32.0-py3-none-any.whl.metadata (2.0 kB)
Check Backend & AI Engine	Install AI Engine Dependencies	2026-07-27T13:28:51.9425200Z Collecting fsspec>=2023.5.0 (from huggingface-hub<2.0,>=0.16.4->tokenizers>=0.13.2->chromadb==1.5.9->-r requirements.txt (line 9))
Check Backend & AI Engine	Install AI Engine Dependencies	2026-07-27T13:28:51.9437501Z   Using cached fsspec-2026.6.0-py3-none-any.whl.metadata (10 kB)
Check Backend & AI Engine	Install AI Engine Dependencies	2026-07-27T13:28:51.9794501Z Collecting hf-xet<2.0.0,>=1.5.1 (from huggingface-hub<2.0,>=0.16.4->tokenizers>=0.13.2->chromadb==1.5.9->-r requirements.txt (line 9))
Check Backend & AI Engine	Install AI Engine Dependencies	2026-07-27T13:28:51.9807424Z   Using cached hf_xet-1.5.2-cp38-abi3-manylinux2014_x86_64.manylinux_2_17_x86_64.whl.metadata (4.9 kB)
Check Backend & AI Engine	Install AI Engine Dependencies	2026-07-27T13:28:51.9968540Z Collecting shellingham>=1.3.0 (from typer>=0.9.0->chromadb==1.5.9->-r requirements.txt (line 9))
Check Backend & AI Engine	Install AI Engine Dependencies	2026-07-27T13:28:51.9981560Z   Using cached shellingham-1.5.4-py2.py3-none-any.whl.metadata (3.5 kB)
Check Backend & AI Engine	Install AI Engine Dependencies	2026-07-27T13:28:52.0066358Z Collecting annotated-doc>=0.0.2 (from typer>=0.9.0->chromadb==1.5.9->-r requirements.txt (line 9))
Check Backend & AI Engine	Install AI Engine Dependencies	2026-07-27T13:28:52.0078827Z   Using cached annotated_doc-0.0.4-py3-none-any.whl.metadata (6.6 kB)
Check Backend & AI Engine	Install AI Engine Dependencies	2026-07-27T13:28:52.0325709Z Collecting httptools>=0.6.3 (from uvicorn[standard]>=0.18.3->chromadb==1.5.9->-r requirements.txt (line 9))
Check Backend & AI Engine	Install AI Engine Dependencies	2026-07-27T13:28:52.0337730Z   Using cached httptools-0.8.0-cp311-cp311-manylinux1_x86_64.manylinux_2_28_x86_64.manylinux_2_5_x86_64.whl.metadata (3.5 kB)
Check Backend & AI Engine	Install AI Engine Dependencies	2026-07-27T13:28:52.0592371Z Collecting uvloop!=0.15.0,!=0.15.1,>=0.14.0 (from uvicorn[standard]>=0.18.3->chromadb==1.5.9->-r requirements.txt (line 9))
Check Backend & AI Engine	Install AI Engine Dependencies	2026-07-27T13:28:52.0606221Z   Using cached uvloop-0.22.1-cp311-cp311-manylinux2014_x86_64.manylinux_2_17_x86_64.manylinux_2_28_x86_64.whl.metadata (4.9 kB)
Check Backend & AI Engine	Install AI Engine Dependencies	2026-07-27T13:28:52.1300541Z Collecting watchfiles>=0.13 (from uvicorn[standard]>=0.18.3->chromadb==1.5.9->-r requirements.txt (line 9))
Check Backend & AI Engine	Install AI Engine Dependencies	2026-07-27T13:28:52.1312406Z   Using cached watchfiles-1.2.0-cp311-cp311-manylinux_2_17_x86_64.manylinux2014_x86_64.whl.metadata (4.9 kB)
Check Backend & AI Engine	Install AI Engine Dependencies	2026-07-27T13:28:52.1498006Z Collecting oauthlib>=3.0.0 (from requests-oauthlib->kubernetes>=28.1.0->chromadb==1.5.9->-r requirements.txt (line 9))
Check Backend & AI Engine	Install AI Engine Dependencies	2026-07-27T13:28:52.1509127Z   Using cached oauthlib-3.3.1-py3-none-any.whl.metadata (7.9 kB)
Check Backend & AI Engine	Install AI Engine Dependencies	2026-07-27T13:28:52.1560309Z Using cached fastapi-0.115.8-py3-none-any.whl (94 kB)
Check Backend & AI Engine	Install AI Engine Dependencies	2026-07-27T13:28:52.1572425Z Using cached pydantic-2.10.6-py3-none-any.whl (431 kB)
Check Backend & AI Engine	Install AI Engine Dependencies	2026-07-27T13:28:52.1585764Z Using cached uvicorn-0.34.0-py3-none-any.whl (62 kB)
Check Backend & AI Engine	Install AI Engine Dependencies	2026-07-27T13:28:52.1597267Z Using cached groq-0.18.0-py3-none-any.whl (121 kB)
Check Backend & AI Engine	Install AI Engine Dependencies	2026-07-27T13:28:52.1608689Z Using cached httpx-0.28.1-py3-none-any.whl (73 kB)
Check Backend & AI Engine	Install AI Engine Dependencies	2026-07-27T13:28:52.1620334Z Using cached python_dotenv-1.0.1-py3-none-any.whl (19 kB)
Check Backend & AI Engine	Install AI Engine Dependencies	2026-07-27T13:28:52.1632636Z Using cached bleach-6.2.0-py3-none-any.whl (163 kB)
Check Backend & AI Engine	Install AI Engine Dependencies	2026-07-27T13:28:52.1644888Z Using cached tinycss2-1.4.0-py3-none-any.whl (26 kB)
Check Backend & AI Engine	Install AI Engine Dependencies	2026-07-27T13:28:52.1677973Z Using cached langchain_text_splitters-0.3.6-py3-none-any.whl (31 kB)
Check Backend & AI Engine	Install AI Engine Dependencies	2026-07-27T13:28:52.1680476Z Using cached chromadb-1.5.9-cp39-abi3-manylinux_2_17_x86_64.manylinux2014_x86_64.whl (23.3 MB)
Check Backend & AI Engine	Install AI Engine Dependencies	2026-07-27T13:28:52.1770710Z Using cached pytest-8.3.4-py3-none-any.whl (343 kB)
Check Backend & AI Engine	Install AI Engine Dependencies	2026-07-27T13:28:52.1784181Z Using cached pytest_cov-5.0.0-py3-none-any.whl (21 kB)
Check Backend & AI Engine	Install AI Engine Dependencies	2026-07-27T13:28:52.1796781Z Using cached PyYAML-6.0.2-cp311-cp311-manylinux_2_17_x86_64.manylinux2014_x86_64.whl (762 kB)
Check Backend & AI Engine	Install AI Engine Dependencies	2026-07-27T13:28:52.1811948Z Using cached redis-5.2.1-py3-none-any.whl (261 kB)
Check Backend & AI Engine	Install AI Engine Dependencies	2026-07-27T13:28:52.1825393Z Using cached tree_sitter-0.22.3-cp311-cp311-manylinux_2_17_x86_64.manylinux2014_x86_64.whl (544 kB)
Check Backend & AI Engine	Install AI Engine Dependencies	2026-07-27T13:28:52.1840723Z Using cached tree_sitter_python-0.21.0-cp38-abi3-manylinux_2_5_x86_64.manylinux1_x86_64.manylinux_2_17_x86_64.manylinux2014_x86_64.whl (130 kB)
Check Backend & AI Engine	Install AI Engine Dependencies	2026-07-27T13:28:52.1853704Z Using cached tree_sitter_javascript-0.21.2-cp38-abi3-manylinux_2_5_x86_64.manylinux1_x86_64.manylinux_2_17_x86_64.manylinux2014_x86_64.whl (111 kB)
Check Backend & AI Engine	Install AI Engine Dependencies	2026-07-27T13:28:52.1866155Z Using cached pydantic_core-2.27.2-cp311-cp311-manylinux_2_17_x86_64.manylinux2014_x86_64.whl (2.0 MB)
Check Backend & AI Engine	Install AI Engine Dependencies	2026-07-27T13:28:52.1885691Z Using cached numpy-1.26.4-cp311-cp311-manylinux_2_17_x86_64.manylinux2014_x86_64.whl (18.3 MB)
Check Backend & AI Engine	Install AI Engine Dependencies	2026-07-27T13:28:52.1958891Z Using cached anyio-4.14.2-py3-none-any.whl (125 kB)
Check Backend & AI Engine	Install AI Engine Dependencies	2026-07-27T13:28:52.1971435Z Using cached distro-1.9.0-py3-none-any.whl (20 kB)
Check Backend & AI Engine	Install AI Engine Dependencies	2026-07-27T13:28:52.1983401Z Using cached httpcore-1.0.9-py3-none-any.whl (78 kB)
Check Backend & AI Engine	Install AI Engine Dependencies	2026-07-27T13:28:52.1996164Z Using cached langchain_core-0.3.86-py3-none-any.whl (461 kB)
Check Backend & AI Engine	Install AI Engine Dependencies	2026-07-27T13:28:52.2010312Z Using cached jsonpatch-1.33-py2.py3-none-any.whl (12 kB)
Check Backend & AI Engine	Install AI Engine Dependencies	2026-07-27T13:28:52.2022311Z Using cached langsmith-0.10.10-py3-none-any.whl (675 kB)
Check Backend & AI Engine	Install AI Engine Dependencies	2026-07-27T13:28:52.2037095Z Using cached packaging-25.0-py3-none-any.whl (66 kB)
Check Backend & AI Engine	Install AI Engine Dependencies	2026-07-27T13:28:52.2048909Z Using cached pluggy-1.6.0-py3-none-any.whl (20 kB)
Check Backend & AI Engine	Install AI Engine Dependencies	2026-07-27T13:28:52.2060720Z Using cached starlette-0.45.3-py3-none-any.whl (71 kB)
Check Backend & AI Engine	Install AI Engine Dependencies	2026-07-27T13:28:52.2072833Z Using cached tenacity-9.1.4-py3-none-any.whl (28 kB)
Check Backend & AI Engine	Install AI Engine Dependencies	2026-07-27T13:28:52.2084801Z Using cached typing_extensions-4.16.0-py3-none-any.whl (45 kB)
Check Backend & AI Engine	Install AI Engine Dependencies	2026-07-27T13:28:52.2097252Z Using cached uuid_utils-0.17.0-cp311-cp311-manylinux_2_17_x86_64.manylinux2014_x86_64.whl (324 kB)
Check Backend & AI Engine	Install AI Engine Dependencies	2026-07-27T13:28:52.2110695Z Using cached langgraph-1.0.1-py3-none-any.whl (155 kB)
Check Backend & AI Engine	Install AI Engine Dependencies	2026-07-27T13:28:52.2123267Z Using cached langgraph_prebuilt-1.0.1-py3-none-any.whl (28 kB)
Check Backend & AI Engine	Install AI Engine Dependencies	2026-07-27T13:28:52.2135231Z Using cached langgraph_checkpoint-3.0.1-py3-none-any.whl (46 kB)
Check Backend & AI Engine	Install AI Engine Dependencies	2026-07-27T13:28:52.2147242Z Using cached langgraph_sdk-0.2.15-py3-none-any.whl (66 kB)
Check Backend & AI Engine	Install AI Engine Dependencies	2026-07-27T13:28:52.2159645Z Using cached annotated_types-0.8.0-py3-none-any.whl (13 kB)
Check Backend & AI Engine	Install AI Engine Dependencies	2026-07-27T13:28:52.2171796Z Using cached bcrypt-5.0.0-cp39-abi3-manylinux_2_34_x86_64.whl (278 kB)
Check Backend & AI Engine	Install AI Engine Dependencies	2026-07-27T13:28:52.2185032Z Using cached build-1.5.0-py3-none-any.whl (26 kB)
Check Backend & AI Engine	Install AI Engine Dependencies	2026-07-27T13:28:52.2197035Z Using cached click-8.4.2-py3-none-any.whl (119 kB)
Check Backend & AI Engine	Install AI Engine Dependencies	2026-07-27T13:28:52.2210134Z Using cached coverage-7.15.2-cp311-cp311-manylinux1_x86_64.manylinux_2_28_x86_64.manylinux_2_5_x86_64.whl (254 kB)
Check Backend & AI Engine	Install AI Engine Dependencies	2026-07-27T13:28:52.2223422Z Using cached grpcio-1.83.0-cp311-cp311-manylinux2014_x86_64.manylinux_2_17_x86_64.whl (7.1 MB)
Check Backend & AI Engine	Install AI Engine Dependencies	2026-07-27T13:28:52.2259206Z Using cached h11-0.16.0-py3-none-any.whl (37 kB)
Check Backend & AI Engine	Install AI Engine Dependencies	2026-07-27T13:28:52.2271355Z Using cached idna-3.18-py3-none-any.whl (65 kB)
Check Backend & AI Engine	Install AI Engine Dependencies	2026-07-27T13:28:52.2283506Z Using cached jsonpointer-3.1.1-py3-none-any.whl (7.7 kB)
Check Backend & AI Engine	Install AI Engine Dependencies	2026-07-27T13:28:52.2295283Z Using cached jsonschema-4.26.0-py3-none-any.whl (90 kB)
Check Backend & AI Engine	Install AI Engine Dependencies	2026-07-27T13:28:52.2307440Z Using cached attrs-26.1.0-py3-none-any.whl (67 kB)
Check Backend & AI Engine	Install AI Engine Dependencies	2026-07-27T13:28:52.2320111Z Using cached jsonschema_specifications-2025.9.1-py3-none-any.whl (18 kB)
Check Backend & AI Engine	Install AI Engine Dependencies	2026-07-27T13:28:52.2332097Z Using cached kubernetes-36.0.0-py2.py3-none-any.whl (4.7 MB)
Check Backend & AI Engine	Install AI Engine Dependencies	2026-07-27T13:28:52.2360946Z Using cached aiohttp-3.14.3-cp311-cp311-manylinux2014_x86_64.manylinux_2_17_x86_64.manylinux_2_28_x86_64.whl (1.8 MB)
Check Backend & AI Engine	Install AI Engine Dependencies	2026-07-27T13:28:52.2379485Z Using cached multidict-6.7.1-cp311-cp311-manylinux2014_x86_64.manylinux_2_17_x86_64.manylinux_2_28_x86_64.whl (246 kB)
Check Backend & AI Engine	Install AI Engine Dependencies	2026-07-27T13:28:52.2394214Z Using cached yarl-1.24.5-cp311-cp311-manylinux2014_x86_64.manylinux_2_17_x86_64.manylinux_2_28_x86_64.whl (111 kB)
Check Backend & AI Engine	Install AI Engine Dependencies	2026-07-27T13:28:52.2406058Z Using cached aiohappyeyeballs-2.7.1-py3-none-any.whl (15 kB)
Check Backend & AI Engine	Install AI Engine Dependencies	2026-07-27T13:28:52.2417335Z Using cached aiosignal-1.4.0-py3-none-any.whl (7.5 kB)
Check Backend & AI Engine	Install AI Engine Dependencies	2026-07-27T13:28:52.2428510Z Using cached certifi-2026.7.22-py3-none-any.whl (136 kB)
Check Backend & AI Engine	Install AI Engine Dependencies	2026-07-27T13:28:52.2440561Z Using cached durationpy-0.10-py3-none-any.whl (3.9 kB)
Check Backend & AI Engine	Install AI Engine Dependencies	2026-07-27T13:28:52.2452374Z Using cached frozenlist-1.8.0-cp311-cp311-manylinux1_x86_64.manylinux_2_28_x86_64.manylinux_2_5_x86_64.whl (231 kB)
Check Backend & AI Engine	Install AI Engine Dependencies	2026-07-27T13:28:52.2464921Z Using cached mmh3-5.2.1-cp311-cp311-manylinux1_x86_64.manylinux_2_28_x86_64.manylinux_2_5_x86_64.whl (103 kB)
Check Backend & AI Engine	Install AI Engine Dependencies	2026-07-27T13:28:52.2477091Z Using cached onnxruntime-1.28.0-cp311-cp311-manylinux_2_27_x86_64.manylinux_2_28_x86_64.whl (19.2 MB)
Check Backend & AI Engine	Install AI Engine Dependencies	2026-07-27T13:28:52.2553240Z Using cached opentelemetry_api-1.44.0-py3-none-any.whl (60 kB)
Check Backend & AI Engine	Install AI Engine Dependencies	2026-07-27T13:28:52.2564916Z Using cached opentelemetry_exporter_otlp_proto_grpc-1.44.0-py3-none-any.whl (19 kB)
Check Backend & AI Engine	Install AI Engine Dependencies	2026-07-27T13:28:52.2575956Z Using cached opentelemetry_exporter_otlp_proto_common-1.44.0-py3-none-any.whl (17 kB)
Check Backend & AI Engine	Install AI Engine Dependencies	2026-07-27T13:28:52.2586797Z Using cached opentelemetry_proto-1.44.0-py3-none-any.whl (72 kB)
Check Backend & AI Engine	Install AI Engine Dependencies	2026-07-27T13:28:52.2598328Z Using cached googleapis_common_protos-1.75.0-py3-none-any.whl (300 kB)
Check Backend & AI Engine	Install AI Engine Dependencies	2026-07-27T13:28:52.2611332Z Using cached opentelemetry_sdk-1.44.0-py3-none-any.whl (137 kB)
Check Backend & AI Engine	Install AI Engine Dependencies	2026-07-27T13:28:52.2623284Z Using cached opentelemetry_semantic_conventions-0.65b0-py3-none-any.whl (204 kB)
Check Backend & AI Engine	Install AI Engine Dependencies	2026-07-27T13:28:52.2635649Z Using cached protobuf-7.35.1-cp310-abi3-manylinux2014_x86_64.whl (327 kB)
Check Backend & AI Engine	Install AI Engine Dependencies	2026-07-27T13:28:52.2648656Z Using cached orjson-3.11.9-cp311-cp311-manylinux_2_17_x86_64.manylinux2014_x86_64.whl (133 kB)
Check Backend & AI Engine	Install AI Engine Dependencies	2026-07-27T13:28:52.2660458Z Using cached ormsgpack-1.12.2-cp311-cp311-manylinux_2_17_x86_64.manylinux2014_x86_64.whl (212 kB)
Check Backend & AI Engine	Install AI Engine Dependencies	2026-07-27T13:28:52.2672891Z Using cached overrides-7.7.0-py3-none-any.whl (17 kB)
Check Backend & AI Engine	Install AI Engine Dependencies	2026-07-27T13:28:52.2685484Z Using cached propcache-0.5.2-cp311-cp311-manylinux2014_x86_64.manylinux_2_17_x86_64.manylinux_2_28_x86_64.whl (58 kB)
Check Backend & AI Engine	Install AI Engine Dependencies	2026-07-27T13:28:52.2697077Z Using cached pybase64-1.4.3-cp311-cp311-manylinux1_x86_64.manylinux2014_x86_64.manylinux_2_17_x86_64.manylinux_2_5_x86_64.whl (71 kB)
Check Backend & AI Engine	Install AI Engine Dependencies	2026-07-27T13:28:52.2708509Z Using cached pydantic_settings-2.14.2-py3-none-any.whl (61 kB)
Check Backend & AI Engine	Install AI Engine Dependencies	2026-07-27T13:28:52.2720279Z Using cached pypika-0.51.1-py2.py3-none-any.whl (60 kB)
Check Backend & AI Engine	Install AI Engine Dependencies	2026-07-27T13:28:52.2732327Z Using cached python_dateutil-2.9.0.post0-py2.py3-none-any.whl (229 kB)
Check Backend & AI Engine	Install AI Engine Dependencies	2026-07-27T13:28:52.2744822Z Using cached referencing-0.37.0-py3-none-any.whl (26 kB)
Check Backend & AI Engine	Install AI Engine Dependencies	2026-07-27T13:28:52.2756470Z Using cached requests-2.34.2-py3-none-any.whl (73 kB)
Check Backend & AI Engine	Install AI Engine Dependencies	2026-07-27T13:28:52.2768684Z Using cached charset_normalizer-3.4.9-cp311-cp311-manylinux2014_x86_64.manylinux_2_17_x86_64.manylinux_2_28_x86_64.whl (221 kB)
Check Backend & AI Engine	Install AI Engine Dependencies	2026-07-27T13:28:52.2780591Z Using cached urllib3-2.7.0-py3-none-any.whl (131 kB)
Check Backend & AI Engine	Install AI Engine Dependencies	2026-07-27T13:28:52.2792716Z Using cached requests_toolbelt-1.0.0-py2.py3-none-any.whl (54 kB)
Check Backend & AI Engine	Install AI Engine Dependencies	2026-07-27T13:28:52.2803951Z Using cached rich-15.0.0-py3-none-any.whl (310 kB)
Check Backend & AI Engine	Install AI Engine Dependencies	2026-07-27T13:28:52.2816903Z Using cached pygments-2.20.0-py3-none-any.whl (1.2 MB)
Check Backend & AI Engine	Install AI Engine Dependencies	2026-07-27T13:28:52.2833224Z Using cached markdown_it_py-4.2.0-py3-none-any.whl (91 kB)
Check Backend & AI Engine	Install AI Engine Dependencies	2026-07-27T13:28:52.2844981Z Using cached mdurl-0.1.2-py3-none-any.whl (10.0 kB)
Check Backend & AI Engine	Install AI Engine Dependencies	2026-07-27T13:28:52.2856647Z Using cached rpds_py-2026.6.3-cp311-cp311-manylinux_2_17_x86_64.manylinux2014_x86_64.whl (371 kB)
Check Backend & AI Engine	Install AI Engine Dependencies	2026-07-27T13:28:52.2869591Z Using cached six-1.17.0-py2.py3-none-any.whl (11 kB)
Check Backend & AI Engine	Install AI Engine Dependencies	2026-07-27T13:28:52.2880909Z Using cached sniffio-1.3.1-py3-none-any.whl (10 kB)
Check Backend & AI Engine	Install AI Engine Dependencies	2026-07-27T13:28:52.2894429Z Using cached tokenizers-0.23.1-cp310-abi3-manylinux_2_17_x86_64.manylinux2014_x86_64.whl (3.3 MB)
Check Backend & AI Engine	Install AI Engine Dependencies	2026-07-27T13:28:52.2937367Z Downloading huggingface_hub-1.25.1-py3-none-any.whl (774 kB)
Check Backend & AI Engine	Install AI Engine Dependencies	2026-07-27T13:28:52.3116280Z    ━━━━━━━━━━━━━━━━━━━━━━━━━━━━━━━━━━━━━━━━ 774.9/774.9 kB 48.5 MB/s  0:00:00
Check Backend & AI Engine	Install AI Engine Dependencies	2026-07-27T13:28:52.3129440Z Using cached hf_xet-1.5.2-cp38-abi3-manylinux2014_x86_64.manylinux_2_17_x86_64.whl (4.4 MB)
Check Backend & AI Engine	Install AI Engine Dependencies	2026-07-27T13:28:52.3157710Z Using cached filelock-3.32.0-py3-none-any.whl (97 kB)
Check Backend & AI Engine	Install AI Engine Dependencies	2026-07-27T13:28:52.3169898Z Using cached fsspec-2026.6.0-py3-none-any.whl (203 kB)
Check Backend & AI Engine	Install AI Engine Dependencies	2026-07-27T13:28:52.3203190Z Downloading tqdm-4.70.0-py3-none-any.whl (80 kB)
Check Backend & AI Engine	Install AI Engine Dependencies	2026-07-27T13:28:52.3374353Z Using cached typer-0.27.0-py3-none-any.whl (122 kB)
Check Backend & AI Engine	Install AI Engine Dependencies	2026-07-27T13:28:52.3386376Z Using cached annotated_doc-0.0.4-py3-none-any.whl (5.3 kB)
Check Backend & AI Engine	Install AI Engine Dependencies	2026-07-27T13:28:52.3397470Z Using cached shellingham-1.5.4-py2.py3-none-any.whl (9.8 kB)
Check Backend & AI Engine	Install AI Engine Dependencies	2026-07-27T13:28:52.3409109Z Using cached typing_inspection-0.4.2-py3-none-any.whl (14 kB)
Check Backend & AI Engine	Install AI Engine Dependencies	2026-07-27T13:28:52.3420944Z Using cached httptools-0.8.0-cp311-cp311-manylinux1_x86_64.manylinux_2_28_x86_64.manylinux_2_5_x86_64.whl (464 kB)
Check Backend & AI Engine	Install AI Engine Dependencies	2026-07-27T13:28:52.3434998Z Using cached uvloop-0.22.1-cp311-cp311-manylinux2014_x86_64.manylinux_2_17_x86_64.manylinux_2_28_x86_64.whl (3.8 MB)
Check Backend & AI Engine	Install AI Engine Dependencies	2026-07-27T13:28:52.3460754Z Using cached watchfiles-1.2.0-cp311-cp311-manylinux_2_17_x86_64.manylinux2014_x86_64.whl (456 kB)
Check Backend & AI Engine	Install AI Engine Dependencies	2026-07-27T13:28:52.3474612Z Using cached webencodings-0.5.1-py2.py3-none-any.whl (11 kB)
Check Backend & AI Engine	Install AI Engine Dependencies	2026-07-27T13:28:52.3486075Z Using cached websocket_client-1.9.0-py3-none-any.whl (82 kB)
Check Backend & AI Engine	Install AI Engine Dependencies	2026-07-27T13:28:52.3498257Z Using cached websockets-16.1.1-cp311-cp311-manylinux1_x86_64.manylinux_2_28_x86_64.manylinux_2_5_x86_64.whl (186 kB)
Check Backend & AI Engine	Install AI Engine Dependencies	2026-07-27T13:28:52.3511698Z Using cached xxhash-3.8.1-cp311-cp311-manylinux2014_x86_64.manylinux_2_17_x86_64.manylinux_2_28_x86_64.whl (220 kB)
Check Backend & AI Engine	Install AI Engine Dependencies	2026-07-27T13:28:52.3524475Z Using cached zstandard-0.25.0-cp311-cp311-manylinux2014_x86_64.manylinux_2_17_x86_64.whl (5.6 MB)
Check Backend & AI Engine	Install AI Engine Dependencies	2026-07-27T13:28:52.3556898Z Using cached flatbuffers-25.12.19-py2.py3-none-any.whl (26 kB)
Check Backend & AI Engine	Install AI Engine Dependencies	2026-07-27T13:28:52.3568867Z Using cached importlib_resources-7.1.0-py3-none-any.whl (37 kB)
Check Backend & AI Engine	Install AI Engine Dependencies	2026-07-27T13:28:52.3580547Z Using cached iniconfig-2.3.0-py3-none-any.whl (7.5 kB)
Check Backend & AI Engine	Install AI Engine Dependencies	2026-07-27T13:28:52.3594152Z Using cached pyproject_hooks-1.2.0-py3-none-any.whl (10 kB)
Check Backend & AI Engine	Install AI Engine Dependencies	2026-07-27T13:28:52.3604616Z Using cached requests_oauthlib-2.0.0-py2.py3-none-any.whl (24 kB)
Check Backend & AI Engine	Install AI Engine Dependencies	2026-07-27T13:28:52.3616527Z Using cached oauthlib-3.3.1-py3-none-any.whl (160 kB)
Check Backend & AI Engine	Install AI Engine Dependencies	2026-07-27T13:28:52.7220803Z Installing collected packages: webencodings, pypika, flatbuffers, durationpy, zstandard, xxhash, websockets, websocket-client, uvloop, uuid-utils, urllib3, typing-extensions, tree-sitter-python, tree-sitter-javascript, tree-sitter, tqdm, tinycss2, tenacity, sniffio, six, shellingham, rpds-py, redis, PyYAML, python-dotenv, pyproject_hooks, pygments, pybase64, protobuf, propcache, pluggy, packaging, overrides, ormsgpack, orjson, oauthlib, numpy, multidict, mmh3, mdurl, jsonpointer, iniconfig, importlib-resources, idna, httptools, hf-xet, h11, fsspec, frozenlist, filelock, distro, coverage, click, charset_normalizer, certifi, bleach, bcrypt, attrs, annotated-types, annotated-doc, aiohappyeyeballs, yarl, uvicorn, typing-inspection, requests, referencing, python-dateutil, pytest, pydantic-core, opentelemetry-proto, opentelemetry-api, onnxruntime, markdown-it-py, jsonpatch, httpcore, grpcio, googleapis-common-protos, build, anyio, aiosignal, watchfiles, starlette, rich, requests-toolbelt, requests-oauthlib, pytest-cov, pydantic, opentelemetry-semantic-conventions, opentelemetry-exporter-otlp-proto-common, jsonschema-specifications, httpx, aiohttp, typer, pydantic-settings, opentelemetry-sdk, langsmith, langgraph-sdk, kubernetes, jsonschema, huggingface-hub, groq, fastapi, tokenizers, opentelemetry-exporter-otlp-proto-grpc, langchain-core, langgraph-checkpoint, langchain-text-splitters, chromadb, langgraph-prebuilt, langgraph
Check Backend & AI Engine	Install AI Engine Dependencies	2026-07-27T13:29:03.2427960Z 
Check Backend & AI Engine	Install AI Engine Dependencies	2026-07-27T13:29:03.2474190Z Successfully installed PyYAML-6.0.2 aiohappyeyeballs-2.7.1 aiohttp-3.14.3 aiosignal-1.4.0 annotated-doc-0.0.4 annotated-types-0.8.0 anyio-4.14.2 attrs-26.1.0 bcrypt-5.0.0 bleach-6.2.0 build-1.5.0 certifi-2026.7.22 charset_normalizer-3.4.9 chromadb-1.5.9 click-8.4.2 coverage-7.15.2 distro-1.9.0 durationpy-0.10 fastapi-0.115.8 filelock-3.32.0 flatbuffers-25.12.19 frozenlist-1.8.0 fsspec-2026.6.0 googleapis-common-protos-1.75.0 groq-0.18.0 grpcio-1.83.0 h11-0.16.0 hf-xet-1.5.2 httpcore-1.0.9 httptools-0.8.0 httpx-0.28.1 huggingface-hub-1.25.1 idna-3.18 importlib-resources-7.1.0 iniconfig-2.3.0 jsonpatch-1.33 jsonpointer-3.1.1 jsonschema-4.26.0 jsonschema-specifications-2025.9.1 kubernetes-36.0.0 langchain-core-0.3.86 langchain-text-splitters-0.3.6 langgraph-1.0.1 langgraph-checkpoint-3.0.1 langgraph-prebuilt-1.0.1 langgraph-sdk-0.2.15 langsmith-0.10.10 markdown-it-py-4.2.0 mdurl-0.1.2 mmh3-5.2.1 multidict-6.7.1 numpy-1.26.4 oauthlib-3.3.1 onnxruntime-1.28.0 opentelemetry-api-1.44.0 opentelemetry-exporter-otlp-proto-common-1.44.0 opentelemetry-exporter-otlp-proto-grpc-1.44.0 opentelemetry-proto-1.44.0 opentelemetry-sdk-1.44.0 opentelemetry-semantic-conventions-0.65b0 orjson-3.11.9 ormsgpack-1.12.2 overrides-7.7.0 packaging-25.0 pluggy-1.6.0 propcache-0.5.2 protobuf-7.35.1 pybase64-1.4.3 pydantic-2.10.6 pydantic-core-2.27.2 pydantic-settings-2.14.2 pygments-2.20.0 pypika-0.51.1 pyproject_hooks-1.2.0 pytest-8.3.4 pytest-cov-5.0.0 python-dateutil-2.9.0.post0 python-dotenv-1.0.1 redis-5.2.1 referencing-0.37.0 requests-2.34.2 requests-oauthlib-2.0.0 requests-toolbelt-1.0.0 rich-15.0.0 rpds-py-2026.6.3 shellingham-1.5.4 six-1.17.0 sniffio-1.3.1 starlette-0.45.3 tenacity-9.1.4 tinycss2-1.4.0 tokenizers-0.23.1 tqdm-4.70.0 tree-sitter-0.22.3 tree-sitter-javascript-0.21.2 tree-sitter-python-0.21.0 typer-0.27.0 typing-extensions-4.16.0 typing-inspection-0.4.2 urllib3-2.7.0 uuid-utils-0.17.0 uvicorn-0.34.0 uvloop-0.22.1 watchfiles-1.2.0 webencodings-0.5.1 websocket-client-1.9.0 websockets-16.1.1 xxhash-3.8.1 yarl-1.24.5 zstandard-0.25.0
Check Backend & AI Engine	Run AI Engine Tests	﻿2026-07-27T13:29:03.4855799Z ##[group]Run cd ai-engine
Check Backend & AI Engine	Run AI Engine Tests	2026-07-27T13:29:03.4856135Z ^[[36;1mcd ai-engine^[[0m
Check Backend & AI Engine	Run AI Engine Tests	2026-07-27T13:29:03.4856388Z ^[[36;1mecho "=== Python version ==="^[[0m
Check Backend & AI Engine	Run AI Engine Tests	2026-07-27T13:29:03.4856678Z ^[[36;1mpython --version^[[0m
Check Backend & AI Engine	Run AI Engine Tests	2026-07-27T13:29:03.4856965Z ^[[36;1mecho "=== Installed packages ==="^[[0m
Check Backend & AI Engine	Run AI Engine Tests	2026-07-27T13:29:03.4857254Z ^[[36;1mpip list^[[0m
Check Backend & AI Engine	Run AI Engine Tests	2026-07-27T13:29:03.4857487Z ^[[36;1mecho "=== Testing imports ==="^[[0m
Check Backend & AI Engine	Run AI Engine Tests	2026-07-27T13:29:03.4857819Z ^[[36;1mpython -c "import chromadb; print('chromadb OK')"^[[0m
Check Backend & AI Engine	Run AI Engine Tests	2026-07-27T13:29:03.4858304Z ^[[36;1mpython -c "from app import sanitize_file_content; print('sanitize_file_content OK')"^[[0m
Check Backend & AI Engine	Run AI Engine Tests	2026-07-27T13:29:03.4858775Z ^[[36;1mpython -c "from app import app; print('app OK')"^[[0m
Check Backend & AI Engine	Run AI Engine Tests	2026-07-27T13:29:03.4859122Z ^[[36;1mpython -c "import rag; print('rag OK')"^[[0m
Check Backend & AI Engine	Run AI Engine Tests	2026-07-27T13:29:03.4859465Z ^[[36;1mecho "=== Running pytest collection check ==="^[[0m
Check Backend & AI Engine	Run AI Engine Tests	2026-07-27T13:29:03.4859988Z ^[[36;1mpython -m pytest tests/ --collect-only -v^[[0m
Check Backend & AI Engine	Run AI Engine Tests	2026-07-27T13:29:03.4860306Z ^[[36;1mecho "=== Running pytest ==="^[[0m
Check Backend & AI Engine	Run AI Engine Tests	2026-07-27T13:29:03.4860692Z ^[[36;1mpython -m pytest --cov=./ --cov-report=xml tests/ -v^[[0m
Check Backend & AI Engine	Run AI Engine Tests	2026-07-27T13:29:03.4888668Z shell: /usr/bin/bash -e {0}
Check Backend & AI Engine	Run AI Engine Tests	2026-07-27T13:29:03.4888948Z env:
Check Backend & AI Engine	Run AI Engine Tests	2026-07-27T13:29:03.4889221Z   pythonLocation: /opt/hostedtoolcache/Python/3.11.15/x64
Check Backend & AI Engine	Run AI Engine Tests	2026-07-27T13:29:03.4889869Z   PKG_CONFIG_PATH: /opt/hostedtoolcache/Python/3.11.15/x64/lib/pkgconfig
Check Backend & AI Engine	Run AI Engine Tests	2026-07-27T13:29:03.4890291Z   Python_ROOT_DIR: /opt/hostedtoolcache/Python/3.11.15/x64
Check Backend & AI Engine	Run AI Engine Tests	2026-07-27T13:29:03.4890655Z   Python2_ROOT_DIR: /opt/hostedtoolcache/Python/3.11.15/x64
Check Backend & AI Engine	Run AI Engine Tests	2026-07-27T13:29:03.4891014Z   Python3_ROOT_DIR: /opt/hostedtoolcache/Python/3.11.15/x64
Check Backend & AI Engine	Run AI Engine Tests	2026-07-27T13:29:03.4891380Z   LD_LIBRARY_PATH: /opt/hostedtoolcache/Python/3.11.15/x64/lib
Check Backend & AI Engine	Run AI Engine Tests	2026-07-27T13:29:03.4891696Z ##[endgroup]
Check Backend & AI Engine	Run AI Engine Tests	2026-07-27T13:29:03.4943141Z === Python version ===
Check Backend & AI Engine	Run AI Engine Tests	2026-07-27T13:29:03.4964889Z Python 3.11.15
Check Backend & AI Engine	Run AI Engine Tests	2026-07-27T13:29:03.4968216Z === Installed packages ===
Check Backend & AI Engine	Run AI Engine Tests	2026-07-27T13:29:03.7134397Z Package                                  Version
Check Backend & AI Engine	Run AI Engine Tests	2026-07-27T13:29:03.7135139Z ---------------------------------------- -----------
Check Backend & AI Engine	Run AI Engine Tests	2026-07-27T13:29:03.7135813Z aiohappyeyeballs                         2.7.1
Check Backend & AI Engine	Run AI Engine Tests	2026-07-27T13:29:03.7136918Z aiohttp                                  3.14.3
Check Backend & AI Engine	Run AI Engine Tests	2026-07-27T13:29:03.7141153Z aiosignal                                1.4.0
Check Backend & AI Engine	Run AI Engine Tests	2026-07-27T13:29:03.7141855Z annotated-doc                            0.0.4
Check Backend & AI Engine	Run AI Engine Tests	2026-07-27T13:29:03.7142437Z annotated-types                          0.8.0
Check Backend & AI Engine	Run AI Engine Tests	2026-07-27T13:29:03.7143032Z anyio                                    4.14.2
Check Backend & AI Engine	Run AI Engine Tests	2026-07-27T13:29:03.7143591Z attrs                                    26.1.0
Check Backend & AI Engine	Run AI Engine Tests	2026-07-27T13:29:03.7144619Z bcrypt                                   5.0.0
Check Backend & AI Engine	Run AI Engine Tests	2026-07-27T13:29:03.7145797Z bleach                                   6.2.0
Check Backend & AI Engine	Run AI Engine Tests	2026-07-27T13:29:03.7146985Z build                                    1.5.0
Check Backend & AI Engine	Run AI Engine Tests	2026-07-27T13:29:03.7148075Z certifi                                  2026.7.22
Check Backend & AI Engine	Run AI Engine Tests	2026-07-27T13:29:03.7149088Z charset-normalizer                       3.4.9
Check Backend & AI Engine	Run AI Engine Tests	2026-07-27T13:29:03.7150266Z chromadb                                 1.5.9
Check Backend & AI Engine	Run AI Engine Tests	2026-07-27T13:29:03.7151303Z click                                    8.4.2
Check Backend & AI Engine	Run AI Engine Tests	2026-07-27T13:29:03.7152343Z coverage                                 7.15.2
Check Backend & AI Engine	Run AI Engine Tests	2026-07-27T13:29:03.7153734Z distro                                   1.9.0
Check Backend & AI Engine	Run AI Engine Tests	2026-07-27T13:29:03.7155114Z durationpy                               0.10
Check Backend & AI Engine	Run AI Engine Tests	2026-07-27T13:29:03.7156254Z fastapi                                  0.115.8
Check Backend & AI Engine	Run AI Engine Tests	2026-07-27T13:29:03.7157238Z filelock                                 3.32.0
Check Backend & AI Engine	Run AI Engine Tests	2026-07-27T13:29:03.7158630Z flatbuffers                              25.12.19
Check Backend & AI Engine	Run AI Engine Tests	2026-07-27T13:29:03.7159544Z frozenlist                               1.8.0
Check Backend & AI Engine	Run AI Engine Tests	2026-07-27T13:29:03.7161086Z fsspec                                   2026.6.0
Check Backend & AI Engine	Run AI Engine Tests	2026-07-27T13:29:03.7162101Z googleapis-common-protos                 1.75.0
Check Backend & AI Engine	Run AI Engine Tests	2026-07-27T13:29:03.7163136Z groq                                     0.18.0
Check Backend & AI Engine	Run AI Engine Tests	2026-07-27T13:29:03.7164484Z grpcio                                   1.83.0
Check Backend & AI Engine	Run AI Engine Tests	2026-07-27T13:29:03.7165831Z h11                                      0.16.0
Check Backend & AI Engine	Run AI Engine Tests	2026-07-27T13:29:03.7166887Z hf-xet                                   1.5.2
Check Backend & AI Engine	Run AI Engine Tests	2026-07-27T13:29:03.7168282Z httpcore                                 1.0.9
Check Backend & AI Engine	Run AI Engine Tests	2026-07-27T13:29:03.7169286Z httptools                                0.8.0
Check Backend & AI Engine	Run AI Engine Tests	2026-07-27T13:29:03.7170904Z httpx                                    0.28.1
Check Backend & AI Engine	Run AI Engine Tests	2026-07-27T13:29:03.7172274Z huggingface_hub                          1.25.1
Check Backend & AI Engine	Run AI Engine Tests	2026-07-27T13:29:03.7173613Z idna                                     3.18
Check Backend & AI Engine	Run AI Engine Tests	2026-07-27T13:29:03.7174820Z importlib_resources                      7.1.0
Check Backend & AI Engine	Run AI Engine Tests	2026-07-27T13:29:03.7175768Z iniconfig                                2.3.0
Check Backend & AI Engine	Run AI Engine Tests	2026-07-27T13:29:03.7176887Z jsonpatch                                1.33
Check Backend & AI Engine	Run AI Engine Tests	2026-07-27T13:29:03.7177771Z jsonpointer                              3.1.1
Check Backend & AI Engine	Run AI Engine Tests	2026-07-27T13:29:03.7178732Z jsonschema                               4.26.0
Check Backend & AI Engine	Run AI Engine Tests	2026-07-27T13:29:03.7180127Z jsonschema-specifications                2025.9.1
Check Backend & AI Engine	Run AI Engine Tests	2026-07-27T13:29:03.7181082Z kubernetes                               36.0.0
Check Backend & AI Engine	Run AI Engine Tests	2026-07-27T13:29:03.7182460Z langchain-core                           0.3.86
Check Backend & AI Engine	Run AI Engine Tests	2026-07-27T13:29:03.7183505Z langchain-text-splitters                 0.3.6
Check Backend & AI Engine	Run AI Engine Tests	2026-07-27T13:29:03.7184548Z langgraph                                1.0.1
Check Backend & AI Engine	Run AI Engine Tests	2026-07-27T13:29:03.7185714Z langgraph-checkpoint                     3.0.1
Check Backend & AI Engine	Run AI Engine Tests	2026-07-27T13:29:03.7186714Z langgraph-prebuilt                       1.0.1
Check Backend & AI Engine	Run AI Engine Tests	2026-07-27T13:29:03.7188088Z langgraph-sdk                            0.2.15
Check Backend & AI Engine	Run AI Engine Tests	2026-07-27T13:29:03.7189034Z langsmith                                0.10.10
Check Backend & AI Engine	Run AI Engine Tests	2026-07-27T13:29:03.7190087Z markdown-it-py                           4.2.0
Check Backend & AI Engine	Run AI Engine Tests	2026-07-27T13:29:03.7191401Z mdurl                                    0.1.2
Check Backend & AI Engine	Run AI Engine Tests	2026-07-27T13:29:03.7192349Z mmh3                                     5.2.1
Check Backend & AI Engine	Run AI Engine Tests	2026-07-27T13:29:03.7193324Z multidict                                6.7.1
Check Backend & AI Engine	Run AI Engine Tests	2026-07-27T13:29:03.7194517Z numpy                                    1.26.4
Check Backend & AI Engine	Run AI Engine Tests	2026-07-27T13:29:03.7195466Z oauthlib                                 3.3.1
Check Backend & AI Engine	Run AI Engine Tests	2026-07-27T13:29:03.7196668Z onnxruntime                              1.28.0
Check Backend & AI Engine	Run AI Engine Tests	2026-07-27T13:29:03.7197652Z opentelemetry-api                        1.44.0
Check Backend & AI Engine	Run AI Engine Tests	2026-07-27T13:29:03.7198676Z opentelemetry-exporter-otlp-proto-common 1.44.0
Check Backend & AI Engine	Run AI Engine Tests	2026-07-27T13:29:03.7199720Z opentelemetry-exporter-otlp-proto-grpc   1.44.0
Check Backend & AI Engine	Run AI Engine Tests	2026-07-27T13:29:03.7201202Z opentelemetry-proto                      1.44.0
Check Backend & AI Engine	Run AI Engine Tests	2026-07-27T13:29:03.7202164Z opentelemetry-sdk                        1.44.0
Check Backend & AI Engine	Run AI Engine Tests	2026-07-27T13:29:03.7203406Z opentelemetry-semantic-conventions       0.65b0
Check Backend & AI Engine	Run AI Engine Tests	2026-07-27T13:29:03.7204356Z orjson                                   3.11.9
Check Backend & AI Engine	Run AI Engine Tests	2026-07-27T13:29:03.7205478Z ormsgpack                                1.12.2
Check Backend & AI Engine	Run AI Engine Tests	2026-07-27T13:29:03.7206505Z overrides                                7.7.0
Check Backend & AI Engine	Run AI Engine Tests	2026-07-27T13:29:03.7207880Z packaging                                25.0
Check Backend & AI Engine	Run AI Engine Tests	2026-07-27T13:29:03.7208838Z pip                                      26.1.2
Check Backend & AI Engine	Run AI Engine Tests	2026-07-27T13:29:03.7209917Z pluggy                                   1.6.0
Check Backend & AI Engine	Run AI Engine Tests	2026-07-27T13:29:03.7211320Z propcache                                0.5.2
Check Backend & AI Engine	Run AI Engine Tests	2026-07-27T13:29:03.7212287Z protobuf                                 7.35.1
Check Backend & AI Engine	Run AI Engine Tests	2026-07-27T13:29:03.7213403Z pybase64                                 1.4.3
Check Backend & AI Engine	Run AI Engine Tests	2026-07-27T13:29:03.7214354Z pydantic                                 2.10.6
Check Backend & AI Engine	Run AI Engine Tests	2026-07-27T13:29:03.7215734Z pydantic_core                            2.27.2
Check Backend & AI Engine	Run AI Engine Tests	2026-07-27T13:29:03.7216747Z pydantic-settings                        2.14.2
Check Backend & AI Engine	Run AI Engine Tests	2026-07-27T13:29:03.7217886Z Pygments                                 2.20.0
Check Backend & AI Engine	Run AI Engine Tests	2026-07-27T13:29:03.7218814Z PyPika                                   0.51.1
Check Backend & AI Engine	Run AI Engine Tests	2026-07-27T13:29:03.7220013Z pyproject_hooks                          1.2.0
Check Backend & AI Engine	Run AI Engine Tests	2026-07-27T13:29:03.7221400Z pytest                                   8.3.4
Check Backend & AI Engine	Run AI Engine Tests	2026-07-27T13:29:03.7222434Z pytest-cov                               5.0.0
Check Backend & AI Engine	Run AI Engine Tests	2026-07-27T13:29:03.7223499Z python-dateutil                          2.9.0.post0
Check Backend & AI Engine	Run AI Engine Tests	2026-07-27T13:29:03.7224786Z python-dotenv                            1.0.1
Check Backend & AI Engine	Run AI Engine Tests	2026-07-27T13:29:03.7226154Z PyYAML                                   6.0.2
Check Backend & AI Engine	Run AI Engine Tests	2026-07-27T13:29:03.7227073Z redis                                    5.2.1
Check Backend & AI Engine	Run AI Engine Tests	2026-07-27T13:29:03.7228163Z referencing                              0.37.0
Check Backend & AI Engine	Run AI Engine Tests	2026-07-27T13:29:03.7229513Z requests                                 2.34.2
Check Backend & AI Engine	Run AI Engine Tests	2026-07-27T13:29:03.7230995Z requests-oauthlib                        2.0.0
Check Backend & AI Engine	Run AI Engine Tests	2026-07-27T13:29:03.7231951Z requests-toolbelt                        1.0.0
Check Backend & AI Engine	Run AI Engine Tests	2026-07-27T13:29:03.7233015Z rich                                     15.0.0
Check Backend & AI Engine	Run AI Engine Tests	2026-07-27T13:29:03.7234362Z rpds-py                                  2026.6.3
Check Backend & AI Engine	Run AI Engine Tests	2026-07-27T13:29:03.7235324Z setuptools                               79.0.1
Check Backend & AI Engine	Run AI Engine Tests	2026-07-27T13:29:03.7236322Z shellingham                              1.5.4
Check Backend & AI Engine	Run AI Engine Tests	2026-07-27T13:29:03.7237287Z six                                      1.17.0
Check Backend & AI Engine	Run AI Engine Tests	2026-07-27T13:29:03.7238669Z sniffio                                  1.3.1
Check Backend & AI Engine	Run AI Engine Tests	2026-07-27T13:29:03.7239434Z starlette                                0.45.3
Check Backend & AI Engine	Run AI Engine Tests	2026-07-27T13:29:03.7240812Z tenacity                                 9.1.4
Check Backend & AI Engine	Run AI Engine Tests	2026-07-27T13:29:03.7250562Z tinycss2                                 1.4.0
Check Backend & AI Engine	Run AI Engine Tests	2026-07-27T13:29:03.7251057Z tokenizers                               0.23.1
Check Backend & AI Engine	Run AI Engine Tests	2026-07-27T13:29:03.7251674Z tqdm                                     4.70.0
Check Backend & AI Engine	Run AI Engine Tests	2026-07-27T13:29:03.7252188Z tree-sitter                              0.22.3
Check Backend & AI Engine	Run AI Engine Tests	2026-07-27T13:29:03.7252811Z tree-sitter-javascript                   0.21.2
Check Backend & AI Engine	Run AI Engine Tests	2026-07-27T13:29:03.7253230Z tree-sitter-python                       0.21.0
Check Backend & AI Engine	Run AI Engine Tests	2026-07-27T13:29:03.7253727Z typer                                    0.27.0
Check Backend & AI Engine	Run AI Engine Tests	2026-07-27T13:29:03.7254244Z typing_extensions                        4.16.0
Check Backend & AI Engine	Run AI Engine Tests	2026-07-27T13:29:03.7254750Z typing-inspection                        0.4.2
Check Backend & AI Engine	Run AI Engine Tests	2026-07-27T13:29:03.7255311Z urllib3                                  2.7.0
Check Backend & AI Engine	Run AI Engine Tests	2026-07-27T13:29:03.7255780Z uuid_utils                               0.17.0
Check Backend & AI Engine	Run AI Engine Tests	2026-07-27T13:29:03.7256152Z uvicorn                                  0.34.0
Check Backend & AI Engine	Run AI Engine Tests	2026-07-27T13:29:03.7256612Z uvloop                                   0.22.1
Check Backend & AI Engine	Run AI Engine Tests	2026-07-27T13:29:03.7257169Z watchfiles                               1.2.0
Check Backend & AI Engine	Run AI Engine Tests	2026-07-27T13:29:03.7257658Z webencodings                             0.5.1
Check Backend & AI Engine	Run AI Engine Tests	2026-07-27T13:29:03.7258079Z websocket-client                         1.9.0
Check Backend & AI Engine	Run AI Engine Tests	2026-07-27T13:29:03.7258638Z websockets                               16.1.1
Check Backend & AI Engine	Run AI Engine Tests	2026-07-27T13:29:03.7259120Z xxhash                                   3.8.1
Check Backend & AI Engine	Run AI Engine Tests	2026-07-27T13:29:03.7259527Z yarl                                     1.24.5
Check Backend & AI Engine	Run AI Engine Tests	2026-07-27T13:29:03.7260070Z zstandard                                0.25.0
Check Backend & AI Engine	Run AI Engine Tests	2026-07-27T13:29:03.7508299Z === Testing imports ===
Check Backend & AI Engine	Run AI Engine Tests	2026-07-27T13:29:04.5979432Z chromadb OK
Check Backend & AI Engine	Run AI Engine Tests	2026-07-27T13:29:05.3982556Z Traceback (most recent call last):
Check Backend & AI Engine	Run AI Engine Tests	2026-07-27T13:29:05.3983595Z   File "<string>", line 1, in <module>
Check Backend & AI Engine	Run AI Engine Tests	2026-07-27T13:29:05.3984986Z   File "/home/runner/work/ai-code-reviewer/ai-code-reviewer/ai-engine/app.py", line 1228, in <module>
Check Backend & AI Engine	Run AI Engine Tests	2026-07-27T13:29:05.3986085Z     async def simulate_dependency_impact(request: DependencyImpactRequest):
Check Backend & AI Engine	Run AI Engine Tests	2026-07-27T13:29:05.3987004Z                                                   ^^^^^^^^^^^^^^^^^^^^^^^
Check Backend & AI Engine	Run AI Engine Tests	2026-07-27T13:29:05.3988029Z NameError: name 'DependencyImpactRequest' is not defined
Check Backend & AI Engine	Run AI Engine Tests	2026-07-27T13:29:05.3990352Z ⚠️ sentence-transformers unavailable: No module named 'sentence_transformers'. Using deterministic local fallback embeddings.
Check Backend & AI Engine	Run AI Engine Tests	2026-07-27T13:29:05.3992084Z ⚠️ No .env file found. Running with existing environment variables.
Check Backend & AI Engine	Run AI Engine Tests	2026-07-27T13:29:05.3993289Z ⚠️ GROQ_API_KEY not found in environment. Running in sandbox mode.
Check Backend & AI Engine	Run AI Engine Tests	2026-07-27T13:29:05.4672330Z ##[error]Process completed with exit code 1.
Check Backend & AI Engine	Upload test diagnostics	﻿2026-07-27T13:29:05.4731960Z Node 20 is being deprecated. This workflow is running with Node 24 by default. If you need to temporarily use Node 20, you can set the ACTIONS_ALLOW_USE_UNSECURE_NODE_VERSION=true environment variable. For more information see: https://github.blog/changelog/2025-09-19-deprecation-of-node-20-on-github-actions-runners/
Check Backend & AI Engine	Upload test diagnostics	2026-07-27T13:29:05.4733073Z ##[group]Run actions/upload-artifact@v4
Check Backend & AI Engine	Upload test diagnostics	2026-07-27T13:29:05.4733349Z with:
Check Backend & AI Engine	Upload test diagnostics	2026-07-27T13:29:05.4733576Z   name: ai-engine-test-output
Check Backend & AI Engine	Upload test diagnostics	2026-07-27T13:29:05.4733844Z   path: ai-engine/test_output.log
Check Backend & AI Engine	Upload test diagnostics	2026-07-27T13:29:05.4734106Z   if-no-files-found: warn
Check Backend & AI Engine	Upload test diagnostics	2026-07-27T13:29:05.4734357Z   compression-level: 6
Check Backend & AI Engine	Upload test diagnostics	2026-07-27T13:29:05.4734584Z   overwrite: false
Check Backend & AI Engine	Upload test diagnostics	2026-07-27T13:29:05.4734826Z   include-hidden-files: false
Check Backend & AI Engine	Upload test diagnostics	2026-07-27T13:29:05.4735063Z env:
Check Backend & AI Engine	Upload test diagnostics	2026-07-27T13:29:05.4735330Z   pythonLocation: /opt/hostedtoolcache/Python/3.11.15/x64
Check Backend & AI Engine	Upload test diagnostics	2026-07-27T13:29:05.4735748Z   PKG_CONFIG_PATH: /opt/hostedtoolcache/Python/3.11.15/x64/lib/pkgconfig
Check Backend & AI Engine	Upload test diagnostics	2026-07-27T13:29:05.4736156Z   Python_ROOT_DIR: /opt/hostedtoolcache/Python/3.11.15/x64
Check Backend & AI Engine	Upload test diagnostics	2026-07-27T13:29:05.4736567Z   Python2_ROOT_DIR: /opt/hostedtoolcache/Python/3.11.15/x64
Check Backend & AI Engine	Upload test diagnostics	2026-07-27T13:29:05.4736953Z   Python3_ROOT_DIR: /opt/hostedtoolcache/Python/3.11.15/x64
Check Backend & AI Engine	Upload test diagnostics	2026-07-27T13:29:05.4737315Z   LD_LIBRARY_PATH: /opt/hostedtoolcache/Python/3.11.15/x64/lib
Check Backend & AI Engine	Upload test diagnostics	2026-07-27T13:29:05.4737630Z ##[endgroup]
Check Backend & AI Engine	Upload test diagnostics	2026-07-27T13:29:05.6228243Z (node:3696) [DEP0040] DeprecationWarning: The `punycode` module is deprecated. Please use a userland alternative instead.
Check Backend & AI Engine	Upload test diagnostics	2026-07-27T13:29:05.6230092Z (Use `node --trace-deprecation ...` to show where the warning was created)
Check Backend & AI Engine	Upload test diagnostics	2026-07-27T13:29:05.6258292Z ##[warning]No files were found with the provided path: ai-engine/test_output.log. No artifacts will be uploaded.
Check Backend & AI Engine	Post Checkout Repository	﻿2026-07-27T13:29:05.6470780Z Node 20 is being deprecated. This workflow is running with Node 24 by default. If you need to temporarily use Node 20, you can set the ACTIONS_ALLOW_USE_UNSECURE_NODE_VERSION=true environment variable. For more information see: https://github.blog/changelog/2025-09-19-deprecation-of-node-20-on-github-actions-runners/
Check Backend & AI Engine	Post Checkout Repository	2026-07-27T13:29:05.6471871Z Post job cleanup.
Check Backend & AI Engine	Post Checkout Repository	2026-07-27T13:29:05.7327673Z [command]/usr/bin/git version
Check Backend & AI Engine	Post Checkout Repository	2026-07-27T13:29:05.7375550Z git version 2.54.0
Check Backend & AI Engine	Post Checkout Repository	2026-07-27T13:29:05.7407102Z Temporarily overriding HOME='/home/runner/work/_temp/525b89a5-946e-4056-9b10-9389d49b97dc' before making global git config changes
Check Backend & AI Engine	Post Checkout Repository	2026-07-27T13:29:05.7408593Z Adding repository directory to the temporary git global config as a safe directory
Check Backend & AI Engine	Post Checkout Repository	2026-07-27T13:29:05.7413032Z [command]/usr/bin/git config --global --add safe.directory /home/runner/work/ai-code-reviewer/ai-code-reviewer
Check Backend & AI Engine	Post Checkout Repository	2026-07-27T13:29:05.7447453Z [command]/usr/bin/git config --local --name-only --get-regexp core\.sshCommand
Check Backend & AI Engine	Post Checkout Repository	2026-07-27T13:29:05.7478457Z [command]/usr/bin/git submodule foreach --recursive sh -c "git config --local --name-only --get-regexp 'core\.sshCommand' && git config --local --unset-all 'core.sshCommand' || :"
Check Backend & AI Engine	Post Checkout Repository	2026-07-27T13:29:05.7686620Z [command]/usr/bin/git config --local --name-only --get-regexp http\.https\:\/\/github\.com\/\.extraheader
Check Backend & AI Engine	Post Checkout Repository	2026-07-27T13:29:05.7782249Z http.https://github.com/.extraheader
Check Backend & AI Engine	Post Checkout Repository	2026-07-27T13:29:05.7796237Z [command]/usr/bin/git config --local --unset-all http.https://github.com/.extraheader
Check Backend & AI Engine	Post Checkout Repository	2026-07-27T13:29:05.7825410Z [command]/usr/bin/git submodule foreach --recursive sh -c "git config --local --name-only --get-regexp 'http\.https\:\/\/github\.com\/\.extraheader' && git config --local --unset-all 'http.https://github.com/.extraheader' || :"
Check Backend & AI Engine	Post Checkout Repository	2026-07-27T13:29:05.8043311Z [command]/usr/bin/git config --local --name-only --get-regexp ^includeIf\.gitdir:
Check Backend & AI Engine	Post Checkout Repository	2026-07-27T13:29:05.8073841Z [command]/usr/bin/git submodule foreach --recursive git config --local --show-origin --name-only --get-regexp remote.origin.url
Check Backend & AI Engine	Stop containers	﻿2026-07-27T13:29:05.8373579Z Print service container logs: e8ec3e0b886e4694af9b1e5d5ff6e46d_mongo7_898f32
Check Backend & AI Engine	Stop containers	2026-07-27T13:29:05.8377596Z ##[command]/usr/bin/docker logs --details 1f1d4ad97b8a994956b671820799f71b7ef3c4e3ae09c4cbb2548cd79f04c2e6
Check Backend & AI Engine	Stop containers	2026-07-27T13:29:05.8496082Z  {"t":{"$date":"2026-07-27T13:28:00.338+00:00"},"s":"I",  "c":"NETWORK",  "id":4915701, "ctx":"main","msg":"Initialized wire specification","attr":{"spec":{"incomingExternalClient":{"minWireVersion":0,"maxWireVersion":21},"incomingInternalClient":{"minWireVersion":0,"maxWireVersion":21},"outgoing":{"minWireVersion":6,"maxWireVersion":21},"isInternalClient":true}}}
Check Backend & AI Engine	Stop containers	2026-07-27T13:29:05.8500671Z  {"t":{"$date":"2026-07-27T13:28:00.345+00:00"},"s":"I",  "c":"CONTROL",  "id":23285,   "ctx":"main","msg":"Automatically disabling TLS 1.0, to force-enable TLS 1.0 specify --sslDisabledProtocols 'none'"}
Check Backend & AI Engine	Stop containers	2026-07-27T13:29:05.8502686Z  {"t":{"$date":"2026-07-27T13:28:00.346+00:00"},"s":"I",  "c":"EXECUTOR", "id":11280000,"ctx":"main","msg":"Starting thread pool","attr":{"poolName":"parallel execution pool","numThreads":0,"minThreads":0,"maxThreads":128}}
Check Backend & AI Engine	Stop containers	2026-07-27T13:29:05.8504924Z  {"t":{"$date":"2026-07-27T13:28:00.346+00:00"},"s":"I",  "c":"NETWORK",  "id":4648601, "ctx":"main","msg":"Implicit TCP FastOpen unavailable. If TCP FastOpen is required, set tcpFastOpenServer, tcpFastOpenClient, and tcpFastOpenQueueSize."}
Check Backend & AI Engine	Stop containers	2026-07-27T13:29:05.8507010Z  {"t":{"$date":"2026-07-27T13:28:00.346+00:00"},"s":"I",  "c":"EXECUTOR", "id":11280000,"ctx":"main","msg":"Starting thread pool","attr":{"poolName":"OCSPCache","numThreads":0,"minThreads":0,"maxThreads":8}}
Check Backend & AI Engine	Stop containers	2026-07-27T13:29:05.8508708Z  {"t":{"$date":"2026-07-27T13:28:00.347+00:00"},"s":"I",  "c":"EXECUTOR", "id":11280000,"ctx":"main","msg":"Starting thread pool","attr":{"poolName":"ThreadPool2","numThreads":0,"minThreads":0,"maxThreads":1}}
Check Backend & AI Engine	Stop containers	2026-07-27T13:29:05.8510643Z  {"t":{"$date":"2026-07-27T13:28:00.347+00:00"},"s":"I",  "c":"EXECUTOR", "id":11280000,"ctx":"main","msg":"Starting thread pool","attr":{"poolName":"AuthorizationManager","numThreads":0,"minThreads":0,"maxThreads":1000000000}}
Check Backend & AI Engine	Stop containers	2026-07-27T13:29:05.8512361Z  {"t":{"$date":"2026-07-27T13:28:00.347+00:00"},"s":"I",  "c":"EXECUTOR", "id":11280000,"ctx":"main","msg":"Starting thread pool","attr":{"poolName":"ThreadPool1","numThreads":0,"minThreads":0,"maxThreads":1}}
Check Backend & AI Engine	Stop containers	2026-07-27T13:29:05.8513862Z  {"t":{"$date":"2026-07-27T13:28:00.347+00:00"},"s":"I",  "c":"EXECUTOR", "id":11280000,"ctx":"main","msg":"Starting thread pool","attr":{"poolName":"IndexBuildsCoordinatorMongod","numThreads":0,"minThreads":0,"maxThreads":1000000000}}
Check Backend & AI Engine	Stop containers	2026-07-27T13:29:05.8515650Z  {"t":{"$date":"2026-07-27T13:28:00.347+00:00"},"s":"I",  "c":"REPL",     "id":5123008, "ctx":"main","msg":"Successfully registered PrimaryOnlyService","attr":{"service":"TenantMigrationDonorService","namespace":"config.tenantMigrationDonors"}}
Check Backend & AI Engine	Stop containers	2026-07-27T13:29:05.8516984Z  {"t":{"$date":"2026-07-27T13:28:00.347+00:00"},"s":"I",  "c":"REPL",     "id":5123008, "ctx":"main","msg":"Successfully registered PrimaryOnlyService","attr":{"service":"TenantMigrationRecipientService","namespace":"config.tenantMigrationRecipients"}}
Check Backend & AI Engine	Stop containers	2026-07-27T13:29:05.8517949Z  {"t":{"$date":"2026-07-27T13:28:00.347+00:00"},"s":"I",  "c":"CONTROL",  "id":5945603, "ctx":"main","msg":"Multi threading initialized"}
Check Backend & AI Engine	Stop containers	2026-07-27T13:29:05.8518799Z  {"t":{"$date":"2026-07-27T13:28:00.347+00:00"},"s":"I",  "c":"EXECUTOR", "id":11280000,"ctx":"main","msg":"Starting thread pool","attr":{"poolName":"ReadWriteConcernDefaults","numThreads":0,"minThreads":0,"maxThreads":1}}
Check Backend & AI Engine	Stop containers	2026-07-27T13:29:05.8519693Z  {"t":{"$date":"2026-07-27T13:28:00.347+00:00"},"s":"I",  "c":"TENANT_M", "id":7091600, "ctx":"main","msg":"Starting TenantMigrationAccessBlockerRegistry"}
Check Backend & AI Engine	Stop containers	2026-07-27T13:29:05.8520823Z  {"t":{"$date":"2026-07-27T13:28:00.347+00:00"},"s":"I",  "c":"EXECUTOR", "id":11280000,"ctx":"main","msg":"Starting thread pool","attr":{"poolName":"TenantMigrationBlockerAsyncThreadPool","numThreads":0,"minThreads":0,"maxThreads":4}}
Check Backend & AI Engine	Stop containers	2026-07-27T13:29:05.8521956Z  {"t":{"$date":"2026-07-27T13:28:00.348+00:00"},"s":"I",  "c":"CONTROL",  "id":4615611, "ctx":"initandlisten","msg":"MongoDB starting","attr":{"pid":1,"port":27017,"dbPath":"/data/db","architecture":"64-bit","host":"1f1d4ad97b8a"}}
Check Backend & AI Engine	Stop containers	2026-07-27T13:29:05.8523626Z  {"t":{"$date":"2026-07-27T13:28:00.348+00:00"},"s":"I",  "c":"CONTROL",  "id":23403,   "ctx":"initandlisten","msg":"Build Info","attr":{"buildInfo":{"version":"7.0.39","gitVersion":"636e201a5c0732b95e88bb011a72938ce01d290b","openSSLVersion":"OpenSSL 3.0.2 15 Mar 2022","modules":[],"allocator":"tcmalloc","environment":{"distmod":"ubuntu2204","distarch":"x86_64","target_arch":"x86_64"}}}}
Check Backend & AI Engine	Stop containers	2026-07-27T13:29:05.8524963Z  {"t":{"$date":"2026-07-27T13:28:00.348+00:00"},"s":"I",  "c":"CONTROL",  "id":51765,   "ctx":"initandlisten","msg":"Operating System","attr":{"os":{"name":"Ubuntu","version":"22.04"}}}
Check Backend & AI Engine	Stop containers	2026-07-27T13:29:05.8525833Z  {"t":{"$date":"2026-07-27T13:28:00.348+00:00"},"s":"I",  "c":"CONTROL",  "id":21951,   "ctx":"initandlisten","msg":"Options set by command line","attr":{"options":{"net":{"bindIp":"*"}}}}
Check Backend & AI Engine	Stop containers	2026-07-27T13:29:05.8526809Z  {"t":{"$date":"2026-07-27T13:28:00.348+00:00"},"s":"I",  "c":"EXECUTOR", "id":11280000,"ctx":"initandlisten","msg":"Starting thread pool","attr":{"poolName":"OCSPManagerHTTP","numThreads":0,"minThreads":1,"maxThreads":10}}
Check Backend & AI Engine	Stop containers	2026-07-27T13:29:05.8528083Z  {"t":{"$date":"2026-07-27T13:28:00.350+00:00"},"s":"I",  "c":"STORAGE",  "id":22297,   "ctx":"initandlisten","msg":"Using the XFS filesystem is strongly recommended with the WiredTiger storage engine. See http://dochub.mongodb.org/core/prodnotes-filesystem","tags":["startupWarnings"]}
Check Backend & AI Engine	Stop containers	2026-07-27T13:29:05.8530831Z  {"t":{"$date":"2026-07-27T13:28:00.351+00:00"},"s":"I",  "c":"STORAGE",  "id":22315,   "ctx":"initandlisten","msg":"Opening WiredTiger","attr":{"config":"create,cache_size=7482M,session_max=33000,eviction=(threads_min=4,threads_max=4),config_base=false,statistics=(fast),log=(enabled=true,remove=true,path=journal,compressor=snappy),builtin_extension_config=(zstd=(compression_level=6)),file_manager=(close_idle_time=600,close_scan_interval=10,close_handle_minimum=2000),statistics_log=(wait=0),json_output=(error,message),verbose=[recovery_progress:1,checkpoint_progress:1,compact_progress:1,backup:0,checkpoint:0,compact:0,evict:0,history_store:0,recovery:0,rts:0,salvage:0,tiered:0,timestamp:0,transaction:0,verify:0,log:0],"}}
Check Backend & AI Engine	Stop containers	2026-07-27T13:29:05.8534068Z  {"t":{"$date":"2026-07-27T13:28:00.988+00:00"},"s":"I",  "c":"WTRECOV",  "id":22430,   "ctx":"initandlisten","msg":"WiredTiger message","attr":{"message":{"ts_sec":1785158880,"ts_usec":988093,"thread":"1:0x7f1134665cc0","session_name":"txn-recover","category":"WT_VERB_RECOVERY_PROGRESS","category_id":30,"verbose_level":"DEBUG_1","verbose_level_id":1,"msg":"recovery log replay has successfully finished and ran for 0 milliseconds"}}}
Check Backend & AI Engine	Stop containers	2026-07-27T13:29:05.8536101Z  {"t":{"$date":"2026-07-27T13:28:00.988+00:00"},"s":"I",  "c":"WTRECOV",  "id":22430,   "ctx":"initandlisten","msg":"WiredTiger message","attr":{"message":{"ts_sec":1785158880,"ts_usec":988165,"thread":"1:0x7f1134665cc0","session_name":"txn-recover","category":"WT_VERB_RECOVERY_PROGRESS","category_id":30,"verbose_level":"DEBUG_1","verbose_level_id":1,"msg":"Set global recovery timestamp: (0, 0)"}}}
Check Backend & AI Engine	Stop containers	2026-07-27T13:29:05.8537992Z  {"t":{"$date":"2026-07-27T13:28:00.988+00:00"},"s":"I",  "c":"WTRECOV",  "id":22430,   "ctx":"initandlisten","msg":"WiredTiger message","attr":{"message":{"ts_sec":1785158880,"ts_usec":988180,"thread":"1:0x7f1134665cc0","session_name":"txn-recover","category":"WT_VERB_RECOVERY_PROGRESS","category_id":30,"verbose_level":"DEBUG_1","verbose_level_id":1,"msg":"Set global oldest timestamp: (0, 0)"}}}
Check Backend & AI Engine	Stop containers	2026-07-27T13:29:05.8540248Z  {"t":{"$date":"2026-07-27T13:28:00.988+00:00"},"s":"I",  "c":"WTRECOV",  "id":22430,   "ctx":"initandlisten","msg":"WiredTiger message","attr":{"message":{"ts_sec":1785158880,"ts_usec":988205,"thread":"1:0x7f1134665cc0","session_name":"txn-recover","category":"WT_VERB_RECOVERY_PROGRESS","category_id":30,"verbose_level":"DEBUG_1","verbose_level_id":1,"msg":"recovery was completed successfully and took 0ms, including 0ms for the log replay, 0ms for the rollback to stable, and 0ms for the checkpoint."}}}
Check Backend & AI Engine	Stop containers	2026-07-27T13:29:05.8541946Z  {"t":{"$date":"2026-07-27T13:28:00.991+00:00"},"s":"I",  "c":"STORAGE",  "id":4795906, "ctx":"initandlisten","msg":"WiredTiger opened","attr":{"durationMillis":640}}
Check Backend & AI Engine	Stop containers	2026-07-27T13:29:05.8542819Z  {"t":{"$date":"2026-07-27T13:28:00.991+00:00"},"s":"I",  "c":"RECOVERY", "id":23987,   "ctx":"initandlisten","msg":"WiredTiger recoveryTimestamp","attr":{"recoveryTimestamp":{"$timestamp":{"t":0,"i":0}}}}
Check Backend & AI Engine	Stop containers	2026-07-27T13:29:05.8543929Z  {"t":{"$date":"2026-07-27T13:28:00.997+00:00"},"s":"W",  "c":"CONTROL",  "id":22120,   "ctx":"initandlisten","msg":"Access control is not enabled for the database. Read and write access to data and configuration is unrestricted","tags":["startupWarnings"]}
Check Backend & AI Engine	Stop containers	2026-07-27T13:29:05.8545422Z  {"t":{"$date":"2026-07-27T13:28:00.998+00:00"},"s":"W",  "c":"CONTROL",  "id":9068900, "ctx":"initandlisten","msg":"For customers running MongoDB 7.0, we suggest changing the contents of the following sysfsFile","attr":{"sysfsFile":"/sys/kernel/mm/transparent_hugepage","currentValue":"always","desiredValue":"never"},"tags":["startupWarnings"]}
Check Backend & AI Engine	Stop containers	2026-07-27T13:29:05.8547091Z  {"t":{"$date":"2026-07-27T13:28:00.998+00:00"},"s":"I",  "c":"STORAGE",  "id":20320,   "ctx":"initandlisten","msg":"createCollection","attr":{"namespace":"admin.system.version","uuidDisposition":"provided","uuid":{"uuid":{"$uuid":"6393f7f9-dd37-4bf4-8ed9-d162cd2d7a83"}},"options":{"uuid":{"$uuid":"6393f7f9-dd37-4bf4-8ed9-d162cd2d7a83"}}}}
Check Backend & AI Engine	Stop containers	2026-07-27T13:29:05.8548919Z  {"t":{"$date":"2026-07-27T13:28:01.002+00:00"},"s":"I",  "c":"INDEX",    "id":20345,   "ctx":"initandlisten","msg":"Index build: done building","attr":{"buildUUID":null,"collectionUUID":{"uuid":{"$uuid":"6393f7f9-dd37-4bf4-8ed9-d162cd2d7a83"}},"namespace":"admin.system.version","index":"_id_","ident":"index-1-4847505410744546035","collectionIdent":"collection-0-4847505410744546035","commitTimestamp":null}}
Check Backend & AI Engine	Stop containers	2026-07-27T13:29:05.8550546Z  {"t":{"$date":"2026-07-27T13:28:01.003+00:00"},"s":"I",  "c":"REPL",     "id":20459,   "ctx":"initandlisten","msg":"Setting featureCompatibilityVersion","attr":{"newVersion":"7.0"}}
Check Backend & AI Engine	Stop containers	2026-07-27T13:29:05.8551520Z  {"t":{"$date":"2026-07-27T13:28:01.003+00:00"},"s":"I",  "c":"REPL",     "id":5853300, "ctx":"initandlisten","msg":"current featureCompatibilityVersion value","attr":{"featureCompatibilityVersion":"7.0","context":"setFCV"}}
Check Backend & AI Engine	Stop containers	2026-07-27T13:29:05.8553548Z  {"t":{"$date":"2026-07-27T13:28:01.003+00:00"},"s":"I",  "c":"NETWORK",  "id":4915702, "ctx":"initandlisten","msg":"Updated wire specification","attr":{"oldSpec":{"incomingExternalClient":{"minWireVersion":0,"maxWireVersion":21},"incomingInternalClient":{"minWireVersion":0,"maxWireVersion":21},"outgoing":{"minWireVersion":6,"maxWireVersion":21},"isInternalClient":true},"newSpec":{"incomingExternalClient":{"minWireVersion":0,"maxWireVersion":21},"incomingInternalClient":{"minWireVersion":21,"maxWireVersion":21},"outgoing":{"minWireVersion":21,"maxWireVersion":21},"isInternalClient":true}}}
Check Backend & AI Engine	Stop containers	2026-07-27T13:29:05.8556547Z  {"t":{"$date":"2026-07-27T13:28:01.003+00:00"},"s":"I",  "c":"NETWORK",  "id":4915702, "ctx":"initandlisten","msg":"Updated wire specification","attr":{"oldSpec":{"incomingExternalClient":{"minWireVersion":0,"maxWireVersion":21},"incomingInternalClient":{"minWireVersion":21,"maxWireVersion":21},"outgoing":{"minWireVersion":21,"maxWireVersion":21},"isInternalClient":true},"newSpec":{"incomingExternalClient":{"minWireVersion":0,"maxWireVersion":21},"incomingInternalClient":{"minWireVersion":21,"maxWireVersion":21},"outgoing":{"minWireVersion":21,"maxWireVersion":21},"isInternalClient":true}}}
Check Backend & AI Engine	Stop containers	2026-07-27T13:29:05.8558592Z  {"t":{"$date":"2026-07-27T13:28:01.003+00:00"},"s":"I",  "c":"REPL",     "id":5853300, "ctx":"initandlisten","msg":"current featureCompatibilityVersion value","attr":{"featureCompatibilityVersion":"7.0","context":"startup"}}
Check Backend & AI Engine	Stop containers	2026-07-27T13:29:05.8559478Z  {"t":{"$date":"2026-07-27T13:28:01.003+00:00"},"s":"I",  "c":"STORAGE",  "id":5071100, "ctx":"initandlisten","msg":"Clearing temp directory"}
Check Backend & AI Engine	Stop containers	2026-07-27T13:29:05.8560494Z  {"t":{"$date":"2026-07-27T13:28:01.003+00:00"},"s":"I",  "c":"CONTROL",  "id":6608200, "ctx":"initandlisten","msg":"Initializing cluster server parameters from disk"}
Check Backend & AI Engine	Stop containers	2026-07-27T13:29:05.8561277Z  {"t":{"$date":"2026-07-27T13:28:01.003+00:00"},"s":"I",  "c":"CONTROL",  "id":20536,   "ctx":"initandlisten","msg":"Flow Control is enabled on this deployment"}
Check Backend & AI Engine	Stop containers	2026-07-27T13:29:05.8562170Z  {"t":{"$date":"2026-07-27T13:28:01.003+00:00"},"s":"I",  "c":"FTDC",     "id":20625,   "ctx":"initandlisten","msg":"Initializing full-time diagnostic data capture","attr":{"dataDirectory":"/data/db/diagnostic.data"}}
Check Backend & AI Engine	Stop containers	2026-07-27T13:29:05.8563257Z  {"t":{"$date":"2026-07-27T13:28:01.003+00:00"},"s":"I",  "c":"EXECUTOR", "id":11280000,"ctx":"initandlisten","msg":"Starting thread pool","attr":{"poolName":"deferred writer pool","numThreads":0,"minThreads":0,"maxThreads":1}}
Check Backend & AI Engine	Stop containers	2026-07-27T13:29:05.8564509Z  {"t":{"$date":"2026-07-27T13:28:01.003+00:00"},"s":"I",  "c":"EXECUTOR", "id":11280000,"ctx":"initandlisten","msg":"Starting thread pool","attr":{"poolName":"StandaloneThreadPool","numThreads":0,"minThreads":1,"maxThreads":1000000000}}
Check Backend & AI Engine	Stop containers	2026-07-27T13:29:05.8565714Z  {"t":{"$date":"2026-07-27T13:28:01.004+00:00"},"s":"I",  "c":"EXECUTOR", "id":11280000,"ctx":"initandlisten","msg":"Starting thread pool","attr":{"poolName":"WaitForMajorityServiceReadThreadPool","numThreads":0,"minThreads":0,"maxThreads":2}}
Check Backend & AI Engine	Stop containers	2026-07-27T13:29:05.8566974Z  {"t":{"$date":"2026-07-27T13:28:01.004+00:00"},"s":"I",  "c":"EXECUTOR", "id":11280000,"ctx":"initandlisten","msg":"Starting thread pool","attr":{"poolName":"WaitForMajorityServiceWriteThreadPool","numThreads":0,"minThreads":0,"maxThreads":2}}
Check Backend & AI Engine	Stop containers	2026-07-27T13:29:05.8568442Z  {"t":{"$date":"2026-07-27T13:28:01.004+00:00"},"s":"I",  "c":"STORAGE",  "id":20320,   "ctx":"initandlisten","msg":"createCollection","attr":{"namespace":"local.startup_log","uuidDisposition":"generated","uuid":{"uuid":{"$uuid":"28d08376-8b62-457d-ab6e-42ab7e6f3754"}},"options":{"capped":true,"size":10485760}}}
Check Backend & AI Engine	Stop containers	2026-07-27T13:29:05.8570397Z  {"t":{"$date":"2026-07-27T13:28:01.009+00:00"},"s":"I",  "c":"INDEX",    "id":20345,   "ctx":"initandlisten","msg":"Index build: done building","attr":{"buildUUID":null,"collectionUUID":{"uuid":{"$uuid":"28d08376-8b62-457d-ab6e-42ab7e6f3754"}},"namespace":"local.startup_log","index":"_id_","ident":"index-3-4847505410744546035","collectionIdent":"collection-2-4847505410744546035","commitTimestamp":null}}
Check Backend & AI Engine	Stop containers	2026-07-27T13:29:05.8571940Z  {"t":{"$date":"2026-07-27T13:28:01.009+00:00"},"s":"I",  "c":"REPL",     "id":6015317, "ctx":"initandlisten","msg":"Setting new configuration state","attr":{"newState":"ConfigReplicationDisabled","oldState":"ConfigPreStart"}}
Check Backend & AI Engine	Stop containers	2026-07-27T13:29:05.8573035Z  {"t":{"$date":"2026-07-27T13:28:01.009+00:00"},"s":"I",  "c":"EXECUTOR", "id":11280000,"ctx":"initandlisten","msg":"Starting thread pool","attr":{"poolName":"TTLMonitorMetadataRefresh","numThreads":0,"minThreads":0,"maxThreads":5}}
Check Backend & AI Engine	Stop containers	2026-07-27T13:29:05.8573930Z  {"t":{"$date":"2026-07-27T13:28:01.009+00:00"},"s":"I",  "c":"STORAGE",  "id":22262,   "ctx":"initandlisten","msg":"Timestamp monitor starting"}
Check Backend & AI Engine	Stop containers	2026-07-27T13:29:05.8574757Z  {"t":{"$date":"2026-07-27T13:28:01.009+00:00"},"s":"I",  "c":"EXECUTOR", "id":11280000,"ctx":"initandlisten","msg":"Starting thread pool","attr":{"poolName":"StatsCache","numThreads":0,"minThreads":0,"maxThreads":2}}
Check Backend & AI Engine	Stop containers	2026-07-27T13:29:05.8575809Z  {"t":{"$date":"2026-07-27T13:28:01.009+00:00"},"s":"I",  "c":"EXECUTOR", "id":11280000,"ctx":"initandlisten","msg":"Starting thread pool","attr":{"poolName":"ServiceExecutorFixed","numThreads":0,"minThreads":0,"maxThreads":1000}}
Check Backend & AI Engine	Stop containers	2026-07-27T13:29:05.8577050Z  {"t":{"$date":"2026-07-27T13:28:01.010+00:00"},"s":"I",  "c":"CONTROL",  "id":20712,   "ctx":"LogicalSessionCacheReap","msg":"Sessions collection is not set up; waiting until next sessions reap interval","attr":{"error":"NamespaceNotFound: config.system.sessions does not exist"}}
Check Backend & AI Engine	Stop containers	2026-07-27T13:29:05.8578216Z  {"t":{"$date":"2026-07-27T13:28:01.010+00:00"},"s":"I",  "c":"NETWORK",  "id":23015,   "ctx":"listener","msg":"Listening on","attr":{"address":"/tmp/mongodb-27017.sock"}}
Check Backend & AI Engine	Stop containers	2026-07-27T13:29:05.8579349Z  {"t":{"$date":"2026-07-27T13:28:01.010+00:00"},"s":"I",  "c":"STORAGE",  "id":20320,   "ctx":"LogicalSessionCacheRefresh","msg":"createCollection","attr":{"namespace":"config.system.sessions","uuidDisposition":"generated","uuid":{"uuid":{"$uuid":"99e43f11-7ded-4b59-b75e-034b15eefcfa"}},"options":{}}}
Check Backend & AI Engine	Stop containers	2026-07-27T13:29:05.8580564Z  {"t":{"$date":"2026-07-27T13:28:01.010+00:00"},"s":"I",  "c":"NETWORK",  "id":23015,   "ctx":"listener","msg":"Listening on","attr":{"address":"0.0.0.0"}}
Check Backend & AI Engine	Stop containers	2026-07-27T13:29:05.8581310Z  {"t":{"$date":"2026-07-27T13:28:01.010+00:00"},"s":"I",  "c":"NETWORK",  "id":23016,   "ctx":"listener","msg":"Waiting for connections","attr":{"port":27017,"ssl":"off"}}
Check Backend & AI Engine	Stop containers	2026-07-27T13:29:05.8584502Z  {"t":{"$date":"2026-07-27T13:28:01.010+00:00"},"s":"I",  "c":"CONTROL",  "id":8423403, "ctx":"initandlisten","msg":"mongod startup complete","attr":{"Summary of time elapsed":{"Startup from clean shutdown?":true,"Statistics":{"Transport layer setup":"0 ms","Run initial syncer crash recovery":"0 ms","Create storage engine lock file in the data directory":"0 ms","Get metadata describing storage engine":"0 ms","Create storage engine":"646 ms","Write current PID to file":"0 ms","Write a new metadata for storage engine":"0 ms","Initialize FCV before rebuilding indexes":"0 ms","Drop abandoned idents and get back indexes that need to be rebuilt or builds that need to be restarted":"0 ms","Rebuild indexes for collections":"0 ms","Load cluster parameters from disk for a standalone":"0 ms","Build user and roles graph":"0 ms","Set up the background thread pool responsible for waiting for opTimes to be majority committed":"0 ms","Initialize information needed to make a mongod instance shard aware":"0 ms","Start up the replication coordinator":"0 ms","Start transport layer":"0 ms","_initAndListen total elapsed time":"662 ms"}}}}
Check Backend & AI Engine	Stop containers	2026-07-27T13:29:05.8588408Z  {"t":{"$date":"2026-07-27T13:28:01.014+00:00"},"s":"I",  "c":"REPL",     "id":7360102, "ctx":"LogicalSessionCacheRefresh","msg":"Added oplog entry for create to transaction","attr":{"namespace":"config.$cmd","uuid":{"uuid":{"$uuid":"99e43f11-7ded-4b59-b75e-034b15eefcfa"}},"object":{"create":"system.sessions","idIndex":{"v":2,"key":{"_id":1},"name":"_id_"}}}}
Check Backend & AI Engine	Stop containers	2026-07-27T13:29:05.8590366Z  {"t":{"$date":"2026-07-27T13:28:01.014+00:00"},"s":"I",  "c":"REPL",     "id":7360100, "ctx":"LogicalSessionCacheRefresh","msg":"Added oplog entry for createIndexes to transaction","attr":{"namespace":"config.$cmd","uuid":{"uuid":{"$uuid":"99e43f11-7ded-4b59-b75e-034b15eefcfa"}},"object":{"createIndexes":"system.sessions","v":2,"key":{"lastUse":1},"name":"lsidTTLIndex","expireAfterSeconds":1800}}}
Check Backend & AI Engine	Stop containers	2026-07-27T13:29:05.8592372Z  {"t":{"$date":"2026-07-27T13:28:01.017+00:00"},"s":"I",  "c":"INDEX",    "id":20345,   "ctx":"LogicalSessionCacheRefresh","msg":"Index build: done building","attr":{"buildUUID":null,"collectionUUID":{"uuid":{"$uuid":"99e43f11-7ded-4b59-b75e-034b15eefcfa"}},"namespace":"config.system.sessions","index":"_id_","ident":"index-5-4847505410744546035","collectionIdent":"collection-4-4847505410744546035","commitTimestamp":null}}
Check Backend & AI Engine	Stop containers	2026-07-27T13:29:05.8594472Z  {"t":{"$date":"2026-07-27T13:28:01.017+00:00"},"s":"I",  "c":"INDEX",    "id":20345,   "ctx":"LogicalSessionCacheRefresh","msg":"Index build: done building","attr":{"buildUUID":null,"collectionUUID":{"uuid":{"$uuid":"99e43f11-7ded-4b59-b75e-034b15eefcfa"}},"namespace":"config.system.sessions","index":"lsidTTLIndex","ident":"index-6-4847505410744546035","collectionIdent":"collection-4-4847505410744546035","commitTimestamp":null}}
Check Backend & AI Engine	Stop containers	2026-07-27T13:29:05.8596854Z  {"t":{"$date":"2026-07-27T13:29:00.998+00:00"},"s":"I",  "c":"WTCHKPT",  "id":22430,   "ctx":"Checkpointer","msg":"WiredTiger message","attr":{"message":{"ts_sec":1785158940,"ts_usec":998860,"thread":"1:0x7f1122652640","session_name":"WT_SESSION.checkpoint","category":"WT_VERB_CHECKPOINT_PROGRESS","category_id":6,"verbose_level":"DEBUG_1","verbose_level_id":1,"msg":"saving checkpoint snapshot min: 33, snapshot max: 33 snapshot count: 0, oldest timestamp: (0, 0) , meta checkpoint timestamp: (0, 0) base write gen: 1"}}}
Check Backend & AI Engine	Stop containers	2026-07-27T13:29:05.8602903Z Stop and remove container: e8ec3e0b886e4694af9b1e5d5ff6e46d_mongo7_898f32
Check Backend & AI Engine	Stop containers	2026-07-27T13:29:05.8607353Z ##[command]/usr/bin/docker rm --force 1f1d4ad97b8a994956b671820799f71b7ef3c4e3ae09c4cbb2548cd79f04c2e6
Check Backend & AI Engine	Stop containers	2026-07-27T13:29:10.3619449Z 1f1d4ad97b8a994956b671820799f71b7ef3c4e3ae09c4cbb2548cd79f04c2e6
Check Backend & AI Engine	Stop containers	2026-07-27T13:29:10.3641590Z Remove container network: github_network_eae95e63e60b489fa6ff815b0f3ed4bc
Check Backend & AI Engine	Stop containers	2026-07-27T13:29:10.3645482Z ##[command]/usr/bin/docker network rm github_network_eae95e63e60b489fa6ff815b0f3ed4bc
Check Backend & AI Engine	Stop containers	2026-07-27T13:29:10.4572456Z github_network_eae95e63e60b489fa6ff815b0f3ed4bc
Check Backend & AI Engine	Complete job	﻿2026-07-27T13:29:10.4642515Z Cleaning up orphan processes
Check Backend & AI Engine	Complete job	2026-07-27T13:29:10.4928423Z ##[warning]Node.js 20 is deprecated. The following actions target Node.js 20 but are being forced to run on Node.js 24: actions/checkout@v4, actions/setup-node@v4, actions/setup-python@v5, actions/upload-artifact@v4. For more information see: https://github.blog/changelog/2025-09-19-deprecation-of-node-20-on-github-actions-runners/
